09-05 20:56:18.253 21739 21739 W pp.uprise.debu: Accessing hidden field Landroid/view/View;->mListenerInfo:Landroid/view/View$ListenerInfo; (greylist, reflection, allowed)
09-05 20:56:18.255 21739 21739 W pp.uprise.debu: Accessing hidden field Landroid/view/View$ListenerInfo;->mOnClickListener:Landroid/view/View$OnClickListener; (greylist, reflection, allowed)
09-05 20:56:18.264 21739 21739 I flipper : flipper: FlipperClient::addPlugin Inspector
09-05 20:56:18.264 21739 21739 I flipper : flipper: FlipperClient::addPlugin React
09-05 20:56:18.266 21739 21739 I flipper : flipper: FlipperClient::addPlugin Databases
09-05 20:56:18.267 21739 21739 I flipper : flipper: FlipperClient::addPlugin Preferences
09-05 20:56:18.267 21739 21739 I flipper : flipper: FlipperClient::addPlugin CrashReporter
09-05 20:56:18.270 21739 21739 I flipper : flipper: FlipperClient::addPlugin Network
09-05 20:56:18.281 21739 21777 D libEGL  : loaded /vendor/lib64/egl/libEGL_emulation.so
09-05 20:56:18.282 21739 21777 D libEGL  : loaded /vendor/lib64/egl/libGLESv1_CM_emulation.so
09-05 20:56:18.284 21739 21777 D libEGL  : loaded /vendor/lib64/egl/libGLESv2_emulation.so
09-05 20:56:18.407 21739 21739 W pp.uprise.debu: Accessing hidden method Landroid/view/View;->computeFitSystemWindows(Landroid/graphics/Rect;Landroid/graphics/Rect;)Z (greylist, reflection, allowed)
09-05 20:56:18.408 21739 21739 W pp.uprise.debu: Accessing hidden method Landroid/view/ViewGroup;->makeOptionalFitsSystemWindows()V (greylist, reflection, allowed)
09-05 20:56:18.422   365   522 W ServiceManager: Permission failure: android.permission.ACCESS_SURFACE_FLINGER from uid=10167 pid=21739
09-05 20:56:18.422   365   522 D PermissionCache: checking android.permission.ACCESS_SURFACE_FLINGER for uid=10167 => denied (212 us)
09-05 20:56:18.427 21739 21775 D HostConnection: HostConnection::get() New Host Connection established 0x7cefa72f3690, tid 21775
09-05 20:56:18.429 21739 21775 D HostConnection: HostComposition ext ANDROID_EMU_CHECKSUM_HELPER_v1 ANDROID_EMU_native_sync_v2 ANDROID_EMU_native_sync_v3 ANDROID_EMU_native_sync_v4 ANDROID_EMU_dma_v1 ANDROID_EMU_direct_mem ANDROID_EMU_host_composition_v1 ANDROID_EMU_host_composition_v2 ANDROID_EMU_vulkan ANDROID_EMU_deferred_vulkan_commands ANDROID_EMU_vulkan_null_optional_strings ANDROID_EMU_vulkan_create_resources_with_requirements ANDROID_EMU_YUV_Cache ANDROID_EMU_vulkan_ignored_handles ANDROID_EMU_has_shared_slots_host_memory_allocator ANDROID_EMU_vulkan_free_memory_sync ANDROID_EMU_vulkan_shader_float16_int8 ANDROID_EMU_vulkan_async_queue_submit ANDROID_EMU_sync_buffer_data ANDROID_EMU_vulkan_async_qsri ANDROID_EMU_read_color_buffer_dma GL_OES_vertex_array_object GL_KHR_texture_compression_astc_ldr ANDROID_EMU_host_side_tracing ANDROID_EMU_gles_max_version_2 
09-05 20:56:18.432   169   169 I hwservicemanager: getTransport: Cannot find entry android.hardware.configstore@1.0::ISurfaceFlingerConfigs/default in either framework or device manifest.
09-05 20:56:18.432 21739 21775 W OpenGLRenderer: Failed to choose config with EGL_SWAP_BEHAVIOR_PRESERVED, retrying without...
09-05 20:56:18.442 21739 21775 D EGL_emulation: eglCreateContext: 0x7cef9738a1a0: maj 2 min 0 rcv 2
09-05 20:56:18.481 21739 21775 D EGL_emulation: eglMakeCurrent: 0x7cef9738a1a0: ver 2 0 (tinfo 0x7cef3735a810) (first time)
09-05 20:56:18.505   169   169 I hwservicemanager: getTransport: Cannot find entry android.hardware.graphics.mapper@4.0::IMapper/default in either framework or device manifest.
09-05 20:56:18.505 21739 21775 I Gralloc4: mapper 4.x is not supported
09-05 20:56:18.508 21739 21775 D HostConnection: createUnique: call
09-05 20:56:18.508 21739 21775 D HostConnection: HostConnection::get() New Host Connection established 0x7cefa72f1ad0, tid 21775
09-05 20:56:18.514 21739 21775 D HostConnection: HostComposition ext ANDROID_EMU_CHECKSUM_HELPER_v1 ANDROID_EMU_native_sync_v2 ANDROID_EMU_native_sync_v3 ANDROID_EMU_native_sync_v4 ANDROID_EMU_dma_v1 ANDROID_EMU_direct_mem ANDROID_EMU_host_composition_v1 ANDROID_EMU_host_composition_v2 ANDROID_EMU_vulkan ANDROID_EMU_deferred_vulkan_commands ANDROID_EMU_vulkan_null_optional_strings ANDROID_EMU_vulkan_create_resources_with_requirements ANDROID_EMU_YUV_Cache ANDROID_EMU_vulkan_ignored_handles ANDROID_EMU_has_shared_slots_host_memory_allocator ANDROID_EMU_vulkan_free_memory_sync ANDROID_EMU_vulkan_shader_float16_int8 ANDROID_EMU_vulkan_async_queue_submit ANDROID_EMU_sync_buffer_data ANDROID_EMU_vulkan_async_qsri ANDROID_EMU_read_color_buffer_dma GL_OES_vertex_array_object GL_KHR_texture_compression_astc_ldr ANDROID_EMU_host_side_tracing ANDROID_EMU_gles_max_version_2 
09-05 20:56:18.577 21739 21739 W unknown:ReactNative: Packager connection already open, nooping.
09-05 20:56:18.654   531   579 D ArtManagerInternalImpl: /data/misc/iorapd/com.app.uprise.debug/45/com.app.uprise.MainActivity/compiled_traces/compiled_trace.pb doesn't exist
09-05 20:56:18.656   531   579 I ActivityTaskManager: Displayed com.app.uprise.debug/com.app.uprise.MainActivity: +1s54ms
09-05 20:56:18.657   531   574 D EventSequenceValidator: Transition from ACTIVITY_LAUNCHED to ACTIVITY_FINISHED
09-05 20:56:18.690  2056 21559 I PBSessionCacheImpl: Deleted sessionId[9044140480822488] from persistence.
09-05 20:56:18.717  2056  2244 W SearchServiceCore: Abort, client detached.
09-05 20:56:18.717  2056  2244 I chatty  : uid=10123(com.google.android.googlequicksearchbox) EventBus0 identical 1 line
09-05 20:56:18.724  2056  2244 W SearchServiceCore: Abort, client detached.
09-05 20:56:22.609   415   415 I perfetto: probes_producer.cc:329  Producer stop (id=6)
09-05 20:56:22.609   426   426 E libc    : The property "ro.build.fingerprint" has a value with length 92 that is too large for __system_property_get()/__system_property_read(); use __system_property_read_callback() instead.
09-05 14:49:29.331     0     0 W perfetto: disabled ftrace
09-05 20:56:22.610   415   415 I perfetto: ftrace_procfs.cc:183    disabled ftrace
09-05 20:56:22.614   426   426 I perfetto: ng_service_impl.cc:1948 Tracing session 6 ended, total sessions:0
09-05 20:56:22.619   434 21735 I iorapd  : Perfetto TraceBuffer saved to file: /data/misc/iorapd/com.app.uprise.debug/45/com.app.uprise.MainActivity/raw_traces/1757123782617100700.perfetto_trace.pb
09-05 20:56:22.702 18156 18170 W gle.android.tt: Reducing the number of considered missed Gc histogram windows from 5773 to 100
09-05 20:56:23.404 21739 21779 W unknown:ReactNative: The packager does not seem to be running as we got an IOException requesting its status: failed to connect to /10.0.2.2 (port 8081) from /10.0.2.16 (port 60444) after 5000ms
09-05 20:56:23.406 21739 21783 D SoLoader: About to load: libhermes.so
09-05 20:56:23.406 21739 21783 D SoLoader: libhermes.so not found on /data/data/com.app.uprise.debug/lib-main
09-05 20:56:23.406 21739 21783 D SoLoader: libhermes.so found on /data/app/~~o5tw4i9XDhQxL98BRFnk-w==/com.app.uprise.debug-ctWd3MPr2Hghppu9ahzXUQ==/lib/x86_64
09-05 20:56:23.406 21739 21783 D SoLoader: Not resolving dependencies for libhermes.so
09-05 20:56:23.407 21739 21783 D SoLoader: Loaded: libhermes.so
09-05 20:56:23.408 21739 21783 D SoLoader: About to load: libhermes-executor-debug.so
09-05 20:56:23.408 21739 21783 D SoLoader: libhermes-executor-debug.so not found on /data/data/com.app.uprise.debug/lib-main
09-05 20:56:23.408 21739 21783 D SoLoader: libhermes-executor-debug.so found on /data/app/~~o5tw4i9XDhQxL98BRFnk-w==/com.app.uprise.debug-ctWd3MPr2Hghppu9ahzXUQ==/lib/x86_64
09-05 20:56:23.408 21739 21783 D SoLoader: Not resolving dependencies for libhermes-executor-debug.so
09-05 20:56:23.410 21739 21783 D SoLoader: Loaded: libhermes-executor-debug.so
09-05 20:56:23.418 21739 21783 I TetheringManager: registerTetheringEventCallback:com.app.uprise.debug
09-05 20:56:23.426 21739 21783 I RNFusedLocation: RNFusedLocation initialized
09-05 20:56:23.435 21739 21783 D SoLoader: About to load: libreactnativejni.so
09-05 20:56:23.435 21739 21783 D SoLoader: libreactnativejni.so not found on /data/data/com.app.uprise.debug/lib-main
09-05 20:56:23.435 21739 21783 D SoLoader: libreactnativejni.so found on /data/app/~~o5tw4i9XDhQxL98BRFnk-w==/com.app.uprise.debug-ctWd3MPr2Hghppu9ahzXUQ==/lib/x86_64
09-05 20:56:23.435 21739 21783 D SoLoader: Not resolving dependencies for libreactnativejni.so
09-05 20:56:23.436 21739 21783 D SoLoader: Loaded: libreactnativejni.so
09-05 20:56:23.683 13558 13570 W ocessService0:: Reducing the number of considered missed Gc histogram windows from 13135 to 100
09-05 20:56:23.705  1471  1522 I PeriodicStatsRunner: PeriodicStatsRunner.call():180 call()
09-05 20:56:23.705  1471  1522 I PeriodicStatsRunner: PeriodicStatsRunner.call():184 No submit PeriodicStats since input started.
09-05 20:56:23.758  1537  1551 W gle.android.gm: Reducing the number of considered missed Gc histogram windows from 161 to 100
09-05 20:56:25.510 21739 21783 W unknown:ViewManagerPropertyUpdater: Could not find generated setter for class com.facebook.react.views.drawer.ReactDrawerLayoutManager
09-05 20:56:25.514 21739 21783 W unknown:ViewManagerPropertyUpdater: Could not find generated setter for class com.facebook.react.uimanager.LayoutShadowNode
09-05 20:56:25.515 21739 21783 W unknown:ViewManagerPropertyUpdater: Could not find generated setter for class com.facebook.react.views.scroll.ReactHorizontalScrollViewManager
09-05 20:56:25.516 21739 21783 W unknown:ViewManagerPropertyUpdater: Could not find generated setter for class com.facebook.react.views.scroll.ReactHorizontalScrollContainerViewManager
09-05 20:56:25.517 21739 21783 W unknown:ViewManagerPropertyUpdater: Could not find generated setter for class com.facebook.react.views.progressbar.ReactProgressBarViewManager
09-05 20:56:25.518 21739 21783 W unknown:ViewManagerPropertyUpdater: Could not find generated setter for class com.facebook.react.views.progressbar.ProgressBarShadowNode
09-05 20:56:25.518 21739 21783 W unknown:ViewManagerPropertyUpdater: Could not find generated setter for class com.facebook.react.views.scroll.ReactScrollViewManager
09-05 20:56:25.519 21739 21783 W unknown:ViewManagerPropertyUpdater: Could not find generated setter for class com.facebook.react.views.slider.ReactSliderManager
09-05 20:56:25.520 21739 21783 W unknown:ViewManagerPropertyUpdater: Could not find generated setter for class com.facebook.react.views.slider.ReactSliderManager$ReactSliderShadowNode
09-05 20:56:25.520 21739 21783 W unknown:ViewManagerPropertyUpdater: Could not find generated setter for class com.facebook.react.views.switchview.ReactSwitchManager
09-05 20:56:25.521 21739 21783 W unknown:ViewManagerPropertyUpdater: Could not find generated setter for class com.facebook.react.views.switchview.ReactSwitchManager$ReactSwitchShadowNode
09-05 20:56:25.521 21739 21783 W unknown:ViewManagerPropertyUpdater: Could not find generated setter for class com.facebook.react.views.swiperefresh.SwipeRefreshLayoutManager
09-05 20:56:25.521 21739 21783 W unknown:ViewManagerPropertyUpdater: Could not find generated setter for class com.facebook.react.views.text.frescosupport.FrescoBasedReactTextInlineImageViewManager
09-05 20:56:25.521 21739 21783 W unknown:ViewManagerPropertyUpdater: Could not find generated setter for class com.facebook.react.views.text.frescosupport.FrescoBasedReactTextInlineImageShadowNode
09-05 20:56:25.523 21739 21783 W unknown:ViewManagerPropertyUpdater: Could not find generated setter for class com.facebook.react.views.image.ReactImageManager
09-05 20:56:25.524 21739 21783 W unknown:ViewManagerPropertyUpdater: Could not find generated setter for class com.facebook.react.views.modal.ReactModalHostManager
09-05 20:56:25.524 21739 21783 W unknown:ViewManagerPropertyUpdater: Could not find generated setter for class com.facebook.react.views.modal.ModalHostShadowNode
09-05 20:56:25.525 21739 21783 W unknown:ViewManagerPropertyUpdater: Could not find generated setter for class com.facebook.react.views.text.ReactRawTextManager
09-05 20:56:25.525 21739 21783 W unknown:ViewManagerPropertyUpdater: Could not find generated setter for class com.facebook.react.views.text.ReactRawTextShadowNode
09-05 20:56:25.525 21739 21783 W unknown:ViewManagerPropertyUpdater: Could not find generated setter for class com.facebook.react.views.textinput.ReactTextInputManager
09-05 20:56:25.527 21739 21783 W unknown:ViewManagerPropertyUpdater: Could not find generated setter for class com.facebook.react.views.textinput.ReactTextInputShadowNode
09-05 20:56:25.528 21739 21783 W unknown:ViewManagerPropertyUpdater: Could not find generated setter for class com.facebook.react.views.text.ReactTextViewManager
09-05 20:56:25.529 21739 21783 W unknown:ViewManagerPropertyUpdater: Could not find generated setter for class com.facebook.react.views.text.ReactTextShadowNode
09-05 20:56:25.530 21739 21783 W unknown:ViewManagerPropertyUpdater: Could not find generated setter for class com.facebook.react.views.view.ReactViewManager
09-05 20:56:25.531 21739 21783 W unknown:ViewManagerPropertyUpdater: Could not find generated setter for class com.facebook.react.views.text.ReactVirtualTextViewManager
09-05 20:56:25.531 21739 21783 W unknown:ViewManagerPropertyUpdater: Could not find generated setter for class com.facebook.react.views.text.ReactVirtualTextShadowNode
09-05 20:56:25.532 21739 21783 W unknown:ViewManagerPropertyUpdater: Could not find generated setter for class com.facebook.react.views.unimplementedview.ReactUnimplementedViewManager
09-05 20:56:25.532 21739 21783 W unknown:ViewManagerPropertyUpdater: Could not find generated setter for class org.reactnative.maskedview.RNCMaskedViewManager
09-05 20:56:25.532 21739 21783 W unknown:ViewManagerPropertyUpdater: Could not find generated setter for class com.reactnativegooglesignin.RNGoogleSigninButtonViewManager
09-05 20:56:25.533 21739 21783 W unknown:ViewManagerPropertyUpdater: Could not find generated setter for class com.swmansion.gesturehandler.react.RNGestureHandlerRootViewManager
09-05 20:56:25.533 21739 21783 W unknown:ViewManagerPropertyUpdater: Could not find generated setter for class com.swmansion.gesturehandler.react.RNGestureHandlerButtonViewManager
09-05 20:56:25.533 21739 21783 W unknown:ViewManagerPropertyUpdater: Could not find generated setter for class com.BV.LinearGradient.LinearGradientManager
09-05 20:56:25.534 21739 21783 W unknown:ViewManagerPropertyUpdater: Could not find generated setter for class com.reactnativepagerview.PagerViewViewManager
09-05 20:56:25.534 21739 21783 W unknown:ViewManagerPropertyUpdater: Could not find generated setter for class com.th3rdwave.safeareacontext.SafeAreaProviderManager
09-05 20:56:25.535 21739 21783 W unknown:ViewManagerPropertyUpdater: Could not find generated setter for class com.th3rdwave.safeareacontext.SafeAreaViewManager
09-05 20:56:25.535 21739 21783 W unknown:ViewManagerPropertyUpdater: Could not find generated setter for class com.th3rdwave.safeareacontext.SafeAreaViewShadowNode
09-05 20:56:25.535 21739 21783 W unknown:ViewManagerPropertyUpdater: Could not find generated setter for class com.swmansion.rnscreens.ScreenContainerViewManager
09-05 20:56:25.536 21739 21783 W unknown:ViewManagerPropertyUpdater: Could not find generated setter for class com.swmansion.rnscreens.ScreenViewManager
09-05 20:56:25.536 21739 21783 W unknown:ViewManagerPropertyUpdater: Could not find generated setter for class com.swmansion.rnscreens.ScreenStackViewManager
09-05 20:56:25.536 21739 21783 W unknown:ViewManagerPropertyUpdater: Could not find generated setter for class com.swmansion.rnscreens.ScreenStackHeaderConfigViewManager
09-05 20:56:25.537 21739 21783 W unknown:ViewManagerPropertyUpdater: Could not find generated setter for class com.swmansion.rnscreens.ScreenStackHeaderSubviewManager
09-05 20:56:25.537 21739 21783 W unknown:ViewManagerPropertyUpdater: Could not find generated setter for class com.swmansion.rnscreens.SearchBarManager
09-05 20:56:25.538 21739 21783 W unknown:ViewManagerPropertyUpdater: Could not find generated setter for class com.horcrux.svg.RenderableViewManager$GroupViewManager
09-05 20:56:25.539 21739 21783 W unknown:ViewManagerPropertyUpdater: Could not find generated setter for class com.horcrux.svg.RenderableViewManager$RenderableShadowNode
09-05 20:56:25.540 21739 21783 W unknown:ViewManagerPropertyUpdater: Could not find generated setter for class com.horcrux.svg.RenderableViewManager$PathViewManager
09-05 20:56:25.540 21739 21783 W unknown:ViewManagerPropertyUpdater: Could not find generated setter for class com.horcrux.svg.RenderableViewManager$CircleViewManager
09-05 20:56:25.541 21739 21783 W unknown:ViewManagerPropertyUpdater: Could not find generated setter for class com.horcrux.svg.RenderableViewManager$EllipseViewManager
09-05 20:56:25.542 21739 21783 W unknown:ViewManagerPropertyUpdater: Could not find generated setter for class com.horcrux.svg.RenderableViewManager$LineViewManager
09-05 20:56:25.542 21739 21783 W unknown:ViewManagerPropertyUpdater: Could not find generated setter for class com.horcrux.svg.RenderableViewManager$RectViewManager
09-05 20:56:25.543 21739 21783 W unknown:ViewManagerPropertyUpdater: Could not find generated setter for class com.horcrux.svg.RenderableViewManager$TextViewManager
09-05 20:56:25.543 21739 21783 W unknown:ViewManagerPropertyUpdater: Could not find generated setter for class com.horcrux.svg.RenderableViewManager$TSpanViewManager
09-05 20:56:25.543 21739 21783 W unknown:ViewManagerPropertyUpdater: Could not find generated setter for class com.horcrux.svg.RenderableViewManager$TextPathViewManager
09-05 20:56:25.544 21739 21783 W unknown:ViewManagerPropertyUpdater: Could not find generated setter for class com.horcrux.svg.RenderableViewManager$ImageViewManager
09-05 20:56:25.545 21739 21783 W unknown:ViewManagerPropertyUpdater: Could not find generated setter for class com.horcrux.svg.RenderableViewManager$ClipPathViewManager
09-05 20:56:25.545 21739 21783 W unknown:ViewManagerPropertyUpdater: Could not find generated setter for class com.horcrux.svg.RenderableViewManager$DefsViewManager
09-05 20:56:25.545 21739 21783 W unknown:ViewManagerPropertyUpdater: Could not find generated setter for class com.horcrux.svg.RenderableViewManager$UseViewManager
09-05 20:56:25.546 21739 21783 W unknown:ViewManagerPropertyUpdater: Could not find generated setter for class com.horcrux.svg.RenderableViewManager$SymbolManager
09-05 20:56:25.546 21739 21783 W unknown:ViewManagerPropertyUpdater: Could not find generated setter for class com.horcrux.svg.RenderableViewManager$LinearGradientManager
09-05 20:56:25.546 21739 21783 W unknown:ViewManagerPropertyUpdater: Could not find generated setter for class com.horcrux.svg.RenderableViewManager$RadialGradientManager
09-05 20:56:25.547 21739 21783 W unknown:ViewManagerPropertyUpdater: Could not find generated setter for class com.horcrux.svg.RenderableViewManager$PatternManager
09-05 20:56:25.547 21739 21783 W unknown:ViewManagerPropertyUpdater: Could not find generated setter for class com.horcrux.svg.RenderableViewManager$MaskManager
09-05 20:56:25.548 21739 21783 W unknown:ViewManagerPropertyUpdater: Could not find generated setter for class com.horcrux.svg.RenderableViewManager$ForeignObjectManager
09-05 20:56:25.548 21739 21783 W unknown:ViewManagerPropertyUpdater: Could not find generated setter for class com.horcrux.svg.RenderableViewManager$MarkerManager
09-05 20:56:25.548 21739 21783 W unknown:ViewManagerPropertyUpdater: Could not find generated setter for class com.horcrux.svg.SvgViewManager
09-05 20:56:25.556 21739 21783 W pp.uprise.debu: Accessing hidden field Ljava/lang/reflect/Field;->accessFlags:I (greylist, reflection, allowed)
09-05 20:56:25.560 21739 21783 D SoLoader: About to load: libturbomodulejsijni.so
09-05 20:56:25.560 21739 21783 D SoLoader: libturbomodulejsijni.so not found on /data/data/com.app.uprise.debug/lib-main
09-05 20:56:25.560 21739 21783 D SoLoader: libturbomodulejsijni.so found on /data/app/~~o5tw4i9XDhQxL98BRFnk-w==/com.app.uprise.debug-ctWd3MPr2Hghppu9ahzXUQ==/lib/x86_64
09-05 20:56:25.560 21739 21783 D SoLoader: Not resolving dependencies for libturbomodulejsijni.so
09-05 20:56:25.564 21739 21783 D SoLoader: Loaded: libturbomodulejsijni.so
09-05 20:56:25.614 21739 21739 W unknown:ReactNative: Packager connection already open, nooping.
09-05 20:56:25.620 21739 21786 D SoLoader: About to load: libyoga.so
09-05 20:56:25.621 21739 21786 D SoLoader: libyoga.so not found on /data/data/com.app.uprise.debug/lib-main
09-05 20:56:25.621 21739 21786 D SoLoader: libyoga.so found on /data/app/~~o5tw4i9XDhQxL98BRFnk-w==/com.app.uprise.debug-ctWd3MPr2Hghppu9ahzXUQ==/lib/x86_64
09-05 20:56:25.621 21739 21786 D SoLoader: Not resolving dependencies for libyoga.so
09-05 20:56:25.621 21739 21786 D SoLoader: Loaded: libyoga.so
09-05 20:56:25.653 21739 21785 V AsyncStorageExpoMigration: No scoped database found
09-05 20:56:25.655 21739 21785 W ReactNativeJS: `new NativeEventEmitter()` was called with a non-null argument without the required `addListener` method.
09-05 20:56:25.655 21739 21785 W ReactNativeJS: `new NativeEventEmitter()` was called with a non-null argument without the required `removeListeners` method.
09-05 20:56:25.666   531   711 D ConnectivityService: requestNetwork for uid/pid:10167/21739 NetworkRequest [ TRACK_DEFAULT id=112, [ Capabilities: INTERNET&NOT_RESTRICTED&TRUSTED Uid: 10167 AdministratorUids: [] RequestorUid: 10167 RequestorPackageName: com.app.uprise.debug] ]
09-05 20:56:25.666   531   722 D ConnectivityService: NetReassign [112 : null → 100]
09-05 20:56:25.667 21739 21786 D SoLoader: About to load: libreactnativeblob.so
09-05 20:56:25.667   531   718 D WifiNetworkFactory: got request NetworkRequest [ TRACK_DEFAULT id=112, [ Capabilities: INTERNET&NOT_RESTRICTED&TRUSTED Uid: 10167 AdministratorUids: [] RequestorUid: 10167 RequestorPackageName: com.app.uprise.debug] ] with score 60 and providerId 1
09-05 20:56:25.667   531   718 D UntrustedWifiNetworkFactory: got request NetworkRequest [ TRACK_DEFAULT id=112, [ Capabilities: INTERNET&NOT_RESTRICTED&TRUSTED Uid: 10167 AdministratorUids: [] RequestorUid: 10167 RequestorPackageName: com.app.uprise.debug] ] with score 60 and providerId 1
09-05 20:56:25.667 21739 21786 D SoLoader: libreactnativeblob.so not found on /data/data/com.app.uprise.debug/lib-main
09-05 20:56:25.667 21739 21786 D SoLoader: libreactnativeblob.so found on /data/app/~~o5tw4i9XDhQxL98BRFnk-w==/com.app.uprise.debug-ctWd3MPr2Hghppu9ahzXUQ==/lib/x86_64
09-05 20:56:25.667 21739 21786 D SoLoader: Not resolving dependencies for libreactnativeblob.so
09-05 20:56:25.667  1158  1158 D PhoneSwitcherNetworkRequstListener: got request NetworkRequest [ TRACK_DEFAULT id=112, [ Capabilities: INTERNET&NOT_RESTRICTED&TRUSTED Uid: 10167 AdministratorUids: [] RequestorUid: 10167 RequestorPackageName: com.app.uprise.debug] ] with score 60 and providerId 1
09-05 20:56:25.669 21739 21786 D SoLoader: Loaded: libreactnativeblob.so
09-05 20:56:25.670   791   791 V KeyguardUpdateMonitor: onSubscriptionInfoChanged()
09-05 20:56:25.671   791   791 V KeyguardUpdateMonitor: SubInfo:{id=1 iccId=89014103211118510720 simSlotIndex=0 carrierId=1 displayName=T-Mobile carrierName=T-Mobile nameSource=3 iconTint=-16746133 number=+15555215556 dataRoaming=0 iconBitmap=android.graphics.Bitmap@7ec23ac mcc=310 mnc=260 countryIso=us isEmbedded=false nativeAccessRules=null cardString=89014103211118510720 cardId=-1 isOpportunistic=false groupUUID=null isGroupDisabled=false profileClass=-1 ehplmns=null hplmns=null subscriptionType=0 groupOwner=null carrierConfigAccessRules=null areUiccApplicationsEnabled=true}
09-05 20:56:25.672  1158  1158 D Telephony: isEmergencyPreferredAccount: subId=1, activeData=1
09-05 20:56:25.672  1158  1158 D Telephony: isEmergencyPreferredAccount: Device does not require preference.
09-05 20:56:25.673 21739 21786 I flipper : flipper: FlipperClient::addPlugin Fresco
09-05 20:56:25.685 21739 21786 I WebViewFactory: Loading com.google.android.webview version 83.0.4103.106 (code 410410686)
09-05 20:56:25.690 21739 21786 I pp.uprise.debu: The ClassLoaderContext is a special shared library.
09-05 20:56:25.691 21739 21786 D nativeloader: classloader namespace configured for unbundled product apk. library_path=/product/app/WebViewGoogle/lib/x86_64:/product/app/WebViewGoogle/WebViewGoogle.apk!/lib/x86_64:/product/app/TrichromeLibrary/TrichromeLibrary.apk!/lib/x86_64:/product/lib64:/system/product/lib64
09-05 20:56:25.719 21739 21786 I pp.uprise.debu: The ClassLoaderContext is a special shared library.
09-05 20:56:25.719 21739 21786 D nativeloader: classloader namespace configured for unbundled product apk. library_path=/product/app/WebViewGoogle/lib/x86_64:/product/app/WebViewGoogle/WebViewGoogle.apk!/lib/x86_64:/product/app/TrichromeLibrary/TrichromeLibrary.apk!/lib/x86_64:/product/lib64:/system/product/lib64
09-05 20:56:25.793 21739 21799 I cr_VariationsUtils: Requesting new seed from IVariationsSeedServer
09-05 20:56:25.795   531   711 D CompatibilityChangeReporter: Compat change id reported: 135634846; UID 10144; state: DISABLED
09-05 20:56:25.795   531   581 D CompatibilityChangeReporter: Compat change id reported: 143937733; UID 10144; state: ENABLED
09-05 20:56:25.805   298   298 D Zygote  : Forked child process 21800
09-05 20:56:25.808 21739 21785 E pp.uprise.debu: Invalid ID 0x00000000.
09-05 20:56:25.808 21739 21785 D ReactNative: ReactConfig: Could not find BuildConfig class
09-05 20:56:25.809 21739 21785 W ReactNativeJS: Require cycle: node_modules\axios\lib\defaults.js -> node_modules\axios\lib\adapters\xhr.js -> node_modules\axios\lib\defaults.js
09-05 20:56:25.809 21739 21785 W ReactNativeJS: 
09-05 20:56:25.809 21739 21785 W ReactNativeJS: Require cycles are allowed, but can result in uninitialized values. Consider refactoring to remove the need for a cycle.
09-05 20:56:25.809   531   581 I ActivityManager: Start proc 21800:com.google.android.webview:webview_service/u0a144 for service {com.google.android.webview/org.chromium.android_webview.services.VariationsSeedServer}
09-05 20:56:25.826 21739 21786 I cr_LibraryLoader: Loaded native library version number "83.0.4103.106"
09-05 20:56:25.830 21800 21800 W webview_servic: Unexpected CPU variant for X86 using defaults: x86_64
09-05 20:56:25.838   398   423 I adbd    : jdwp connection from 21800
09-05 20:56:25.840 21739 21786 I cr_CachingUmaRecorder: Flushed 3 samples from 3 histograms.
09-05 20:56:25.843   531   711 D CompatibilityChangeReporter: Compat change id reported: 136274596; UID 10167; state: ENABLED
09-05 20:56:25.857 21800 21800 I webview_servic: The ClassLoaderContext is a special shared library.
09-05 20:56:25.859 21800 21800 D nativeloader: classloader namespace configured for unbundled product apk. library_path=/product/app/WebViewGoogle/lib/x86:/product/app/WebViewGoogle/WebViewGoogle.apk!/lib/x86:/product/app/TrichromeLibrary/TrichromeLibrary.apk!/lib/x86:/product/lib:/system/product/lib
09-05 20:56:25.860 21800 21800 I webview_servic: The ClassLoaderContext is a special shared library.
09-05 20:56:25.862 21800 21800 D nativeloader: classloader namespace configured for unbundled product apk. library_path=/product/app/WebViewGoogle/lib/x86:/product/app/WebViewGoogle/WebViewGoogle.apk!/lib/x86:/product/app/TrichromeLibrary/TrichromeLibrary.apk!/lib/x86:/product/lib:/system/product/lib
09-05 20:56:25.869 21800 21800 D NetworkSecurityConfig: No Network Security Config specified, using platform default
09-05 20:56:25.869 21800 21800 D NetworkSecurityConfig: No Network Security Config specified, using platform default
09-05 20:56:25.926 21800 21830 I cr_VariationsUtils: Seed download job already scheduled
09-05 20:56:25.928 21739 21785 W ReactNativeJS: react-native-video version 5.x is deprecated and not maintained anymore.Please migrate to version 6.x. see https://docs.thewidlarzgroup.com/react-native-video/updating for more information. 
09-05 20:56:25.928 21739 21785 W ReactNativeJS: If you have trouble updating, you can reach out to us at https://www.thewidlarzgroup.com/#Contact
09-05 20:56:25.941 21739 21785 E ReactNativeJS: Error: No Firebase App '[DEFAULT]' has been created - call firebase.initializeApp(), js engine: hermes
09-05 20:56:25.943 21739 21785 I ReactNativeJS: Unable to symbolicate stack trace: Bundle was not loaded from Metro.
09-05 20:56:25.945 21739 21785 E ReactNativeJS: Invariant Violation: Module AppRegistry is not a registered callable module (calling runApplication). A frequent cause of the error is that the application entry file path is incorrect.
09-05 20:56:25.945 21739 21785 E ReactNativeJS:       This can also happen when the JS bundle is corrupt or there is an early initialization error when loading React Native., js engine: hermes
09-05 20:56:25.946 21739 21785 I ReactNativeJS: Unable to symbolicate stack trace: Bundle was not loaded from Metro.
09-05 20:56:25.977 21739 21785 E ReactNativeJS: Invariant Violation: Module AppRegistry is not a registered callable module (calling runApplication). A frequent cause of the error is that the application entry file path is incorrect.
09-05 20:56:25.977 21739 21785 E ReactNativeJS:       This can also happen when the JS bundle is corrupt or there is an early initialization error when loading React Native., js engine: hermes
09-05 20:56:25.978 21739 21785 I ReactNativeJS: Unable to symbolicate stack trace: Bundle was not loaded from Metro.
09-05 20:56:25.978 21739 21785 I ReactNativeJS: redux-persist: no inbound state, skipping migration
09-05 20:56:28.189 21739 21770 W unknown:InspectorPackagerConnection: Couldn't connect to packager, will silently retry
09-05 20:56:28.192 21739 21771 W unknown:ReconnectingWebSocket: Couldn't connect to "ws://10.0.2.2:8081/message?device=sdk_gphone_x86_64%20-%2011%20-%20API%2030&app=com.app.uprise.debug&clientid=BridgeDevSupportManager", will silently retry
09-05 14:49:37.820     0     0 D logd    : logdr: UID=2000 GID=2000 PID=21842 n tail=0 logMask=99 pid=0 start=0ns timeout=0ns
09-05 20:56:31.114  1471  1522 I PeriodicStatsRunner: PeriodicStatsRunner.call():180 call()
09-05 20:56:31.114  1471  1522 I PeriodicStatsRunner: PeriodicStatsRunner.call():184 No submit PeriodicStats since input started.
