09-12 17:55:14.108 32363 32481 I Finsky  : [153] AppRecoveryHygieneJob: successfully fetched app recovery item details of packages
09-12 17:55:14.491 32363 32481 I Finsky  : [153] AppRecoveryHygieneJob: no app recovery installation update is possible
09-12 17:55:14.491 32363 32481 I Finsky  : [153] AppRecoveryHygieneJob finished
09-12 17:55:14.498 32363 32481 I Finsky  : [153] SCH: jobFinished: 10-123. TimeElapsed: 1919ms.
09-12 17:55:14.499 32363 32481 I Finsky  : [153] WM::SCH: Logging work end for 10-123
09-12 17:55:14.567  7556  7556 W ThreadPoolForeg: type=1400 audit(0.0:12227): avc: denied { write } for name="traced_producer" dev="tmpfs" ino=685 scontext=u:r:gmscore_app:s0:c512,c768 tcontext=u:object_r:traced_producer_socket:s0 tclass=sock_file permissive=0 app=com.google.android.gms
09-12 17:55:14.783 32363 32470 I Finsky  : [144] SCH: Scheduling phonesky job Id: 1-1337, CT: 1757717086136, Constraints: [{ L: 42973444, D: 86173444, C: CHARGING_NONE, I: IDLE_NONE, N: NET_ANY, B: BATTERY_ANY }]
09-12 17:55:14.786 32363 32470 I Finsky  : [144] SCH: Scheduling phonesky job Id: 10-4, CT: 1757717084085, Constraints: [{ L: 1200000, D: 86400000, C: CHARGING_NONE, I: IDLE_NONE, N: NET_ANY, B: BATTERY_ANY }]
09-12 17:55:14.786 32363 32470 I Finsky  : [144] SCH: Scheduling phonesky job Id: 34-294, CT: 1757717106843, Constraints: [{ L: 604800000, D: 2578008046, C: CHARGING_NONE, I: IDLE_NONE, N: NET_ANY, B: BATTERY_ANY }]
09-12 17:55:14.786 32363 32470 I Finsky  : [144] SCH: Scheduling phonesky job Id: 34-296, CT: 1757717106849, Constraints: [{ L: 65207392, D: 1361207392, C: CHARGING_NONE, I: IDLE_NONE, N: NET_ANY, B: BATTERY_ANY }]
09-12 17:55:14.832 32363 32481 I Finsky  : [153] SCH: Scheduling 1 system job(s)
09-12 17:55:14.832 32363 32481 I Finsky  : [153] SCH: Scheduling system job Id: 9784, L: 569253, D: 85544748, C: false, I: false, N: 1
09-12 17:55:14.890 32363  3912 I Finsky  : [327] SCH: job service finished with id 9777.
09-12 17:55:19.788  1196  1196 D BoundBrokerSvc: onUnbind: Intent { act=com.google.android.gms.libs.gmscorelogger.service.START dat=chimera-action:/... cmp=com.google.android.gms/.chimera.PersistentDirectBootAwareApiService }
09-12 17:55:22.175   523   633 D ActivityManager: freezing 3012 com.google.android.configupdater
09-12 17:55:22.639  1196  1196 W ThreadPoolForeg: type=1400 audit(0.0:12228): avc: denied { write } for name="traced_producer" dev="tmpfs" ino=685 scontext=u:r:gmscore_app:s0:c512,c768 tcontext=u:object_r:traced_producer_socket:s0 tclass=sock_file permissive=0 app=com.google.android.gms
09-12 17:55:23.033   336   336 E android.hardware.power.stats@1.0-service-mock: Failed to getEnergyData
09-12 17:55:23.248  1196  2340 I NearbyMediums: No BLE Fast/GATT advertisements found in the latest cycle.
09-12 17:55:27.535   523   567 W system_server: Weak pointer dereference blocked for 11 milliseconds.
09-12 17:55:27.673   523   552 I system_server: Background concurrent mark compact GC freed 24MB AllocSpace bytes, 7(140KB) LOS objects, 42% free, 32MB/56MB, paused 67.642ms,2.119ms total 483.378ms
09-12 17:55:28.818  1299  1299 E chromium: [ERROR:chrome/browser/commerce/merchant_viewer/merchant_viewer_data_manager.cc:103] Clearing 0 merchants.
09-12 17:55:33.256  1196  2340 I NearbyMediums: No BLE Fast/GATT advertisements found in the latest cycle.
09-12 17:55:37.627 28663 28663 W ThreadPoolForeg: type=1400 audit(0.0:12229): avc: denied { write } for name="traced_producer" dev="tmpfs" ino=685 scontext=u:r:gmscore_app:s0:c512,c768 tcontext=u:object_r:traced_producer_socket:s0 tclass=sock_file permissive=0 app=com.google.android.gms
09-12 17:55:38.086  2565  2601 I Finsky:background: [126] Stats for Executor: bgExecutor tqz@da84edb[Running, pool size = 4, active threads = 0, queued tasks = 0, completed tasks = 529]
09-12 17:55:38.287  2565  2601 I Finsky:background: [126] Stats for Executor: LightweightExecutor tqz@1127d78[Running, pool size = 3, active threads = 0, queued tasks = 0, completed tasks = 630]
09-12 17:55:38.368   743   802 D EGL_emulation: app_time_stats: avg=38307.24ms min=38307.24ms max=38307.24ms count=1
09-12 17:55:38.728  2565  2601 I Finsky:background: [126] Stats for Executor: BlockingExecutor tqz@9ea2c51[Running, pool size = 0, active threads = 0, queued tasks = 0, completed tasks = 52]
09-12 17:55:43.260  1196  2340 I NearbyMediums: No BLE Fast/GATT advertisements found in the latest cycle.
09-12 17:55:44.410  2696  2713 I Finsky:quick_launch: [126] Stats for Executor: bgExecutor tqz@8214eaf[Running, pool size = 4, active threads = 0, queued tasks = 0, completed tasks = 20]
09-12 17:55:44.436  2696  2713 I Finsky:quick_launch: [126] Stats for Executor: LightweightExecutor tqz@68202bc[Running, pool size = 3, active threads = 0, queued tasks = 0, completed tasks = 11]
09-12 17:55:44.659  7556  7556 W ThreadPoolForeg: type=1400 audit(0.0:12230): avc: denied { write } for name="traced_producer" dev="tmpfs" ino=685 scontext=u:r:gmscore_app:s0:c512,c768 tcontext=u:object_r:traced_producer_socket:s0 tclass=sock_file permissive=0 app=com.google.android.gms
09-12 17:55:44.779  2696  2713 I Finsky:quick_launch: [126] Stats for Executor: BlockingExecutor tqz@b98a245[Running, pool size = 0, active threads = 0, queued tasks = 0, completed tasks = 1]
09-12 17:55:47.055   523   633 D ActivityManager: freezing 1450 com.google.android.apps.messaging
09-12 17:55:52.671  1196  1196 W ThreadPoolForeg: type=1400 audit(0.0:12231): avc: denied { write } for name="traced_producer" dev="tmpfs" ino=685 scontext=u:r:gmscore_app:s0:c512,c768 tcontext=u:object_r:traced_producer_socket:s0 tclass=sock_file permissive=0 app=com.google.android.gms
09-12 17:55:53.263  1196  2340 I NearbyMediums: No BLE Fast/GATT advertisements found in the latest cycle.
09-12 17:55:59.738  1299  1299 E chromium: [ERROR:chrome/browser/commerce/merchant_viewer/merchant_viewer_data_manager.cc:103] Clearing 0 merchants.
09-12 17:56:00.021 27890 27906 I AiAiEcho: Predicting[0]: 
09-12 17:56:00.021 27890 27906 I AiAiEcho: Ranked targets strategy: SORT, count: 0, ranking metadata: 
09-12 17:56:00.022 27890 27906 I AiAiEcho: #postPredictionTargets: Sending updates to UISurface lockscreen with targets# 0
09-12 17:56:00.022 27890 27906 I AiAiEcho: #postPredictionTargets: Sending updates to UISurface home with targets# 0
09-12 17:56:00.023 27890 27906 I AiAiEcho: #postPredictionTargets: Sending updates to UISurface media_data_manager with targets# 0
09-12 17:56:00.032   743   743 D SsMediaDataProvider: Forwarding Smartspace updates []
09-12 17:56:00.035   743   802 D EGL_emulation: app_time_stats: avg=21666.99ms min=21666.99ms max=21666.99ms count=1
09-12 17:56:03.267  1196  2340 I NearbyMediums: No BLE Fast/GATT advertisements found in the latest cycle.
09-12 17:56:03.785   523   561 D WifiNl80211Manager: Scan result ready event
09-12 17:56:03.785   523   561 D WifiNative: Scan result ready event
09-12 17:56:03.788  1196  1544 I WifiScanner: onFullResults
09-12 17:56:03.791   523   673 I HalDevMgr: bestIfaceCreationProposal is null, requestIface=STA, existingIface=[name=wlan0 type=STA]
09-12 17:56:04.167   523   523 D CompatibilityChangeReporter: Compat change id reported: 168419799; UID 10121; state: DISABLED
09-12 17:56:04.167   523   523 D CompatibilityChangeReporter: Compat change id reported: 273564678; UID 10121; state: DISABLED
09-12 17:56:04.177  3549  3549 D WM-SystemJobService: onStartJob for WorkGenerationalId(workSpecId=da75b691-2645-46a8-931a-e1aff1c9f920, generation=0)
09-12 17:56:04.215  3549  3633 D WM-Processor: mhq: processing WorkGenerationalId(workSpecId=da75b691-2645-46a8-931a-e1aff1c9f920, generation=0)
09-12 17:56:04.259  3549  3633 I esnk    : (REDACTED) Scoped context discovery schemas: %s.
09-12 17:56:04.287  3549  3549 D WM-WorkerWrapper: Starting work for com.google.apps.tiktok.contrib.work.TikTokListenableWorker
09-12 17:56:04.456  3549  3618 I WM-WorkerWrapper: Worker result SUCCESS for Work [ id=da75b691-2645-46a8-931a-e1aff1c9f920, tags={ com.google.apps.tiktok.contrib.work.TikTokListenableWorker,TikTokWorker#com.google.android.apps.search.assistant.surfaces.voice.robin.ui.chat.input.workers.StorageCleanUpWorker } ]
09-12 17:56:04.477  3549  3549 D WM-Processor: mhq da75b691-2645-46a8-931a-e1aff1c9f920 executed; reschedule = false
09-12 17:56:04.477  3549  3549 D WM-SystemJobService: da75b691-2645-46a8-931a-e1aff1c9f920 executed on JobScheduler
09-12 17:56:04.481  3549  3618 D WM-GreedyScheduler: Cancelling work ID da75b691-2645-46a8-931a-e1aff1c9f920
09-12 17:56:04.497  3549  3618 D CompatibilityChangeReporter: Compat change id reported: 194532703; UID 10121; state: ENABLED
09-12 17:56:04.497  3549  3618 D WM-SystemJobScheduler: Scheduling work ID da75b691-2645-46a8-931a-e1aff1c9f920Job ID 59
09-12 17:56:04.499  3549  3618 D WM-GreedyScheduler: Starting tracking for cc5bb37e-1410-4297-8844-2db61ef891b9
09-12 17:56:04.512  3549  3618 D WM-ConstraintTracker: mlz: initial state = false
09-12 17:56:04.512  3549  3618 D WM-BrdcstRcvrCnstrntTrc: mlz: registering receiver
09-12 17:56:04.514  3549  3618 D WM-GreedyScheduler: Constraints not met: Cancelling work ID WorkGenerationalId(workSpecId=cc5bb37e-1410-4297-8844-2db61ef891b9, generation=0)
09-12 17:56:07.659 28663 28663 W ThreadPoolForeg: type=1400 audit(0.0:12232): avc: denied { write } for name="traced_producer" dev="tmpfs" ino=685 scontext=u:r:gmscore_app:s0:c512,c768 tcontext=u:object_r:traced_producer_socket:s0 tclass=sock_file permissive=0 app=com.google.android.gms
09-12 17:56:11.550  1196  1436 I ActivityScheduler: nextTriggerTime: 171668805, in 120975ms, detectorType: 39, FULL_TYPE alarmWindowMillis: 80000
09-12 17:56:13.271  1196  2340 I NearbyMediums: No BLE Fast/GATT advertisements found in the latest cycle.
09-12 17:56:14.691  7556  7556 W ThreadPoolForeg: type=1400 audit(0.0:12233): avc: denied { write } for name="traced_producer" dev="tmpfs" ino=685 scontext=u:r:gmscore_app:s0:c512,c768 tcontext=u:object_r:traced_producer_socket:s0 tclass=sock_file permissive=0 app=com.google.android.gms
09-12 17:56:17.455   523   552 I system_server: Background concurrent mark compact GC freed 24MB AllocSpace bytes, 5(100KB) LOS objects, 42% free, 32MB/56MB, paused 2.327ms,2.647ms total 161.843ms
09-12 17:56:17.917  1299  3317 W chromium: [WARNING:components/sync/engine/syncer_proto_util.cc:430] Error posting from syncer: Response Code (bogus on error): -1 Content-Length (bogus on error): -1 Server Status: CONNECTION_UNAVAILABLE
09-12 17:56:17.918  1299  3317 E chromium: [ERROR:components/sync/engine/get_updates_processor.cc:267] PostClientToServerMessage() failed during GetUpdates with error Network error (ERR_INTERNET_DISCONNECTED)
09-12 17:56:22.687  1196  1196 W ThreadPoolForeg: type=1400 audit(0.0:12234): avc: denied { write } for name="traced_producer" dev="tmpfs" ino=685 scontext=u:r:gmscore_app:s0:c512,c768 tcontext=u:object_r:traced_producer_socket:s0 tclass=sock_file permissive=0 app=com.google.android.gms
09-12 17:56:23.274  1196  2340 I NearbyMediums: No BLE Fast/GATT advertisements found in the latest cycle.
09-12 17:56:30.769  1299  1299 E chromium: [ERROR:chrome/browser/commerce/merchant_viewer/merchant_viewer_data_manager.cc:103] Clearing 0 merchants.
09-12 17:56:33.281  1196  2340 I NearbyMediums: No BLE Fast/GATT advertisements found in the latest cycle.
09-12 17:56:35.213   859  1094 I bluetooth: packages/modules/Bluetooth/system/gd/hci/le_address_manager.cc:257 ack_pause: Client already in paused state
09-12 17:56:35.213   859  1094 I bluetooth: packages/modules/Bluetooth/system/gd/hci/le_address_manager.cc:257 ack_pause: Client already in paused state
09-12 17:56:35.213   859  1094 I bluetooth: packages/modules/Bluetooth/system/gd/hci/le_address_manager.cc:257 ack_pause: Client already in paused state
09-12 17:56:35.228   859  1094 I bluetooth: packages/modules/Bluetooth/system/gd/hci/le_address_manager.cc:576 OnCommandComplete: Received command complete with op_code LE_SET_RANDOM_ADDRESS
09-12 17:56:35.228   859  1094 I bluetooth: packages/modules/Bluetooth/system/gd/hci/le_address_manager.cc:595 OnCommandComplete: update random address : 71:b5:54:4f:66:5d
09-12 17:56:35.228   859  1094 I bluetooth: packages/modules/Bluetooth/system/gd/hci/le_address_manager.cc:286 resume_registered_clients: Resuming registered clients
09-12 17:56:37.679 28663 28663 W ThreadPoolForeg: type=1400 audit(0.0:12235): avc: denied { write } for name="traced_producer" dev="tmpfs" ino=685 scontext=u:r:gmscore_app:s0:c512,c768 tcontext=u:object_r:traced_producer_socket:s0 tclass=sock_file permissive=0 app=com.google.android.gms
09-12 17:56:43.288  1196  2340 I NearbyMediums: No BLE Fast/GATT advertisements found in the latest cycle.
09-12 17:56:44.715  7556  7556 W ThreadPoolForeg: type=1400 audit(0.0:12236): avc: denied { write } for name="traced_producer" dev="tmpfs" ino=685 scontext=u:r:gmscore_app:s0:c512,c768 tcontext=u:object_r:traced_producer_socket:s0 tclass=sock_file permissive=0 app=com.google.android.gms
09-12 17:56:52.715  1196  1196 W ThreadPoolForeg: type=1400 audit(0.0:12237): avc: denied { write } for name="traced_producer" dev="tmpfs" ino=685 scontext=u:r:gmscore_app:s0:c512,c768 tcontext=u:object_r:traced_producer_socket:s0 tclass=sock_file permissive=0 app=com.google.android.gms
09-12 17:56:53.290  1196  2340 I NearbyMediums: No BLE Fast/GATT advertisements found in the latest cycle.
09-12 17:57:00.050 27890 27906 I AiAiEcho: Predicting[0]: 
09-12 17:57:00.052 27890 27906 I AiAiEcho: Ranked targets strategy: SORT, count: 0, ranking metadata: 
09-12 17:57:00.058 27890 27906 I AiAiEcho: #postPredictionTargets: Sending updates to UISurface lockscreen with targets# 0
09-12 17:57:00.059 27890 27906 I AiAiEcho: #postPredictionTargets: Sending updates to UISurface home with targets# 0
09-12 17:57:00.060 27890 27906 I AiAiEcho: #postPredictionTargets: Sending updates to UISurface media_data_manager with targets# 0
09-12 17:57:00.086   743   743 D SsMediaDataProvider: Forwarding Smartspace updates []
09-12 17:57:00.116   743   802 D EGL_emulation: app_time_stats: avg=60079.02ms min=60079.02ms max=60079.02ms count=1
09-12 17:57:01.791  1299  1299 E chromium: [ERROR:chrome/browser/commerce/merchant_viewer/merchant_viewer_data_manager.cc:103] Clearing 0 merchants.
09-12 17:57:03.293  1196  2340 I NearbyMediums: No BLE Fast/GATT advertisements found in the latest cycle.
09-12 17:57:07.695 28663 28663 W ThreadPoolForeg: type=1400 audit(0.0:12238): avc: denied { write } for name="traced_producer" dev="tmpfs" ino=685 scontext=u:r:gmscore_app:s0:c512,c768 tcontext=u:object_r:traced_producer_socket:s0 tclass=sock_file permissive=0 app=com.google.android.gms
09-12 17:57:13.298  1196  2340 I NearbyMediums: No BLE Fast/GATT advertisements found in the latest cycle.
09-12 17:57:14.739  7556  7556 W ThreadPoolForeg: type=1400 audit(0.0:12239): avc: denied { write } for name="traced_producer" dev="tmpfs" ino=685 scontext=u:r:gmscore_app:s0:c512,c768 tcontext=u:object_r:traced_producer_socket:s0 tclass=sock_file permissive=0 app=com.google.android.gms
09-12 17:57:17.566   523   552 I system_server: Background concurrent mark compact GC freed 26MB AllocSpace bytes, 6(120KB) LOS objects, 42% free, 32MB/56MB, paused 2.897ms,4.369ms total 432.484ms
09-12 17:57:18.287   743   802 D EGL_emulation: app_time_stats: avg=18171.23ms min=18171.23ms max=18171.23ms count=1
