09-14 22:39:09.017 W/AppOps  (  533): Noting op not finished: uid 10120 pkg com.google.android.gms code 113 startTime of in progress event=1757884495451
09-14 22:39:09.036 I/WebViewFactory(16337): Loading com.google.android.webview version 139.0.7258.143 (code 725814338)
09-14 22:39:09.037 I/ActivityScheduler( 1176): nextTriggerTime: 23320586, in 238100ms, detectorType: 39, FULL_TYPE alarmWindowMillis: 80000
09-14 22:39:09.054 W/pp.uprise.debug(16337): Failed to find entry 'classes.dex': Entry not found
09-14 22:39:09.056 D/nativeloader(16337): Configuring clns-5 for other apk /data/app/~~SSEbxose8UCu0hEsIySZuA==/com.google.android.trichromelibrary_725814338-SNhaRDuRcfPuh-Ntuau95A==/base.apk. target_sdk_version=35, uses_libraries=ALL, library_path=/data/app/~~zlAGpwMcwoxzr7Jc-0IT8g==/com.google.android.webview-Rhhnz4yiXeIUZ1SRbOVBPg==/lib/x86_64:/data/app/~~zlAGpwMcwoxzr7Jc-0IT8g==/com.google.android.webview-Rhhnz4yiXeIUZ1SRbOVBPg==/base.apk!/lib/x86_64:/data/app/~~SSEbxose8UCu0hEsIySZuA==/com.google.android.trichromelibrary_725814338-SNhaRDuRcfPuh-Ntuau95A==/base.apk!/lib/x86_64, permitted_path=/data:/mnt/expand
09-14 22:39:09.060 E/pp.uprise.debug(16337): Invalid ID 0x00000000.
09-14 22:39:09.062 D/ReactNative(16337): ReactConfig: Could not find BuildConfig class
09-14 22:39:09.065 D/nativeloader(16337): Configuring clns-6 for other apk /system_ext/framework/androidx.window.extensions.jar. target_sdk_version=35, uses_libraries=ALL, library_path=/data/app/~~zlAGpwMcwoxzr7Jc-0IT8g==/com.google.android.webview-Rhhnz4yiXeIUZ1SRbOVBPg==/lib/x86_64:/data/app/~~zlAGpwMcwoxzr7Jc-0IT8g==/com.google.android.webview-Rhhnz4yiXeIUZ1SRbOVBPg==/base.apk!/lib/x86_64:/data/app/~~SSEbxose8UCu0hEsIySZuA==/com.google.android.trichromelibrary_725814338-SNhaRDuRcfPuh-Ntuau95A==/base.apk!/lib/x86_64, permitted_path=/data:/mnt/expand
09-14 22:39:09.072 I/ReactNativeJS(16337): 'ENV MISSING', { missing: 
09-14 22:39:09.072 I/ReactNativeJS(16337):    [ 'API_BASE_URL',
09-14 22:39:09.072 I/ReactNativeJS(16337):      'SIGNUP_URL',
09-14 22:39:09.072 I/ReactNativeJS(16337):      'VERIFY_USERNAME',
09-14 22:39:09.072 I/ReactNativeJS(16337):      'VERIFY_USER',
09-14 22:39:09.072 I/ReactNativeJS(16337):      'LOGIN_URL',
09-14 22:39:09.072 I/ReactNativeJS(16337):      'REGISTER_DEVICE_TOKEN' ],
09-14 22:39:09.072 I/ReactNativeJS(16337):   Config: {} }
09-14 22:39:09.082 D/nativeloader(16337): Configuring clns-7 for other apk /data/app/~~zlAGpwMcwoxzr7Jc-0IT8g==/com.google.android.webview-Rhhnz4yiXeIUZ1SRbOVBPg==/base.apk. target_sdk_version=35, uses_libraries=, library_path=/data/app/~~zlAGpwMcwoxzr7Jc-0IT8g==/com.google.android.webview-Rhhnz4yiXeIUZ1SRbOVBPg==/lib/x86_64:/data/app/~~zlAGpwMcwoxzr7Jc-0IT8g==/com.google.android.webview-Rhhnz4yiXeIUZ1SRbOVBPg==/base.apk!/lib/x86_64:/data/app/~~SSEbxose8UCu0hEsIySZuA==/com.google.android.trichromelibrary_725814338-SNhaRDuRcfPuh-Ntuau95A==/base.apk!/lib/x86_64, permitted_path=/data:/mnt/expand
09-14 22:39:09.124 I/ReactNativeJS(16337): 'Firebase messaging disabled (no default app):', 'No Firebase App \'[DEFAULT]\' has been created - call firebase.initializeApp()'
09-14 22:39:09.135 D/BoundBrokerSvc( 1176): onRebind: Intent { act=com.google.android.gms.libs.gmscorelogger.service.START dat=chimera-action:/... cmp=com.google.android.gms/.chimera.PersistentDirectBootAwareApiService }
09-14 22:39:09.255 D/WifiNl80211Manager(  533): Scan result ready event
09-14 22:39:09.255 D/WifiNative(  533): Scan result ready event
09-14 22:39:09.257 I/WifiScanner( 1176): onFullResults
09-14 22:39:09.257 I/WifiScanner( 1176): onFullResults
09-14 22:39:09.261 I/HalDevMgr(  533): bestIfaceCreationProposal is null, requestIface=STA, existingIface=[name=wlan0 type=STA]
09-14 22:39:09.266 D/EGL_emulation(  748): app_time_stats: avg=14.74ms min=3.19ms max=33.41ms count=59
09-14 22:39:09.308 I/FrewleTileCacheManagerV( 1176): (REDACTED) Fetched %d AP models from cache
09-14 22:39:09.318 I/FrewleTileCacheManagerV( 1176): (REDACTED) Fetched %d AP models from cache
09-14 22:39:09.318 I/FrewleTileCacheManagerV( 1176): (REDACTED) Fetched %d AP models from cache
09-14 22:39:09.320 I/FrewleTileCacheManagerV( 1176): (REDACTED) Fetched %d AP models from cache
09-14 22:39:09.321 I/FrewleTileCacheManagerV( 1176): (REDACTED) Fetched %d AP models from cache
09-14 22:39:09.331 I/cr_WVCFactoryProvider(16337): version=139.0.7258.143 (725814338) minSdkVersion=29 multiprocess=true packageId=2 splits=<none>
09-14 22:39:09.346 D/nativeloader(16337): Load /data/app/~~SSEbxose8UCu0hEsIySZuA==/com.google.android.trichromelibrary_725814338-SNhaRDuRcfPuh-Ntuau95A==/base.apk!/lib/x86_64/libmonochrome_64.so using class loader ns clns-7 (caller=/data/app/~~zlAGpwMcwoxzr7Jc-0IT8g==/com.google.android.webview-Rhhnz4yiXeIUZ1SRbOVBPg==/base.apk): ok
09-14 22:39:09.367 D/nativeloader(16337): Load /system/lib64/libwebviewchromium_plat_support.so using class loader ns clns-7 (caller=/data/app/~~zlAGpwMcwoxzr7Jc-0IT8g==/com.google.android.webview-Rhhnz4yiXeIUZ1SRbOVBPg==/base.apk): ok
09-14 22:39:09.386 D/CompatibilityChangeReporter(  533): Compat change id reported: 171306433; UID 10120; state: ENABLED
09-14 22:39:09.386 D/CompatibilityChangeReporter(  533): Compat change id reported: 218533173; UID 10120; state: ENABLED
09-14 22:39:09.390 I/ActivityScheduler( 1176): nextTriggerTime: 23320586, in 237747ms, detectorType: 39, FULL_TYPE alarmWindowMillis: 80000
09-14 22:39:09.431 E/chromium(16337): [0914/223909.412910:ERROR:android_webview/browser/variations/variations_seed_loader.cc:39] Seed missing signature.
09-14 22:39:09.442 I/chromium(16337): [0914/223909.440682:INFO:android_webview/browser/variations/variations_seed_loader.cc:67] Failed to open file for reading.: No such file or directory (2)
09-14 22:39:09.445 E/LocationManagerService(  533): non-monotonic location received from passive provider
09-14 22:39:09.475 E/GnssUtilsJni(  533): IGnss injectLocation() failed.
09-14 22:39:09.481 E/GnssUtilsJni(  533): IGnss injectLocation() failed.
09-14 22:39:09.481 E/GnssUtilsJni(  533): IGnss injectLocation() failed.
09-14 22:39:09.481 E/GnssUtilsJni(  533): IGnss injectLocation() failed.
09-14 22:39:09.481 E/GnssUtilsJni(  533): IGnss injectLocation() failed.
09-14 22:39:09.511 I/cr_LibraryLoader(16337): Successfully loaded native library
09-14 22:39:09.512 W/GLSUser ( 1176): [DeviceKeyStore] Cannot load key: Device key file not found.
09-14 22:39:09.519 I/cr_CachingUmaRecorder(16337): Flushed 13 samples from 13 histograms, 0 samples were dropped.
09-14 22:39:09.532 I/ReactNativeJS(16337): Running "Uprise" with {"rootTag":1}
09-14 22:39:09.589 W/AlarmManager(  820): Unrecognized alarm listener com.android.networkstack.android.net.ip.IpClientLinkObserver$Dhcp6PdPreferredPrefixAlarmListener@2fa36bc
09-14 22:39:09.618 I/ReactNativeJS(16337): 'CONFIG', { API_BASE_URL: undefined,
09-14 22:39:09.618 I/ReactNativeJS(16337):   SIGNUP_URL: undefined,
09-14 22:39:09.618 I/ReactNativeJS(16337):   VERIFY_USERNAME: undefined,
09-14 22:39:09.618 I/ReactNativeJS(16337):   VERIFY_USER: undefined,
09-14 22:39:09.618 I/ReactNativeJS(16337):   LOGIN_URL: undefined,
09-14 22:39:09.618 I/ReactNativeJS(16337):   REGISTER_DEVICE_TOKEN: undefined,
09-14 22:39:09.618 I/ReactNativeJS(16337):   APPROVED_GENRES_ENDPOINT: undefined,
09-14 22:39:09.618 I/ReactNativeJS(16337):   GENRE_SUGGESTIONS_ENDPOINT: undefined,
09-14 22:39:09.618 I/ReactNativeJS(16337):   REQUEST_GENRE_ENDPOINT: undefined }
09-14 22:39:09.669 W/libc    (15856): Access denied finding property "persist.adb.tls_server.enable"
09-14 22:39:09.666 W/binder:15856_4(15856): type=1400 audit(0.0:1789): avc: denied { read } for name="u:object_r:system_adbd_prop:s0" dev="tmpfs" ino=268 scontext=u:r:gmscore_app:s0:c512,c768 tcontext=u:object_r:system_adbd_prop:s0 tclass=file permissive=0 app=com.google.android.gms
09-14 22:39:09.701 D/CompatibilityChangeReporter(16337): Compat change id reported: 171228096; UID 10200; state: ENABLED
09-14 22:39:09.728 W/Parcel  (16337): Expecting binder but got null!
09-14 22:39:09.734 I/TFLite-in-PlayServices( 1176): Created interpreter.
09-14 22:39:09.738 D/CoreBackPreview(  533): Window{6d20973 u0 com.app.uprise.debug/com.app.uprise.MainActivity}: Setting back callback OnBackInvokedCallbackInfo{mCallback=android.window.IOnBackInvokedCallback$Stub$Proxy@d746265, mPriority=0}
09-14 22:39:09.766 W/GmsUrlRequestImpl( 1176): [https://android.googleapis.com/auth/devicekey] Content-Type header is overwritten.
09-14 22:39:09.771 I/ReactNativeJS(16337): 'CONFIG (App.js)', { API_BASE_URL: undefined,
09-14 22:39:09.771 I/ReactNativeJS(16337):   SIGNUP_URL: undefined,
09-14 22:39:09.771 I/ReactNativeJS(16337):   VERIFY_USERNAME: undefined,
09-14 22:39:09.771 I/ReactNativeJS(16337):   VERIFY_USER: undefined,
09-14 22:39:09.771 I/ReactNativeJS(16337):   LOGIN_URL: undefined,
09-14 22:39:09.771 I/ReactNativeJS(16337):   REGISTER_DEVICE_TOKEN: undefined,
09-14 22:39:09.771 I/ReactNativeJS(16337):   APPROVED_GENRES_ENDPOINT: undefined,
09-14 22:39:09.771 I/ReactNativeJS(16337):   GENRE_SUGGESTIONS_ENDPOINT: undefined,
09-14 22:39:09.771 I/ReactNativeJS(16337):   REQUEST_GENRE_ENDPOINT: undefined }
09-14 22:39:09.777 I/TFLite-in-PlayServices( 1176): Created interpreter.
09-14 22:39:09.826 E/OpenGLRenderer(16337): Unable to match the desired swap behavior.
09-14 22:39:09.830 W/ThreadPoolForeg( 1318): type=1400 audit(0.0:1790): avc: denied { write } for name="traced_producer" dev="tmpfs" ino=684 scontext=u:r:gmscore_app:s0:c512,c768 tcontext=u:object_r:traced_producer_socket:s0 tclass=sock_file permissive=0 app=com.google.android.gms
09-14 22:39:09.882 I/SemanticLocation( 1176): (REDACTED) [Inferrer] %s%s
09-14 22:39:10.001 W/GLSUser ( 1176): [AppCertManager] Exception while requesting key: 
09-14 22:39:10.001 W/GLSUser ( 1176): java.util.concurrent.ExecutionException: ckbp: Parse Proto Exception with response code 400
09-14 22:39:10.001 W/GLSUser ( 1176): 	at gjrh.j(:com.google.android.gms@253133032@25.31.33 (190800-795226510):21)
09-14 22:39:10.001 W/GLSUser ( 1176): 	at gjrq.u(:com.google.android.gms@253133032@25.31.33 (190800-795226510):71)
09-14 22:39:10.001 W/GLSUser ( 1176): 	at ahri.b(:com.google.android.gms@253133032@25.31.33 (190800-795226510):439)
09-14 22:39:10.001 W/GLSUser ( 1176): 	at ahrg.a(:com.google.android.gms@253133032@25.31.33 (190800-795226510):83)
09-14 22:39:10.001 W/GLSUser ( 1176): 	at ahrc.a(:com.google.android.gms@253133032@25.31.33 (190800-795226510):3)
09-14 22:39:10.001 W/GLSUser ( 1176): 	at ahre.a(:com.google.android.gms@253133032@25.31.33 (190800-795226510):58)
09-14 22:39:10.001 W/GLSUser ( 1176): 	at ahre.b(:com.google.android.gms@253133032@25.31.33 (190800-795226510):21)
09-14 22:39:10.001 W/GLSUser ( 1176): 	at bali.m(:com.google.android.gms@253133032@25.31.33 (190800-795226510):13)
09-14 22:39:10.001 W/GLSUser ( 1176): 	at balx.f(:com.google.android.gms@253133032@25.31.33 (190800-795226510):10)
09-14 22:39:10.001 W/GLSUser ( 1176): 	at fsxo.a(:com.google.android.gms@253133032@25.31.33 (190800-795226510):45)
09-14 22:39:10.001 W/GLSUser ( 1176): 	at fsxi.b(:com.google.android.gms@253133032@25.31.33 (190800-795226510):279)
09-14 22:39:10.001 W/GLSUser ( 1176): 	at fuab.e(:com.google.android.gms@253133032@25.31.33 (190800-795226510):442)
09-14 22:39:10.001 W/GLSUser ( 1176): 	at ftzy.run(:com.google.android.gms@253133032@25.31.33 (190800-795226510):123)
09-14 22:39:10.001 W/GLSUser ( 1176): 	at bash.c(:com.google.android.gms@253133032@25.31.33 (190800-795226510):50)
09-14 22:39:10.001 W/GLSUser ( 1176): 	at bash.run(:com.google.android.gms@253133032@25.31.33 (190800-795226510):89)
09-14 22:39:10.001 W/GLSUser ( 1176): 	at java.util.concurrent.ThreadPoolExecutor.runWorker(ThreadPoolExecutor.java:1156)
09-14 22:39:10.001 W/GLSUser ( 1176): 	at java.util.concurrent.ThreadPoolExecutor$Worker.run(ThreadPoolExecutor.java:651)
09-14 22:39:10.001 W/GLSUser ( 1176): 	at baya.run(:com.google.android.gms@253133032@25.31.33 (190800-795226510):8)
09-14 22:39:10.001 W/GLSUser ( 1176): 	at java.lang.Thread.run(Thread.java:1119)
09-14 22:39:10.001 W/GLSUser ( 1176): Caused by: ckbp: Parse Proto Exception with response code 400
09-14 22:39:10.001 W/GLSUser ( 1176): 	at ckcs.b(:com.google.android.gms@253133032@25.31.33 (190800-795226510):71)
09-14 22:39:10.001 W/GLSUser ( 1176): 	at ckfi.d(:com.google.android.gms@253133032@25.31.33 (190800-795226510):18)
09-14 22:39:10.001 W/GLSUser ( 1176): 	at ckfz.onSucceeded(:com.google.android.gms@253133032@25.31.33 (190800-795226510):9)
09-14 22:39:10.001 W/GLSUser ( 1176): 	at m1.nc.onSucceeded(:com.google.android.gms.dynamite_cronetdynamite@253133032@25.31.33 (190800-0):3)
09-14 22:39:10.001 W/GLSUser ( 1176): 	at m1.ly.run(:com.google.android.gms.dynamite_cronetdynamite@253133032@25.31.33 (190800-0):21)
09-14 22:39:10.001 W/GLSUser ( 1176): 	at m1.ls.run(:com.google.android.gms.dynamite_cronetdynamite@253133032@25.31.33 (190800-0):31)
09-14 22:39:10.001 W/GLSUser ( 1176): 	at bash.c(:com.google.android.gms@253133032@25.31.33 (190800-795226510):50)
09-14 22:39:10.001 W/GLSUser ( 1176): 	at bash.run(:com.google.android.gms@253133032@25.31.33 (190800-795226510):70)
09-14 22:39:10.001 W/GLSUser ( 1176): 	... 4 more
09-14 22:39:10.001 W/GLSUser ( 1176): Caused by: hdlb: Protocol message contained an invalid tag (zero).
09-14 22:39:10.001 W/GLSUser ( 1176): 	at hdhz.k(:com.google.android.gms@253133032@25.31.33 (190800-795226510):43)
09-14 22:39:10.001 W/GLSUser ( 1176): 	at hdmb.c(:com.google.android.gms@253133032@25.31.33 (190800-795226510):398)
09-14 22:39:10.001 W/GLSUser ( 1176): 	at hdmb.i(:com.google.android.gms@253133032@25.31.33 (190800-795226510):8)
09-14 22:39:10.001 W/GLSUser ( 1176): 	at hdkf.y(:com.google.android.gms@253133032@25.31.33 (190800-795226510):23)
09-14 22:39:10.001 W/GLSUser ( 1176): 	at hdka.g(:com.google.android.gms@253133032@25.31.33 (190800-795226510):3)
09-14 22:39:10.001 W/GLSUser ( 1176): 	at hdhv.e(:com.google.android.gms@253133032@25.31.33 (190800-795226510):1)
09-14 22:39:10.001 W/GLSUser ( 1176): 	at hdhv.d(:com.google.android.gms@253133032@25.31.33 (190800-795226510):3)
09-14 22:39:10.001 W/GLSUser ( 1176): 	at hdhv.p(:com.google.android.gms@253133032@25.31.33 (190800-795226510):1)
09-14 22:39:10.001 W/GLSUser ( 1176): 	at ckcs.g(:com.google.android.gms@253133032@25.31.33 (190800-795226510):69)
09-14 22:39:10.001 W/GLSUser ( 1176): 	at ckcs.b(:com.google.android.gms@253133032@25.31.33 (190800-795226510):11)
09-14 22:39:10.001 W/GLSUser ( 1176): 	... 11 more
09-14 22:39:10.004 W/GLSUser ( 1176): [DeviceKeyStore] Cannot load key: Device key file not found.
09-14 22:39:10.082 W/Conscrypt( 1176): Could not set socket write timeout: java.net.SocketException: Socket closed
09-14 22:39:10.085 W/Conscrypt( 1176): 	at com.google.android.gms.org.conscrypt.Platform.setSocketWriteTimeout(:com.google.android.gms@253133032@25.31.33 (190800-795226510):204)
09-14 22:39:10.085 W/Conscrypt( 1176): 	at com.google.android.gms.org.conscrypt.ConscryptFileDescriptorSocket.setSoWriteTimeout(:com.google.android.gms@253133032@25.31.33 (190800-795226510):4)
09-14 22:39:10.127 W/Conscrypt( 1176): Could not set socket write timeout: java.net.SocketException: Socket closed
09-14 22:39:10.127 W/Conscrypt( 1176): 	at com.google.android.gms.org.conscrypt.Platform.setSocketWriteTimeout(:com.google.android.gms@253133032@25.31.33 (190800-795226510):204)
09-14 22:39:10.127 W/Conscrypt( 1176): 	at com.google.android.gms.org.conscrypt.ConscryptFileDescriptorSocket.setSoWriteTimeout(:com.google.android.gms@253133032@25.31.33 (190800-795226510):4)
09-14 22:39:10.464 I/ReactNativeJS(16337): redux-persist: versions match, noop migration
09-14 22:39:10.532 W/unknown:ViewManagerPropertyUpdater(16337): Could not find generated setter for class com.swmansion.rnscreens.ScreensShadowNode
09-14 22:39:10.558 D/CompatibilityChangeReporter(  533): Compat change id reported: 197654537; UID 10200; state: ENABLED
09-14 22:39:10.838 I/pp.uprise.debug(16337): hiddenapi: Accessing hidden field Landroid/widget/ScrollView;->mScroller:Landroid/widget/OverScroller; (runtime_flags=0, domain=platform, api=unsupported) from Lcom/facebook/react/views/scroll/ReactScrollView; (domain=app) using reflection: allowed
09-14 22:39:10.914 D/BoundBrokerSvc( 1318): onBind: Intent { act=com.google.android.gms.auth.api.signin.service.START pkg=com.google.android.gms }
09-14 22:39:10.915 D/BoundBrokerSvc( 1318): Loading bound service for intent: Intent { act=com.google.android.gms.auth.api.signin.service.START pkg=com.google.android.gms }
09-14 22:39:10.966 W/Auth.Api.SignIn( 1318): [Service,SignInChimeraService] **************************** WARNING ***************************
09-14 22:39:10.966 W/Auth.Api.SignIn( 1318): You are using the deprecated legacy Google Sign-In APIs from
09-14 22:39:10.966 W/Auth.Api.SignIn( 1318): play-services-auth SDK. Please migrate to the Credential Manager
09-14 22:39:10.966 W/Auth.Api.SignIn( 1318): APIs, see https://goo.gle/gsi-migration.
09-14 22:39:10.966 W/Auth.Api.SignIn( 1318): ****************************************************************
09-14 22:39:10.968 I/ReactNativeJS(16337): FCM disabled (no default Firebase app)
09-14 22:39:10.979 D/SoLoader(16337): About to load: libimagepipeline.so
09-14 22:39:10.980 D/SoLoader(16337): libimagepipeline.so not found on /data/data/com.app.uprise.debug/lib-main
09-14 22:39:10.980 D/SoLoader(16337): libimagepipeline.so found on /data/app/~~9NcaI71qbKYmSq5NvweA9Q==/com.app.uprise.debug-GWanmswYOWyohVC6yAxGdQ==/lib/x86_64
09-14 22:39:10.980 D/SoLoader(16337): Not resolving dependencies for libimagepipeline.so
09-14 22:39:10.984 D/nativeloader(16337): Load /data/app/~~9NcaI71qbKYmSq5NvweA9Q==/com.app.uprise.debug-GWanmswYOWyohVC6yAxGdQ==/lib/x86_64/libimagepipeline.so using class loader ns clns-4 (caller=/data/app/~~9NcaI71qbKYmSq5NvweA9Q==/com.app.uprise.debug-GWanmswYOWyohVC6yAxGdQ==/base.apk): ok
09-14 22:39:10.985 D/SoLoader(16337): Loaded: libimagepipeline.so
09-14 22:39:11.146 D/CoreBackPreview(  533): Window{692b1 u0 com.app.uprise.debug/com.app.uprise.MainActivity}: Setting back callback null
09-14 22:39:11.167 W/InputManager-JNI(  533): Input channel object '692b1 com.app.uprise.debug/com.app.uprise.MainActivity (client)' was disposed without first being removed with the input manager!
09-14 22:39:11.332 D/EGL_emulation(16337): app_time_stats: avg=102.81ms min=2.59ms max=1237.41ms count=13
09-14 22:39:12.463 D/EGL_emulation(16337): app_time_stats: avg=103.07ms min=1.34ms max=2686.67ms count=42
09-14 22:39:20.510 I/VoiceInputManagerWrapper( 1219): VoiceInputManagerWrapper.shutdownVoiceInternal():148 shutdownVoiceInternal()
09-14 22:39:20.510 W/NotificationCenter( 1219): NotificationCenter.unregisterListener():480 Listener hwm@e3c5e32 was not registered for notification class nfk
09-14 22:39:23.145 D/BoundBrokerSvc( 1176): onUnbind: Intent { act=com.google.android.gms.auth.aang.events.services.START dat=chimera-action:/... cmp=com.google.android.gms/.chimera.PersistentApiService }
09-14 22:39:25.317 W/BufferPoolAccessor2.0(  456): invalidator thread spinning
09-14 22:39:25.422 D/BoundBrokerSvc( 1176): onUnbind: Intent { act=com.google.android.gms.libs.gmscorelogger.service.START dat=chimera-action:/... cmp=com.google.android.gms/.chimera.PersistentDirectBootAwareApiService }
09-14 22:39:36.743 D/androidtc(  533): Initializing SystemTextClassifier, type = System
09-14 22:39:36.748 D/InputDispatcher(  533): Touch mode switch rejected, caller (pid=0, uid=10200) doesn't own the focused window nor none of the previously interacted window
09-14 22:39:36.749 I/AiAiTextClassifier( 1286): onCreateTextClassificationSession = TextClassificationSessionId {50b8f133-bda3-4f59-bcb6-d4fadc6ed809}
09-14 22:39:36.757 I/AiAiTextClassifier( 1286): Initialize textClassifierLib, privileged changed = [true], TC null = [false]
09-14 22:39:36.768 I/AiAiTranslate( 1286): C2T - not in a conversation
09-14 22:39:36.769 D/EGL_emulation(16337): app_time_stats: avg=1496.14ms min=14.13ms max=25172.81ms count=17
09-14 22:39:36.769 I/AiAiTextClassifier( 1286): GenerateLinks did not find valid links, returning empty result
09-14 22:39:36.772 I/ClipboardListener(  748): Clipboard overlay suppressed.
09-14 22:39:36.773 I/AiAiTextClassifier( 1286): GenerateLinks did not find valid links, returning empty result
09-14 22:39:36.775 I/AiAiTextClassifier( 1286): Initialize textClassifierLib, privileged changed = [true], TC null = [false]
09-14 22:39:36.779 I/AiAiTextClassifier( 1286): GenerateLinks did not find valid links, returning empty result
09-14 22:39:36.785 I/ClipboardListener(  748): Clipboard overlay suppressed.
09-14 22:39:36.851 D/CoreBackPreview(  533): Window{6d20973 u0 com.app.uprise.debug/com.app.uprise.MainActivity}: Setting back callback null
09-14 22:39:36.856 D/OpenGLRenderer(16337): endAllActiveAnimators on 0x728bc885a720 (RippleDrawable) with handle 0x728ad8882f90
09-14 22:39:36.859 W/InputManager-JNI(  533): Input channel object '6d20973 com.app.uprise.debug/com.app.uprise.MainActivity (client)' was disposed without first being removed with the input manager!
09-14 22:39:36.871 D/AudioFlinger(  346): mixer(0x778295a989a0) throttle end: throttle time(38)
09-14 22:39:36.880 V/WindowManager(  533): Unknown focus tokens, dropping reportFocusChanged
09-14 22:39:36.897 I/GoogleInputMethodService( 1219): GoogleInputMethodService.onFinishInput():2054 
09-14 22:39:36.897 I/Module  ( 1219): DeviceLockedStatusModuleProvider$Module.updateDeviceLockedStatus():100 repeatCheckTimes = 0, locked = false
09-14 22:39:36.899 I/GoogleInputMethodService( 1219): GoogleInputMethodService.onStartInput():1315 onStartInput(EditorInfo{EditorInfo{packageName=com.app.uprise.debug, inputType=0, inputTypeString=NULL, enableLearning=false, autoCorrection=false, autoComplete=false, imeOptions=0, privateImeOptions=null, actionName=UNSPECIFIED, actionLabel=null, initialSelStart=-1, initialSelEnd=-1, initialCapsMode=0, label=null, fieldId=-1, fieldName=null, extras=null, hintText=null, hintLocales=[]}}, false)
09-14 22:39:36.899 I/Module  ( 1219): DeviceLockedStatusModuleProvider$Module.updateDeviceLockedStatus():100 repeatCheckTimes = 1, locked = false
09-14 22:39:36.922 D/EGL_emulation(16337): app_time_stats: avg=1358.59ms min=13.49ms max=24172.51ms count=18
09-14 22:39:38.822 W/ThreadPoolForeg( 1176): type=1400 audit(0.0:1791): avc: denied { write } for name="traced_producer" dev="tmpfs" ino=684 scontext=u:r:gmscore_app:s0:c512,c768 tcontext=u:object_r:traced_producer_socket:s0 tclass=sock_file permissive=0 app=com.google.android.gms
09-14 22:39:39.830 W/ThreadPoolForeg( 1318): type=1400 audit(0.0:1792): avc: denied { write } for name="traced_producer" dev="tmpfs" ino=684 scontext=u:r:gmscore_app:s0:c512,c768 tcontext=u:object_r:traced_producer_socket:s0 tclass=sock_file permissive=0 app=com.google.android.gms
09-14 22:39:39.862 W/adbd    (  429): timeout expired while flushing socket, closing
09-14 22:39:45.182 D/EGL_emulation(  748): app_time_stats: avg=5329.62ms min=7.74ms max=37201.75ms count=7
09-14 22:39:48.283 D/InputDispatcher(  533): Touch mode switch rejected, caller (pid=0, uid=10200) doesn't own the focused window nor none of the previously interacted window
09-14 22:39:48.315 D/EGL_emulation(16337): app_time_stats: avg=1627.42ms min=7.58ms max=11299.19ms count=7
09-14 22:39:49.367 D/AudioFlinger(  346): mixer(0x778295a989a0) throttle end: throttle time(38)
09-14 22:39:49.464 D/EGL_emulation(16337): app_time_stats: avg=1149.50ms min=1149.50ms max=1149.50ms count=1
09-14 22:39:50.156 I/GoogleInputMethodService( 1219): GoogleInputMethodService.onFinishInput():2054 
09-14 22:39:50.156 D/AutofillSession(  533): clearPendingIntentLocked
09-14 22:39:50.156 D/CompatibilityChangeReporter(16337): Compat change id reported: 163400105; UID 10200; state: ENABLED
09-14 22:39:50.156 D/InputMethodManager(16337): showSoftInput() view=com.facebook.react.views.textinput.ReactEditText{8c2b660 VFED..CL. .F.P..ID 0,0-860,105 #9b aid=1073741825} flags=0 reason=SHOW_SOFT_INPUT
09-14 22:39:50.159 I/Module  ( 1219): DeviceLockedStatusModuleProvider$Module.updateDeviceLockedStatus():100 repeatCheckTimes = 0, locked = false
09-14 22:39:50.159 I/GoogleInputMethodService( 1219): GoogleInputMethodService.onStartInput():1315 onStartInput(EditorInfo{EditorInfo{packageName=com.app.uprise.debug, inputType=80001, inputTypeString=Normal[NoSuggestion], enableLearning=true, autoCorrection=true, autoComplete=true, imeOptions=8000006, privateImeOptions=null, actionName=DONE, actionLabel=null, initialSelStart=0, initialSelEnd=0, initialCapsMode=0, label=null, fieldId=155, fieldName=null, extras=null, hintText=non-empty, hintLocales=[]}}, false)
09-14 22:39:50.161 D/AudioFlinger(  346): mixer(0x778295a989a0) throttle end: throttle time(38)
09-14 22:39:50.162 I/Module  ( 1219): DeviceLockedStatusModuleProvider$Module.updateDeviceLockedStatus():100 repeatCheckTimes = 1, locked = false
09-14 22:39:50.163 V/InlineSuggestionRenderService(  946): handleDestroySuggestionViews called for 0:319766569
09-14 22:39:50.173 I/AssistStructure(16337): Flattened final assist data: 3040 bytes, containing 1 windows, 17 views
09-14 22:39:50.173 D/AutofillSession(  533): createPendingIntent for request 32
09-14 22:39:50.174 D/ContentCapturePerUserService(  533): Notified activity assist data for activity: Token{85cee99 ActivityRecord{39a655e u0 com.app.uprise.debug/com.app.uprise.MainActivity} t132}} without a session Id
09-14 22:39:50.175 I/GoogleInputMethodService( 1219): GoogleInputMethodService.onStartInputView():1408 onStartInputView(EditorInfo{EditorInfo{packageName=com.app.uprise.debug, inputType=80001, inputTypeString=Normal[NoSuggestion], enableLearning=true, autoCorrection=true, autoComplete=true, imeOptions=8000006, privateImeOptions=null, actionName=DONE, actionLabel=null, initialSelStart=0, initialSelEnd=0, initialCapsMode=0, label=null, fieldId=155, fieldName=null, extras=null, hintText=non-empty, hintLocales=[]}}, false)
09-14 22:39:50.177 W/ModuleManager( 1219): ModuleManager.loadModule():567 Module nfr is not available
09-14 22:39:50.177 I/KeyboardHeightUtil( 1219): KeyboardHeightUtil.getOemKeyboardHeightRatio():108 systemKeyboardHeightRatio:1.000000.
09-14 22:39:50.184 I/AndroidIME( 1219): InputBundleManager.loadActiveInputBundleId():528 loadActiveInputBundleId: en-US, ime_english_united_states
09-14 22:39:50.188 I/AndroidIME( 1219): AbstractIme.onActivate():96 LatinIme.onActivate() : EditorInfo = EditorInfo{packageName=com.app.uprise.debug, inputType=80001, inputTypeString=Normal[NoSuggestion], enableLearning=true, autoCorrection=true, autoComplete=true, imeOptions=8000006, privateImeOptions=null, actionName=DONE, actionLabel=null, initialSelStart=0, initialSelEnd=0, initialCapsMode=0, label=null, fieldId=155, fieldName=null, extras=null, hintText=non-empty, hintLocales=[]}, IncognitoMode = false, DeviceLocked = false
09-14 22:39:50.205 I/InputBundle( 1219): InputBundle.consumeEvent():1005 Skip consuming an event as keyboard status is 0
09-14 22:39:50.214 I/Delight5Facilitator( 1219): Delight5Facilitator.initializeForIme():731 initializeForIme() : Locale = [en_US], layout = qwerty
09-14 22:39:50.232 I/LatinIme( 1219): LatinIme.updateEnableInlineSuggestionsOnDecoderSideFlags():1241 inline flag updated to:false
09-14 22:39:50.249 I/LatinIme( 1219): LatinIme.updateEnableInlineSuggestionsOnDecoderSideFlags():1241 inline flag updated to:false
09-14 22:39:50.377 I/InputBundle( 1219): InputBundle.consumeEvent():1005 Skip consuming an event as keyboard status is 0
09-14 22:39:50.377 I/LatinIme( 1219): LatinIme.resetInputContext():2249 resetInputContext(): reason=1, externalEditsInfo=ExternalEditsInfo{action=0, offset=-1, text=null, originalText=null, edits=null}
09-14 22:39:50.377 I/InputBundle( 1219): InputBundle.consumeEvent():1005 Skip consuming an event as keyboard status is 0
09-14 22:39:50.390 I/KeyboardWrapper( 1219): KeyboardWrapper.activateKeyboard():580 activateKeyboard(): type=accessory, status=0, imeDef=mib{stringId=ime_english_united_states, language=en-US, languageTag=en-US, processedConditions={writing_helper_enable_by_word_revert=false, true=true, enable_number_row=false, device=phone, enable_pk_simulator=false}, className=com.google.android.apps.inputmethod.libs.latin5.LatinIme, label=0, keyEventInterpreter=null, inlineComposing=true, autoCapital=true, announceAutoSelectedCandidate=true, statusIcon=0, indicatorIcon=0, indicatorLabel=US, displayAppCompletions=true, extraValues=mhu{#0x7f0b02c9=TypedValue{t=0x3/d=0x0 "com.google.android.apps.inputmethod.libs.latin5.LatinIme"}}, processors=mjs@513e038, unacceptableMetaKeys=4098, languageSpecificSettings=0, asciiCapable=true, alwaysShowSuggestions=false, useAsciiPasswordKeyboard=false, keyboardGroupDef=mjb@2383a62, phenotypeFlagId=0, localizationLanguageTag=null, supportsInlineSuggestion=true}
09-14 22:39:50.391 I/KeyboardManager( 1219): KeyboardManager.requestKeyboard():248 Creating keyboard accessory, imeId=ime_english_united_states, cacheKey=theme,!gsf,!pgsans,!pgsf,!use_system_font,BORDER,FLAVOR_DPI=XXHDPI,GOOGLE_ICONS,IS_LIGHT,KEYBOARD_WIDTH_CATEGORY=NORMAL,KEY_BORDER_SHAPE=1,LIGHT_THEME=true,PHYSICAL_DIAGONAL=5.9809904,POPUP,SCREEN_SHORTEST_WIDTH=411,SCREEN_SHORTEST_WIDTH_NO_SCALE=411,SW400DP,XXHDPI,bottom4dp,enable_google_fonts_icons=true,enable_popup_on_keypress=true,keyboard_redesign_google_sans=true,noshadow,overlay_builtin_dynamic_color_light_base.binarypb:gm3-light-fff6faff-ff00668b-56f817bf6f42ccf90a80ef5515de5bdc,silkpopup
09-14 22:39:50.392 I/KeyboardWrapper( 1219): KeyboardWrapper.onKeyboardReady():223 onKeyboardReady(): type=accessory(accessory), kb=com.google.android.libraries.inputmethod.keyboard.impl.Keyboard@29f35a3
09-14 22:39:50.393 I/KeyboardWrapper( 1219): KeyboardWrapper.doActivateKeyboard():610 doActivateKeyboard(): accessory
09-14 22:39:50.393 W/Keyboard( 1219): Keyboard.getKeyboardViewHelper():591 null helper is returned: keyboardDef=miv{processedConditions={}, globalConditions={}, className=com.google.android.libraries.inputmethod.keyboard.impl.Keyboard, resourceIds=[#0x7f17004d], initialStates=0, keyboardViewDefs=[], persistentStates=0, persistentStatesPrefKey=null, popupBubbleLayoutId=0, recentKeyLayoutId=0, recentKeyPopupLayoutId=0, recentKeyType=null, rememberRecentKey=NONE, sessionStates=0}, type=HEADER, helpersCreated=[null, null, null, null], context.getResources().getConfiguration(): {1.0 310mcc260mnc [en_US] ldltr sw411dp w411dp h840dp 420dpi nrml long port finger qwerty/v/v dpad/v winConfig={ mBounds=Rect(0, 0 - 1080, 2400) mAppBounds=Rect(0, 132 - 1080, 2337) mMaxBounds=Rect(0, 0 - 1080, 2400) mDisplayRotation=ROTATION_0 mWindowingMode=fullscreen mDisplayWindowingMode=fullscreen mActivityType=undefined mAlwaysOnTop=undefined mRotation=ROTATION_0} as.3 s.72 fontWeightAdjustment=0}
09-14 22:39:50.394 W/Keyboard( 1219): Keyboard.getKeyboardViewHelper():591 null helper is returned: keyboardDef=miv{processedConditions={}, globalConditions={}, className=com.google.android.libraries.inputmethod.keyboard.impl.Keyboard, resourceIds=[#0x7f17004d], initialStates=0, keyboardViewDefs=[], persistentStates=0, persistentStatesPrefKey=null, popupBubbleLayoutId=0, recentKeyLayoutId=0, recentKeyPopupLayoutId=0, recentKeyType=null, rememberRecentKey=NONE, sessionStates=0}, type=BODY, helpersCreated=[null, null, null, null], context.getResources().getConfiguration(): {1.0 310mcc260mnc [en_US] ldltr sw411dp w411dp h840dp 420dpi nrml long port finger qwerty/v/v dpad/v winConfig={ mBounds=Rect(0, 0 - 1080, 2400) mAppBounds=Rect(0, 132 - 1080, 2337) mMaxBounds=Rect(0, 0 - 1080, 2400) mDisplayRotation=ROTATION_0 mWindowingMode=fullscreen mDisplayWindowingMode=fullscreen mActivityType=undefined mAlwaysOnTop=undefined mRotation=ROTATION_0} as.3 s.72 fontWeightAdjustment=0}
09-14 22:39:50.395 I/GlobeKeyExtension( 1219): GlobeKeyExtension.getKeyboardInitialStates():175 
09-14 22:39:50.405 W/Keyboard( 1219): Keyboard.getKeyboardViewHelper():591 null helper is returned: keyboardDef=miv{processedConditions={}, globalConditions={}, className=com.google.android.libraries.inputmethod.keyboard.impl.Keyboard, resourceIds=[#0x7f17004d], initialStates=0, keyboardViewDefs=[], persistentStates=0, persistentStatesPrefKey=null, popupBubbleLayoutId=0, recentKeyLayoutId=0, recentKeyPopupLayoutId=0, recentKeyType=null, rememberRecentKey=NONE, sessionStates=0}, type=HEADER, helpersCreated=[null, null, null, null], context.getResources().getConfiguration(): {1.0 310mcc260mnc [en_US] ldltr sw411dp w411dp h840dp 420dpi nrml long port finger qwerty/v/v dpad/v winConfig={ mBounds=Rect(0, 0 - 1080, 2400) mAppBounds=Rect(0, 132 - 1080, 2337) mMaxBounds=Rect(0, 0 - 1080, 2400) mDisplayRotation=ROTATION_0 mWindowingMode=fullscreen mDisplayWindowingMode=fullscreen mActivityType=undefined mAlwaysOnTop=undefined mRotation=ROTATION_0} as.3 s.72 fontWeightAdjustment=0}
09-14 22:39:50.405 W/Keyboard( 1219): Keyboard.getKeyboardViewHelper():591 null helper is returned: keyboardDef=miv{processedConditions={}, globalConditions={}, className=com.google.android.libraries.inputmethod.keyboard.impl.Keyboard, resourceIds=[#0x7f17004d], initialStates=0, keyboardViewDefs=[], persistentStates=0, persistentStatesPrefKey=null, popupBubbleLayoutId=0, recentKeyLayoutId=0, recentKeyPopupLayoutId=0, recentKeyType=null, rememberRecentKey=NONE, sessionStates=0}, type=BODY, helpersCreated=[null, null, null, null], context.getResources().getConfiguration(): {1.0 310mcc260mnc [en_US] ldltr sw411dp w411dp h840dp 420dpi nrml long port finger qwerty/v/v dpad/v winConfig={ mBounds=Rect(0, 0 - 1080, 2400) mAppBounds=Rect(0, 132 - 1080, 2337) mMaxBounds=Rect(0, 0 - 1080, 2400) mDisplayRotation=ROTATION_0 mWindowingMode=fullscreen mDisplayWindowingMode=fullscreen mActivityType=undefined mAlwaysOnTop=undefined mRotation=ROTATION_0} as.3 s.72 fontWeightAdjustment=0}
09-14 22:39:50.405 W/Keyboard( 1219): Keyboard.getKeyboardViewHelper():591 null helper is returned: keyboardDef=miv{processedConditions={}, globalConditions={}, className=com.google.android.libraries.inputmethod.keyboard.impl.Keyboard, resourceIds=[#0x7f17004d], initialStates=0, keyboardViewDefs=[], persistentStates=0, persistentStatesPrefKey=null, popupBubbleLayoutId=0, recentKeyLayoutId=0, recentKeyPopupLayoutId=0, recentKeyType=null, rememberRecentKey=NONE, sessionStates=0}, type=FLOATING_CANDIDATES, helpersCreated=[null, null, null, null], context.getResources().getConfiguration(): {1.0 310mcc260mnc [en_US] ldltr sw411dp w411dp h840dp 420dpi nrml long port finger qwerty/v/v dpad/v winConfig={ mBounds=Rect(0, 0 - 1080, 2400) mAppBounds=Rect(0, 132 - 1080, 2337) mMaxBounds=Rect(0, 0 - 1080, 2400) mDisplayRotation=ROTATION_0 mWindowingMode=fullscreen mDisplayWindowingMode=fullscreen mActivityType=undefined mAlwaysOnTop=undefined mRotation=ROTATION_0} as.3 s.72 fontWeightAdjustment=0}
09-14 22:39:50.405 W/Keyboard( 1219): Keyboard.getKeyboardViewHelper():591 null helper is returned: keyboardDef=miv{processedConditions={}, globalConditions={}, className=com.google.android.libraries.inputmethod.keyboard.impl.Keyboard, resourceIds=[#0x7f17004d], initialStates=0, keyboardViewDefs=[], persistentStates=0, persistentStatesPrefKey=null, popupBubbleLayoutId=0, recentKeyLayoutId=0, recentKeyPopupLayoutId=0, recentKeyType=null, rememberRecentKey=NONE, sessionStates=0}, type=WIDGET, helpersCreated=[null, null, null, null], context.getResources().getConfiguration(): {1.0 310mcc260mnc [en_US] ldltr sw411dp w411dp h840dp 420dpi nrml long port finger qwerty/v/v dpad/v winConfig={ mBounds=Rect(0, 0 - 1080, 2400) mAppBounds=Rect(0, 132 - 1080, 2337) mMaxBounds=Rect(0, 0 - 1080, 2400) mDisplayRotation=ROTATION_0 mWindowingMode=fullscreen mDisplayWindowingMode=fullscreen mActivityType=undefined mAlwaysOnTop=undefined mRotation=ROTATION_0} as.3 s.72 fontWeightAdjustment=0}
09-14 22:39:50.406 I/KeyboardManager( 1219): KeyboardManager.requestKeyboard():248 Creating keyboard accessory_candidates_consumer, imeId=ime_english_united_states, cacheKey=theme,!gsf,!pgsans,!pgsf,!use_system_font,BORDER,FLAVOR_DPI=XXHDPI,GOOGLE_ICONS,IS_LIGHT,KEYBOARD_WIDTH_CATEGORY=NORMAL,KEY_BORDER_SHAPE=1,LIGHT_THEME=true,PHYSICAL_DIAGONAL=5.9809904,POPUP,SCREEN_SHORTEST_WIDTH=411,SCREEN_SHORTEST_WIDTH_NO_SCALE=411,SW400DP,XXHDPI,bottom4dp,enable_google_fonts_icons=true,enable_popup_on_keypress=true,keyboard_redesign_google_sans=true,noshadow,overlay_builtin_dynamic_color_light_base.binarypb:gm3-light-fff6faff-ff00668b-56f817bf6f42ccf90a80ef5515de5bdc,silkpopup
09-14 22:39:50.418 I/GlobeKeyExtension( 1219): GlobeKeyExtension.getKeyboardInitialStates():175 
09-14 22:39:50.418 W/Keyboard( 1219): Keyboard.getKeyboardViewHelper():591 null helper is returned: keyboardDef=miv{processedConditions={}, globalConditions={global_theme_key=theme,!gsf,!pgsans,!pgsf,!use_system_font,BORDER,FLAVOR_DPI=XXHDPI,GOOGLE_ICONS,IS_LIGHT,KEYBOARD_WIDTH_CATEGORY=NORMAL,KEY_BORDER_SHAPE=1,LIGHT_THEME=true,PHYSICAL_DIAGONAL=5.9809904,POPUP,SCREEN_SHORTEST_WIDTH=411,SCREEN_SHORTEST_WIDTH_NO_SCALE=411,SW400DP,XXHDPI,bottom4dp,enable_google_fonts_icons=true,enable_popup_on_keypress=true,keyboard_redesign_google_sans=true,noshadow,overlay_builtin_dynamic_color_light_base.binarypb:gm3-light-fff6faff-ff00668b-56f817bf6f42ccf90a80ef5515de5bdc,silkpopup, global_locale=en_US, global_density_dpi=420, global_orientation=1}, className=.latin.keyboard.AccessoryKeyboard, resourceIds=[#0x7f17004c], initialStates=0, keyboardViewDefs=[mjj{direction=null, id=#0x7f0b020d, isScalable=false, layoutId=#0x7f0e0032, type=FLOATING_CANDIDATES, touchable=true, defaultShow=false}], persistentStates=0, persistentStatesPrefKey=null, popupBubbleLayoutId=#0x7f0e05ed, recentKeyLayoutId=0, recentKeyPopupLayoutId=0, recentKeyType=null, rememberRecentKey=NONE, sessionStates=0}, type=HEADER, helpersCreated=[null, null, lvj@86dd0f9, null], context.getResources().getConfiguration(): {1.0 310mcc260mnc [en_US] ldltr sw411dp w411dp h840dp 420dpi nrml long port finger qwerty/v/v dpad/v winConfig={ mBounds=Rect(0, 0 - 1080, 2400) mAppBounds=Rect(0, 132 - 1080, 2337) mMaxBounds=Rect(0, 0 - 1080, 2400) mDisplayRotation=ROTATION_0 mWindowingMode=fullscreen mDisplayWindowingMode=fullscreen mActivityType=undefined mAlwaysOnTop=undefined mRotation=ROTATION_0} as.3 s.72 fontWeightAdjustment=0}
09-14 22:39:50.419 W/Keyboard( 1219): Keyboard.getKeyboardViewHelper():591 null helper is returned: keyboardDef=miv{processedConditions={}, globalConditions={global_theme_key=theme,!gsf,!pgsans,!pgsf,!use_system_font,BORDER,FLAVOR_DPI=XXHDPI,GOOGLE_ICONS,IS_LIGHT,KEYBOARD_WIDTH_CATEGORY=NORMAL,KEY_BORDER_SHAPE=1,LIGHT_THEME=true,PHYSICAL_DIAGONAL=5.9809904,POPUP,SCREEN_SHORTEST_WIDTH=411,SCREEN_SHORTEST_WIDTH_NO_SCALE=411,SW400DP,XXHDPI,bottom4dp,enable_google_fonts_icons=true,enable_popup_on_keypress=true,keyboard_redesign_google_sans=true,noshadow,overlay_builtin_dynamic_color_light_base.binarypb:gm3-light-fff6faff-ff00668b-56f817bf6f42ccf90a80ef5515de5bdc,silkpopup, global_locale=en_US, global_density_dpi=420, global_orientation=1}, className=.latin.keyboard.AccessoryKeyboard, resourceIds=[#0x7f17004c], initialStates=0, keyboardViewDefs=[mjj{direction=null, id=#0x7f0b020d, isScalable=false, layoutId=#0x7f0e0032, type=FLOATING_CANDIDATES, touchable=true, defaultShow=false}], persistentStates=0, persistentStatesPrefKey=null, popupBubbleLayoutId=#0x7f0e05ed, recentKeyLayoutId=0, recentKeyPopupLayoutId=0, recentKeyType=null, rememberRecentKey=NONE, sessionStates=0}, type=BODY, helpersCreated=[null, null, lvj@86dd0f9, null], context.getResources().getConfiguration(): {1.0 310mcc260mnc [en_US] ldltr sw411dp w411dp h840dp 420dpi nrml long port finger qwerty/v/v dpad/v winConfig={ mBounds=Rect(0, 0 - 1080, 2400) mAppBounds=Rect(0, 132 - 1080, 2337) mMaxBounds=Rect(0, 0 - 1080, 2400) mDisplayRotation=ROTATION_0 mWindowingMode=fullscreen mDisplayWindowingMode=fullscreen mActivityType=undefined mAlwaysOnTop=undefined mRotation=ROTATION_0} as.3 s.72 fontWeightAdjustment=0}
09-14 22:39:50.436 I/AndroidIME( 1219): InputBundleManager.startInput():358 startInput() with mjf[keyboardType=accessory, payload=null]
09-14 22:39:50.437 I/GlobeKeyExtension( 1219): GlobeKeyExtension.onActivate():120 
09-14 22:39:50.450 W/AutoPasteSuggestionHelper( 1219): AutoPasteSuggestionHelper.setMaxWidthOfChipTextView():1066 Failed to get the width of the proactive suggestion view holder in HEADER.
09-14 22:39:50.450 I/Delight5Decoder( 1219): Delight5DecoderWrapper.setKeyboardLayout():537 setKeyboardLayout()
09-14 22:39:50.452 W/AutoPasteSuggestionHelper( 1219): AutoPasteSuggestionHelper.setMaxWidthOfChipTextView():1066 Failed to get the width of the proactive suggestion view holder in HEADER.
09-14 22:39:50.455 W/AutoPasteSuggestionHelper( 1219): AutoPasteSuggestionHelper.setMaxWidthOfChipTextView():1066 Failed to get the width of the proactive suggestion view holder in WIDGET.
09-14 22:39:50.455 I/ProactiveSuggestionsHolderManager( 1219): ProactiveSuggestionsHolderManager$2.display():216 Requesting to show proactive suggestions: CLIPBOARD PREEMPTIVE_WITH_SUPPRESSION in HEADER
09-14 22:39:50.455 I/ProactiveSuggestionsHolderManager( 1219): ProactiveSuggestionsHolderManager$2.display():228 suggestions CLIPBOARD are pending to show on HEADER
09-14 22:39:50.455 I/ProactiveSuggestionsHolderManager( 1219): ProactiveSuggestionsHolderManager$2.display():216 Requesting to show proactive suggestions: CLIPBOARD PREEMPTIVE_WITH_SUPPRESSION in FLOATING_CANDIDATES
09-14 22:39:50.455 I/ProactiveSuggestionsHolderManager( 1219): ProactiveSuggestionsHolderManager$2.display():228 suggestions CLIPBOARD are pending to show on FLOATING_CANDIDATES
09-14 22:39:50.456 I/ProactiveSuggestionsHolderManager( 1219): ProactiveSuggestionsHolderManager$2.display():216 Requesting to show proactive suggestions: CLIPBOARD PREEMPTIVE_WITH_SUPPRESSION in WIDGET
09-14 22:39:50.456 I/ProactiveSuggestionsHolderManager( 1219): ProactiveSuggestionsHolderManager$2.display():228 suggestions CLIPBOARD are pending to show on WIDGET
09-14 22:39:50.469 I/HardKeyTracker( 1219): HardKeyTracker.unregisterKeySequence():221 Unregister key sequence ndp{labelResId=2132020457, callback=cgn@f1b23c1, lastModifier=2, keyCodes=[56], actions=[0]}
09-14 22:39:50.471 I/HardKeyTracker( 1219): HardKeyTracker.registerKeySequence():170 Register key sequence ndp{labelResId=2132020457, callback=cgn@6c11a65, lastModifier=2, keyCodes=[56], actions=[0]}
09-14 22:39:50.478 I/VoiceInputManagerWrapper( 1219): VoiceInputManagerWrapper.cancelShutdown():109 cancelShutdown()
09-14 22:39:50.481 I/VoiceInputManagerWrapper( 1219): VoiceInputManagerWrapper.syncLanguagePacks():121 syncLanguagePacks()
09-14 22:39:50.488 I/VoiceInputManager( 1219): VoiceInputManager.onKeyboardActivated():1120 onKeyboardActivated() [UD]
09-14 22:39:50.488 I/SpeechFactory( 1219): SpeechRecognitionFactory.maybeScheduleAutoPackDownloadForFallback():217 maybeScheduleAutoPackDownloadForFallback()
09-14 22:39:50.488 I/FallbackOnDeviceRecognitionProvider( 1219): FallbackOnDeviceRecognitionProvider.maybeScheduleAutoPackDownload():200 maybeScheduleAutoPackDownload() for language tag en-US
09-14 22:39:50.489 I/PkModeUpdater( 1219): PkModeUpdater.onActivate():74 onActivate true true
09-14 22:39:50.489 I/AccessoryInputModeManager( 1219): AccessoryInputModeManager.onModeStarted():317 Accessory input mode started: PK
09-14 22:39:50.490 W/ExtensionWrapper( 1219): ExtensionWrapper.setAllowUpdateNavigationBarStyle():818 class jpb is not activate
09-14 22:39:50.491 I/WidgetViewShowingController( 1219): WidgetViewShowingController.showWidgetKeyboardInternal():527 Show companion widget
09-14 22:39:50.522 W/ExtensionWrapper( 1219): ExtensionWrapper.setAllowUpdateNavigationBarStyle():818 class jpb is not activate
09-14 22:39:50.523 I/WidgetViewShowingPositionHandler( 1219): WidgetViewShowingPositionHandler.updateAvailableArea():194 update available area Rect(21, 153 - 1059, 2270)
09-14 22:39:50.526 W/NotificationCenter( 1219): NotificationCenter$NotificationQueue.notifyPendingNotificationsOnExecutor():877 Heavy notify work detected on UI thread: [jqv->joy] takes 37ms
09-14 22:39:50.526 I/HardKeyTracker( 1219): HardKeyTracker.registerKeySequence():170 Register key sequence ndp{labelResId=2132020465, callback=gbl@f1f5a69, lastModifier=2, keyCodes=[62], actions=[0]}
09-14 22:39:50.528 I/KeyboardModeUtils( 1219): KeyboardModeUtils.getKeyboardBottomOffset():435 inch: 0.000000 ydpi: 420.000000 adjustKeyboardBottomByDisplaySize: false currentDensityDpi: 420 defaultDensityDpi: 420 keyboardBottomToScreenPx: 0 keyboardBottomToNavBarPx: -126 navBarHeight: 126
09-14 22:39:50.528 I/KeyboardHeightUtil( 1219): KeyboardHeightUtil.calculateMaxKeyboardBodyHeight():50 leave 281 height for app when ime window height:2142, header height:116 and isFullscreenMode:false, so the max keyboard body height is:1745
09-14 22:39:50.529 I/KeyboardHeightUtil( 1219): KeyboardHeightUtil.calculateMaxKeyboardBodyHeight():50 leave 281 height for app when ime window height:2142, header height:116 and isFullscreenMode:false, so the max keyboard body height is:1745
09-14 22:39:50.529 I/KeyboardHeightUtil( 1219): KeyboardHeightUtil.calculateMaxKeyboardBodyHeight():50 leave 281 height for app when ime window height:2142, header height:116 and isFullscreenMode:false, so the max keyboard body height is:1745
09-14 22:39:50.529 I/KeyboardHeightUtil( 1219): KeyboardHeightUtil.calculateMaxKeyboardBodyHeight():50 leave 281 height for app when ime window height:2142, header height:116 and isFullscreenMode:false, so the max keyboard body height is:1745
09-14 22:39:50.529 W/ExtensionWrapper( 1219): ExtensionWrapper.setExtensionViewVisibility():809 interface lyo is not activate
09-14 22:39:50.531 I/Module  ( 1219): DeviceLockedStatusModuleProvider$Module.updateDeviceLockedStatus():100 repeatCheckTimes = 1, locked = false
09-14 22:39:50.532 I/HardKeyTracker( 1219): HardKeyTracker.unregisterKeySequence():221 Unregister key sequence ndp{labelResId=2132020461, callback=cgn@5937f31, lastModifier=2, keyCodes=[48], actions=[0]}
09-14 22:39:50.533 I/HardKeyTracker( 1219): HardKeyTracker.registerKeySequence():170 Register key sequence ndp{labelResId=2132020461, callback=cgn@f573208, lastModifier=2, keyCodes=[48], actions=[0]}
09-14 22:39:50.534 I/HardKeyTracker( 1219): HardKeyTracker.unregisterKeySequence():221 Unregister key sequence ndp{labelResId=2132020457, callback=cgn@666ada2, lastModifier=2, keyCodes=[56], actions=[0]}
09-14 22:39:50.534 I/HardKeyTracker( 1219): HardKeyTracker.registerKeySequence():170 Register key sequence ndp{labelResId=2132020457, callback=cgn@a8bc2dd, lastModifier=2, keyCodes=[56], actions=[0]}
09-14 22:39:50.535 I/HardKeyTracker( 1219): HardKeyTracker.unregisterKeySequence():221 Unregister key sequence ndp{labelResId=2132020461, callback=cgn@dd9868f, lastModifier=2, keyCodes=[48], actions=[0]}
09-14 22:39:50.535 I/HardKeyTracker( 1219): HardKeyTracker.registerKeySequence():170 Register key sequence ndp{labelResId=2132020461, callback=cgn@bc32d9e, lastModifier=2, keyCodes=[48], actions=[0]}
09-14 22:39:50.536 I/VoiceImeExtension( 1219): VoiceImeExtension.shouldStartVoiceInputAutomaticallyInCurrentInputBox():387 No private IME option set to start voice input.
09-14 22:39:50.537 I/HardKeyTracker( 1219): HardKeyTracker.unregisterKeySequence():221 Unregister key sequence ndp{labelResId=2132020462, callback=cgn@d46df08, lastModifier=2, keyCodes=[32], actions=[0]}
09-14 22:39:50.537 I/HardKeyTracker( 1219): HardKeyTracker.registerKeySequence():170 Register key sequence ndp{labelResId=2132020462, callback=cgn@a5ee59b, lastModifier=2, keyCodes=[32], actions=[0]}
09-14 22:39:50.537 I/HardKeyTracker( 1219): HardKeyTracker.unregisterKeySequence():221 Unregister key sequence ndp{labelResId=2132020462, callback=cgn@24ffbdd, lastModifier=2, keyCodes=[32], actions=[0]}
09-14 22:39:50.537 I/HardKeyTracker( 1219): HardKeyTracker.registerKeySequence():170 Register key sequence ndp{labelResId=2132020462, callback=cgn@655e4e4, lastModifier=2, keyCodes=[32], actions=[0]}
09-14 22:39:50.537 I/HardKeyTracker( 1219): HardKeyTracker.unregisterKeySequence():221 Unregister key sequence ndp{labelResId=2132020462, callback=cgn@e8cc29e, lastModifier=2, keyCodes=[32], actions=[0]}
09-14 22:39:50.537 I/HardKeyTracker( 1219): HardKeyTracker.registerKeySequence():170 Register key sequence ndp{labelResId=2132020462, callback=cgn@7e64149, lastModifier=2, keyCodes=[32], actions=[0]}
09-14 22:39:50.543 D/BoundBrokerSvc( 1318): onBind: Intent { act=com.google.firebase.dynamiclinks.service.START pkg=com.google.android.gms }
09-14 22:39:50.544 I/DeviceIntelligenceExtension( 1219): DeviceIntelligenceExtension.getInlineSuggestionsRequest():257 Inline suggestions disabled in stylus mode or vertical PK/Voice toolbar
09-14 22:39:50.544 D/CoreBackPreview(  533): Window{98be6e9 u0 com.app.uprise.debug/com.app.uprise.MainActivity}: Setting back callback OnBackInvokedCallbackInfo{mCallback=android.window.IOnBackInvokedCallback$Stub$Proxy@f36b5a1, mPriority=0}
09-14 22:39:50.548 D/BoundBrokerSvc( 1318): Loading bound service for intent: Intent { act=com.google.firebase.dynamiclinks.service.START pkg=com.google.android.gms }
09-14 22:39:50.555 I/WindowMetricsNotification( 1219): WindowMetricsNotification.notifyWithWindow():166 
09-14 22:39:50.555 I/WindowMetricsNotification( 1219): WindowMetricsNotification.notify():159 pct[bounds=Rect(0, 132 - 1080, 2400), insets=Rect(0, 0 - 0, 126), densityDpi=420, smallestScreenWidthDp=411, displayWidth=1080, displayHeight=2400, xdpi=420.0, ydpi=420.0, isTrustable=true, displayId=0]; DisplayMetrics{density=2.625, width=1080, height=2400, scaledDensity=2.625, xdpi=420.0, ydpi=420.0}
09-14 22:39:50.596 E/OpenGLRenderer( 1219): Unable to match the desired swap behavior.
