--------- beginning of system
09-14 22:39:00.396 I/ActivityManager(  533): Force stopping com.app.uprise.debug appid=10200 user=0: from pid 16314
09-14 22:39:00.400 I/ActivityManager(  533): Killing 15572:com.app.uprise.debug/u0a200 (adj 0): stop com.app.uprise.debug due to from pid 16314
09-14 22:39:00.405 W/ActivityTaskManager(  533): Force removing ActivityRecord{4d878c2 u0 com.app.uprise.debug/com.app.uprise.MainActivity} t131 f}}: app died, no saved state
--------- beginning of main
09-14 22:39:00.409 I/libprocessgroup(  533): Successfully killed process cgroup uid 10200 pid 15572 in 0ms
09-14 22:39:00.455 W/InputManager-JNI(  533): Input channel object '19bc4c0 com.app.uprise.debug/com.app.uprise.MainActivity (client)' was disposed without first being removed with the input manager!
09-14 22:39:00.476 I/adbd    (  429): Remote process closed the socket (on MSG_PEEK)
09-14 22:39:00.488 D/AutofillSession(  533): handling death of Token{ceb610d ActivityRecord{4d878c2 u0 com.app.uprise.debug/com.app.uprise.MainActivity} t-1 f}}} when saving=false
09-14 22:39:00.488 D/ConnectivityService(  533): releasing NetworkRequest [ REQUEST id=452, [ Capabilities: INTERNET&NOT_RESTRICTED&TRUSTED&NOT_VCN_MANAGED Uid: 10200 RequestorUid: 10200 RequestorPkg: com.app.uprise.debug UnderlyingNetworks: Null] ] (release request)
09-14 22:39:00.498 I/GoogleInputMethodService( 1219): GoogleInputMethodService.onFinishInputView():1540 onFinishInputView(false)
09-14 22:39:00.499 I/GlobeKeyExtension( 1219): GlobeKeyExtension.onDeactivate():144 
09-14 22:39:00.502 I/VoiceInputManagerWrapper( 1219): VoiceInputManagerWrapper.shutdown():131 shutdown()
09-14 22:39:00.502 I/HardKeyTracker( 1219): HardKeyTracker.unregisterKeySequence():221 Unregister key sequence ndp{labelResId=2132020465, callback=gbl@ab1e7fe, lastModifier=2, keyCodes=[62], actions=[0]}
09-14 22:39:00.505 W/ExtensionWrapper( 1219): ExtensionWrapper.setAllowUpdateNavigationBarStyle():818 class jpb is not activate
09-14 22:39:00.505 I/Zygote  (  301): Process 15572 exited due to signal 9 (Killed)
09-14 22:39:00.515 W/ExtensionWrapper( 1219): ExtensionWrapper.setAllowUpdateNavigationBarStyle():818 class jpb is not activate
09-14 22:39:00.530 W/RemoteInputConnection( 1219): requestCursorUpdates() was failed with an exception=android.os.DeadObjectException
09-14 22:39:00.532 W/TooltipLifecycleManager( 1219): TooltipLifecycleManager.dismissTooltips():153 Tooltip with id spell_check_add_to_dictionary not found in tooltipManager.
09-14 22:39:00.534 I/AndroidIME( 1219): AbstractIme.onDeactivate():216 PasswordIme.onDeactivate()
09-14 22:39:00.539 V/WindowManager(  533): Unknown focus tokens, dropping reportFocusChanged
09-14 22:39:00.546 E/BpTransactionCompletedListener(  349): Failed to transact (-32)
09-14 22:39:00.579 V/ActivityManager(  533): Got obituary of 15572:com.app.uprise.debug
09-14 22:39:00.621 E/OpenGLRenderer( 1654): Unable to match the desired swap behavior.
09-14 22:39:00.624 D/CarrierSvcBindHelper(  920): onHandleForceStop: [com.app.uprise.debug]
09-14 22:39:00.625 D/EGL_emulation( 1219): app_time_stats: avg=48459.38ms min=8.95ms max=339092.47ms count=7
09-14 22:39:00.626 D/CarrierSvcBindHelper(  920): No carrier app for: 0
09-14 22:39:00.640 W/ActivityManager(  533): setHasOverlayUi called on unknown pid: 15572
09-14 22:39:00.800 E/OpenGLRenderer(  953): Unable to match the desired swap behavior.
09-14 22:39:00.800 I/bmrp    ( 1654): onStart
09-14 22:39:00.818 I/ndroid.systemui(  748): Background concurrent mark compact GC freed 13MB AllocSpace bytes, 0(0B) LOS objects, 49% free, 14MB/28MB, paused 1.034ms,3.022ms total 192.499ms
09-14 22:39:00.908 I/GoogleInputMethodService( 1219): GoogleInputMethodService.onFinishInput():2054 
09-14 22:39:00.909 I/Module  ( 1219): DeviceLockedStatusModuleProvider$Module.updateDeviceLockedStatus():100 repeatCheckTimes = 0, locked = false
09-14 22:39:00.911 I/GoogleInputMethodService( 1219): GoogleInputMethodService.onStartInput():1315 onStartInput(EditorInfo{EditorInfo{packageName=com.google.android.apps.nexuslauncher, inputType=0, inputTypeString=NULL, enableLearning=false, autoCorrection=false, autoComplete=false, imeOptions=0, privateImeOptions=null, actionName=UNSPECIFIED, actionLabel=null, initialSelStart=-1, initialSelEnd=-1, initialCapsMode=0, label=null, fieldId=-1, fieldName=null, extras=null, hintText=null, hintLocales=[]}}, false)
09-14 22:39:00.912 I/HardKeyTracker( 1219): HardKeyTracker.registerKeySequence():170 Register key sequence ndp{labelResId=0, callback=gbl@af6781e, lastModifier=0, keyCodes=[57, 57], actions=[1, 0]}
09-14 22:39:00.913 I/HardKeyTracker( 1219): HardKeyTracker.registerKeySequence():170 Register key sequence ndp{labelResId=0, callback=gbl@e231d15, lastModifier=0, keyCodes=[58, 58], actions=[1, 0]}
09-14 22:39:00.913 W/ContentCaptureService( 1286): handleSendEvents() received empty list of events
09-14 22:39:00.916 I/Module  ( 1219): DeviceLockedStatusModuleProvider$Module.updateDeviceLockedStatus():100 repeatCheckTimes = 1, locked = false
09-14 22:39:00.927 D/QuickstepModelDelegate(  953): notifyAppTargetEvent action=1 launchLocation=
09-14 22:39:01.007 I/AiAiEcho( 1286): Predicting[0]: 
09-14 22:39:01.007 I/AiAiEcho( 1286): Ranked targets strategy: SORT, count: 0, ranking metadata: 
09-14 22:39:01.012 I/AiAiEcho( 1286): #postPredictionTargets: Sending updates to UISurface lockscreen with targets# 0
09-14 22:39:01.012 I/bkjf    ( 1654): (REDACTED) [%s] onStart()
09-14 22:39:01.012 I/AiAiEcho( 1286): #postPredictionTargets: Sending updates to UISurface home with targets# 0
09-14 22:39:01.013 I/AiAiEcho( 1286): #postPredictionTargets: Sending updates to UISurface media_data_manager with targets# 0
09-14 22:39:01.024 I/bklj    ( 1654): Reloading theme data
09-14 22:39:01.038 D/SsMediaDataProvider(  748): Forwarding Smartspace updates []
09-14 22:39:01.041 D/EGL_emulation(  748): app_time_stats: avg=24081.83ms min=13.38ms max=432938.62ms count=18
09-14 22:39:01.053 D/EGL_emulation(  748): app_time_stats: avg=200.58ms min=8.35ms max=948.01ms count=5
09-14 22:39:01.096 D/BoundBrokerSvc( 1318): onBind: Intent { act=com.google.android.gms.inappreach.service.START dat=chimera-action:/... cmp=com.google.android.gms/.chimera.GmsApiService }
09-14 22:39:01.098 D/BoundBrokerSvc( 1318): Loading bound service for intent: Intent { act=com.google.android.gms.inappreach.service.START dat=chimera-action:/... cmp=com.google.android.gms/.chimera.GmsApiService }
09-14 22:39:01.149 I/bmrp    ( 1654): onResume
09-14 22:39:02.048 D/EGL_emulation(  748): app_time_stats: avg=5.22ms min=0.95ms max=26.53ms count=61
09-14 22:39:05.885 D/AndroidRuntime(16325): >>>>>> START com.android.internal.os.RuntimeInit uid 2000 <<<<<<
09-14 22:39:05.925 I/app_process(16325): MMAP_TRYLOCK is not supported in uffd addr:0x719efddfb000 page-size:4096
09-14 22:39:05.927 I/AndroidRuntime(16325): Using default boot image
09-14 22:39:05.927 I/AndroidRuntime(16325): Leaving lock profiling enabled
09-14 22:39:05.937 I/app_process(16325): Using CollectorTypeCMC GC.
09-14 22:39:06.083 D/nativeloader(16325): InitDefaultPublicLibraries for_preload=1: libandroid.so:libaaudio.so:libamidi.so:libbinder_ndk.so:libc.so:libcamera2ndk.so:libdl.so:libEGL.so:libGLESv1_CM.so:libGLESv2.so:libGLESv3.so:libicu.so:libicui18n.so:libicuuc.so:libjnigraphics.so:liblog.so:libmediandk.so:libm.so:libnativehelper.so:libnativewindow.so:libOpenMAXAL.so:libOpenSLES.so:libRS.so:libstdc++.so:libsync.so:libvulkan.so:libwebviewchromium_plat_support.so:libz.so
09-14 22:39:06.123 D/nativeloader(16325): Load libicu_jni.so using APEX ns com_android_art for caller /apex/com.android.art/javalib/core-oj.jar: ok
09-14 22:39:06.123 D/app_process(16325): Time zone APEX ICU file found: /apex/com.android.tzdata/etc/icu/icu_tzdata.dat
09-14 22:39:06.123 D/app_process(16325): I18n APEX ICU file found: /apex/com.android.i18n/etc/icu/icudt70l.dat
09-14 22:39:06.131 D/nativeloader(16325): Load libjavacore.so using APEX ns com_android_art for caller /apex/com.android.art/javalib/core-oj.jar: ok
09-14 22:39:06.139 D/nativeloader(16325): Load libopenjdk.so using APEX ns com_android_art for caller /apex/com.android.art/javalib/core-oj.jar: ok
09-14 22:39:06.143 W/app_process(16325): Unexpected CPU variant for x86: x86_64.
09-14 22:39:06.143 W/app_process(16325): Known variants: atom, sandybridge, silvermont, goldmont, goldmont-plus, goldmont-without-sha-xsaves, tremont, kabylake, alderlake, default
09-14 22:39:06.219 D/nativeloader(16325): Load libframework-connectivity-tiramisu-jni.so using APEX ns com_android_tethering for caller /apex/com.android.tethering/javalib/framework-connectivity-t.jar: ok
09-14 22:39:06.220 D/AndroidRuntime(16325): Calling main entry com.android.commands.monkey.Monkey
09-14 22:39:06.221 W/Monkey  (16325): args: [-p, com.app.uprise.debug, -c, android.intent.category.LAUNCHER, 1]
09-14 22:39:06.222 W/Monkey  (16325):  arg: "-p"
09-14 22:39:06.222 W/Monkey  (16325):  arg: "com.app.uprise.debug"
09-14 22:39:06.223 W/Monkey  (16325):  arg: "-c"
09-14 22:39:06.223 W/Monkey  (16325):  arg: "android.intent.category.LAUNCHER"
09-14 22:39:06.223 W/Monkey  (16325):  arg: "1"
09-14 22:39:06.223 W/Monkey  (16325): data="com.app.uprise.debug"
09-14 22:39:06.223 W/Monkey  (16325): data="android.intent.category.LAUNCHER"
09-14 22:39:06.266 W/BroadcastQueue(  533): Skipping deliver [background] BroadcastRecord{d97959d u-1 android.net.conn.CONNECTIVITY_CHANGE} to ReceiverList{d8eba12 16325 (unknown name)/2000/u-1 remote:5ffcc47}: process gone or crashing
09-14 22:39:06.287 D/CompatibilityChangeReporter(  533): Compat change id reported: 161252188; UID 10200; state: DISABLED
09-14 22:39:06.290 I/ActivityTaskManager(  533): START u0 {act=android.intent.action.MAIN cat=[android.intent.category.LAUNCHER] flg=0x10200000 cmp=com.app.uprise.debug/com.app.uprise.MainActivity} from uid 2000
09-14 22:39:06.302 D/CompatibilityChangeReporter(  533): Compat change id reported: 265464455; UID 10200; state: DISABLED
09-14 22:39:06.302 D/CompatibilityChangeReporter(  533): Compat change id reported: 265452344; UID 10200; state: DISABLED
09-14 22:39:06.302 D/CompatibilityChangeReporter(  533): Compat change id reported: 266124927; UID 10200; state: DISABLED
09-14 22:39:06.302 D/CompatibilityChangeReporter(  533): Compat change id reported: 265451093; UID 10200; state: DISABLED
09-14 22:39:06.302 D/CompatibilityChangeReporter(  533): Compat change id reported: 265456536; UID 10200; state: DISABLED
09-14 22:39:06.303 D/CompatibilityChangeReporter(  533): Compat change id reported: 255940284; UID 10200; state: DISABLED
09-14 22:39:06.303 D/CompatibilityChangeReporter(  533): Compat change id reported: 236283604; UID 10200; state: DISABLED
09-14 22:39:06.303 D/CompatibilityChangeReporter(  533): Compat change id reported: 263959004; UID 10200; state: DISABLED
09-14 22:39:06.303 D/CompatibilityChangeReporter(  533): Compat change id reported: 264304459; UID 10200; state: DISABLED
09-14 22:39:06.304 D/CompatibilityChangeReporter(  533): Compat change id reported: 264301586; UID 10200; state: DISABLED
09-14 22:39:06.304 D/CompatibilityChangeReporter(  533): Compat change id reported: 254631730; UID 10200; state: DISABLED
09-14 22:39:06.304 D/CompatibilityChangeReporter(  533): Compat change id reported: 273509367; UID 10200; state: DISABLED
09-14 22:39:06.305 D/CompatibilityChangeReporter(  533): Compat change id reported: 263259275; UID 10200; state: DISABLED
09-14 22:39:06.308 D/CompatibilityChangeReporter(  533): Compat change id reported: 194480991; UID 10200; state: ENABLED
09-14 22:39:06.313 D/CompatibilityChangeReporter(  533): Compat change id reported: 174042980; UID 10200; state: DISABLED
09-14 22:39:06.315 D/CompatibilityChangeReporter(  533): Compat change id reported: 184838306; UID 10200; state: DISABLED
09-14 22:39:06.316 D/CompatibilityChangeReporter(  533): Compat change id reported: 185004937; UID 10200; state: DISABLED
09-14 22:39:06.318 D/CompatibilityChangeReporter(  533): Compat change id reported: 205907456; UID 10200; state: ENABLED
09-14 22:39:06.324 D/CompatibilityChangeReporter(  533): Compat change id reported: 194833441; UID 10200; state: ENABLED
09-14 22:39:06.329 I/Monkey  (16325): Events injected: 1
09-14 22:39:06.348 D/CompatibilityChangeReporter(  533): Compat change id reported: 135634846; UID 10200; state: DISABLED
09-14 22:39:06.356 D/CompatibilityChangeReporter(  533): Compat change id reported: 143937733; UID 10200; state: ENABLED
09-14 22:39:06.365 I/Monkey  (16325): ## Network stats: elapsed time=57ms (0ms mobile, 0ms wifi, 57ms not connected)
09-14 22:39:06.369 I/app_process(16325): System.exit called, status: 0
09-14 22:39:06.369 I/AndroidRuntime(16325): VM exiting with result code 0.
09-14 22:39:06.373 W/AutofillManagerServiceImpl(  533): getFillEventHistory() called by UID 10107, but service UID is 10120
09-14 22:39:06.379 W/Parcel  (  748): Expecting binder but got null!
09-14 22:39:06.381 D/Zygote  (  301): Forked child process 16337
09-14 22:39:06.382 W/ActivityManager(  533): Slow operation: 56ms so far, now at startProcess: returned from zygote!
09-14 22:39:06.383 W/ActivityManager(  533): Slow operation: 56ms so far, now at startProcess: done updating battery stats
09-14 22:39:06.383 W/ActivityManager(  533): Slow operation: 57ms so far, now at startProcess: building log message
09-14 22:39:06.383 I/ActivityManager(  533): Start proc 16337:com.app.uprise.debug/u0a200 for next-top-activity {com.app.uprise.debug/com.app.uprise.MainActivity}
09-14 22:39:06.383 W/ActivityManager(  533): Slow operation: 57ms so far, now at startProcess: starting to update pids map
09-14 22:39:06.383 W/ActivityManager(  533): Slow operation: 57ms so far, now at startProcess: done updating pids map
09-14 22:39:06.386 D/CoreBackPreview(  533): Window{23796a u0 Splash Screen com.app.uprise.debug}: Setting back callback OnBackInvokedCallbackInfo{mCallback=android.window.IOnBackInvokedCallback$Stub$Proxy@604d7d1, mPriority=0}
09-14 22:39:06.396 I/pp.uprise.debug(16337): Late-enabling -Xcheck:jni
09-14 22:39:06.402 D/EGL_emulation(  953): app_time_stats: avg=692.51ms min=12.81ms max=5368.59ms count=8
09-14 22:39:06.427 I/bmrp    ( 1654): onPause
09-14 22:39:06.441 W/ActivityTaskManager(  533): takeTaskSnapshot: taskId=132 not found or not visible
09-14 22:39:06.461 I/pp.uprise.debug(16337): Using CollectorTypeCMC GC.
09-14 22:39:06.463 W/pp.uprise.debug(16337): Unexpected CPU variant for x86: x86_64.
09-14 22:39:06.463 W/pp.uprise.debug(16337): Known variants: atom, sandybridge, silvermont, goldmont, goldmont-plus, goldmont-without-sha-xsaves, tremont, kabylake, alderlake, default
09-14 22:39:06.466 E/OpenGLRenderer(  748): Unable to match the desired swap behavior.
09-14 22:39:06.505 I/adbd    (  429): jdwp connection from 16337
09-14 22:39:06.522 D/nativeloader(16337): Load libframework-connectivity-tiramisu-jni.so using APEX ns com_android_tethering for caller /apex/com.android.tethering/javalib/framework-connectivity-t.jar: ok
09-14 22:39:06.582 D/CompatibilityChangeReporter(16337): Compat change id reported: 171979766; UID 10200; state: ENABLED
09-14 22:39:06.599 W/ActivityThread(16337): Application com.app.uprise.debug can be debugged on port 8100...
09-14 22:39:06.755 D/nativeloader(16337): Configuring clns-4 for other apk /data/app/~~9NcaI71qbKYmSq5NvweA9Q==/com.app.uprise.debug-GWanmswYOWyohVC6yAxGdQ==/base.apk. target_sdk_version=33, uses_libraries=, library_path=/data/app/~~9NcaI71qbKYmSq5NvweA9Q==/com.app.uprise.debug-GWanmswYOWyohVC6yAxGdQ==/lib/x86_64:/data/app/~~9NcaI71qbKYmSq5NvweA9Q==/com.app.uprise.debug-GWanmswYOWyohVC6yAxGdQ==/base.apk!/lib/x86_64, permitted_path=/data:/mnt/expand:/data/user/0/com.app.uprise.debug
09-14 22:39:06.770 D/nativeloader(16337): Load libframework-connectivity-jni.so using APEX ns com_android_tethering for caller /apex/com.android.tethering/javalib/framework-connectivity.jar: ok
09-14 22:39:06.774 V/GraphicsEnvironment(16337): ANGLE Developer option for 'com.app.uprise.debug' set to: 'default'
09-14 22:39:06.774 V/GraphicsEnvironment(16337): ANGLE GameManagerService for com.app.uprise.debug: false
09-14 22:39:06.774 V/GraphicsEnvironment(16337): Neither updatable production driver nor prerelease driver is supported.
09-14 22:39:06.784 D/NetworkSecurityConfig(16337): Using Network Security Config from resource network_security_config debugBuild: true
09-14 22:39:06.790 D/NetworkSecurityConfig(16337): Using Network Security Config from resource network_security_config debugBuild: true
09-14 22:39:06.806 W/FirebaseApp(16337): Default FirebaseApp failed to initialize because no default options were found. This usually means that com.google.gms:google-services was not applied to your gradle project.
09-14 22:39:06.806 I/FirebaseInitProvider(16337): FirebaseApp initialization unsuccessful
09-14 22:39:06.808 D/ReactNativeFirebaseApp(16337): received application context.
09-14 22:39:06.816 E/RNFBCrashlyticsInit(16337): initialization failed
09-14 22:39:06.816 E/RNFBCrashlyticsInit(16337): java.lang.IllegalStateException: Default FirebaseApp is not initialized in this process com.app.uprise.debug. Make sure to call FirebaseApp.initializeApp(Context) first.
09-14 22:39:06.816 E/RNFBCrashlyticsInit(16337): 	at com.google.firebase.FirebaseApp.getInstance(FirebaseApp.java:186)
09-14 22:39:06.816 E/RNFBCrashlyticsInit(16337): 	at com.google.firebase.crashlytics.FirebaseCrashlytics.getInstance(FirebaseCrashlytics.java:183)
09-14 22:39:06.816 E/RNFBCrashlyticsInit(16337): 	at io.invertase.firebase.crashlytics.ReactNativeFirebaseCrashlyticsInitProvider.onCreate(ReactNativeFirebaseCrashlyticsInitProvider.java:119)
09-14 22:39:06.816 E/RNFBCrashlyticsInit(16337): 	at android.content.ContentProvider.attachInfo(ContentProvider.java:2451)
09-14 22:39:06.816 E/RNFBCrashlyticsInit(16337): 	at android.content.ContentProvider.attachInfo(ContentProvider.java:2421)
09-14 22:39:06.816 E/RNFBCrashlyticsInit(16337): 	at io.invertase.firebase.common.ReactNativeFirebaseInitProvider.attachInfo(ReactNativeFirebaseInitProvider.java:33)
09-14 22:39:06.816 E/RNFBCrashlyticsInit(16337): 	at android.app.ActivityThread.installProvider(ActivityThread.java:7514)
09-14 22:39:06.816 E/RNFBCrashlyticsInit(16337): 	at android.app.ActivityThread.installContentProviders(ActivityThread.java:7025)
09-14 22:39:06.816 E/RNFBCrashlyticsInit(16337): 	at android.app.ActivityThread.handleBindApplication(ActivityThread.java:6796)
09-14 22:39:06.816 E/RNFBCrashlyticsInit(16337): 	at android.app.ActivityThread.-$$Nest$mhandleBindApplication(Unknown Source:0)
09-14 22:39:06.816 E/RNFBCrashlyticsInit(16337): 	at android.app.ActivityThread$H.handleMessage(ActivityThread.java:2133)
09-14 22:39:06.816 E/RNFBCrashlyticsInit(16337): 	at android.os.Handler.dispatchMessage(Handler.java:106)
09-14 22:39:06.816 E/RNFBCrashlyticsInit(16337): 	at android.os.Looper.loopOnce(Looper.java:201)
09-14 22:39:06.816 E/RNFBCrashlyticsInit(16337): 	at android.os.Looper.loop(Looper.java:288)
09-14 22:39:06.816 E/RNFBCrashlyticsInit(16337): 	at android.app.ActivityThread.main(ActivityThread.java:7924)
09-14 22:39:06.816 E/RNFBCrashlyticsInit(16337): 	at java.lang.reflect.Method.invoke(Native Method)
09-14 22:39:06.816 E/RNFBCrashlyticsInit(16337): 	at com.android.internal.os.RuntimeInit$MethodAndArgsCaller.run(RuntimeInit.java:548)
09-14 22:39:06.816 E/RNFBCrashlyticsInit(16337): 	at com.android.internal.os.ZygoteInit.main(ZygoteInit.java:936)
09-14 22:39:06.850 D/SoLoader(16337): init start
09-14 22:39:06.852 D/SoLoader(16337): adding system library source: /vendor/lib64
09-14 22:39:06.853 D/SoLoader(16337): adding system library source: /system/lib64
09-14 22:39:06.855 D/SoLoader(16337): adding application source: com.facebook.soloader.DirectorySoSource[root = /data/app/~~9NcaI71qbKYmSq5NvweA9Q==/com.app.uprise.debug-GWanmswYOWyohVC6yAxGdQ==/lib/x86_64 flags = 0]
09-14 22:39:06.857 D/SoLoader(16337): adding backup source from : com.facebook.soloader.ApkSoSource[root = /data/data/com.app.uprise.debug/lib-main flags = 1]
09-14 22:39:06.858 D/SoLoader(16337): Preparing SO source: com.facebook.soloader.DirectorySoSource[root = /system/lib64 flags = 2]
09-14 22:39:06.858 D/SoLoader(16337): Preparing SO source: com.facebook.soloader.DirectorySoSource[root = /vendor/lib64 flags = 2]
09-14 22:39:06.858 D/SoLoader(16337): Preparing SO source: com.facebook.soloader.DirectorySoSource[root = /data/app/~~9NcaI71qbKYmSq5NvweA9Q==/com.app.uprise.debug-GWanmswYOWyohVC6yAxGdQ==/lib/x86_64 flags = 0]
09-14 22:39:06.858 D/SoLoader(16337): Preparing SO source: com.facebook.soloader.ApkSoSource[root = /data/data/com.app.uprise.debug/lib-main flags = 1]
09-14 22:39:06.862 V/fb-UnpackingSoSource(16337): locked dso store /data/user/0/com.app.uprise.debug/lib-main
09-14 22:39:06.865 I/fb-UnpackingSoSource(16337): dso store is up-to-date: /data/user/0/com.app.uprise.debug/lib-main
09-14 22:39:06.865 V/fb-UnpackingSoSource(16337): releasing dso store lock for /data/user/0/com.app.uprise.debug/lib-main
09-14 22:39:06.865 D/SoLoader(16337): init finish: 4 SO sources prepared
09-14 22:39:06.865 D/SoLoader(16337): init exiting
09-14 22:39:06.889 D/SoLoader(16337): init exiting
09-14 22:39:06.889 D/SoLoader(16337): About to load: libjscexecutor.so
09-14 22:39:06.890 D/SoLoader(16337): libjscexecutor.so not found on /data/data/com.app.uprise.debug/lib-main
09-14 22:39:06.890 D/SoLoader(16337): libjscexecutor.so found on /data/app/~~9NcaI71qbKYmSq5NvweA9Q==/com.app.uprise.debug-GWanmswYOWyohVC6yAxGdQ==/lib/x86_64
09-14 22:39:06.891 D/SoLoader(16337): Not resolving dependencies for libjscexecutor.so
09-14 22:39:07.052 D/JavaScriptCore.Version(16337): 250230.2.1
09-14 22:39:07.053 D/nativeloader(16337): Load /data/app/~~9NcaI71qbKYmSq5NvweA9Q==/com.app.uprise.debug-GWanmswYOWyohVC6yAxGdQ==/lib/x86_64/libjscexecutor.so using class loader ns clns-4 (caller=/data/app/~~9NcaI71qbKYmSq5NvweA9Q==/com.app.uprise.debug-GWanmswYOWyohVC6yAxGdQ==/base.apk): ok
09-14 22:39:07.053 D/SoLoader(16337): Loaded: libjscexecutor.so
09-14 22:39:07.057 D/SoLoader(16337): init exiting
09-14 22:39:07.209 D/CompatibilityChangeReporter(  533): Compat change id reported: 161145287; UID 10200; state: DISABLED
09-14 22:39:07.225 D/SoLoader(16337): About to load: libfbjni.so
09-14 22:39:07.225 D/SoLoader(16337): libfbjni.so not found on /data/data/com.app.uprise.debug/lib-main
09-14 22:39:07.226 D/SoLoader(16337): libfbjni.so found on /data/app/~~9NcaI71qbKYmSq5NvweA9Q==/com.app.uprise.debug-GWanmswYOWyohVC6yAxGdQ==/lib/x86_64
09-14 22:39:07.226 D/SoLoader(16337): Not resolving dependencies for libfbjni.so
09-14 22:39:07.230 D/nativeloader(16337): Load /data/app/~~9NcaI71qbKYmSq5NvweA9Q==/com.app.uprise.debug-GWanmswYOWyohVC6yAxGdQ==/lib/x86_64/libfbjni.so using class loader ns clns-4 (caller=/data/app/~~9NcaI71qbKYmSq5NvweA9Q==/com.app.uprise.debug-GWanmswYOWyohVC6yAxGdQ==/base.apk): ok
09-14 22:39:07.230 D/SoLoader(16337): Loaded: libfbjni.so
09-14 22:39:07.231 D/SoLoader(16337): About to load: libflipper.so
09-14 22:39:07.231 D/SoLoader(16337): libflipper.so not found on /data/data/com.app.uprise.debug/lib-main
09-14 22:39:07.232 D/SoLoader(16337): libflipper.so found on /data/app/~~9NcaI71qbKYmSq5NvweA9Q==/com.app.uprise.debug-GWanmswYOWyohVC6yAxGdQ==/lib/x86_64
09-14 22:39:07.232 D/SoLoader(16337): Not resolving dependencies for libflipper.so
09-14 22:39:07.296 D/nativeloader(16337): Load /data/app/~~9NcaI71qbKYmSq5NvweA9Q==/com.app.uprise.debug-GWanmswYOWyohVC6yAxGdQ==/lib/x86_64/libflipper.so using class loader ns clns-4 (caller=/data/app/~~9NcaI71qbKYmSq5NvweA9Q==/com.app.uprise.debug-GWanmswYOWyohVC6yAxGdQ==/base.apk): ok
09-14 22:39:07.297 D/SoLoader(16337): Loaded: libflipper.so
09-14 22:39:07.322 I/pp.uprise.debug(16337): hiddenapi: Accessing hidden field Landroid/view/View;->mKeyedTags:Landroid/util/SparseArray; (runtime_flags=0, domain=platform, api=unsupported) from Lcom/facebook/flipper/plugins/inspector/descriptors/ViewDescriptor; (domain=app) using reflection: allowed
09-14 22:39:07.322 I/pp.uprise.debug(16337): hiddenapi: Accessing hidden field Landroid/view/View;->mListenerInfo:Landroid/view/View$ListenerInfo; (runtime_flags=0, domain=platform, api=unsupported) from Lcom/facebook/flipper/plugins/inspector/descriptors/ViewDescriptor; (domain=app) using reflection: allowed
09-14 22:39:07.322 I/pp.uprise.debug(16337): hiddenapi: Accessing hidden field Landroid/view/View$ListenerInfo;->mOnClickListener:Landroid/view/View$OnClickListener; (runtime_flags=0, domain=platform, api=unsupported) from Lcom/facebook/flipper/plugins/inspector/descriptors/ViewDescriptor; (domain=app) using reflection: allowed
09-14 22:39:07.332 I/flipper (16337): flipper: FlipperClient::addPlugin Inspector
09-14 22:39:07.332 I/flipper (16337): flipper: FlipperClient::addPlugin React
09-14 22:39:07.336 I/flipper (16337): flipper: FlipperClient::addPlugin Databases
09-14 22:39:07.338 I/flipper (16337): flipper: FlipperClient::addPlugin Preferences
09-14 22:39:07.339 I/flipper (16337): flipper: FlipperClient::addPlugin CrashReporter
09-14 22:39:07.345 I/flipper (16337): flipper: FlipperClient::addPlugin Network
09-14 22:39:07.369 D/libEGL  (16337): loaded /vendor/lib64/egl/libEGL_emulation.so
09-14 22:39:07.372 D/libEGL  (16337): loaded /vendor/lib64/egl/libGLESv1_CM_emulation.so
09-14 22:39:07.378 D/libEGL  (16337): loaded /vendor/lib64/egl/libGLESv2_emulation.so
09-14 22:39:07.457 D/CompatibilityChangeReporter(16337): Compat change id reported: 237531167; UID 10200; state: DISABLED
09-14 22:39:07.465 W/Parcel  (16337): Expecting binder but got null!
09-14 22:39:07.471 D/CoreBackPreview(  533): Window{692b1 u0 com.app.uprise.debug/com.app.uprise.MainActivity}: Setting back callback OnBackInvokedCallbackInfo{mCallback=android.window.IOnBackInvokedCallback$Stub$Proxy@779f1b3, mPriority=0}
09-14 22:39:07.518 I/pp.uprise.debug(16337): hiddenapi: Accessing hidden method Landroid/view/View;->computeFitSystemWindows(Landroid/graphics/Rect;Landroid/graphics/Rect;)Z (runtime_flags=0, domain=platform, api=unsupported) from Landroidx/appcompat/widget/ViewUtils; (domain=app) using reflection: allowed
09-14 22:39:07.519 I/pp.uprise.debug(16337): hiddenapi: Accessing hidden method Landroid/view/ViewGroup;->makeOptionalFitsSystemWindows()V (runtime_flags=0, domain=platform, api=unsupported) from Landroidx/appcompat/widget/ViewUtils; (domain=app) using reflection: allowed
09-14 22:39:07.526 W/Parcel  (16337): Expecting binder but got null!
09-14 22:39:07.529 D/CoreBackPreview(  533): Window{98be6e9 u0 com.app.uprise.debug/com.app.uprise.MainActivity}: Setting back callback OnBackInvokedCallbackInfo{mCallback=android.window.IOnBackInvokedCallback$Stub$Proxy@897f60f, mPriority=0}
09-14 22:39:07.550 D/HostConnection(16337): HostComposition ext ANDROID_EMU_CHECKSUM_HELPER_v1 ANDROID_EMU_native_sync_v2 ANDROID_EMU_native_sync_v3 ANDROID_EMU_native_sync_v4 ANDROID_EMU_dma_v1 ANDROID_EMU_direct_mem ANDROID_EMU_host_composition_v1 ANDROID_EMU_host_composition_v2 ANDROID_EMU_vulkan ANDROID_EMU_deferred_vulkan_commands ANDROID_EMU_vulkan_null_optional_strings ANDROID_EMU_vulkan_create_resources_with_requirements ANDROID_EMU_YUV_Cache ANDROID_EMU_vulkan_ignored_handles ANDROID_EMU_has_shared_slots_host_memory_allocator ANDROID_EMU_vulkan_free_memory_sync ANDROID_EMU_vulkan_shader_float16_int8 ANDROID_EMU_vulkan_async_queue_submit ANDROID_EMU_vulkan_queue_submit_with_commands ANDROID_EMU_sync_buffer_data ANDROID_EMU_vulkan_async_qsri ANDROID_EMU_read_color_buffer_dma GL_OES_EGL_image_external_essl3 GL_OES_vertex_array_object GL_KHR_texture_compression_astc_ldr ANDROID_EMU_host_side_tracing ANDROID_EMU_gles_max_version_3_1 
09-14 22:39:07.552 W/OpenGLRenderer(16337): Failed to choose config with EGL_SWAP_BEHAVIOR_PRESERVED, retrying without...
09-14 22:39:07.552 W/OpenGLRenderer(16337): Failed to initialize 101010-2 format, error = EGL_SUCCESS
09-14 22:39:07.569 D/EGL_emulation(16337): eglCreateContext: 0x728b48835310: maj 3 min 1 rcv 4
09-14 22:39:07.602 D/EGL_emulation(16337): eglMakeCurrent: 0x728b48835310: ver 3 1 (tinfo 0x728d7870b080) (first time)
09-14 22:39:07.633 I/hwservicemanager(  151): getTransport: Cannot find entry android.hardware.graphics.mapper@4.0::IMapper/default in either framework or device VINTF manifest.
09-14 22:39:07.633 I/Gralloc4(16337): mapper 4.x is not supported
09-14 22:39:07.639 I/hwservicemanager(  151): getTransport: Cannot find entry android.hardware.graphics.allocator@4.0::IAllocator/default in either framework or device VINTF manifest.
09-14 22:39:07.643 I/servicemanager(  146): Could not find android.hardware.graphics.allocator.IAllocator/default in the VINTF manifest.
09-14 22:39:07.643 W/Gralloc4(16337): allocator 4.x is not supported
09-14 22:39:07.676 D/HostConnection(16337): HostComposition ext ANDROID_EMU_CHECKSUM_HELPER_v1 ANDROID_EMU_native_sync_v2 ANDROID_EMU_native_sync_v3 ANDROID_EMU_native_sync_v4 ANDROID_EMU_dma_v1 ANDROID_EMU_direct_mem ANDROID_EMU_host_composition_v1 ANDROID_EMU_host_composition_v2 ANDROID_EMU_vulkan ANDROID_EMU_deferred_vulkan_commands ANDROID_EMU_vulkan_null_optional_strings ANDROID_EMU_vulkan_create_resources_with_requirements ANDROID_EMU_YUV_Cache ANDROID_EMU_vulkan_ignored_handles ANDROID_EMU_has_shared_slots_host_memory_allocator ANDROID_EMU_vulkan_free_memory_sync ANDROID_EMU_vulkan_shader_float16_int8 ANDROID_EMU_vulkan_async_queue_submit ANDROID_EMU_vulkan_queue_submit_with_commands ANDROID_EMU_sync_buffer_data ANDROID_EMU_vulkan_async_qsri ANDROID_EMU_read_color_buffer_dma GL_OES_EGL_image_external_essl3 GL_OES_vertex_array_object GL_KHR_texture_compression_astc_ldr ANDROID_EMU_host_side_tracing ANDROID_EMU_gles_max_version_3_1 
09-14 22:39:07.677 E/OpenGLRenderer(16337): Unable to match the desired swap behavior.
09-14 22:39:07.688 W/ndroid.systemui(  748): Suspending all threads took: 6.899ms
09-14 22:39:07.701 I/ndroid.systemui(  748): Background concurrent mark compact GC freed 13MB AllocSpace bytes, 0(0B) LOS objects, 49% free, 13MB/27MB, paused 8.872ms,1.825ms total 40.476ms
09-14 22:39:07.728 W/unknown:ReactNative(16337): Packager connection already open, nooping.
09-14 22:39:07.762 E/OpenGLRenderer(16337): Unable to match the desired swap behavior.
09-14 22:39:07.825 D/CompatibilityChangeReporter(16337): Compat change id reported: 210923482; UID 10200; state: ENABLED
09-14 22:39:07.829 I/ActivityTaskManager(  533): Displayed com.app.uprise.debug/com.app.uprise.MainActivity: +1s512ms
09-14 22:39:07.836 I/pp.uprise.debug(16337): Compiler allocated 4151KB to compile void android.view.ViewRootImpl.performTraversals()
09-14 22:39:07.840 W/Parcel  (16337): Expecting binder but got null!
09-14 22:39:07.844 D/CoreBackPreview(  533): Window{4708a21 u0 PopupWindow:2b0b475}: Setting back callback OnBackInvokedCallbackInfo{mCallback=android.window.IOnBackInvokedCallback$Stub$Proxy@3fe9807, mPriority=0}
09-14 22:39:07.859 D/EGL_emulation(  748): app_time_stats: avg=1700.25ms min=17.00ms max=6738.57ms count=4
09-14 22:39:07.884 E/OpenGLRenderer(16337): Unable to match the desired swap behavior.
09-14 22:39:07.944 D/CompatibilityChangeReporter(  533): Compat change id reported: 214016041; UID 10200; state: ENABLED
09-14 22:39:07.947 I/GoogleInputMethodService( 1219): GoogleInputMethodService.onFinishInput():2054 
09-14 22:39:07.948 I/Module  ( 1219): DeviceLockedStatusModuleProvider$Module.updateDeviceLockedStatus():100 repeatCheckTimes = 0, locked = false
09-14 22:39:07.950 I/GoogleInputMethodService( 1219): GoogleInputMethodService.onStartInput():1315 onStartInput(EditorInfo{EditorInfo{packageName=com.app.uprise.debug, inputType=0, inputTypeString=NULL, enableLearning=false, autoCorrection=false, autoComplete=false, imeOptions=0, privateImeOptions=null, actionName=UNSPECIFIED, actionLabel=null, initialSelStart=-1, initialSelEnd=-1, initialCapsMode=0, label=null, fieldId=-1, fieldName=null, extras=null, hintText=null, hintLocales=[]}}, false)
09-14 22:39:07.952 I/Module  ( 1219): DeviceLockedStatusModuleProvider$Module.updateDeviceLockedStatus():100 repeatCheckTimes = 1, locked = false
09-14 22:39:08.128 D/BoundBrokerSvc( 1176): onRebind: Intent { act=com.google.android.gms.auth.aang.events.services.START dat=chimera-action:/... cmp=com.google.android.gms/.chimera.PersistentApiService }
09-14 22:39:08.173 D/CoreBackPreview(  533): Window{23796a u0 Splash Screen com.app.uprise.debug EXITING}: Setting back callback null
09-14 22:39:08.173 W/InputManager-JNI(  533): Input channel object '23796a Splash Screen com.app.uprise.debug (client)' was disposed without first being removed with the input manager!
09-14 22:39:08.185 I/bmrp    ( 1654): onStop
09-14 22:39:08.254 D/EGL_emulation(  748): app_time_stats: avg=141.60ms min=1.13ms max=5539.93ms count=40
09-14 22:39:08.323 D/SoLoader(16337): About to load: libreactnativejni.so
09-14 22:39:08.323 D/SoLoader(16337): libreactnativejni.so not found on /data/data/com.app.uprise.debug/lib-main
09-14 22:39:08.323 D/SoLoader(16337): libreactnativejni.so found on /data/app/~~9NcaI71qbKYmSq5NvweA9Q==/com.app.uprise.debug-GWanmswYOWyohVC6yAxGdQ==/lib/x86_64
09-14 22:39:08.323 D/SoLoader(16337): Not resolving dependencies for libreactnativejni.so
09-14 22:39:08.325 D/nativeloader(16337): Load /data/app/~~9NcaI71qbKYmSq5NvweA9Q==/com.app.uprise.debug-GWanmswYOWyohVC6yAxGdQ==/lib/x86_64/libreactnativejni.so using class loader ns clns-4 (caller=/data/app/~~9NcaI71qbKYmSq5NvweA9Q==/com.app.uprise.debug-GWanmswYOWyohVC6yAxGdQ==/base.apk): ok
09-14 22:39:08.328 D/SoLoader(16337): Loaded: libreactnativejni.so
09-14 22:39:08.443 D/CoreBackPreview(  533): Window{4708a21 u0 PopupWindow:2b0b475}: Setting back callback null
09-14 22:39:08.450 W/InputManager-JNI(  533): Input channel object '4708a21 PopupWindow:2b0b475 (client)' was disposed without first being removed with the input manager!
09-14 22:39:08.453 W/SystemServiceRegistry( 1176): No service published for: wifirtt
09-14 22:39:08.486 I/RNFusedLocation(16337): RNFusedLocation initialized
09-14 22:39:08.550 W/[REANIMATED](16337): Since 2.5.0, Reanimated autoinstalls on Android - you can remove getJSIModulePackage() override in MainApplication.java.
09-14 22:39:08.556 W/unknown:ReactNative(16337): Packager connection already open, nooping.
09-14 22:39:08.611 W/unknown:ViewManagerPropertyUpdater(16337): Could not find generated setter for class com.facebook.react.views.drawer.ReactDrawerLayoutManager
09-14 22:39:08.617 W/unknown:ViewManagerPropertyUpdater(16337): Could not find generated setter for class com.facebook.react.uimanager.LayoutShadowNode
09-14 22:39:08.618 W/unknown:ViewManagerPropertyUpdater(16337): Could not find generated setter for class com.facebook.react.views.scroll.ReactHorizontalScrollViewManager
09-14 22:39:08.620 W/unknown:ViewManagerPropertyUpdater(16337): Could not find generated setter for class com.facebook.react.views.scroll.ReactHorizontalScrollContainerViewManager
09-14 22:39:08.620 W/unknown:ViewManagerPropertyUpdater(16337): Could not find generated setter for class com.facebook.react.views.progressbar.ReactProgressBarViewManager
09-14 22:39:08.621 W/unknown:ViewManagerPropertyUpdater(16337): Could not find generated setter for class com.facebook.react.views.progressbar.ProgressBarShadowNode
09-14 22:39:08.623 W/unknown:ViewManagerPropertyUpdater(16337): Could not find generated setter for class com.facebook.react.views.scroll.ReactScrollViewManager
09-14 22:39:08.623 W/unknown:ViewManagerPropertyUpdater(16337): Could not find generated setter for class com.facebook.react.views.slider.ReactSliderManager
09-14 22:39:08.624 W/unknown:ViewManagerPropertyUpdater(16337): Could not find generated setter for class com.facebook.react.views.slider.ReactSliderManager$ReactSliderShadowNode
09-14 22:39:08.624 W/unknown:ViewManagerPropertyUpdater(16337): Could not find generated setter for class com.facebook.react.views.switchview.ReactSwitchManager
09-14 22:39:08.624 W/unknown:ViewManagerPropertyUpdater(16337): Could not find generated setter for class com.facebook.react.views.switchview.ReactSwitchManager$ReactSwitchShadowNode
09-14 22:39:08.624 W/unknown:ViewManagerPropertyUpdater(16337): Could not find generated setter for class com.facebook.react.views.swiperefresh.SwipeRefreshLayoutManager
09-14 22:39:08.625 W/unknown:ViewManagerPropertyUpdater(16337): Could not find generated setter for class com.facebook.react.views.text.frescosupport.FrescoBasedReactTextInlineImageViewManager
09-14 22:39:08.625 W/unknown:ViewManagerPropertyUpdater(16337): Could not find generated setter for class com.facebook.react.views.text.frescosupport.FrescoBasedReactTextInlineImageShadowNode
09-14 22:39:08.627 W/unknown:ViewManagerPropertyUpdater(16337): Could not find generated setter for class com.facebook.react.views.image.ReactImageManager
09-14 22:39:08.627 W/unknown:ViewManagerPropertyUpdater(16337): Could not find generated setter for class com.facebook.react.views.modal.ReactModalHostManager
09-14 22:39:08.628 W/unknown:ViewManagerPropertyUpdater(16337): Could not find generated setter for class com.facebook.react.views.modal.ModalHostShadowNode
09-14 22:39:08.628 W/unknown:ViewManagerPropertyUpdater(16337): Could not find generated setter for class com.facebook.react.views.text.ReactRawTextManager
09-14 22:39:08.628 W/unknown:ViewManagerPropertyUpdater(16337): Could not find generated setter for class com.facebook.react.views.text.ReactRawTextShadowNode
09-14 22:39:08.628 W/unknown:ViewManagerPropertyUpdater(16337): Could not find generated setter for class com.facebook.react.views.textinput.ReactTextInputManager
09-14 22:39:08.629 W/unknown:ViewManagerPropertyUpdater(16337): Could not find generated setter for class com.facebook.react.views.textinput.ReactTextInputShadowNode
09-14 22:39:08.631 W/unknown:ViewManagerPropertyUpdater(16337): Could not find generated setter for class com.facebook.react.views.text.ReactTextViewManager
09-14 22:39:08.632 W/unknown:ViewManagerPropertyUpdater(16337): Could not find generated setter for class com.facebook.react.views.text.ReactTextShadowNode
09-14 22:39:08.634 W/unknown:ViewManagerPropertyUpdater(16337): Could not find generated setter for class com.facebook.react.views.view.ReactViewManager
09-14 22:39:08.635 W/unknown:ViewManagerPropertyUpdater(16337): Could not find generated setter for class com.facebook.react.views.text.ReactVirtualTextViewManager
09-14 22:39:08.635 W/unknown:ViewManagerPropertyUpdater(16337): Could not find generated setter for class com.facebook.react.views.text.ReactVirtualTextShadowNode
09-14 22:39:08.636 W/unknown:ViewManagerPropertyUpdater(16337): Could not find generated setter for class com.facebook.react.views.unimplementedview.ReactUnimplementedViewManager
09-14 22:39:08.636 W/unknown:ViewManagerPropertyUpdater(16337): Could not find generated setter for class org.reactnative.maskedview.RNCMaskedViewManager
09-14 22:39:08.636 W/unknown:ViewManagerPropertyUpdater(16337): Could not find generated setter for class com.reactnativegooglesignin.RNGoogleSigninButtonViewManager
09-14 22:39:08.637 W/unknown:ViewManagerPropertyUpdater(16337): Could not find generated setter for class com.swmansion.gesturehandler.react.RNGestureHandlerRootViewManager
09-14 22:39:08.637 W/unknown:ViewManagerPropertyUpdater(16337): Could not find generated setter for class com.swmansion.gesturehandler.react.RNGestureHandlerButtonViewManager
09-14 22:39:08.637 W/unknown:ViewManagerPropertyUpdater(16337): Could not find generated setter for class com.BV.LinearGradient.LinearGradientManager
09-14 22:39:08.637 W/unknown:ViewManagerPropertyUpdater(16337): Could not find generated setter for class com.reactnativepagerview.PagerViewViewManager
09-14 22:39:08.638 W/unknown:ViewManagerPropertyUpdater(16337): Could not find generated setter for class com.th3rdwave.safeareacontext.SafeAreaProviderManager
09-14 22:39:08.638 W/unknown:ViewManagerPropertyUpdater(16337): Could not find generated setter for class com.th3rdwave.safeareacontext.SafeAreaViewManager
09-14 22:39:08.640 W/unknown:ViewManagerPropertyUpdater(16337): Could not find generated setter for class com.th3rdwave.safeareacontext.SafeAreaViewShadowNode
09-14 22:39:08.641 W/unknown:ViewManagerPropertyUpdater(16337): Could not find generated setter for class com.swmansion.rnscreens.ScreenContainerViewManager
09-14 22:39:08.642 W/unknown:ViewManagerPropertyUpdater(16337): Could not find generated setter for class com.swmansion.rnscreens.ScreenViewManager
09-14 22:39:08.643 W/unknown:ViewManagerPropertyUpdater(16337): Could not find generated setter for class com.swmansion.rnscreens.ScreenStackViewManager
09-14 22:39:08.644 W/unknown:ViewManagerPropertyUpdater(16337): Could not find generated setter for class com.swmansion.rnscreens.ScreenStackHeaderConfigViewManager
09-14 22:39:08.644 W/unknown:ViewManagerPropertyUpdater(16337): Could not find generated setter for class com.swmansion.rnscreens.ScreenStackHeaderSubviewManager
09-14 22:39:08.645 W/unknown:ViewManagerPropertyUpdater(16337): Could not find generated setter for class com.swmansion.rnscreens.SearchBarManager
09-14 22:39:08.646 W/unknown:ViewManagerPropertyUpdater(16337): Could not find generated setter for class com.horcrux.svg.RenderableViewManager$GroupViewManager
09-14 22:39:08.648 W/unknown:ViewManagerPropertyUpdater(16337): Could not find generated setter for class com.horcrux.svg.RenderableViewManager$RenderableShadowNode
09-14 22:39:08.648 W/unknown:ViewManagerPropertyUpdater(16337): Could not find generated setter for class com.horcrux.svg.RenderableViewManager$PathViewManager
09-14 22:39:08.649 W/unknown:ViewManagerPropertyUpdater(16337): Could not find generated setter for class com.horcrux.svg.RenderableViewManager$CircleViewManager
09-14 22:39:08.649 W/unknown:ViewManagerPropertyUpdater(16337): Could not find generated setter for class com.horcrux.svg.RenderableViewManager$EllipseViewManager
09-14 22:39:08.652 W/unknown:ViewManagerPropertyUpdater(16337): Could not find generated setter for class com.horcrux.svg.RenderableViewManager$LineViewManager
09-14 22:39:08.652 W/unknown:ViewManagerPropertyUpdater(16337): Could not find generated setter for class com.horcrux.svg.RenderableViewManager$RectViewManager
09-14 22:39:08.653 W/unknown:ViewManagerPropertyUpdater(16337): Could not find generated setter for class com.horcrux.svg.RenderableViewManager$TextViewManager
09-14 22:39:08.654 W/unknown:ViewManagerPropertyUpdater(16337): Could not find generated setter for class com.horcrux.svg.RenderableViewManager$TSpanViewManager
09-14 22:39:08.655 W/unknown:ViewManagerPropertyUpdater(16337): Could not find generated setter for class com.horcrux.svg.RenderableViewManager$TextPathViewManager
09-14 22:39:08.655 W/unknown:ViewManagerPropertyUpdater(16337): Could not find generated setter for class com.horcrux.svg.RenderableViewManager$ImageViewManager
09-14 22:39:08.655 W/unknown:ViewManagerPropertyUpdater(16337): Could not find generated setter for class com.horcrux.svg.RenderableViewManager$ClipPathViewManager
09-14 22:39:08.656 W/unknown:ViewManagerPropertyUpdater(16337): Could not find generated setter for class com.horcrux.svg.RenderableViewManager$DefsViewManager
09-14 22:39:08.657 W/unknown:ViewManagerPropertyUpdater(16337): Could not find generated setter for class com.horcrux.svg.RenderableViewManager$UseViewManager
09-14 22:39:08.658 W/unknown:ViewManagerPropertyUpdater(16337): Could not find generated setter for class com.horcrux.svg.RenderableViewManager$SymbolManager
09-14 22:39:08.658 W/unknown:ViewManagerPropertyUpdater(16337): Could not find generated setter for class com.horcrux.svg.RenderableViewManager$LinearGradientManager
09-14 22:39:08.659 W/unknown:ViewManagerPropertyUpdater(16337): Could not find generated setter for class com.horcrux.svg.RenderableViewManager$RadialGradientManager
09-14 22:39:08.659 W/unknown:ViewManagerPropertyUpdater(16337): Could not find generated setter for class com.horcrux.svg.RenderableViewManager$PatternManager
09-14 22:39:08.660 W/unknown:ViewManagerPropertyUpdater(16337): Could not find generated setter for class com.horcrux.svg.RenderableViewManager$MaskManager
09-14 22:39:08.660 W/unknown:ViewManagerPropertyUpdater(16337): Could not find generated setter for class com.horcrux.svg.RenderableViewManager$ForeignObjectManager
09-14 22:39:08.660 W/unknown:ViewManagerPropertyUpdater(16337): Could not find generated setter for class com.horcrux.svg.RenderableViewManager$MarkerManager
09-14 22:39:08.660 W/unknown:ViewManagerPropertyUpdater(16337): Could not find generated setter for class com.horcrux.svg.SvgViewManager
09-14 22:39:08.673 I/pp.uprise.debug(16337): hiddenapi: Accessing hidden field Ljava/lang/reflect/Field;->accessFlags:I (runtime_flags=0, domain=core-platform, api=unsupported) from Lcom/swmansion/reanimated/layoutReanimation/ReanimatedNativeHierarchyManager; (domain=app) using reflection: allowed
09-14 22:39:08.685 D/SoLoader(16337): About to load: libyoga.so
09-14 22:39:08.685 D/SoLoader(16337): libyoga.so not found on /data/data/com.app.uprise.debug/lib-main
09-14 22:39:08.686 D/SoLoader(16337): libyoga.so found on /data/app/~~9NcaI71qbKYmSq5NvweA9Q==/com.app.uprise.debug-GWanmswYOWyohVC6yAxGdQ==/lib/x86_64
09-14 22:39:08.686 D/SoLoader(16337): Not resolving dependencies for libyoga.so
09-14 22:39:08.688 D/nativeloader(16337): Load /data/app/~~9NcaI71qbKYmSq5NvweA9Q==/com.app.uprise.debug-GWanmswYOWyohVC6yAxGdQ==/lib/x86_64/libyoga.so using class loader ns clns-4 (caller=/data/app/~~9NcaI71qbKYmSq5NvweA9Q==/com.app.uprise.debug-GWanmswYOWyohVC6yAxGdQ==/base.apk): ok
09-14 22:39:08.688 D/SoLoader(16337): Loaded: libyoga.so
09-14 22:39:08.781 D/ConnectivityService(  533): requestNetwork for uid/pid:10200/16337 activeRequest: null callbackRequest: 455 [NetworkRequest [ REQUEST id=456, [ Capabilities: INTERNET&NOT_RESTRICTED&TRUSTED&NOT_VCN_MANAGED Uid: 10200 RequestorUid: 10200 RequestorPkg: com.app.uprise.debug UnderlyingNetworks: Null] ]] callback flags: 0 order: 2147483647 isUidTracked: false declaredMethods: AVAIL|LOSING|LOST|UNAVAIL|NC|LP
09-14 22:39:08.784 D/WifiNetworkFactory(  533): got request NetworkRequest [ REQUEST id=456, [ Capabilities: INTERNET&NOT_RESTRICTED&TRUSTED&NOT_VCN_MANAGED Uid: 10200 RequestorUid: 10200 RequestorPkg: com.app.uprise.debug UnderlyingNetworks: Null] ]
09-14 22:39:08.784 D/ConnectivityService(  533): NetReassign [456 : null ΓåÆ 100] [c 0] [a 1] [i 2]
09-14 22:39:08.784 D/UntrustedWifiNetworkFactory(  533): got request NetworkRequest [ REQUEST id=456, [ Capabilities: INTERNET&NOT_RESTRICTED&TRUSTED&NOT_VCN_MANAGED Uid: 10200 RequestorUid: 10200 RequestorPkg: com.app.uprise.debug UnderlyingNetworks: Null] ]
09-14 22:39:08.784 D/OemPaidWifiNetworkFactory(  533): got request NetworkRequest [ REQUEST id=456, [ Capabilities: INTERNET&NOT_RESTRICTED&TRUSTED&NOT_VCN_MANAGED Uid: 10200 RequestorUid: 10200 RequestorPkg: com.app.uprise.debug UnderlyingNetworks: Null] ]
09-14 22:39:08.784 D/MultiInternetWifiNetworkFactory(  533): got request NetworkRequest [ REQUEST id=456, [ Capabilities: INTERNET&NOT_RESTRICTED&TRUSTED&NOT_VCN_MANAGED Uid: 10200 RequestorUid: 10200 RequestorPkg: com.app.uprise.debug UnderlyingNetworks: Null] ]
09-14 22:39:08.800 I/flipper (16337): flipper: FlipperClient::addPlugin Fresco
09-14 22:39:08.814 W/ThreadPoolForeg( 1176): type=1400 audit(0.0:1788): avc: denied { write } for name="traced_producer" dev="tmpfs" ino=684 scontext=u:r:gmscore_app:s0:c512,c768 tcontext=u:object_r:traced_producer_socket:s0 tclass=sock_file permissive=0 app=com.google.android.gms
09-14 22:39:08.989 D/NetworkStatsObservers(  533): Registering observer for RequestInfo from pid/uid:533/1000(android) for DataUsageRequest [ requestId=31, networkTemplate=NetworkTemplate: matchRule=MOBILE, matchSubscriberIds=[310260...], matchWifiNetworkKeys=[], metered=YES, defaultNetwork=NO, thresholdInBytes=26655843 ] accessLevel:3
09-14 22:39:08.989 D/NetworkStatsObservers(  533): Unregistering RequestInfo from pid/uid:533/1000(android) for DataUsageRequest [ requestId=30, networkTemplate=NetworkTemplate: matchRule=MOBILE, matchSubscriberIds=[310260...], matchWifiNetworkKeys=[], metered=YES, defaultNetwork=NO, thresholdInBytes=26655941 ] accessLevel:3
09-14 22:39:08.993 D/SoLoader(16337): About to load: libreactnativeblob.so
09-14 22:39:08.994 W/AppOps  (  533): Noting op not finished: uid 10120 pkg com.google.android.gms code 113 startTime of in progress event=1757884495451
09-14 22:39:08.995 D/SoLoader(16337): libreactnativeblob.so not found on /data/data/com.app.uprise.debug/lib-main
09-14 22:39:08.995 D/SoLoader(16337): libreactnativeblob.so found on /data/app/~~9NcaI71qbKYmSq5NvweA9Q==/com.app.uprise.debug-GWanmswYOWyohVC6yAxGdQ==/lib/x86_64
09-14 22:39:08.995 D/SoLoader(16337): Not resolving dependencies for libreactnativeblob.so
09-14 22:39:08.999 D/nativeloader(16337): Load /data/app/~~9NcaI71qbKYmSq5NvweA9Q==/com.app.uprise.debug-GWanmswYOWyohVC6yAxGdQ==/lib/x86_64/libreactnativeblob.so using class loader ns clns-4 (caller=/data/app/~~9NcaI71qbKYmSq5NvweA9Q==/com.app.uprise.debug-GWanmswYOWyohVC6yAxGdQ==/base.apk): ok
09-14 22:39:08.999 D/SoLoader(16337): Loaded: libreactnativeblob.so
09-14 22:39:09.003 D/CompatibilityChangeReporter(  533): Compat change id reported: 168419799; UID 10120; state: DISABLED
09-14 22:39:09.003 D/CompatibilityChangeReporter(  533): Compat change id reported: 273564678; UID 10120; state: DISABLED
09-14 22:39:09.005 W/AppOps  (  533): Noting op not finished: uid 10120 pkg com.google.android.gms code 113 startTime of in progress event=1757884520372
09-14 22:39:09.013 W/AppOps  (  533): Noting op not finished: uid 10120 pkg com.google.android.gms code 113 startTime of in progress event=1757884495451
