09-14 22:39:50.669 I/GoogleInputMethodService( 1219): GoogleInputMethodService$1.onKeyboardViewShown():321 onKeyboardViewShown: keyboardType=accessory, keyboardViewType=HEADER keyboardView=null
09-14 22:39:50.670 W/Keyboard( 1219): Keyboard.getKeyboardViewHelper():591 null helper is returned: keyboardDef=miv{processedConditions={}, globalConditions={}, className=com.google.android.libraries.inputmethod.keyboard.impl.Keyboard, resourceIds=[#0x7f17004d], initialStates=0, keyboardViewDefs=[], persistentStates=0, persistentStatesPrefKey=null, popupBubbleLayoutId=0, recentKeyLayoutId=0, recentKeyPopupLayoutId=0, recentKeyType=null, rememberRecentKey=NONE, sessionStates=0}, type=BODY, helpersCreated=[null, null, null, null], context.getResources().getConfiguration(): {1.0 310mcc260mnc [en_US] ldltr sw411dp w411dp h840dp 420dpi nrml long port finger qwerty/v/v dpad/v winConfig={ mBounds=Rect(0, 0 - 1080, 2400) mAppBounds=Rect(0, 132 - 1080, 2337) mMaxBounds=Rect(0, 0 - 1080, 2400) mDisplayRotation=ROTATION_0 mWindowingMode=fullscreen mDisplayWindowingMode=fullscreen mActivityType=undefined mAlwaysOnTop=undefined mRotation=ROTATION_0} as.3 s.72 fontWeightAdjustment=0}
09-14 22:39:50.670 I/GoogleInputMethodService( 1219): GoogleInputMethodService$1.onKeyboardViewShown():321 onKeyboardViewShown: keyboardType=accessory, keyboardViewType=BODY keyboardView=null
09-14 22:39:50.671 W/Keyboard( 1219): Keyboard.getKeyboardViewHelper():591 null helper is returned: keyboardDef=miv{processedConditions={}, globalConditions={}, className=com.google.android.libraries.inputmethod.keyboard.impl.Keyboard, resourceIds=[#0x7f17004d], initialStates=0, keyboardViewDefs=[], persistentStates=0, persistentStatesPrefKey=null, popupBubbleLayoutId=0, recentKeyLayoutId=0, recentKeyPopupLayoutId=0, recentKeyType=null, rememberRecentKey=NONE, sessionStates=0}, type=BODY, helpersCreated=[null, null, null, null], context.getResources().getConfiguration(): {1.0 310mcc260mnc [en_US] ldltr sw411dp w411dp h840dp 420dpi nrml long port finger qwerty/v/v dpad/v winConfig={ mBounds=Rect(0, 0 - 1080, 2400) mAppBounds=Rect(0, 132 - 1080, 2337) mMaxBounds=Rect(0, 0 - 1080, 2400) mDisplayRotation=ROTATION_0 mWindowingMode=fullscreen mDisplayWindowingMode=fullscreen mActivityType=undefined mAlwaysOnTop=undefined mRotation=ROTATION_0} as.3 s.72 fontWeightAdjustment=0}
09-14 22:39:50.671 D/EGL_emulation(16337): app_time_stats: avg=68.19ms min=4.43ms max=483.72ms count=17
09-14 22:39:50.683 D/BoundBrokerSvc( 1318): onBind: Intent { act=com.google.android.mdd.service.START dat=chimera-action:/... cmp=com.google.android.gms/.chimera.GmsBoundBrokerService }
09-14 22:39:50.685 D/BoundBrokerSvc( 1318): Loading bound service for intent: Intent { act=com.google.android.mdd.service.START dat=chimera-action:/... cmp=com.google.android.gms/.chimera.GmsBoundBrokerService }
09-14 22:39:50.696 W/TooltipLifecycleManager( 1219): TooltipLifecycleManager.dismissTooltips():153 Tooltip with id spell_check_add_to_dictionary not found in tooltipManager.
09-14 22:39:50.728 I/ndroid.systemui(  748): Background concurrent mark compact GC freed 14MB AllocSpace bytes, 0(0B) LOS objects, 49% free, 14MB/28MB, paused 6.028ms,3.737ms total 93.923ms
09-14 22:39:50.756 D/InsetsController(16337): show(ime(), fromIme=true)
09-14 22:39:50.792 D/BoundBrokerSvc( 1318): onBind: Intent { act=com.google.android.gms.common.BIND_SHARED_PREFS pkg=com.google.android.gms }
09-14 22:39:50.805 D/BoundBrokerSvc( 1318): Loading bound service for intent: Intent { act=com.google.android.gms.common.BIND_SHARED_PREFS pkg=com.google.android.gms }
09-14 22:39:50.835 D/BoundBrokerSvc( 1318): onBind: Intent { act=com.google.android.gms.wallet.service.BIND pkg=com.google.android.gms }
09-14 22:39:50.835 D/BoundBrokerSvc( 1318): Loading bound service for intent: Intent { act=com.google.android.gms.wallet.service.BIND pkg=com.google.android.gms }
09-14 22:39:50.843 I/AssistStructure(  533): Flattened final assist data: 2172 bytes, containing 1 windows, 17 views
09-14 22:39:50.876 D/BoundBrokerSvc( 1318): onBind: Intent { act=com.google.android.gms.chromesync.service.zeroparty.START dat=chimera-action:/... cmp=com.google.android.gms/.chimera.GmsApiService }
09-14 22:39:50.876 D/BoundBrokerSvc( 1318): Loading bound service for intent: Intent { act=com.google.android.gms.chromesync.service.zeroparty.START dat=chimera-action:/... cmp=com.google.android.gms/.chimera.GmsApiService }
09-14 22:39:50.890 D/BoundBrokerSvc( 1318): onBind: Intent { act=com.google.android.gms.auth.api.phone.service.SmsRetrieverApiService.START dat=chimera-action:/... cmp=com.google.android.gms/.chimera.GmsApiService }
09-14 22:39:50.890 D/BoundBrokerSvc( 1318): Loading bound service for intent: Intent { act=com.google.android.gms.auth.api.phone.service.SmsRetrieverApiService.START dat=chimera-action:/... cmp=com.google.android.gms/.chimera.GmsApiService }
09-14 22:39:50.941 D/BoundBrokerSvc( 1176): onRebind: Intent { act=com.google.android.gms.auth.aang.events.services.START dat=chimera-action:/... cmp=com.google.android.gms/.chimera.PersistentApiService }
09-14 22:39:50.948 W/ammy    ( 1176): Failed to retrieve prediction data. [CONTEXT service_id=177 ]
09-14 22:39:50.948 W/ammy    ( 1176): java.util.concurrent.ExecutionException: fish: No data was found for the table autofill-domain-predictions-prod-spanner.
09-14 22:39:50.948 W/ammy    ( 1176): 	at gjrh.j(:com.google.android.gms@253133032@25.31.33 (190800-795226510):21)
09-14 22:39:50.948 W/ammy    ( 1176): 	at gjrq.v(:com.google.android.gms@253133032@25.31.33 (190800-795226510):31)
09-14 22:39:50.948 W/ammy    ( 1176): 	at gjrh.get(:com.google.android.gms@253133032@25.31.33 (190800-795226510):2)
09-14 22:39:50.948 W/ammy    ( 1176): 	at ammy.e(:com.google.android.gms@253133032@25.31.33 (190800-795226510):81)
09-14 22:39:50.948 W/ammy    ( 1176): 	at ammy.a(:com.google.android.gms@253133032@25.31.33 (190800-795226510):124)
09-14 22:39:50.948 W/ammy    ( 1176): 	at amki.call(:com.google.android.gms@253133032@25.31.33 (190800-795226510):5)
09-14 22:39:50.948 W/ammy    ( 1176): 	at java.util.concurrent.FutureTask.run(FutureTask.java:317)
09-14 22:39:50.948 W/ammy    ( 1176): 	at bash.c(:com.google.android.gms@253133032@25.31.33 (190800-795226510):50)
09-14 22:39:50.948 W/ammy    ( 1176): 	at bash.run(:com.google.android.gms@253133032@25.31.33 (190800-795226510):70)
09-14 22:39:50.948 W/ammy    ( 1176): 	at java.util.concurrent.ThreadPoolExecutor.runWorker(ThreadPoolExecutor.java:1156)
09-14 22:39:50.948 W/ammy    ( 1176): 	at java.util.concurrent.ThreadPoolExecutor$Worker.run(ThreadPoolExecutor.java:651)
09-14 22:39:50.948 W/ammy    ( 1176): 	at baya.run(:com.google.android.gms@253133032@25.31.33 (190800-795226510):8)
09-14 22:39:50.948 W/ammy    ( 1176): 	at java.lang.Thread.run(Thread.java:1119)
09-14 22:39:50.948 W/ammy    ( 1176): Caused by: fish: No data was found for the table autofill-domain-predictions-prod-spanner.
09-14 22:39:50.948 W/ammy    ( 1176): 	at fisy.a(:com.google.android.gms@253133032@25.31.33 (190800-795226510):217)
09-14 22:39:50.948 W/ammy    ( 1176): 	at gjrs.d(:com.google.android.gms@253133032@25.31.33 (190800-795226510):3)
09-14 22:39:50.948 W/ammy    ( 1176): 	at gjru.run(:com.google.android.gms@253133032@25.31.33 (190800-795226510):38)
09-14 22:39:50.948 W/ammy    ( 1176): 	at gjtg.execute(:com.google.android.gms@253133032@25.31.33 (190800-795226510):1)
09-14 22:39:50.948 W/ammy    ( 1176): 	at gjrh.f(:com.google.android.gms@253133032@25.31.33 (190800-795226510):1)
09-14 22:39:50.948 W/ammy    ( 1176): 	at gjrh.m(:com.google.android.gms@253133032@25.31.33 (190800-795226510):99)
09-14 22:39:50.948 W/ammy    ( 1176): 	at gjrh.t(:com.google.android.gms@253133032@25.31.33 (190800-795226510):26)
09-14 22:39:50.948 W/ammy    ( 1176): 	at gjrs.e(:com.google.android.gms@253133032@25.31.33 (190800-795226510):3)
09-14 22:39:50.948 W/ammy    ( 1176): 	at gjru.run(:com.google.android.gms@253133032@25.31.33 (190800-795226510):44)
09-14 22:39:50.948 W/ammy    ( 1176): 	at gjtg.execute(:com.google.android.gms@253133032@25.31.33 (190800-795226510):1)
09-14 22:39:50.948 W/ammy    ( 1176): 	at gjrh.f(:com.google.android.gms@253133032@25.31.33 (190800-795226510):1)
09-14 22:39:50.948 W/ammy    ( 1176): 	at gjrh.m(:com.google.android.gms@253133032@25.31.33 (190800-795226510):99)
09-14 22:39:50.948 W/ammy    ( 1176): 	at gjrh.q(:com.google.android.gms@253133032@25.31.33 (190800-795226510):13)
09-14 22:39:50.948 W/ammy    ( 1176): 	at gjqz.run(:com.google.android.gms@253133032@25.31.33 (190800-795226510):120)
09-14 22:39:50.948 W/ammy    ( 1176): 	at gjtg.execute(:com.google.android.gms@253133032@25.31.33 (190800-795226510):1)
09-14 22:39:50.948 W/ammy    ( 1176): 	at gjrh.f(:com.google.android.gms@253133032@25.31.33 (190800-795226510):1)
09-14 22:39:50.948 W/ammy    ( 1176): 	at gjrh.m(:com.google.android.gms@253133032@25.31.33 (190800-795226510):99)
09-14 22:39:50.948 W/ammy    ( 1176): 	at gjrh.q(:com.google.android.gms@253133032@25.31.33 (190800-795226510):13)
09-14 22:39:50.948 W/ammy    ( 1176): 	at gjrt.e(:com.google.android.gms@253133032@25.31.33 (190800-795226510):1)
09-14 22:39:50.948 W/ammy    ( 1176): 	at gjru.run(:com.google.android.gms@253133032@25.31.33 (190800-795226510):44)
09-14 22:39:50.948 W/ammy    ( 1176): 	at gjtg.execute(:com.google.android.gms@253133032@25.31.33 (190800-795226510):1)
09-14 22:39:50.948 W/ammy    ( 1176): 	at gjrh.f(:com.google.android.gms@253133032@25.31.33 (190800-795226510):1)
09-14 22:39:50.948 W/ammy    ( 1176): 	at gjrh.m(:com.google.android.gms@253133032@25.31.33 (190800-795226510):99)
09-14 22:39:50.948 W/ammy    ( 1176): 	at gjrh.q(:com.google.android.gms@253133032@25.31.33 (190800-795226510):13)
09-14 22:39:50.948 W/ammy    ( 1176): 	at gjqz.run(:com.google.android.gms@253133032@25.31.33 (190800-795226510):120)
09-14 22:39:50.948 W/ammy    ( 1176): 	at gjtg.execute(:com.google.android.gms@253133032@25.31.33 (190800-795226510):1)
09-14 22:39:50.948 W/ammy    ( 1176): 	at gjrh.f(:com.google.android.gms@253133032@25.31.33 (190800-795226510):1)
09-14 22:39:50.948 W/ammy    ( 1176): 	at gjrh.m(:com.google.android.gms@253133032@25.31.33 (190800-795226510):99)
09-14 22:39:50.948 W/ammy    ( 1176): 	at gjrh.q(:com.google.android.gms@253133032@25.31.33 (190800-795226510):13)
09-14 22:39:50.948 W/ammy    ( 1176): 	at gjrt.e(:com.google.android.gms@253133032@25.31.33 (190800-795226510):1)
09-14 22:39:50.948 W/ammy    ( 1176): 	at gjru.run(:com.google.android.gms@253133032@25.31.33 (190800-795226510):44)
09-14 22:39:50.948 W/ammy    ( 1176): 	at gjtg.execute(:com.google.android.gms@253133032@25.31.33 (190800-795226510):1)
09-14 22:39:50.948 W/ammy    ( 1176): 	at gjrh.f(:com.google.android.gms@253133032@25.31.33 (190800-795226510):1)
09-14 22:39:50.948 W/ammy    ( 1176): 	at gjrh.m(:com.google.android.gms@253133032@25.31.33 (190800-795226510):99)
09-14 22:39:50.948 W/ammy    ( 1176): 	at gjrh.t(:com.google.android.gms@253133032@25.31.33 (190800-795226510):26)
09-14 22:39:50.948 W/ammy    ( 1176): 	at gjud.run(:com.google.android.gms@253133032@25.31.33 (190800-795226510):5)
09-14 22:39:50.948 W/ammy    ( 1176): 	at gjtg.execute(:com.google.android.gms@253133032@25.31.33 (190800-795226510):1)
09-14 22:39:50.948 W/ammy    ( 1176): 	at gjrh.f(:com.google.android.gms@253133032@25.31.33 (190800-795226510):1)
09-14 22:39:50.948 W/ammy    ( 1176): 	at gjrh.m(:com.google.android.gms@253133032@25.31.33 (190800-795226510):99)
09-14 22:39:50.948 W/ammy    ( 1176): 	at gjrh.t(:com.google.android.gms@253133032@25.31.33 (190800-795226510):26)
09-14 22:39:50.948 W/ammy    ( 1176): 	at gjrs.e(:com.google.android.gms@253133032@25.31.33 (190800-795226510):3)
09-14 22:39:50.948 W/ammy    ( 1176): 	at gjru.run(:com.google.android.gms@253133032@25.31.33 (190800-795226510):44)
09-14 22:39:50.948 W/ammy    ( 1176): 	at gjvj.run(:com.google.android.gms@253133032@25.31.33 (190800-795226510):64)
09-14 22:39:50.948 W/ammy    ( 1176): 	... 6 more
09-14 22:39:50.976 I/amju    ( 1176): (REDACTED) Detector ignoring field with types: %s
09-14 22:39:51.011 I/SyncManager( 1318): (REDACTED) Executing sync(type=%s%s)
09-14 22:39:51.021 I/PasswordSaveInfoFactory( 1176): Form has a username and is not a password only form. [CONTEXT service_id=177 ]
09-14 22:39:51.021 I/PasswordSaveInfoFactory( 1176): Form is not a password only form. [CONTEXT service_id=177 ]
09-14 22:39:51.021 I/UsernameSaveInfoFactory( 1176): Form has a password and is not a username only form. [CONTEXT service_id=177 ]
09-14 22:39:51.108 I/SyncManager( 1318): (REDACTED) Executing sync(type=%s) finished in %s
09-14 22:39:51.123 I/SyncManager( 1318): (REDACTED) Executing sync(type=%s%s)
09-14 22:39:51.125 I/SyncManager( 1318): (REDACTED) Executing sync(type=%s) finished in %s
09-14 22:39:51.133 I/SyncManager( 1318): (REDACTED) Executing sync(type=%s%s)
09-14 22:39:51.133 I/SyncManager( 1318): (REDACTED) Executing sync(type=%s) finished in %s
09-14 22:39:51.137 I/SyncManager( 1318): (REDACTED) Executing sync(type=%s%s)
09-14 22:39:51.139 I/SyncManager( 1318): (REDACTED) Executing sync(type=%s) finished in %s
09-14 22:39:51.152 I/SyncManager( 1318): (REDACTED) Executing sync(type=%s%s)
09-14 22:39:51.153 I/SyncManager( 1318): (REDACTED) Executing sync(type=%s) finished in %s
09-14 22:39:51.294 I/SyncManager( 1318): (REDACTED) Executing sync(type=%s%s)
09-14 22:39:51.301 I/SyncManager( 1318): (REDACTED) Executing sync(type=%s) finished in %s
09-14 22:39:51.331 D/BoundBrokerSvc( 1318): onBind: Intent { act=com.google.android.gms.auth.api.credentials.internal_service.START dat=chimera-action:/... cmp=com.google.android.gms/.chimera.GmsInternalBoundBrokerService }
09-14 22:39:51.331 D/BoundBrokerSvc( 1318): Loading bound service for intent: Intent { act=com.google.android.gms.auth.api.credentials.internal_service.START dat=chimera-action:/... cmp=com.google.android.gms/.chimera.GmsInternalBoundBrokerService }
09-14 22:39:51.339 D/AutofillSession(  533): Service did not request to wait for delayed fill response.
09-14 22:39:51.996 D/BoundBrokerSvc( 1176): onRebind: Intent { act=com.google.android.gms.libs.gmscorelogger.service.START dat=chimera-action:/... cmp=com.google.android.gms/.chimera.PersistentDirectBootAwareApiService }
09-14 22:39:52.162 D/EGL_emulation(16337): app_time_stats: avg=183.47ms min=2.82ms max=500.65ms count=8
09-14 22:39:53.162 D/EGL_emulation(16337): app_time_stats: avg=500.02ms min=498.45ms max=501.60ms count=2
09-14 22:39:54.324 E/NotificationCenter( 1219): NotificationCenter.registerListenerInternal():378 Listener mck@609b138 is already registered for notification class lnz
09-14 22:39:54.326 I/Delight5Decoder( 1219): Delight5DecoderWrapper.setKeyboardLayout():537 setKeyboardLayout()
09-14 22:39:54.338 W/TooltipLifecycleManager( 1219): TooltipLifecycleManager.dismissTooltips():153 Tooltip with id SUGGESTION_VIEW_EDU_MINI_DIALOG not found in tooltipManager.
09-14 22:39:54.350 D/EGL_emulation(16337): app_time_stats: avg=395.97ms min=188.30ms max=500.60ms count=3
09-14 22:39:54.353 E/NotificationCenter( 1219): NotificationCenter.registerListenerInternal():378 Listener mck@609b138 is already registered for notification class lnz
09-14 22:39:54.591 E/NotificationCenter( 1219): NotificationCenter.registerListenerInternal():378 Listener mck@609b138 is already registered for notification class lnz
09-14 22:39:54.593 W/TooltipLifecycleManager( 1219): TooltipLifecycleManager.dismissTooltips():153 Tooltip with id SUGGESTION_VIEW_EDU_MINI_DIALOG not found in tooltipManager.
09-14 22:39:54.595 E/NotificationCenter( 1219): NotificationCenter.registerListenerInternal():378 Listener mck@609b138 is already registered for notification class lnz
09-14 22:39:54.840 E/NotificationCenter( 1219): NotificationCenter.registerListenerInternal():378 Listener mck@609b138 is already registered for notification class lnz
09-14 22:39:54.842 W/TooltipLifecycleManager( 1219): TooltipLifecycleManager.dismissTooltips():153 Tooltip with id SUGGESTION_VIEW_EDU_MINI_DIALOG not found in tooltipManager.
09-14 22:39:54.847 E/NotificationCenter( 1219): NotificationCenter.registerListenerInternal():378 Listener mck@609b138 is already registered for notification class lnz
09-14 22:39:55.199 E/NotificationCenter( 1219): NotificationCenter.registerListenerInternal():378 Listener mck@609b138 is already registered for notification class lnz
09-14 22:39:55.201 W/TooltipLifecycleManager( 1219): TooltipLifecycleManager.dismissTooltips():153 Tooltip with id SUGGESTION_VIEW_EDU_MINI_DIALOG not found in tooltipManager.
09-14 22:39:55.204 E/NotificationCenter( 1219): NotificationCenter.registerListenerInternal():378 Listener mck@609b138 is already registered for notification class lnz
09-14 22:39:55.779 D/EGL_emulation(16337): app_time_stats: avg=158.61ms min=10.69ms max=514.10ms count=9
09-14 22:39:56.341 I/.gms.persistent( 1176): oneway function results for code 1 on binder at 0x728ad890bcd0 will be dropped but finished with status UNKNOWN_TRANSACTION and reply parcel size 80
09-14 22:39:56.779 D/EGL_emulation(16337): app_time_stats: avg=499.90ms min=499.35ms max=500.45ms count=2
09-14 22:39:58.279 D/EGL_emulation(16337): app_time_stats: avg=500.12ms min=498.62ms max=502.14ms count=3
09-14 22:39:59.778 D/EGL_emulation(16337): app_time_stats: avg=499.59ms min=498.22ms max=500.31ms count=3
09-14 22:39:59.911 W/PresentationStatsEventLogger(  533): Shouldn't be logging AutofillPresentationEventReported again for same event
09-14 22:39:59.913 I/GoogleInputMethodService( 1219): GoogleInputMethodService.onFinishInputView():1540 onFinishInputView(true)
09-14 22:39:59.913 D/InputMethodManager(16337): showSoftInput() view=com.facebook.react.views.textinput.ReactEditText{9bb0bd5 VFED..CL. .F....ID 0,11-802,116 #af aid=1073741826} flags=0 reason=SHOW_SOFT_INPUT
09-14 22:39:59.913 I/GlobeKeyExtension( 1219): GlobeKeyExtension.onDeactivate():144 
09-14 22:39:59.913 I/VoiceInputManagerWrapper( 1219): VoiceInputManagerWrapper.shutdown():131 shutdown()
09-14 22:39:59.914 I/HardKeyTracker( 1219): HardKeyTracker.unregisterKeySequence():221 Unregister key sequence ndp{labelResId=2132020465, callback=gbl@f1f5a69, lastModifier=2, keyCodes=[62], actions=[0]}
09-14 22:39:59.914 W/ExtensionWrapper( 1219): ExtensionWrapper.setAllowUpdateNavigationBarStyle():818 class jpb is not activate
09-14 22:39:59.916 W/ExtensionWrapper( 1219): ExtensionWrapper.setAllowUpdateNavigationBarStyle():818 class jpb is not activate
09-14 22:39:59.917 W/RemoteInputConnectionImpl(16337): requestCursorAnchorInfo on inactive InputConnection
09-14 22:39:59.918 W/TooltipLifecycleManager( 1219): TooltipLifecycleManager.dismissTooltips():153 Tooltip with id spell_check_add_to_dictionary not found in tooltipManager.
09-14 22:39:59.919 I/InputBundle( 1219): InputBundle.consumeEvent():1005 Skip consuming an event as keyboard status is 0
09-14 22:39:59.923 W/ModuleManager( 1219): ModuleManager.loadModule():567 Module nyz is not available
09-14 22:39:59.923 I/AndroidIME( 1219): AbstractIme.onDeactivate():216 LatinIme.onDeactivate()
09-14 22:39:59.926 I/GoogleInputMethodService( 1219): GoogleInputMethodService.onFinishInput():2054 
09-14 22:39:59.928 I/Module  ( 1219): DeviceLockedStatusModuleProvider$Module.updateDeviceLockedStatus():100 repeatCheckTimes = 0, locked = false
09-14 22:39:59.929 I/NebulaeTrainingCacheMetricsProcessor( 1219): NebulaeTrainingCacheMetricsProcessor.processEndSession():510 No input action collection in this session, skip logging.
09-14 22:39:59.930 W/TooltipLifecycleManager( 1219): TooltipLifecycleManager.dismissTooltips():153 Tooltip with id SUGGESTION_VIEW_EDU_MINI_DIALOG not found in tooltipManager.
09-14 22:39:59.931 I/GoogleInputMethodService( 1219): GoogleInputMethodService.onStartInput():1315 onStartInput(EditorInfo{EditorInfo{packageName=com.app.uprise.debug, inputType=80081, inputTypeString=Password[NoSuggestion], enableLearning=false, autoCorrection=false, autoComplete=true, imeOptions=4000006, privateImeOptions=null, actionName=DONE, actionLabel=null, initialSelStart=0, initialSelEnd=0, initialCapsMode=0, label=null, fieldId=175, fieldName=null, extras=null, hintText=non-empty, hintLocales=[]}}, false)
09-14 22:39:59.931 I/HardKeyTracker( 1219): HardKeyTracker.unregisterKeySequence():221 Unregister key sequence ndp{labelResId=0, callback=gbl@af6781e, lastModifier=0, keyCodes=[57, 57], actions=[1, 0]}
09-14 22:39:59.931 I/HardKeyTracker( 1219): HardKeyTracker.unregisterKeySequence():221 Unregister key sequence ndp{labelResId=0, callback=gbl@e231d15, lastModifier=0, keyCodes=[58, 58], actions=[1, 0]}
09-14 22:39:59.932 I/Module  ( 1219): DeviceLockedStatusModuleProvider$Module.updateDeviceLockedStatus():100 repeatCheckTimes = 1, locked = false
09-14 22:39:59.933 I/GoogleInputMethodService( 1219): GoogleInputMethodService.onStartInputView():1408 onStartInputView(EditorInfo{EditorInfo{packageName=com.app.uprise.debug, inputType=80081, inputTypeString=Password[NoSuggestion], enableLearning=false, autoCorrection=false, autoComplete=true, imeOptions=4000006, privateImeOptions=null, actionName=DONE, actionLabel=null, initialSelStart=0, initialSelEnd=0, initialCapsMode=0, label=null, fieldId=175, fieldName=null, extras=null, hintText=non-empty, hintLocales=[]}}, false)
09-14 22:39:59.933 W/ModuleManager( 1219): ModuleManager.loadModule():567 Module nfr is not available
09-14 22:39:59.933 I/KeyboardHeightUtil( 1219): KeyboardHeightUtil.getOemKeyboardHeightRatio():108 systemKeyboardHeightRatio:1.000000.
09-14 22:39:59.936 D/CoreBackPreview(  533): Window{98be6e9 u0 com.app.uprise.debug/com.app.uprise.MainActivity}: Setting back callback OnBackInvokedCallbackInfo{mCallback=android.window.IOnBackInvokedCallback$Stub$Proxy@2040ec8, mPriority=0}
09-14 22:39:59.936 I/OnDeviceWmrCalculator( 1219): OnDeviceWmrCalculator.calculateWmr():94 WMR: 0.0000 (0 / 1)
09-14 22:39:59.941 I/AndroidIME( 1219): InputBundleManager.loadActiveInputBundleId():528 loadActiveInputBundleId: und-Latn-x-password, password
09-14 22:39:59.941 I/AndroidIME( 1219): AbstractIme.onActivate():96 PasswordIme.onActivate() : EditorInfo = EditorInfo{packageName=com.app.uprise.debug, inputType=80081, inputTypeString=Password[NoSuggestion], enableLearning=false, autoCorrection=false, autoComplete=true, imeOptions=4000006, privateImeOptions=null, actionName=DONE, actionLabel=null, initialSelStart=0, initialSelEnd=0, initialCapsMode=0, label=null, fieldId=175, fieldName=null, extras=null, hintText=non-empty, hintLocales=[]}, IncognitoMode = false, DeviceLocked = false
09-14 22:39:59.941 I/KeyboardWrapper( 1219): KeyboardWrapper.activateKeyboard():580 activateKeyboard(): type=accessory, status=0, imeDef=mib{stringId=password, language=und-Latn-x-password, languageTag=und-Latn-x-password, processedConditions={writing_helper_enable_by_word_revert=false, enable_access_points_in_password_number=true, variant=qwerty, true=true, language=en-US, enable_number_row=true, device=phone, enable_number_row_in_password=true, enable_pk_simulator=false}, className=com.google.android.libraries.inputmethod.ime.password.PasswordIme, label=2132019263, keyEventInterpreter=null, inlineComposing=true, autoCapital=true, announceAutoSelectedCandidate=true, statusIcon=0, indicatorIcon=0, indicatorLabel=null, displayAppCompletions=false, extraValues=mhu{}, processors=mjs@513e038, unacceptableMetaKeys=4098, languageSpecificSettings=0, asciiCapable=false, alwaysShowSuggestions=false, useAsciiPasswordKeyboard=false, keyboardGroupDef=mjb@b17b811, phenotypeFlagId=0, localizationLanguageTag=null, supportsInlineSuggestion=false}
09-14 22:39:59.941 I/KeyboardManager( 1219): KeyboardManager.requestKeyboard():248 Creating keyboard accessory, imeId=password, cacheKey=theme,!gsf,!pgsans,!pgsf,!use_system_font,BORDER,FLAVOR_DPI=XXHDPI,GOOGLE_ICONS,IS_LIGHT,KEYBOARD_WIDTH_CATEGORY=NORMAL,KEY_BORDER_SHAPE=1,LIGHT_THEME=true,PHYSICAL_DIAGONAL=5.9809904,POPUP,SCREEN_SHORTEST_WIDTH=411,SCREEN_SHORTEST_WIDTH_NO_SCALE=411,SW400DP,XXHDPI,bottom4dp,enable_google_fonts_icons=true,enable_popup_on_keypress=true,keyboard_redesign_google_sans=true,noshadow,overlay_builtin_dynamic_color_light_base.binarypb:gm3-light-fff6faff-ff00668b-56f817bf6f42ccf90a80ef5515de5bdc,silkpopup
09-14 22:39:59.941 I/KeyboardWrapper( 1219): KeyboardWrapper.onKeyboardReady():223 onKeyboardReady(): type=accessory(accessory), kb=com.google.android.libraries.inputmethod.keyboard.impl.Keyboard@d2dfd38
09-14 22:39:59.942 I/KeyboardWrapper( 1219): KeyboardWrapper.doActivateKeyboard():610 doActivateKeyboard(): accessory
09-14 22:39:59.942 W/Keyboard( 1219): Keyboard.getKeyboardViewHelper():591 null helper is returned: keyboardDef=miv{processedConditions={}, globalConditions={}, className=com.google.android.libraries.inputmethod.keyboard.impl.Keyboard, resourceIds=[#0x7f17004d], initialStates=0, keyboardViewDefs=[], persistentStates=0, persistentStatesPrefKey=null, popupBubbleLayoutId=0, recentKeyLayoutId=0, recentKeyPopupLayoutId=0, recentKeyType=null, rememberRecentKey=NONE, sessionStates=0}, type=HEADER, helpersCreated=[null, null, null, null], context.getResources().getConfiguration(): {1.0 310mcc260mnc [en_US] ldltr sw411dp w411dp h840dp 420dpi nrml long port finger qwerty/v/v dpad/v winConfig={ mBounds=Rect(0, 0 - 1080, 2400) mAppBounds=Rect(0, 132 - 1080, 2337) mMaxBounds=Rect(0, 0 - 1080, 2400) mDisplayRotation=ROTATION_0 mWindowingMode=fullscreen mDisplayWindowingMode=fullscreen mActivityType=undefined mAlwaysOnTop=undefined mRotation=ROTATION_0} as.3 s.72 fontWeightAdjustment=0}
09-14 22:39:59.944 W/Keyboard( 1219): Keyboard.getKeyboardViewHelper():591 null helper is returned: keyboardDef=miv{processedConditions={}, globalConditions={}, className=com.google.android.libraries.inputmethod.keyboard.impl.Keyboard, resourceIds=[#0x7f17004d], initialStates=0, keyboardViewDefs=[], persistentStates=0, persistentStatesPrefKey=null, popupBubbleLayoutId=0, recentKeyLayoutId=0, recentKeyPopupLayoutId=0, recentKeyType=null, rememberRecentKey=NONE, sessionStates=0}, type=BODY, helpersCreated=[null, null, null, null], context.getResources().getConfiguration(): {1.0 310mcc260mnc [en_US] ldltr sw411dp w411dp h840dp 420dpi nrml long port finger qwerty/v/v dpad/v winConfig={ mBounds=Rect(0, 0 - 1080, 2400) mAppBounds=Rect(0, 132 - 1080, 2337) mMaxBounds=Rect(0, 0 - 1080, 2400) mDisplayRotation=ROTATION_0 mWindowingMode=fullscreen mDisplayWindowingMode=fullscreen mActivityType=undefined mAlwaysOnTop=undefined mRotation=ROTATION_0} as.3 s.72 fontWeightAdjustment=0}
09-14 22:39:59.945 I/GlobeKeyExtension( 1219): GlobeKeyExtension.getKeyboardInitialStates():175 
09-14 22:39:59.947 W/Keyboard( 1219): Keyboard.getKeyboardViewHelper():591 null helper is returned: keyboardDef=miv{processedConditions={}, globalConditions={}, className=com.google.android.libraries.inputmethod.keyboard.impl.Keyboard, resourceIds=[#0x7f17004d], initialStates=0, keyboardViewDefs=[], persistentStates=0, persistentStatesPrefKey=null, popupBubbleLayoutId=0, recentKeyLayoutId=0, recentKeyPopupLayoutId=0, recentKeyType=null, rememberRecentKey=NONE, sessionStates=0}, type=HEADER, helpersCreated=[null, null, null, null], context.getResources().getConfiguration(): {1.0 310mcc260mnc [en_US] ldltr sw411dp w411dp h840dp 420dpi nrml long port finger qwerty/v/v dpad/v winConfig={ mBounds=Rect(0, 0 - 1080, 2400) mAppBounds=Rect(0, 132 - 1080, 2337) mMaxBounds=Rect(0, 0 - 1080, 2400) mDisplayRotation=ROTATION_0 mWindowingMode=fullscreen mDisplayWindowingMode=fullscreen mActivityType=undefined mAlwaysOnTop=undefined mRotation=ROTATION_0} as.3 s.72 fontWeightAdjustment=0}
09-14 22:39:59.947 W/Keyboard( 1219): Keyboard.getKeyboardViewHelper():591 null helper is returned: keyboardDef=miv{processedConditions={}, globalConditions={}, className=com.google.android.libraries.inputmethod.keyboard.impl.Keyboard, resourceIds=[#0x7f17004d], initialStates=0, keyboardViewDefs=[], persistentStates=0, persistentStatesPrefKey=null, popupBubbleLayoutId=0, recentKeyLayoutId=0, recentKeyPopupLayoutId=0, recentKeyType=null, rememberRecentKey=NONE, sessionStates=0}, type=BODY, helpersCreated=[null, null, null, null], context.getResources().getConfiguration(): {1.0 310mcc260mnc [en_US] ldltr sw411dp w411dp h840dp 420dpi nrml long port finger qwerty/v/v dpad/v winConfig={ mBounds=Rect(0, 0 - 1080, 2400) mAppBounds=Rect(0, 132 - 1080, 2337) mMaxBounds=Rect(0, 0 - 1080, 2400) mDisplayRotation=ROTATION_0 mWindowingMode=fullscreen mDisplayWindowingMode=fullscreen mActivityType=undefined mAlwaysOnTop=undefined mRotation=ROTATION_0} as.3 s.72 fontWeightAdjustment=0}
09-14 22:39:59.948 W/Keyboard( 1219): Keyboard.getKeyboardViewHelper():591 null helper is returned: keyboardDef=miv{processedConditions={}, globalConditions={}, className=com.google.android.libraries.inputmethod.keyboard.impl.Keyboard, resourceIds=[#0x7f17004d], initialStates=0, keyboardViewDefs=[], persistentStates=0, persistentStatesPrefKey=null, popupBubbleLayoutId=0, recentKeyLayoutId=0, recentKeyPopupLayoutId=0, recentKeyType=null, rememberRecentKey=NONE, sessionStates=0}, type=FLOATING_CANDIDATES, helpersCreated=[null, null, null, null], context.getResources().getConfiguration(): {1.0 310mcc260mnc [en_US] ldltr sw411dp w411dp h840dp 420dpi nrml long port finger qwerty/v/v dpad/v winConfig={ mBounds=Rect(0, 0 - 1080, 2400) mAppBounds=Rect(0, 132 - 1080, 2337) mMaxBounds=Rect(0, 0 - 1080, 2400) mDisplayRotation=ROTATION_0 mWindowingMode=fullscreen mDisplayWindowingMode=fullscreen mActivityType=undefined mAlwaysOnTop=undefined mRotation=ROTATION_0} as.3 s.72 fontWeightAdjustment=0}
09-14 22:39:59.948 W/Keyboard( 1219): Keyboard.getKeyboardViewHelper():591 null helper is returned: keyboardDef=miv{processedConditions={}, globalConditions={}, className=com.google.android.libraries.inputmethod.keyboard.impl.Keyboard, resourceIds=[#0x7f17004d], initialStates=0, keyboardViewDefs=[], persistentStates=0, persistentStatesPrefKey=null, popupBubbleLayoutId=0, recentKeyLayoutId=0, recentKeyPopupLayoutId=0, recentKeyType=null, rememberRecentKey=NONE, sessionStates=0}, type=WIDGET, helpersCreated=[null, null, null, null], context.getResources().getConfiguration(): {1.0 310mcc260mnc [en_US] ldltr sw411dp w411dp h840dp 420dpi nrml long port finger qwerty/v/v dpad/v winConfig={ mBounds=Rect(0, 0 - 1080, 2400) mAppBounds=Rect(0, 132 - 1080, 2337) mMaxBounds=Rect(0, 0 - 1080, 2400) mDisplayRotation=ROTATION_0 mWindowingMode=fullscreen mDisplayWindowingMode=fullscreen mActivityType=undefined mAlwaysOnTop=undefined mRotation=ROTATION_0} as.3 s.72 fontWeightAdjustment=0}
09-14 22:39:59.949 I/KeyboardManager( 1219): KeyboardManager.requestKeyboard():248 Creating keyboard accessory_candidates_consumer, imeId=password, cacheKey=theme,!gsf,!pgsans,!pgsf,!use_system_font,BORDER,FLAVOR_DPI=XXHDPI,GOOGLE_ICONS,IS_LIGHT,KEYBOARD_WIDTH_CATEGORY=NORMAL,KEY_BORDER_SHAPE=1,LIGHT_THEME=true,PHYSICAL_DIAGONAL=5.9809904,POPUP,SCREEN_SHORTEST_WIDTH=411,SCREEN_SHORTEST_WIDTH_NO_SCALE=411,SW400DP,XXHDPI,bottom4dp,enable_google_fonts_icons=true,enable_popup_on_keypress=true,keyboard_redesign_google_sans=true,noshadow,overlay_builtin_dynamic_color_light_base.binarypb:gm3-light-fff6faff-ff00668b-56f817bf6f42ccf90a80ef5515de5bdc,silkpopup
09-14 22:39:59.950 I/GlobeKeyExtension( 1219): GlobeKeyExtension.getKeyboardInitialStates():175 
09-14 22:39:59.951 W/Keyboard( 1219): Keyboard.getKeyboardViewHelper():591 null helper is returned: keyboardDef=miv{processedConditions={}, globalConditions={global_theme_key=theme,!gsf,!pgsans,!pgsf,!use_system_font,BORDER,FLAVOR_DPI=XXHDPI,GOOGLE_ICONS,IS_LIGHT,KEYBOARD_WIDTH_CATEGORY=NORMAL,KEY_BORDER_SHAPE=1,LIGHT_THEME=true,PHYSICAL_DIAGONAL=5.9809904,POPUP,SCREEN_SHORTEST_WIDTH=411,SCREEN_SHORTEST_WIDTH_NO_SCALE=411,SW400DP,XXHDPI,bottom4dp,enable_google_fonts_icons=true,enable_popup_on_keypress=true,keyboard_redesign_google_sans=true,noshadow,overlay_builtin_dynamic_color_light_base.binarypb:gm3-light-fff6faff-ff00668b-56f817bf6f42ccf90a80ef5515de5bdc,silkpopup, global_locale=en_US, global_density_dpi=420, global_orientation=1}, className=.latin.keyboard.AccessoryKeyboard, resourceIds=[#0x7f17004c], initialStates=0, keyboardViewDefs=[mjj{direction=null, id=#0x7f0b020d, isScalable=false, layoutId=#0x7f0e0032, type=FLOATING_CANDIDATES, touchable=true, defaultShow=false}], persistentStates=0, persistentStatesPrefKey=null, popupBubbleLayoutId=#0x7f0e05ed, recentKeyLayoutId=0, recentKeyPopupLayoutId=0, recentKeyType=null, rememberRecentKey=NONE, sessionStates=0}, type=HEADER, helpersCreated=[null, null, lvj@49f941a, null], context.getResources().getConfiguration(): {1.0 310mcc260mnc [en_US] ldltr sw411dp w411dp h840dp 420dpi nrml long port finger qwerty/v/v dpad/v winConfig={ mBounds=Rect(0, 0 - 1080, 2400) mAppBounds=Rect(0, 132 - 1080, 2337) mMaxBounds=Rect(0, 0 - 1080, 2400) mDisplayRotation=ROTATION_0 mWindowingMode=fullscreen mDisplayWindowingMode=fullscreen mActivityType=undefined mAlwaysOnTop=undefined mRotation=ROTATION_0} as.3 s.72 fontWeightAdjustment=0}
09-14 22:39:59.952 W/Keyboard( 1219): Keyboard.getKeyboardViewHelper():591 null helper is returned: keyboardDef=miv{processedConditions={}, globalConditions={global_theme_key=theme,!gsf,!pgsans,!pgsf,!use_system_font,BORDER,FLAVOR_DPI=XXHDPI,GOOGLE_ICONS,IS_LIGHT,KEYBOARD_WIDTH_CATEGORY=NORMAL,KEY_BORDER_SHAPE=1,LIGHT_THEME=true,PHYSICAL_DIAGONAL=5.9809904,POPUP,SCREEN_SHORTEST_WIDTH=411,SCREEN_SHORTEST_WIDTH_NO_SCALE=411,SW400DP,XXHDPI,bottom4dp,enable_google_fonts_icons=true,enable_popup_on_keypress=true,keyboard_redesign_google_sans=true,noshadow,overlay_builtin_dynamic_color_light_base.binarypb:gm3-light-fff6faff-ff00668b-56f817bf6f42ccf90a80ef5515de5bdc,silkpopup, global_locale=en_US, global_density_dpi=420, global_orientation=1}, className=.latin.keyboard.AccessoryKeyboard, resourceIds=[#0x7f17004c], initialStates=0, keyboardViewDefs=[mjj{direction=null, id=#0x7f0b020d, isScalable=false, layoutId=#0x7f0e0032, type=FLOATING_CANDIDATES, touchable=true, defaultShow=false}], persistentStates=0, persistentStatesPrefKey=null, popupBubbleLayoutId=#0x7f0e05ed, recentKeyLayoutId=0, recentKeyPopupLayoutId=0, recentKeyType=null, rememberRecentKey=NONE, sessionStates=0}, type=BODY, helpersCreated=[null, null, lvj@49f941a, null], context.getResources().getConfiguration(): {1.0 310mcc260mnc [en_US] ldltr sw411dp w411dp h840dp 420dpi nrml long port finger qwerty/v/v dpad/v winConfig={ mBounds=Rect(0, 0 - 1080, 2400) mAppBounds=Rect(0, 132 - 1080, 2337) mMaxBounds=Rect(0, 0 - 1080, 2400) mDisplayRotation=ROTATION_0 mWindowingMode=fullscreen mDisplayWindowingMode=fullscreen mActivityType=undefined mAlwaysOnTop=undefined mRotation=ROTATION_0} as.3 s.72 fontWeightAdjustment=0}
09-14 22:39:59.954 I/AndroidIME( 1219): InputBundleManager.startInput():358 startInput() with mjf[keyboardType=accessory, payload=null]
09-14 22:39:59.954 I/GlobeKeyExtension( 1219): GlobeKeyExtension.onActivate():120 
09-14 22:39:59.956 W/AutoPasteSuggestionHelper( 1219): AutoPasteSuggestionHelper.setMaxWidthOfChipTextView():1066 Failed to get the width of the proactive suggestion view holder in HEADER.
09-14 22:39:59.956 W/AutoPasteSuggestionHelper( 1219): AutoPasteSuggestionHelper.setMaxWidthOfChipTextView():1066 Failed to get the width of the proactive suggestion view holder in HEADER.
09-14 22:39:59.957 W/AutoPasteSuggestionHelper( 1219): AutoPasteSuggestionHelper.setMaxWidthOfChipTextView():1066 Failed to get the width of the proactive suggestion view holder in WIDGET.
09-14 22:39:59.957 I/ProactiveSuggestionsHolderManager( 1219): ProactiveSuggestionsHolderManager$2.display():216 Requesting to show proactive suggestions: CLIPBOARD PREEMPTIVE_WITH_SUPPRESSION in HEADER
09-14 22:39:59.958 I/ProactiveSuggestionsHolderManager( 1219): ProactiveSuggestionsHolderManager$2.display():228 suggestions CLIPBOARD are pending to show on HEADER
09-14 22:39:59.960 I/ProactiveSuggestionsHolderManager( 1219): ProactiveSuggestionsHolderManager$2.display():216 Requesting to show proactive suggestions: CLIPBOARD PREEMPTIVE_WITH_SUPPRESSION in WIDGET
09-14 22:39:59.960 I/ProactiveSuggestionsHolderManager( 1219): ProactiveSuggestionsHolderManager$2.display():228 suggestions CLIPBOARD are pending to show on WIDGET
09-14 22:39:59.961 I/NewLanguagePromptExtension( 1219): NewLanguagePromptExtension.onActivate():189 Not activated NewLanguagePromptExtension: not a normal text input box.
09-14 22:39:59.962 I/HardKeyTracker( 1219): HardKeyTracker.unregisterKeySequence():221 Unregister key sequence ndp{labelResId=2132020457, callback=cgn@6c11a65, lastModifier=2, keyCodes=[56], actions=[0]}
09-14 22:39:59.963 I/HardKeyTracker( 1219): HardKeyTracker.registerKeySequence():170 Register key sequence ndp{labelResId=2132020457, callback=cgn@9ca58dc, lastModifier=2, keyCodes=[56], actions=[0]}
09-14 22:39:59.964 I/VoiceInputManagerWrapper( 1219): VoiceInputManagerWrapper.cancelShutdown():109 cancelShutdown()
09-14 22:39:59.964 I/VoiceInputManagerWrapper( 1219): VoiceInputManagerWrapper.syncLanguagePacks():121 syncLanguagePacks()
09-14 22:39:59.965 I/VoiceInputManager( 1219): VoiceInputManager.onKeyboardActivated():1120 onKeyboardActivated() [UD]
09-14 22:39:59.967 I/SpeechFactory( 1219): SpeechRecognitionFactory.maybeScheduleAutoPackDownloadForFallback():217 maybeScheduleAutoPackDownloadForFallback()
09-14 22:39:59.967 I/FallbackOnDeviceRecognitionProvider( 1219): FallbackOnDeviceRecognitionProvider.maybeScheduleAutoPackDownload():200 maybeScheduleAutoPackDownload() for language tag en-US
09-14 22:39:59.968 I/PkModeUpdater( 1219): PkModeUpdater.onActivate():74 onActivate true true
09-14 22:39:59.968 I/AccessoryInputModeManager( 1219): AccessoryInputModeManager.onModeStarted():317 Accessory input mode started: PK
09-14 22:39:59.969 W/ExtensionWrapper( 1219): ExtensionWrapper.setAllowUpdateNavigationBarStyle():818 class jpb is not activate
09-14 22:39:59.969 I/WidgetViewShowingController( 1219): WidgetViewShowingController.showWidgetKeyboardInternal():527 Show companion widget
09-14 22:39:59.971 W/ExtensionWrapper( 1219): ExtensionWrapper.setAllowUpdateNavigationBarStyle():818 class jpb is not activate
09-14 22:39:59.971 I/WidgetViewShowingPositionHandler( 1219): WidgetViewShowingPositionHandler.updateAvailableArea():194 update available area Rect(21, 153 - 1059, 2270)
09-14 22:39:59.972 I/HardKeyTracker( 1219): HardKeyTracker.registerKeySequence():170 Register key sequence ndp{labelResId=2132020465, callback=gbl@6d4cd12, lastModifier=2, keyCodes=[62], actions=[0]}
09-14 22:39:59.973 I/KeyboardModeUtils( 1219): KeyboardModeUtils.getKeyboardBottomOffset():435 inch: 0.000000 ydpi: 420.000000 adjustKeyboardBottomByDisplaySize: false currentDensityDpi: 420 defaultDensityDpi: 420 keyboardBottomToScreenPx: 0 keyboardBottomToNavBarPx: -126 navBarHeight: 126
09-14 22:39:59.973 I/KeyboardHeightUtil( 1219): KeyboardHeightUtil.calculateMaxKeyboardBodyHeight():50 leave 281 height for app when ime window height:2142, header height:116 and isFullscreenMode:false, so the max keyboard body height is:1745
09-14 22:39:59.973 I/KeyboardHeightUtil( 1219): KeyboardHeightUtil.calculateMaxKeyboardBodyHeight():50 leave 281 height for app when ime window height:2142, header height:116 and isFullscreenMode:false, so the max keyboard body height is:1745
09-14 22:39:59.974 I/KeyboardHeightUtil( 1219): KeyboardHeightUtil.calculateMaxKeyboardBodyHeight():50 leave 281 height for app when ime window height:2142, header height:116 and isFullscreenMode:false, so the max keyboard body height is:1745
09-14 22:39:59.974 I/KeyboardHeightUtil( 1219): KeyboardHeightUtil.calculateMaxKeyboardBodyHeight():50 leave 281 height for app when ime window height:2142, header height:116 and isFullscreenMode:false, so the max keyboard body height is:1745
09-14 22:39:59.974 W/ExtensionWrapper( 1219): ExtensionWrapper.setExtensionViewVisibility():809 interface lyo is not activate
09-14 22:39:59.976 I/Module  ( 1219): DeviceLockedStatusModuleProvider$Module.updateDeviceLockedStatus():100 repeatCheckTimes = 1, locked = false
09-14 22:39:59.976 I/HardKeyTracker( 1219): HardKeyTracker.unregisterKeySequence():221 Unregister key sequence ndp{labelResId=2132020461, callback=cgn@f573208, lastModifier=2, keyCodes=[48], actions=[0]}
09-14 22:39:59.976 I/HardKeyTracker( 1219): HardKeyTracker.registerKeySequence():170 Register key sequence ndp{labelResId=2132020461, callback=cgn@a43b10c, lastModifier=2, keyCodes=[48], actions=[0]}
09-14 22:39:59.976 I/HardKeyTracker( 1219): HardKeyTracker.unregisterKeySequence():221 Unregister key sequence ndp{labelResId=2132020457, callback=cgn@a8bc2dd, lastModifier=2, keyCodes=[56], actions=[0]}
09-14 22:39:59.976 I/HardKeyTracker( 1219): HardKeyTracker.registerKeySequence():170 Register key sequence ndp{labelResId=2132020457, callback=cgn@62326d1, lastModifier=2, keyCodes=[56], actions=[0]}
09-14 22:39:59.977 I/HardKeyTracker( 1219): HardKeyTracker.unregisterKeySequence():221 Unregister key sequence ndp{labelResId=2132020461, callback=cgn@bc32d9e, lastModifier=2, keyCodes=[48], actions=[0]}
09-14 22:39:59.977 I/HardKeyTracker( 1219): HardKeyTracker.registerKeySequence():170 Register key sequence ndp{labelResId=2132020461, callback=cgn@b669ec2, lastModifier=2, keyCodes=[48], actions=[0]}
09-14 22:39:59.977 I/CurrentMicStatusHolder( 1219): CurrentMicStatusHolder.onStartInputView():81 Current Mic status = {MicIconHidden-PasswordOrNumberOrDateInputType,}
09-14 22:39:59.977 I/HardKeyTracker( 1219): HardKeyTracker.unregisterKeySequence():221 Unregister key sequence ndp{labelResId=2132020462, callback=cgn@a5ee59b, lastModifier=2, keyCodes=[32], actions=[0]}
09-14 22:39:59.977 I/HardKeyTracker( 1219): HardKeyTracker.registerKeySequence():170 Register key sequence ndp{labelResId=2132020462, callback=cgn@fc6fb2f, lastModifier=2, keyCodes=[32], actions=[0]}
09-14 22:39:59.977 I/HardKeyTracker( 1219): HardKeyTracker.unregisterKeySequence():221 Unregister key sequence ndp{labelResId=2132020462, callback=cgn@655e4e4, lastModifier=2, keyCodes=[32], actions=[0]}
09-14 22:39:59.978 I/HardKeyTracker( 1219): HardKeyTracker.registerKeySequence():170 Register key sequence ndp{labelResId=2132020462, callback=cgn@448a928, lastModifier=2, keyCodes=[32], actions=[0]}
09-14 22:39:59.978 I/HardKeyTracker( 1219): HardKeyTracker.unregisterKeySequence():221 Unregister key sequence ndp{labelResId=2132020462, callback=cgn@7e64149, lastModifier=2, keyCodes=[32], actions=[0]}
09-14 22:39:59.978 I/HardKeyTracker( 1219): HardKeyTracker.registerKeySequence():170 Register key sequence ndp{labelResId=2132020462, callback=cgn@cb6257d, lastModifier=2, keyCodes=[32], actions=[0]}
09-14 22:39:59.980 I/WindowMetricsNotification( 1219): WindowMetricsNotification.notifyWithWindow():166 
09-14 22:39:59.980 D/InsetsController(16337): show(ime(), fromIme=true)
09-14 22:39:59.980 I/WindowMetricsNotification( 1219): WindowMetricsNotification.notify():159 pct[bounds=Rect(0, 132 - 1080, 2400), insets=Rect(0, 0 - 0, 126), densityDpi=420, smallestScreenWidthDp=411, displayWidth=1080, displayHeight=2400, xdpi=420.0, ydpi=420.0, isTrustable=true, displayId=0]; DisplayMetrics{density=2.625, width=1080, height=2400, scaledDensity=2.625, xdpi=420.0, ydpi=420.0}
09-14 22:39:59.983 I/GoogleInputMethodService( 1219): GoogleInputMethodService$1.onKeyboardViewShown():321 onKeyboardViewShown: keyboardType=accessory, keyboardViewType=HEADER keyboardView=null
09-14 22:39:59.984 W/Keyboard( 1219): Keyboard.getKeyboardViewHelper():591 null helper is returned: keyboardDef=miv{processedConditions={}, globalConditions={}, className=com.google.android.libraries.inputmethod.keyboard.impl.Keyboard, resourceIds=[#0x7f17004d], initialStates=0, keyboardViewDefs=[], persistentStates=0, persistentStatesPrefKey=null, popupBubbleLayoutId=0, recentKeyLayoutId=0, recentKeyPopupLayoutId=0, recentKeyType=null, rememberRecentKey=NONE, sessionStates=0}, type=BODY, helpersCreated=[null, null, null, null], context.getResources().getConfiguration(): {1.0 310mcc260mnc [en_US] ldltr sw411dp w411dp h840dp 420dpi nrml long port finger qwerty/v/v dpad/v winConfig={ mBounds=Rect(0, 0 - 1080, 2400) mAppBounds=Rect(0, 132 - 1080, 2337) mMaxBounds=Rect(0, 0 - 1080, 2400) mDisplayRotation=ROTATION_0 mWindowingMode=fullscreen mDisplayWindowingMode=fullscreen mActivityType=undefined mAlwaysOnTop=undefined mRotation=ROTATION_0} as.3 s.72 fontWeightAdjustment=0}
09-14 22:39:59.985 I/GoogleInputMethodService( 1219): GoogleInputMethodService$1.onKeyboardViewShown():321 onKeyboardViewShown: keyboardType=accessory, keyboardViewType=BODY keyboardView=null
09-14 22:39:59.985 D/EGL_emulation( 1219): app_time_stats: avg=335.46ms min=2.43ms max=8853.80ms count=27
09-14 22:39:59.986 W/Keyboard( 1219): Keyboard.getKeyboardViewHelper():591 null helper is returned: keyboardDef=miv{processedConditions={}, globalConditions={}, className=com.google.android.libraries.inputmethod.keyboard.impl.Keyboard, resourceIds=[#0x7f17004d], initialStates=0, keyboardViewDefs=[], persistentStates=0, persistentStatesPrefKey=null, popupBubbleLayoutId=0, recentKeyLayoutId=0, recentKeyPopupLayoutId=0, recentKeyType=null, rememberRecentKey=NONE, sessionStates=0}, type=BODY, helpersCreated=[null, null, null, null], context.getResources().getConfiguration(): {1.0 310mcc260mnc [en_US] ldltr sw411dp w411dp h840dp 420dpi nrml long port finger qwerty/v/v dpad/v winConfig={ mBounds=Rect(0, 0 - 1080, 2400) mAppBounds=Rect(0, 132 - 1080, 2337) mMaxBounds=Rect(0, 0 - 1080, 2400) mDisplayRotation=ROTATION_0 mWindowingMode=fullscreen mDisplayWindowingMode=fullscreen mActivityType=undefined mAlwaysOnTop=undefined mRotation=ROTATION_0} as.3 s.72 fontWeightAdjustment=0}
09-14 22:39:59.991 D/CoreBackPreview(  533): Window{98be6e9 u0 com.app.uprise.debug/com.app.uprise.MainActivity}: Setting back callback OnBackInvokedCallbackInfo{mCallback=android.window.IOnBackInvokedCallback$Stub$Proxy@eeb6b61, mPriority=0}
09-14 22:39:59.993 D/InsetsController(16337): show(ime(), fromIme=true)
09-14 22:40:00.032 I/AiAiEcho( 1286): Predicting[0]: 
09-14 22:40:00.032 I/AiAiEcho( 1286): Ranked targets strategy: SORT, count: 0, ranking metadata: 
09-14 22:40:00.033 I/AiAiEcho( 1286): #postPredictionTargets: Sending updates to UISurface lockscreen with targets# 0
09-14 22:40:00.033 I/AiAiEcho( 1286): #postPredictionTargets: Sending updates to UISurface home with targets# 0
09-14 22:40:00.033 D/EGL_emulation(  748): app_time_stats: avg=14851.38ms min=14851.38ms max=14851.38ms count=1
09-14 22:40:00.034 I/AiAiEcho( 1286): #postPredictionTargets: Sending updates to UISurface media_data_manager with targets# 0
09-14 22:40:00.049 D/SsMediaDataProvider(  748): Forwarding Smartspace updates []
09-14 22:40:00.928 D/EGL_emulation(16337): app_time_stats: avg=382.99ms min=139.20ms max=508.92ms count=3
09-14 22:40:02.286 E/NotificationCenter( 1219): NotificationCenter.registerListenerInternal():378 Listener mck@c6f4d3 is already registered for notification class lnz
09-14 22:40:02.295 E/NotificationCenter( 1219): NotificationCenter.registerListenerInternal():378 Listener mck@c6f4d3 is already registered for notification class lnz
09-14 22:40:02.297 D/EGL_emulation(16337): app_time_stats: avg=456.08ms min=368.49ms max=500.05ms count=3
09-14 22:40:02.313 W/TooltipLifecycleManager( 1219): TooltipLifecycleManager.dismissTooltips():153 Tooltip with id SUGGESTION_VIEW_EDU_MINI_DIALOG not found in tooltipManager.
09-14 22:40:02.313 E/NotificationCenter( 1219): NotificationCenter.registerListenerInternal():378 Listener mck@c6f4d3 is already registered for notification class lnz
09-14 22:40:02.316 E/NotificationCenter( 1219): NotificationCenter.registerListenerInternal():378 Listener mck@c6f4d3 is already registered for notification class lnz
09-14 22:40:03.254 E/NotificationCenter( 1219): NotificationCenter.registerListenerInternal():378 Listener mck@c6f4d3 is already registered for notification class lnz
09-14 22:40:03.261 W/TooltipLifecycleManager( 1219): TooltipLifecycleManager.dismissTooltips():153 Tooltip with id SUGGESTION_VIEW_EDU_MINI_DIALOG not found in tooltipManager.
09-14 22:40:03.263 E/NotificationCenter( 1219): NotificationCenter.registerListenerInternal():378 Listener mck@c6f4d3 is already registered for notification class lnz
09-14 22:40:03.328 D/EGL_emulation(16337): app_time_stats: avg=171.80ms min=15.23ms max=449.98ms count=6
09-14 22:40:04.536 E/NotificationCenter( 1219): NotificationCenter.registerListenerInternal():378 Listener mck@c6f4d3 is already registered for notification class lnz
09-14 22:40:04.545 D/EGL_emulation(16337): app_time_stats: avg=405.66ms min=284.04ms max=499.69ms count=3
09-14 22:40:04.547 W/TooltipLifecycleManager( 1219): TooltipLifecycleManager.dismissTooltips():153 Tooltip with id SUGGESTION_VIEW_EDU_MINI_DIALOG not found in tooltipManager.
09-14 22:40:04.547 E/NotificationCenter( 1219): NotificationCenter.registerListenerInternal():378 Listener mck@c6f4d3 is already registered for notification class lnz
09-14 22:40:04.716 E/NotificationCenter( 1219): NotificationCenter.registerListenerInternal():378 Listener mck@c6f4d3 is already registered for notification class lnz
09-14 22:40:04.727 E/NotificationCenter( 1219): NotificationCenter.registerListenerInternal():378 Listener mck@c6f4d3 is already registered for notification class lnz
09-14 22:40:04.851 E/NotificationCenter( 1219): NotificationCenter.registerListenerInternal():378 Listener mck@c6f4d3 is already registered for notification class lnz
09-14 22:40:04.862 E/NotificationCenter( 1219): NotificationCenter.registerListenerInternal():378 Listener mck@c6f4d3 is already registered for notification class lnz
09-14 22:40:04.987 E/NotificationCenter( 1219): NotificationCenter.registerListenerInternal():378 Listener mck@c6f4d3 is already registered for notification class lnz
