09-14 22:40:04.988 E/NotificationCenter( 1219): NotificationCenter.registerListenerInternal():378 Listener mck@c6f4d3 is already registered for notification class lnz
09-14 22:40:05.122 E/NotificationCenter( 1219): NotificationCenter.registerListenerInternal():378 Listener mck@c6f4d3 is already registered for notification class lnz
09-14 22:40:05.124 E/NotificationCenter( 1219): NotificationCenter.registerListenerInternal():378 Listener mck@c6f4d3 is already registered for notification class lnz
09-14 22:40:05.728 D/EGL_emulation(16337): app_time_stats: avg=236.56ms min=67.43ms max=499.43ms count=5
09-14 22:40:05.798 E/NotificationCenter( 1219): NotificationCenter.registerListenerInternal():378 Listener mck@c6f4d3 is already registered for notification class lnz
09-14 22:40:05.800 E/NotificationCenter( 1219): NotificationCenter.registerListenerInternal():378 Listener mck@c6f4d3 is already registered for notification class lnz
09-14 22:40:05.811 W/TooltipLifecycleManager( 1219): TooltipLifecycleManager.dismissTooltips():153 Tooltip with id SUGGESTION_VIEW_EDU_MINI_DIALOG not found in tooltipManager.
09-14 22:40:05.811 E/NotificationCenter( 1219): NotificationCenter.registerListenerInternal():378 Listener mck@c6f4d3 is already registered for notification class lnz
09-14 22:40:05.814 E/NotificationCenter( 1219): NotificationCenter.registerListenerInternal():378 Listener mck@c6f4d3 is already registered for notification class lnz
09-14 22:40:05.995 D/BoundBrokerSvc( 1318): onUnbind: Intent { act=com.google.android.gms.wallet.service.BIND pkg=com.google.android.gms }
09-14 22:40:06.007 D/BoundBrokerSvc( 1318): onUnbind: Intent { act=com.google.android.gms.auth.api.phone.service.SmsRetrieverApiService.START dat=chimera-action:/... cmp=com.google.android.gms/.chimera.GmsApiService }
09-14 22:40:06.024 D/BoundBrokerSvc( 1176): onUnbind: Intent { act=com.google.android.gms.auth.aang.events.services.START dat=chimera-action:/... cmp=com.google.android.gms/.chimera.PersistentApiService }
09-14 22:40:06.179 D/BoundBrokerSvc( 1318): onUnbind: Intent { act=com.google.android.gms.chromesync.service.zeroparty.START dat=chimera-action:/... cmp=com.google.android.gms/.chimera.GmsApiService }
09-14 22:40:06.247 E/NotificationCenter( 1219): NotificationCenter.registerListenerInternal():378 Listener mck@c6f4d3 is already registered for notification class lnz
09-14 22:40:06.262 W/TooltipLifecycleManager( 1219): TooltipLifecycleManager.dismissTooltips():153 Tooltip with id SUGGESTION_VIEW_EDU_MINI_DIALOG not found in tooltipManager.
09-14 22:40:06.262 E/NotificationCenter( 1219): NotificationCenter.registerListenerInternal():378 Listener mck@c6f4d3 is already registered for notification class lnz
09-14 22:40:06.356 D/BoundBrokerSvc( 1318): onUnbind: Intent { act=com.google.android.mdd.service.START dat=chimera-action:/... cmp=com.google.android.gms/.chimera.GmsBoundBrokerService }
09-14 22:40:06.366 D/BoundBrokerSvc( 1318): onUnbind: Intent { act=com.google.android.gms.auth.api.credentials.internal_service.START dat=chimera-action:/... cmp=com.google.android.gms/.chimera.GmsInternalBoundBrokerService }
09-14 22:40:06.562 E/NotificationCenter( 1219): NotificationCenter.registerListenerInternal():378 Listener mck@c6f4d3 is already registered for notification class lnz
09-14 22:40:06.579 W/TooltipLifecycleManager( 1219): TooltipLifecycleManager.dismissTooltips():153 Tooltip with id SUGGESTION_VIEW_EDU_MINI_DIALOG not found in tooltipManager.
09-14 22:40:06.579 E/NotificationCenter( 1219): NotificationCenter.registerListenerInternal():378 Listener mck@c6f4d3 is already registered for notification class lnz
09-14 22:40:06.786 E/NotificationCenter( 1219): NotificationCenter.registerListenerInternal():378 Listener mck@c6f4d3 is already registered for notification class lnz
09-14 22:40:06.795 W/TooltipLifecycleManager( 1219): TooltipLifecycleManager.dismissTooltips():153 Tooltip with id SUGGESTION_VIEW_EDU_MINI_DIALOG not found in tooltipManager.
09-14 22:40:06.796 E/NotificationCenter( 1219): NotificationCenter.registerListenerInternal():378 Listener mck@c6f4d3 is already registered for notification class lnz
09-14 22:40:06.799 D/EGL_emulation(16337): app_time_stats: avg=133.79ms min=19.04ms max=369.32ms count=8
09-14 22:40:07.004 D/BoundBrokerSvc( 1176): onUnbind: Intent { act=com.google.android.gms.libs.gmscorelogger.service.START dat=chimera-action:/... cmp=com.google.android.gms/.chimera.PersistentDirectBootAwareApiService }
09-14 22:40:07.102 E/NotificationCenter( 1219): NotificationCenter.registerListenerInternal():378 Listener mck@c6f4d3 is already registered for notification class lnz
09-14 22:40:07.112 W/TooltipLifecycleManager( 1219): TooltipLifecycleManager.dismissTooltips():153 Tooltip with id SUGGESTION_VIEW_EDU_MINI_DIALOG not found in tooltipManager.
09-14 22:40:07.112 E/NotificationCenter( 1219): NotificationCenter.registerListenerInternal():378 Listener mck@c6f4d3 is already registered for notification class lnz
09-14 22:40:07.485 E/NotificationCenter( 1219): NotificationCenter.registerListenerInternal():378 Listener mck@c6f4d3 is already registered for notification class lnz
09-14 22:40:07.494 W/TooltipLifecycleManager( 1219): TooltipLifecycleManager.dismissTooltips():153 Tooltip with id SUGGESTION_VIEW_EDU_MINI_DIALOG not found in tooltipManager.
09-14 22:40:07.495 E/NotificationCenter( 1219): NotificationCenter.registerListenerInternal():378 Listener mck@c6f4d3 is already registered for notification class lnz
09-14 22:40:07.995 D/EGL_emulation(16337): app_time_stats: avg=199.27ms min=47.18ms max=448.25ms count=6
09-14 22:40:08.654 E/NotificationCenter( 1219): NotificationCenter.registerListenerInternal():378 Listener mck@c6f4d3 is already registered for notification class lnz
09-14 22:40:08.656 E/NotificationCenter( 1219): NotificationCenter.registerListenerInternal():378 Listener mck@c6f4d3 is already registered for notification class lnz
09-14 22:40:08.662 W/TooltipLifecycleManager( 1219): TooltipLifecycleManager.dismissTooltips():153 Tooltip with id SUGGESTION_VIEW_EDU_MINI_DIALOG not found in tooltipManager.
09-14 22:40:08.662 E/NotificationCenter( 1219): NotificationCenter.registerListenerInternal():378 Listener mck@c6f4d3 is already registered for notification class lnz
09-14 22:40:08.664 E/NotificationCenter( 1219): NotificationCenter.registerListenerInternal():378 Listener mck@c6f4d3 is already registered for notification class lnz
09-14 22:40:08.838 W/ThreadPoolForeg( 1176): type=1400 audit(0.0:1793): avc: denied { write } for name="traced_producer" dev="tmpfs" ino=684 scontext=u:r:gmscore_app:s0:c512,c768 tcontext=u:object_r:traced_producer_socket:s0 tclass=sock_file permissive=0 app=com.google.android.gms
09-14 22:40:08.991 E/NotificationCenter( 1219): NotificationCenter.registerListenerInternal():378 Listener mck@c6f4d3 is already registered for notification class lnz
09-14 22:40:08.997 W/TooltipLifecycleManager( 1219): TooltipLifecycleManager.dismissTooltips():153 Tooltip with id SUGGESTION_VIEW_EDU_MINI_DIALOG not found in tooltipManager.
09-14 22:40:08.997 E/NotificationCenter( 1219): NotificationCenter.registerListenerInternal():378 Listener mck@c6f4d3 is already registered for notification class lnz
09-14 22:40:08.998 D/EGL_emulation(16337): app_time_stats: avg=200.57ms min=19.17ms max=501.75ms count=5
09-14 22:40:09.308 E/NotificationCenter( 1219): NotificationCenter.registerListenerInternal():378 Listener mck@c6f4d3 is already registered for notification class lnz
09-14 22:40:09.316 W/TooltipLifecycleManager( 1219): TooltipLifecycleManager.dismissTooltips():153 Tooltip with id SUGGESTION_VIEW_EDU_MINI_DIALOG not found in tooltipManager.
09-14 22:40:09.316 E/NotificationCenter( 1219): NotificationCenter.registerListenerInternal():378 Listener mck@c6f4d3 is already registered for notification class lnz
09-14 22:40:09.667 E/NotificationCenter( 1219): NotificationCenter.registerListenerInternal():378 Listener mck@c6f4d3 is already registered for notification class lnz
09-14 22:40:09.678 W/TooltipLifecycleManager( 1219): TooltipLifecycleManager.dismissTooltips():153 Tooltip with id SUGGESTION_VIEW_EDU_MINI_DIALOG not found in tooltipManager.
09-14 22:40:09.679 E/NotificationCenter( 1219): NotificationCenter.registerListenerInternal():378 Listener mck@c6f4d3 is already registered for notification class lnz
09-14 22:40:09.858 W/ThreadPoolForeg( 1318): type=1400 audit(0.0:1794): avc: denied { write } for name="traced_producer" dev="tmpfs" ino=684 scontext=u:r:gmscore_app:s0:c512,c768 tcontext=u:object_r:traced_producer_socket:s0 tclass=sock_file permissive=0 app=com.google.android.gms
09-14 22:40:10.180 D/EGL_emulation(16337): app_time_stats: avg=168.66ms min=16.93ms max=451.35ms count=7
09-14 22:40:11.196 D/EGL_emulation(16337): app_time_stats: avg=338.60ms min=18.06ms max=499.58ms count=3
09-14 22:40:12.695 D/EGL_emulation(16337): app_time_stats: avg=499.62ms min=483.88ms max=516.30ms count=3
09-14 22:40:14.196 D/EGL_emulation(16337): app_time_stats: avg=500.16ms min=499.05ms max=500.79ms count=3
09-14 22:40:15.014 D/BoundBrokerSvc( 1318): onUnbind: Intent { act=com.google.firebase.dynamiclinks.service.START pkg=com.google.android.gms }
09-14 22:40:15.695 D/EGL_emulation(16337): app_time_stats: avg=499.74ms min=499.49ms max=499.97ms count=3
09-14 22:40:16.683 D/InputDispatcher(  533): Touch mode switch rejected, caller (pid=0, uid=10200) doesn't own the focused window nor none of the previously interacted window
09-14 22:40:16.719 D/EGL_emulation(16337): app_time_stats: avg=341.28ms min=24.23ms max=501.45ms count=3
09-14 22:40:16.828 D/AudioFlinger(  346): mixer(0x778295a989a0) throttle end: throttle time(35)
09-14 22:40:16.897 E/unknown:ReactModalHost(16337): Creating new dialog from context: com.app.uprise.MainActivity@1182b4c@18361164
09-14 22:40:16.901 W/Parcel  (16337): Expecting binder but got null!
09-14 22:40:16.904 D/CompatibilityChangeReporter(  533): Compat change id reported: 168419799; UID 10200; state: DISABLED
09-14 22:40:16.905 D/CompatibilityChangeReporter(  533): Compat change id reported: 273564678; UID 10200; state: DISABLED
09-14 22:40:16.908 D/CoreBackPreview(  533): Window{be08c3f u0 com.app.uprise.debug/com.app.uprise.MainActivity}: Setting back callback OnBackInvokedCallbackInfo{mCallback=android.window.IOnBackInvokedCallback$Stub$Proxy@5318255, mPriority=0}
09-14 22:40:16.923 I/ReactNativeJS(16337): 'getRequestURL', { base: 'http://10.0.2.2:8080', path: '/auth/login' }
09-14 22:40:16.943 E/OpenGLRenderer(16337): Unable to match the desired swap behavior.
09-14 22:40:16.973 I/ReactNativeJS(16337): 'AUTH RES', { url: 'http://10.0.2.2:8080/auth/login', status: 200 }
09-14 22:40:16.977 E/unknown:ReactModalHost(16337): Updating existing dialog with context: com.app.uprise.MainActivity@1182b4c@18361164
09-14 22:40:17.074 D/CoreBackPreview(  533): Window{98be6e9 u0 com.app.uprise.debug/com.app.uprise.MainActivity}: Setting back callback OnBackInvokedCallbackInfo{mCallback=android.window.IOnBackInvokedCallback$Stub$Proxy@23cb9f8, mPriority=0}
09-14 22:40:17.074 D/CoreBackPreview(  533): Window{be08c3f u0 com.app.uprise.debug/com.app.uprise.MainActivity}: Setting back callback OnBackInvokedCallbackInfo{mCallback=android.window.IOnBackInvokedCallback$Stub$Proxy@254eed1, mPriority=0}
09-14 22:40:17.076 I/GoogleInputMethodService( 1219): GoogleInputMethodService.onFinishInputView():1540 onFinishInputView(false)
09-14 22:40:17.076 I/GlobeKeyExtension( 1219): GlobeKeyExtension.onDeactivate():144 
09-14 22:40:17.077 I/VoiceInputManagerWrapper( 1219): VoiceInputManagerWrapper.shutdown():131 shutdown()
09-14 22:40:17.077 I/HardKeyTracker( 1219): HardKeyTracker.unregisterKeySequence():221 Unregister key sequence ndp{labelResId=2132020465, callback=gbl@6d4cd12, lastModifier=2, keyCodes=[62], actions=[0]}
09-14 22:40:17.081 D/CoreBackPreview(  533): Window{be08c3f u0 com.app.uprise.debug/com.app.uprise.MainActivity}: Setting back callback OnBackInvokedCallbackInfo{mCallback=android.window.IOnBackInvokedCallback$Stub$Proxy@87f7da4, mPriority=0}
09-14 22:40:17.082 D/CoreBackPreview(  533): Window{be08c3f u0 com.app.uprise.debug/com.app.uprise.MainActivity}: Setting back callback null
09-14 22:40:17.085 W/ExtensionWrapper( 1219): ExtensionWrapper.setAllowUpdateNavigationBarStyle():818 class jpb is not activate
09-14 22:40:17.089 W/InputManager-JNI(  533): Input channel object 'be08c3f com.app.uprise.debug/com.app.uprise.MainActivity (client)' was disposed without first being removed with the input manager!
09-14 22:40:17.090 W/ExtensionWrapper( 1219): ExtensionWrapper.setAllowUpdateNavigationBarStyle():818 class jpb is not activate
09-14 22:40:17.101 W/RemoteInputConnectionImpl(16337): requestCursorAnchorInfo on inactive InputConnection
09-14 22:40:17.104 W/TooltipLifecycleManager( 1219): TooltipLifecycleManager.dismissTooltips():153 Tooltip with id spell_check_add_to_dictionary not found in tooltipManager.
09-14 22:40:17.104 V/WindowManager(  533): Unknown focus tokens, dropping reportFocusChanged
09-14 22:40:17.104 I/AndroidIME( 1219): AbstractIme.onDeactivate():216 PasswordIme.onDeactivate()
09-14 22:40:17.107 I/GoogleInputMethodService( 1219): GoogleInputMethodService.onFinishInput():2054 
09-14 22:40:17.108 I/Module  ( 1219): DeviceLockedStatusModuleProvider$Module.updateDeviceLockedStatus():100 repeatCheckTimes = 0, locked = false
09-14 22:40:17.110 I/GoogleInputMethodService( 1219): GoogleInputMethodService.onStartInput():1315 onStartInput(EditorInfo{EditorInfo{packageName=com.app.uprise.debug, inputType=0, inputTypeString=NULL, enableLearning=false, autoCorrection=false, autoComplete=false, imeOptions=0, privateImeOptions=null, actionName=UNSPECIFIED, actionLabel=null, initialSelStart=-1, initialSelEnd=-1, initialCapsMode=0, label=null, fieldId=-1, fieldName=null, extras=null, hintText=null, hintLocales=[]}}, false)
09-14 22:40:17.110 I/HardKeyTracker( 1219): HardKeyTracker.registerKeySequence():170 Register key sequence ndp{labelResId=0, callback=gbl@cc46d3b, lastModifier=0, keyCodes=[57, 57], actions=[1, 0]}
09-14 22:40:17.110 I/HardKeyTracker( 1219): HardKeyTracker.registerKeySequence():170 Register key sequence ndp{labelResId=0, callback=gbl@3ebb696, lastModifier=0, keyCodes=[58, 58], actions=[1, 0]}
09-14 22:40:17.112 I/Module  ( 1219): DeviceLockedStatusModuleProvider$Module.updateDeviceLockedStatus():100 repeatCheckTimes = 1, locked = false
09-14 22:40:17.117 D/EGL_emulation( 1219): app_time_stats: avg=2447.12ms min=8.78ms max=17036.97ms count=7
09-14 22:40:17.124 I/GoogleInputMethodService( 1219): GoogleInputMethodService.onFinishInput():2054 
09-14 22:40:17.124 I/Module  ( 1219): DeviceLockedStatusModuleProvider$Module.updateDeviceLockedStatus():100 repeatCheckTimes = 0, locked = false
09-14 22:40:17.126 I/GoogleInputMethodService( 1219): GoogleInputMethodService.onStartInput():1315 onStartInput(EditorInfo{EditorInfo{packageName=com.app.uprise.debug, inputType=80081, inputTypeString=Password[NoSuggestion], enableLearning=false, autoCorrection=false, autoComplete=true, imeOptions=4000006, privateImeOptions=null, actionName=DONE, actionLabel=null, initialSelStart=10, initialSelEnd=10, initialCapsMode=0, label=null, fieldId=175, fieldName=null, extras=null, hintText=non-empty, hintLocales=[]}}, false)
09-14 22:40:17.126 I/HardKeyTracker( 1219): HardKeyTracker.unregisterKeySequence():221 Unregister key sequence ndp{labelResId=0, callback=gbl@cc46d3b, lastModifier=0, keyCodes=[57, 57], actions=[1, 0]}
09-14 22:40:17.126 I/HardKeyTracker( 1219): HardKeyTracker.unregisterKeySequence():221 Unregister key sequence ndp{labelResId=0, callback=gbl@3ebb696, lastModifier=0, keyCodes=[58, 58], actions=[1, 0]}
09-14 22:40:17.127 I/Module  ( 1219): DeviceLockedStatusModuleProvider$Module.updateDeviceLockedStatus():100 repeatCheckTimes = 1, locked = false
09-14 22:40:18.129 D/EGL_emulation(16337): app_time_stats: avg=101.74ms min=2.63ms max=501.51ms count=13
09-14 22:40:19.645 D/EGL_emulation(16337): app_time_stats: avg=505.24ms min=498.67ms max=517.52ms count=3
09-14 22:40:20.646 D/EGL_emulation(16337): app_time_stats: avg=500.23ms min=499.19ms max=501.26ms count=2
09-14 22:40:21.647 D/EGL_emulation(16337): app_time_stats: avg=500.30ms min=498.02ms max=502.58ms count=2
09-14 22:40:23.147 D/EGL_emulation(16337): app_time_stats: avg=500.22ms min=497.62ms max=502.54ms count=3
09-14 22:40:24.644 D/EGL_emulation(16337): app_time_stats: avg=498.91ms min=497.34ms max=499.91ms count=3
09-14 22:40:25.180 D/EGL_emulation(  748): app_time_stats: avg=25146.77ms min=25146.77ms max=25146.77ms count=1
09-14 22:40:25.644 D/EGL_emulation(16337): app_time_stats: avg=500.01ms min=498.68ms max=501.33ms count=2
09-14 22:40:27.160 D/EGL_emulation(16337): app_time_stats: avg=505.31ms min=496.87ms max=516.34ms count=3
09-14 22:40:28.161 D/EGL_emulation(16337): app_time_stats: avg=500.14ms min=499.31ms max=500.97ms count=2
09-14 22:40:28.782 D/androidtc(  533): Initializing SystemTextClassifier, type = System
09-14 22:40:28.784 I/AiAiTextClassifier( 1286): onCreateTextClassificationSession = TextClassificationSessionId {e3fd8b0f-5254-4cd9-9ee3-e4d49f4f4cae}
09-14 22:40:28.786 I/AiAiTranslate( 1286): C2T - not in a conversation
09-14 22:40:28.787 D/androidtc( 1219): Initializing SystemTextClassifier, type = System
09-14 22:40:28.787 I/AiAiTextClassifier( 1286): Initialize textClassifierLib, privileged changed = [true], TC null = [false]
09-14 22:40:28.789 I/AiAiTextClassifier( 1286): GenerateLinks did not find valid links, returning empty result
09-14 22:40:28.795 I/AiAiTextClassifier( 1286): GenerateLinks did not find valid links, returning empty result
09-14 22:40:28.795 I/AiAiTextClassifier( 1286): Initialize textClassifierLib, privileged changed = [true], TC null = [false]
09-14 22:40:28.797 I/ClipboardListener(  748): Clipboard overlay suppressed.
09-14 22:40:28.801 I/AiAiTextClassifier( 1286): GenerateLinks did not find valid links, returning empty result
09-14 22:40:28.815 I/ClipboardListener(  748): Clipboard overlay suppressed.
09-14 22:40:29.162 D/EGL_emulation(16337): app_time_stats: avg=500.49ms min=500.28ms max=500.69ms count=2
09-14 22:40:30.663 D/EGL_emulation(16337): app_time_stats: avg=500.27ms min=498.78ms max=501.38ms count=3
09-14 22:40:32.161 D/EGL_emulation(16337): app_time_stats: avg=499.18ms min=496.96ms max=500.36ms count=3
09-14 22:40:33.662 D/EGL_emulation(16337): app_time_stats: avg=500.18ms min=499.35ms max=501.40ms count=3
