09-14 22:10:42.953 E/NotificationCenter( 1219): NotificationCenter.registerListenerInternal():378 Listener mck@c6f4d3 is already registered for notification class lnz
09-14 22:10:42.955 E/NotificationCenter( 1219): NotificationCenter.registerListenerInternal():378 Listener mck@c6f4d3 is already registered for notification class lnz
09-14 22:10:42.962 W/TooltipLifecycleManager( 1219): TooltipLifecycleManager.dismissTooltips():153 Tooltip with id SUGGESTION_VIEW_EDU_MINI_DIALOG not found in tooltipManager.
09-14 22:10:42.962 E/NotificationCenter( 1219): NotificationCenter.registerListenerInternal():378 Listener mck@c6f4d3 is already registered for notification class lnz
09-14 22:10:43.028 D/EGL_emulation(13479): app_time_stats: avg=79.27ms min=12.58ms max=416.57ms count=13
09-14 22:10:43.245 E/NotificationCenter( 1219): NotificationCenter.registerListenerInternal():378 Listener mck@c6f4d3 is already registered for notification class lnz
09-14 22:10:43.260 W/TooltipLifecycleManager( 1219): TooltipLifecycleManager.dismissTooltips():153 Tooltip with id SUGGESTION_VIEW_EDU_MINI_DIALOG not found in tooltipManager.
09-14 22:10:43.260 E/NotificationCenter( 1219): NotificationCenter.registerListenerInternal():378 Listener mck@c6f4d3 is already registered for notification class lnz
09-14 22:10:43.559 E/NotificationCenter( 1219): NotificationCenter.registerListenerInternal():378 Listener mck@c6f4d3 is already registered for notification class lnz
09-14 22:10:43.578 W/TooltipLifecycleManager( 1219): TooltipLifecycleManager.dismissTooltips():153 Tooltip with id SUGGESTION_VIEW_EDU_MINI_DIALOG not found in tooltipManager.
09-14 22:10:43.579 E/NotificationCenter( 1219): NotificationCenter.registerListenerInternal():378 Listener mck@c6f4d3 is already registered for notification class lnz
09-14 22:10:43.875 E/NotificationCenter( 1219): NotificationCenter.registerListenerInternal():378 Listener mck@c6f4d3 is already registered for notification class lnz
09-14 22:10:43.895 W/TooltipLifecycleManager( 1219): TooltipLifecycleManager.dismissTooltips():153 Tooltip with id SUGGESTION_VIEW_EDU_MINI_DIALOG not found in tooltipManager.
09-14 22:10:43.896 E/NotificationCenter( 1219): NotificationCenter.registerListenerInternal():378 Listener mck@c6f4d3 is already registered for notification class lnz
09-14 22:10:44.395 D/EGL_emulation(13479): app_time_stats: avg=195.27ms min=65.57ms max=400.62ms count=7
09-14 22:10:45.396 D/EGL_emulation(13479): app_time_stats: avg=500.20ms min=499.44ms max=500.95ms count=2
09-14 22:10:46.411 D/EGL_emulation(13479): app_time_stats: avg=338.49ms min=21.99ms max=499.40ms count=3
09-14 22:10:46.715 D/InputDispatcher(  533): Touch mode switch rejected, caller (pid=0, uid=10199) doesn't own the focused window nor none of the previously interacted window
09-14 22:10:46.827 I/GoogleInputMethodService( 1219): GoogleInputMethodService.onFinishInputView():1540 onFinishInputView(false)
09-14 22:10:46.827 I/GlobeKeyExtension( 1219): GlobeKeyExtension.onDeactivate():144 
09-14 22:10:46.828 I/VoiceInputManagerWrapper( 1219): VoiceInputManagerWrapper.shutdown():131 shutdown()
09-14 22:10:46.828 I/HardKeyTracker( 1219): HardKeyTracker.unregisterKeySequence():221 Unregister key sequence ndp{labelResId=2132020465, callback=gbl@6c755ee, lastModifier=2, keyCodes=[62], actions=[0]}
09-14 22:10:46.828 W/ExtensionWrapper( 1219): ExtensionWrapper.setAllowUpdateNavigationBarStyle():818 class jpb is not activate
09-14 22:10:46.829 W/ExtensionWrapper( 1219): ExtensionWrapper.setAllowUpdateNavigationBarStyle():818 class jpb is not activate
09-14 22:10:46.850 W/TooltipLifecycleManager( 1219): TooltipLifecycleManager.dismissTooltips():153 Tooltip with id spell_check_add_to_dictionary not found in tooltipManager.
09-14 22:10:46.851 I/AndroidIME( 1219): AbstractIme.onDeactivate():216 PasswordIme.onDeactivate()
09-14 22:10:46.867 D/CoreBackPreview(  533): Window{3918f81 u0 com.app.uprise.debug/com.app.uprise.MainActivity}: Setting back callback OnBackInvokedCallbackInfo{mCallback=android.window.IOnBackInvokedCallback$Stub$Proxy@8efb308, mPriority=0}
09-14 22:10:46.879 D/EGL_emulation( 1219): app_time_stats: avg=1046.59ms min=1.90ms max=7228.02ms count=7
09-14 22:10:46.924 W/putmethod.latin( 1219): Reducing the number of considered missed Gc histogram windows from 154 to 100
09-14 22:10:47.403 E/android.hardware.power.stats@1.0-service-mock(  331): Failed to getEnergyData
09-14 22:10:48.013 D/BoundBrokerSvc( 1318): onUnbind: Intent { act=com.google.android.gms.wallet.service.BIND pkg=com.google.android.gms }
09-14 22:10:48.062 D/BoundBrokerSvc( 1176): onUnbind: Intent { act=com.google.android.gms.auth.aang.events.services.START dat=chimera-action:/... cmp=com.google.android.gms/.chimera.PersistentApiService }
09-14 22:10:48.099 D/BoundBrokerSvc( 1318): onUnbind: Intent { act=com.google.android.mdd.service.START dat=chimera-action:/... cmp=com.google.android.gms/.chimera.GmsBoundBrokerService }
09-14 22:10:48.970 D/BoundBrokerSvc( 1176): onUnbind: Intent { act=com.google.android.gms.libs.gmscorelogger.service.START dat=chimera-action:/... cmp=com.google.android.gms/.chimera.PersistentDirectBootAwareApiService }
09-14 22:10:49.944 D/InputMethodManager(13479): showSoftInput() view=com.facebook.react.views.textinput.ReactEditText{e45d65f VFED..CL. .F.P..ID 0,11-802,116 #211 aid=1073741830} flags=0 reason=SHOW_SOFT_INPUT
09-14 22:10:49.944 W/PresentationStatsEventLogger(  533): Shouldn't be logging AutofillPresentationEventReported again for same event
09-14 22:10:49.947 I/GoogleInputMethodService( 1219): GoogleInputMethodService.onStartInputView():1408 onStartInputView(EditorInfo{EditorInfo{packageName=com.app.uprise.debug, inputType=80081, inputTypeString=Password[NoSuggestion], enableLearning=false, autoCorrection=false, autoComplete=true, imeOptions=4000006, privateImeOptions=null, actionName=DONE, actionLabel=null, initialSelStart=0, initialSelEnd=0, initialCapsMode=0, label=null, fieldId=529, fieldName=null, extras=null, hintText=non-empty, hintLocales=[]}}, false)
09-14 22:10:49.947 W/ModuleManager( 1219): ModuleManager.loadModule():567 Module nfr is not available
09-14 22:10:49.947 I/KeyboardHeightUtil( 1219): KeyboardHeightUtil.getOemKeyboardHeightRatio():108 systemKeyboardHeightRatio:1.000000.
09-14 22:10:49.949 W/TooltipLifecycleManager( 1219): TooltipLifecycleManager.dismissTooltips():153 Tooltip with id SUGGESTION_VIEW_EDU_MINI_DIALOG not found in tooltipManager.
09-14 22:10:49.949 I/AndroidIME( 1219): InputBundleManager.loadActiveInputBundleId():528 loadActiveInputBundleId: und-Latn-x-password, password
09-14 22:10:49.949 I/AndroidIME( 1219): AbstractIme.onActivate():96 PasswordIme.onActivate() : EditorInfo = EditorInfo{packageName=com.app.uprise.debug, inputType=80081, inputTypeString=Password[NoSuggestion], enableLearning=false, autoCorrection=false, autoComplete=true, imeOptions=4000006, privateImeOptions=null, actionName=DONE, actionLabel=null, initialSelStart=0, initialSelEnd=0, initialCapsMode=0, label=null, fieldId=529, fieldName=null, extras=null, hintText=non-empty, hintLocales=[]}, IncognitoMode = false, DeviceLocked = false
09-14 22:10:49.949 D/EGL_emulation(13479): app_time_stats: avg=505.21ms min=15.48ms max=3032.42ms count=7
09-14 22:10:49.949 I/KeyboardWrapper( 1219): KeyboardWrapper.activateKeyboard():580 activateKeyboard(): type=accessory, status=0, imeDef=mib{stringId=password, language=und-Latn-x-password, languageTag=und-Latn-x-password, processedConditions={writing_helper_enable_by_word_revert=false, enable_access_points_in_password_number=true, variant=qwerty, true=true, language=en-US, enable_number_row=true, device=phone, enable_number_row_in_password=true, enable_pk_simulator=false}, className=com.google.android.libraries.inputmethod.ime.password.PasswordIme, label=2132019263, keyEventInterpreter=null, inlineComposing=true, autoCapital=true, announceAutoSelectedCandidate=true, statusIcon=0, indicatorIcon=0, indicatorLabel=null, displayAppCompletions=false, extraValues=mhu{}, processors=mjs@513e038, unacceptableMetaKeys=4098, languageSpecificSettings=0, asciiCapable=false, alwaysShowSuggestions=false, useAsciiPasswordKeyboard=false, keyboardGroupDef=mjb@b17b811, phenotypeFlagId=0, localizationLanguageTag=null, supportsInlineSuggestion=false}
09-14 22:10:49.950 I/KeyboardManager( 1219): KeyboardManager.requestKeyboard():248 Creating keyboard accessory, imeId=password, cacheKey=theme,!gsf,!pgsans,!pgsf,!use_system_font,BORDER,FLAVOR_DPI=XXHDPI,GOOGLE_ICONS,IS_LIGHT,KEYBOARD_WIDTH_CATEGORY=NORMAL,KEY_BORDER_SHAPE=1,LIGHT_THEME=true,PHYSICAL_DIAGONAL=5.9809904,POPUP,SCREEN_SHORTEST_WIDTH=411,SCREEN_SHORTEST_WIDTH_NO_SCALE=411,SW400DP,XXHDPI,bottom4dp,enable_google_fonts_icons=true,enable_popup_on_keypress=true,keyboard_redesign_google_sans=true,noshadow,overlay_builtin_dynamic_color_light_base.binarypb:gm3-light-fff6faff-ff00668b-56f817bf6f42ccf90a80ef5515de5bdc,silkpopup
09-14 22:10:49.950 I/KeyboardWrapper( 1219): KeyboardWrapper.onKeyboardReady():223 onKeyboardReady(): type=accessory(accessory), kb=com.google.android.libraries.inputmethod.keyboard.impl.Keyboard@d2dfd38
09-14 22:10:49.950 I/KeyboardWrapper( 1219): KeyboardWrapper.doActivateKeyboard():610 doActivateKeyboard(): accessory
09-14 22:10:49.950 W/Keyboard( 1219): Keyboard.getKeyboardViewHelper():591 null helper is returned: keyboardDef=miv{processedConditions={}, globalConditions={}, className=com.google.android.libraries.inputmethod.keyboard.impl.Keyboard, resourceIds=[#0x7f17004d], initialStates=0, keyboardViewDefs=[], persistentStates=0, persistentStatesPrefKey=null, popupBubbleLayoutId=0, recentKeyLayoutId=0, recentKeyPopupLayoutId=0, recentKeyType=null, rememberRecentKey=NONE, sessionStates=0}, type=HEADER, helpersCreated=[null, null, null, null], context.getResources().getConfiguration(): {1.0 310mcc260mnc [en_US] ldltr sw411dp w411dp h840dp 420dpi nrml long port finger qwerty/v/v dpad/v winConfig={ mBounds=Rect(0, 0 - 1080, 2400) mAppBounds=Rect(0, 132 - 1080, 2337) mMaxBounds=Rect(0, 0 - 1080, 2400) mDisplayRotation=ROTATION_0 mWindowingMode=fullscreen mDisplayWindowingMode=fullscreen mActivityType=undefined mAlwaysOnTop=undefined mRotation=ROTATION_0} as.3 s.72 fontWeightAdjustment=0}
09-14 22:10:49.950 W/Keyboard( 1219): Keyboard.getKeyboardViewHelper():591 null helper is returned: keyboardDef=miv{processedConditions={}, globalConditions={}, className=com.google.android.libraries.inputmethod.keyboard.impl.Keyboard, resourceIds=[#0x7f17004d], initialStates=0, keyboardViewDefs=[], persistentStates=0, persistentStatesPrefKey=null, popupBubbleLayoutId=0, recentKeyLayoutId=0, recentKeyPopupLayoutId=0, recentKeyType=null, rememberRecentKey=NONE, sessionStates=0}, type=BODY, helpersCreated=[null, null, null, null], context.getResources().getConfiguration(): {1.0 310mcc260mnc [en_US] ldltr sw411dp w411dp h840dp 420dpi nrml long port finger qwerty/v/v dpad/v winConfig={ mBounds=Rect(0, 0 - 1080, 2400) mAppBounds=Rect(0, 132 - 1080, 2337) mMaxBounds=Rect(0, 0 - 1080, 2400) mDisplayRotation=ROTATION_0 mWindowingMode=fullscreen mDisplayWindowingMode=fullscreen mActivityType=undefined mAlwaysOnTop=undefined mRotation=ROTATION_0} as.3 s.72 fontWeightAdjustment=0}
09-14 22:10:49.950 I/GlobeKeyExtension( 1219): GlobeKeyExtension.getKeyboardInitialStates():175 
09-14 22:10:49.950 W/Keyboard( 1219): Keyboard.getKeyboardViewHelper():591 null helper is returned: keyboardDef=miv{processedConditions={}, globalConditions={}, className=com.google.android.libraries.inputmethod.keyboard.impl.Keyboard, resourceIds=[#0x7f17004d], initialStates=0, keyboardViewDefs=[], persistentStates=0, persistentStatesPrefKey=null, popupBubbleLayoutId=0, recentKeyLayoutId=0, recentKeyPopupLayoutId=0, recentKeyType=null, rememberRecentKey=NONE, sessionStates=0}, type=HEADER, helpersCreated=[null, null, null, null], context.getResources().getConfiguration(): {1.0 310mcc260mnc [en_US] ldltr sw411dp w411dp h840dp 420dpi nrml long port finger qwerty/v/v dpad/v winConfig={ mBounds=Rect(0, 0 - 1080, 2400) mAppBounds=Rect(0, 132 - 1080, 2337) mMaxBounds=Rect(0, 0 - 1080, 2400) mDisplayRotation=ROTATION_0 mWindowingMode=fullscreen mDisplayWindowingMode=fullscreen mActivityType=undefined mAlwaysOnTop=undefined mRotation=ROTATION_0} as.3 s.72 fontWeightAdjustment=0}
09-14 22:10:49.950 W/Keyboard( 1219): Keyboard.getKeyboardViewHelper():591 null helper is returned: keyboardDef=miv{processedConditions={}, globalConditions={}, className=com.google.android.libraries.inputmethod.keyboard.impl.Keyboard, resourceIds=[#0x7f17004d], initialStates=0, keyboardViewDefs=[], persistentStates=0, persistentStatesPrefKey=null, popupBubbleLayoutId=0, recentKeyLayoutId=0, recentKeyPopupLayoutId=0, recentKeyType=null, rememberRecentKey=NONE, sessionStates=0}, type=BODY, helpersCreated=[null, null, null, null], context.getResources().getConfiguration(): {1.0 310mcc260mnc [en_US] ldltr sw411dp w411dp h840dp 420dpi nrml long port finger qwerty/v/v dpad/v winConfig={ mBounds=Rect(0, 0 - 1080, 2400) mAppBounds=Rect(0, 132 - 1080, 2337) mMaxBounds=Rect(0, 0 - 1080, 2400) mDisplayRotation=ROTATION_0 mWindowingMode=fullscreen mDisplayWindowingMode=fullscreen mActivityType=undefined mAlwaysOnTop=undefined mRotation=ROTATION_0} as.3 s.72 fontWeightAdjustment=0}
09-14 22:10:49.950 W/Keyboard( 1219): Keyboard.getKeyboardViewHelper():591 null helper is returned: keyboardDef=miv{processedConditions={}, globalConditions={}, className=com.google.android.libraries.inputmethod.keyboard.impl.Keyboard, resourceIds=[#0x7f17004d], initialStates=0, keyboardViewDefs=[], persistentStates=0, persistentStatesPrefKey=null, popupBubbleLayoutId=0, recentKeyLayoutId=0, recentKeyPopupLayoutId=0, recentKeyType=null, rememberRecentKey=NONE, sessionStates=0}, type=FLOATING_CANDIDATES, helpersCreated=[null, null, null, null], context.getResources().getConfiguration(): {1.0 310mcc260mnc [en_US] ldltr sw411dp w411dp h840dp 420dpi nrml long port finger qwerty/v/v dpad/v winConfig={ mBounds=Rect(0, 0 - 1080, 2400) mAppBounds=Rect(0, 132 - 1080, 2337) mMaxBounds=Rect(0, 0 - 1080, 2400) mDisplayRotation=ROTATION_0 mWindowingMode=fullscreen mDisplayWindowingMode=fullscreen mActivityType=undefined mAlwaysOnTop=undefined mRotation=ROTATION_0} as.3 s.72 fontWeightAdjustment=0}
09-14 22:10:49.950 W/Keyboard( 1219): Keyboard.getKeyboardViewHelper():591 null helper is returned: keyboardDef=miv{processedConditions={}, globalConditions={}, className=com.google.android.libraries.inputmethod.keyboard.impl.Keyboard, resourceIds=[#0x7f17004d], initialStates=0, keyboardViewDefs=[], persistentStates=0, persistentStatesPrefKey=null, popupBubbleLayoutId=0, recentKeyLayoutId=0, recentKeyPopupLayoutId=0, recentKeyType=null, rememberRecentKey=NONE, sessionStates=0}, type=WIDGET, helpersCreated=[null, null, null, null], context.getResources().getConfiguration(): {1.0 310mcc260mnc [en_US] ldltr sw411dp w411dp h840dp 420dpi nrml long port finger qwerty/v/v dpad/v winConfig={ mBounds=Rect(0, 0 - 1080, 2400) mAppBounds=Rect(0, 132 - 1080, 2337) mMaxBounds=Rect(0, 0 - 1080, 2400) mDisplayRotation=ROTATION_0 mWindowingMode=fullscreen mDisplayWindowingMode=fullscreen mActivityType=undefined mAlwaysOnTop=undefined mRotation=ROTATION_0} as.3 s.72 fontWeightAdjustment=0}
09-14 22:10:49.950 I/KeyboardManager( 1219): KeyboardManager.requestKeyboard():248 Creating keyboard accessory_candidates_consumer, imeId=password, cacheKey=theme,!gsf,!pgsans,!pgsf,!use_system_font,BORDER,FLAVOR_DPI=XXHDPI,GOOGLE_ICONS,IS_LIGHT,KEYBOARD_WIDTH_CATEGORY=NORMAL,KEY_BORDER_SHAPE=1,LIGHT_THEME=true,PHYSICAL_DIAGONAL=5.9809904,POPUP,SCREEN_SHORTEST_WIDTH=411,SCREEN_SHORTEST_WIDTH_NO_SCALE=411,SW400DP,XXHDPI,bottom4dp,enable_google_fonts_icons=true,enable_popup_on_keypress=true,keyboard_redesign_google_sans=true,noshadow,overlay_builtin_dynamic_color_light_base.binarypb:gm3-light-fff6faff-ff00668b-56f817bf6f42ccf90a80ef5515de5bdc,silkpopup
09-14 22:10:49.951 I/GlobeKeyExtension( 1219): GlobeKeyExtension.getKeyboardInitialStates():175 
09-14 22:10:49.951 W/Keyboard( 1219): Keyboard.getKeyboardViewHelper():591 null helper is returned: keyboardDef=miv{processedConditions={}, globalConditions={global_theme_key=theme,!gsf,!pgsans,!pgsf,!use_system_font,BORDER,FLAVOR_DPI=XXHDPI,GOOGLE_ICONS,IS_LIGHT,KEYBOARD_WIDTH_CATEGORY=NORMAL,KEY_BORDER_SHAPE=1,LIGHT_THEME=true,PHYSICAL_DIAGONAL=5.9809904,POPUP,SCREEN_SHORTEST_WIDTH=411,SCREEN_SHORTEST_WIDTH_NO_SCALE=411,SW400DP,XXHDPI,bottom4dp,enable_google_fonts_icons=true,enable_popup_on_keypress=true,keyboard_redesign_google_sans=true,noshadow,overlay_builtin_dynamic_color_light_base.binarypb:gm3-light-fff6faff-ff00668b-56f817bf6f42ccf90a80ef5515de5bdc,silkpopup, global_locale=en_US, global_density_dpi=420, global_orientation=1}, className=.latin.keyboard.AccessoryKeyboard, resourceIds=[#0x7f17004c], initialStates=0, keyboardViewDefs=[mjj{direction=null, id=#0x7f0b020d, isScalable=false, layoutId=#0x7f0e0032, type=FLOATING_CANDIDATES, touchable=true, defaultShow=false}], persistentStates=0, persistentStatesPrefKey=null, popupBubbleLayoutId=#0x7f0e05ed, recentKeyLayoutId=0, recentKeyPopupLayoutId=0, recentKeyType=null, rememberRecentKey=NONE, sessionStates=0}, type=HEADER, helpersCreated=[null, null, lvj@49f941a, null], context.getResources().getConfiguration(): {1.0 310mcc260mnc [en_US] ldltr sw411dp w411dp h840dp 420dpi nrml long port finger qwerty/v/v dpad/v winConfig={ mBounds=Rect(0, 0 - 1080, 2400) mAppBounds=Rect(0, 132 - 1080, 2337) mMaxBounds=Rect(0, 0 - 1080, 2400) mDisplayRotation=ROTATION_0 mWindowingMode=fullscreen mDisplayWindowingMode=fullscreen mActivityType=undefined mAlwaysOnTop=undefined mRotation=ROTATION_0} as.3 s.72 fontWeightAdjustment=0}
09-14 22:10:49.951 W/Keyboard( 1219): Keyboard.getKeyboardViewHelper():591 null helper is returned: keyboardDef=miv{processedConditions={}, globalConditions={global_theme_key=theme,!gsf,!pgsans,!pgsf,!use_system_font,BORDER,FLAVOR_DPI=XXHDPI,GOOGLE_ICONS,IS_LIGHT,KEYBOARD_WIDTH_CATEGORY=NORMAL,KEY_BORDER_SHAPE=1,LIGHT_THEME=true,PHYSICAL_DIAGONAL=5.9809904,POPUP,SCREEN_SHORTEST_WIDTH=411,SCREEN_SHORTEST_WIDTH_NO_SCALE=411,SW400DP,XXHDPI,bottom4dp,enable_google_fonts_icons=true,enable_popup_on_keypress=true,keyboard_redesign_google_sans=true,noshadow,overlay_builtin_dynamic_color_light_base.binarypb:gm3-light-fff6faff-ff00668b-56f817bf6f42ccf90a80ef5515de5bdc,silkpopup, global_locale=en_US, global_density_dpi=420, global_orientation=1}, className=.latin.keyboard.AccessoryKeyboard, resourceIds=[#0x7f17004c], initialStates=0, keyboardViewDefs=[mjj{direction=null, id=#0x7f0b020d, isScalable=false, layoutId=#0x7f0e0032, type=FLOATING_CANDIDATES, touchable=true, defaultShow=false}], persistentStates=0, persistentStatesPrefKey=null, popupBubbleLayoutId=#0x7f0e05ed, recentKeyLayoutId=0, recentKeyPopupLayoutId=0, recentKeyType=null, rememberRecentKey=NONE, sessionStates=0}, type=BODY, helpersCreated=[null, null, lvj@49f941a, null], context.getResources().getConfiguration(): {1.0 310mcc260mnc [en_US] ldltr sw411dp w411dp h840dp 420dpi nrml long port finger qwerty/v/v dpad/v winConfig={ mBounds=Rect(0, 0 - 1080, 2400) mAppBounds=Rect(0, 132 - 1080, 2337) mMaxBounds=Rect(0, 0 - 1080, 2400) mDisplayRotation=ROTATION_0 mWindowingMode=fullscreen mDisplayWindowingMode=fullscreen mActivityType=undefined mAlwaysOnTop=undefined mRotation=ROTATION_0} as.3 s.72 fontWeightAdjustment=0}
09-14 22:10:49.951 I/AndroidIME( 1219): InputBundleManager.startInput():358 startInput() with mjf[keyboardType=accessory, payload=null]
09-14 22:10:49.951 I/GlobeKeyExtension( 1219): GlobeKeyExtension.onActivate():120 
09-14 22:10:49.952 W/AutoPasteSuggestionHelper( 1219): AutoPasteSuggestionHelper.setMaxWidthOfChipTextView():1066 Failed to get the width of the proactive suggestion view holder in HEADER.
09-14 22:10:49.953 W/AutoPasteSuggestionHelper( 1219): AutoPasteSuggestionHelper.setMaxWidthOfChipTextView():1066 Failed to get the width of the proactive suggestion view holder in HEADER.
09-14 22:10:49.954 W/AutoPasteSuggestionHelper( 1219): AutoPasteSuggestionHelper.setMaxWidthOfChipTextView():1066 Failed to get the width of the proactive suggestion view holder in WIDGET.
09-14 22:10:49.954 I/ProactiveSuggestionsHolderManager( 1219): ProactiveSuggestionsHolderManager$2.display():216 Requesting to show proactive suggestions: CLIPBOARD PREEMPTIVE_WITH_SUPPRESSION in HEADER
09-14 22:10:49.954 I/ProactiveSuggestionsHolderManager( 1219): ProactiveSuggestionsHolderManager$2.display():228 suggestions CLIPBOARD are pending to show on HEADER
09-14 22:10:49.954 I/ProactiveSuggestionsHolderManager( 1219): ProactiveSuggestionsHolderManager$2.display():216 Requesting to show proactive suggestions: CLIPBOARD PREEMPTIVE_WITH_SUPPRESSION in WIDGET
09-14 22:10:49.954 I/ProactiveSuggestionsHolderManager( 1219): ProactiveSuggestionsHolderManager$2.display():228 suggestions CLIPBOARD are pending to show on WIDGET
09-14 22:10:49.954 I/NewLanguagePromptExtension( 1219): NewLanguagePromptExtension.onActivate():189 Not activated NewLanguagePromptExtension: not a normal text input box.
09-14 22:10:49.956 I/VoiceInputManagerWrapper( 1219): VoiceInputManagerWrapper.cancelShutdown():109 cancelShutdown()
09-14 22:10:49.956 I/VoiceInputManagerWrapper( 1219): VoiceInputManagerWrapper.syncLanguagePacks():121 syncLanguagePacks()
09-14 22:10:49.956 I/VoiceInputManager( 1219): VoiceInputManager.onKeyboardActivated():1120 onKeyboardActivated() [UD]
09-14 22:10:49.956 I/SpeechFactory( 1219): SpeechRecognitionFactory.maybeScheduleAutoPackDownloadForFallback():217 maybeScheduleAutoPackDownloadForFallback()
09-14 22:10:49.956 I/FallbackOnDeviceRecognitionProvider( 1219): FallbackOnDeviceRecognitionProvider.maybeScheduleAutoPackDownload():200 maybeScheduleAutoPackDownload() for language tag en-US
09-14 22:10:49.956 I/PkModeUpdater( 1219): PkModeUpdater.onActivate():74 onActivate true true
09-14 22:10:49.956 I/AccessoryInputModeManager( 1219): AccessoryInputModeManager.onModeStarted():317 Accessory input mode started: PK
09-14 22:10:49.957 W/ExtensionWrapper( 1219): ExtensionWrapper.setAllowUpdateNavigationBarStyle():818 class jpb is not activate
09-14 22:10:49.957 I/WidgetViewShowingController( 1219): WidgetViewShowingController.showWidgetKeyboardInternal():527 Show companion widget
09-14 22:10:49.957 W/ExtensionWrapper( 1219): ExtensionWrapper.setAllowUpdateNavigationBarStyle():818 class jpb is not activate
09-14 22:10:49.958 I/WidgetViewShowingPositionHandler( 1219): WidgetViewShowingPositionHandler.updateAvailableArea():194 update available area Rect(21, 153 - 1059, 2270)
09-14 22:10:49.958 I/HardKeyTracker( 1219): HardKeyTracker.registerKeySequence():170 Register key sequence ndp{labelResId=2132020465, callback=gbl@3bc529, lastModifier=2, keyCodes=[62], actions=[0]}
09-14 22:10:49.958 I/KeyboardModeUtils( 1219): KeyboardModeUtils.getKeyboardBottomOffset():435 inch: 0.000000 ydpi: 420.000000 adjustKeyboardBottomByDisplaySize: false currentDensityDpi: 420 defaultDensityDpi: 420 keyboardBottomToScreenPx: 0 keyboardBottomToNavBarPx: -126 navBarHeight: 126
09-14 22:10:49.958 I/KeyboardHeightUtil( 1219): KeyboardHeightUtil.calculateMaxKeyboardBodyHeight():50 leave 281 height for app when ime window height:2142, header height:116 and isFullscreenMode:false, so the max keyboard body height is:1745
09-14 22:10:49.958 I/KeyboardHeightUtil( 1219): KeyboardHeightUtil.calculateMaxKeyboardBodyHeight():50 leave 281 height for app when ime window height:2142, header height:116 and isFullscreenMode:false, so the max keyboard body height is:1745
09-14 22:10:49.958 I/KeyboardHeightUtil( 1219): KeyboardHeightUtil.calculateMaxKeyboardBodyHeight():50 leave 281 height for app when ime window height:2142, header height:116 and isFullscreenMode:false, so the max keyboard body height is:1745
09-14 22:10:49.958 I/KeyboardHeightUtil( 1219): KeyboardHeightUtil.calculateMaxKeyboardBodyHeight():50 leave 281 height for app when ime window height:2142, header height:116 and isFullscreenMode:false, so the max keyboard body height is:1745
09-14 22:10:49.958 W/ExtensionWrapper( 1219): ExtensionWrapper.setExtensionViewVisibility():809 interface lyo is not activate
09-14 22:10:49.959 I/Module  ( 1219): DeviceLockedStatusModuleProvider$Module.updateDeviceLockedStatus():100 repeatCheckTimes = 1, locked = false
09-14 22:10:49.959 I/CurrentMicStatusHolder( 1219): CurrentMicStatusHolder.onStartInputView():81 Current Mic status = {MicIconHidden-PasswordOrNumberOrDateInputType,}
09-14 22:10:49.966 D/CoreBackPreview(  533): Window{3918f81 u0 com.app.uprise.debug/com.app.uprise.MainActivity}: Setting back callback OnBackInvokedCallbackInfo{mCallback=android.window.IOnBackInvokedCallback$Stub$Proxy@b0f7a23, mPriority=0}
09-14 22:10:49.968 I/WindowMetricsNotification( 1219): WindowMetricsNotification.notifyWithWindow():166 
09-14 22:10:49.968 I/WindowMetricsNotification( 1219): WindowMetricsNotification.notify():159 pct[bounds=Rect(0, 132 - 1080, 2400), insets=Rect(0, 0 - 0, 126), densityDpi=420, smallestScreenWidthDp=411, displayWidth=1080, displayHeight=2400, xdpi=420.0, ydpi=420.0, isTrustable=true, displayId=0]; DisplayMetrics{density=2.625, width=1080, height=2400, scaledDensity=2.625, xdpi=420.0, ydpi=420.0}
09-14 22:10:50.004 E/OpenGLRenderer( 1219): Unable to match the desired swap behavior.
09-14 22:10:50.074 I/GoogleInputMethodService( 1219): GoogleInputMethodService$1.onKeyboardViewShown():321 onKeyboardViewShown: keyboardType=accessory, keyboardViewType=HEADER keyboardView=null
09-14 22:10:50.074 D/InsetsController(13479): show(ime(), fromIme=true)
09-14 22:10:50.074 W/Keyboard( 1219): Keyboard.getKeyboardViewHelper():591 null helper is returned: keyboardDef=miv{processedConditions={}, globalConditions={}, className=com.google.android.libraries.inputmethod.keyboard.impl.Keyboard, resourceIds=[#0x7f17004d], initialStates=0, keyboardViewDefs=[], persistentStates=0, persistentStatesPrefKey=null, popupBubbleLayoutId=0, recentKeyLayoutId=0, recentKeyPopupLayoutId=0, recentKeyType=null, rememberRecentKey=NONE, sessionStates=0}, type=BODY, helpersCreated=[null, null, null, null], context.getResources().getConfiguration(): {1.0 310mcc260mnc [en_US] ldltr sw411dp w411dp h840dp 420dpi nrml long port finger qwerty/v/v dpad/v winConfig={ mBounds=Rect(0, 0 - 1080, 2400) mAppBounds=Rect(0, 132 - 1080, 2337) mMaxBounds=Rect(0, 0 - 1080, 2400) mDisplayRotation=ROTATION_0 mWindowingMode=fullscreen mDisplayWindowingMode=fullscreen mActivityType=undefined mAlwaysOnTop=undefined mRotation=ROTATION_0} as.3 s.72 fontWeightAdjustment=0}
09-14 22:10:50.074 I/GoogleInputMethodService( 1219): GoogleInputMethodService$1.onKeyboardViewShown():321 onKeyboardViewShown: keyboardType=accessory, keyboardViewType=BODY keyboardView=null
09-14 22:10:50.074 W/Keyboard( 1219): Keyboard.getKeyboardViewHelper():591 null helper is returned: keyboardDef=miv{processedConditions={}, globalConditions={}, className=com.google.android.libraries.inputmethod.keyboard.impl.Keyboard, resourceIds=[#0x7f17004d], initialStates=0, keyboardViewDefs=[], persistentStates=0, persistentStatesPrefKey=null, popupBubbleLayoutId=0, recentKeyLayoutId=0, recentKeyPopupLayoutId=0, recentKeyType=null, rememberRecentKey=NONE, sessionStates=0}, type=BODY, helpersCreated=[null, null, null, null], context.getResources().getConfiguration(): {1.0 310mcc260mnc [en_US] ldltr sw411dp w411dp h840dp 420dpi nrml long port finger qwerty/v/v dpad/v winConfig={ mBounds=Rect(0, 0 - 1080, 2400) mAppBounds=Rect(0, 132 - 1080, 2337) mMaxBounds=Rect(0, 0 - 1080, 2400) mDisplayRotation=ROTATION_0 mWindowingMode=fullscreen mDisplayWindowingMode=fullscreen mActivityType=undefined mAlwaysOnTop=undefined mRotation=ROTATION_0} as.3 s.72 fontWeightAdjustment=0}
09-14 22:10:51.464 D/EGL_emulation(13479): app_time_stats: avg=189.24ms min=16.25ms max=518.97ms count=8
09-14 22:10:52.961 D/EGL_emulation(13479): app_time_stats: avg=498.91ms min=496.84ms max=502.58ms count=3
09-14 22:10:53.961 D/EGL_emulation(13479): app_time_stats: avg=500.13ms min=500.12ms max=500.13ms count=2
09-14 22:10:54.498 D/AudioFlinger(  346): mixer(0x778295a989a0) throttle end: throttle time(34)
09-14 22:10:54.510 W/PresentationStatsEventLogger(  533): Shouldn't be logging AutofillPresentationEventReported again for same event
09-14 22:10:54.511 I/GoogleInputMethodService( 1219): GoogleInputMethodService.onFinishInputView():1540 onFinishInputView(true)
09-14 22:10:54.512 I/GlobeKeyExtension( 1219): GlobeKeyExtension.onDeactivate():144 
09-14 22:10:54.512 D/InputMethodManager(13479): showSoftInput() view=com.facebook.react.views.textinput.ReactEditText{f4fbfbd VFED..CL. .F....ID 0,11-802,116 #1ed aid=1073741829} flags=0 reason=SHOW_SOFT_INPUT
09-14 22:10:54.512 I/VoiceInputManagerWrapper( 1219): VoiceInputManagerWrapper.shutdown():131 shutdown()
09-14 22:10:54.512 I/HardKeyTracker( 1219): HardKeyTracker.unregisterKeySequence():221 Unregister key sequence ndp{labelResId=2132020465, callback=gbl@3bc529, lastModifier=2, keyCodes=[62], actions=[0]}
09-14 22:10:54.512 W/ExtensionWrapper( 1219): ExtensionWrapper.setAllowUpdateNavigationBarStyle():818 class jpb is not activate
09-14 22:10:54.515 W/ExtensionWrapper( 1219): ExtensionWrapper.setAllowUpdateNavigationBarStyle():818 class jpb is not activate
09-14 22:10:54.517 I/AssistStructure(13479): Flattened final assist data: 5204 bytes, containing 1 windows, 29 views
09-14 22:10:54.518 D/AutofillSession(  533): createPendingIntent for request 20
09-14 22:10:54.518 D/ContentCapturePerUserService(  533): Notified activity assist data for activity: Token{3de94bb ActivityRecord{ab87dd8 u0 com.app.uprise.debug/com.app.uprise.MainActivity} t129}} without a session Id
09-14 22:10:54.518 W/RemoteInputConnectionImpl(13479): requestCursorAnchorInfo on inactive InputConnection
09-14 22:10:54.519 W/TooltipLifecycleManager( 1219): TooltipLifecycleManager.dismissTooltips():153 Tooltip with id spell_check_add_to_dictionary not found in tooltipManager.
09-14 22:10:54.520 I/AndroidIME( 1219): AbstractIme.onDeactivate():216 PasswordIme.onDeactivate()
09-14 22:10:54.522 I/GoogleInputMethodService( 1219): GoogleInputMethodService.onFinishInput():2054 
09-14 22:10:54.522 I/Module  ( 1219): DeviceLockedStatusModuleProvider$Module.updateDeviceLockedStatus():100 repeatCheckTimes = 0, locked = false
09-14 22:10:54.525 I/GoogleInputMethodService( 1219): GoogleInputMethodService.onStartInput():1315 onStartInput(EditorInfo{EditorInfo{packageName=com.app.uprise.debug, inputType=80081, inputTypeString=Password[NoSuggestion], enableLearning=false, autoCorrection=false, autoComplete=true, imeOptions=c000006, privateImeOptions=null, actionName=DONE, actionLabel=null, initialSelStart=10, initialSelEnd=10, initialCapsMode=0, label=null, fieldId=493, fieldName=null, extras=null, hintText=non-empty, hintLocales=[]}}, false)
09-14 22:10:54.526 I/Module  ( 1219): DeviceLockedStatusModuleProvider$Module.updateDeviceLockedStatus():100 repeatCheckTimes = 1, locked = false
09-14 22:10:54.526 I/GoogleInputMethodService( 1219): GoogleInputMethodService.onStartInputView():1408 onStartInputView(EditorInfo{EditorInfo{packageName=com.app.uprise.debug, inputType=80081, inputTypeString=Password[NoSuggestion], enableLearning=false, autoCorrection=false, autoComplete=true, imeOptions=c000006, privateImeOptions=null, actionName=DONE, actionLabel=null, initialSelStart=10, initialSelEnd=10, initialCapsMode=0, label=null, fieldId=493, fieldName=null, extras=null, hintText=non-empty, hintLocales=[]}}, false)
09-14 22:10:54.526 W/ModuleManager( 1219): ModuleManager.loadModule():567 Module nfr is not available
09-14 22:10:54.526 I/KeyboardHeightUtil( 1219): KeyboardHeightUtil.getOemKeyboardHeightRatio():108 systemKeyboardHeightRatio:1.000000.
09-14 22:10:54.528 W/TooltipLifecycleManager( 1219): TooltipLifecycleManager.dismissTooltips():153 Tooltip with id SUGGESTION_VIEW_EDU_MINI_DIALOG not found in tooltipManager.
09-14 22:10:54.528 I/AndroidIME( 1219): InputBundleManager.loadActiveInputBundleId():528 loadActiveInputBundleId: und-Latn-x-password, password
09-14 22:10:54.528 I/AndroidIME( 1219): AbstractIme.onActivate():96 PasswordIme.onActivate() : EditorInfo = EditorInfo{packageName=com.app.uprise.debug, inputType=80081, inputTypeString=Password[NoSuggestion], enableLearning=false, autoCorrection=false, autoComplete=true, imeOptions=c000006, privateImeOptions=null, actionName=DONE, actionLabel=null, initialSelStart=10, initialSelEnd=10, initialCapsMode=0, label=null, fieldId=493, fieldName=null, extras=null, hintText=non-empty, hintLocales=[]}, IncognitoMode = false, DeviceLocked = false
09-14 22:10:54.528 I/KeyboardWrapper( 1219): KeyboardWrapper.activateKeyboard():580 activateKeyboard(): type=accessory, status=0, imeDef=mib{stringId=password, language=und-Latn-x-password, languageTag=und-Latn-x-password, processedConditions={writing_helper_enable_by_word_revert=false, enable_access_points_in_password_number=true, variant=qwerty, true=true, language=en-US, enable_number_row=true, device=phone, enable_number_row_in_password=true, enable_pk_simulator=false}, className=com.google.android.libraries.inputmethod.ime.password.PasswordIme, label=2132019263, keyEventInterpreter=null, inlineComposing=true, autoCapital=true, announceAutoSelectedCandidate=true, statusIcon=0, indicatorIcon=0, indicatorLabel=null, displayAppCompletions=false, extraValues=mhu{}, processors=mjs@513e038, unacceptableMetaKeys=4098, languageSpecificSettings=0, asciiCapable=false, alwaysShowSuggestions=false, useAsciiPasswordKeyboard=false, keyboardGroupDef=mjb@b17b811, phenotypeFlagId=0, localizationLanguageTag=null, supportsInlineSuggestion=false}
09-14 22:10:54.528 I/KeyboardManager( 1219): KeyboardManager.requestKeyboard():248 Creating keyboard accessory, imeId=password, cacheKey=theme,!gsf,!pgsans,!pgsf,!use_system_font,BORDER,FLAVOR_DPI=XXHDPI,GOOGLE_ICONS,IS_LIGHT,KEYBOARD_WIDTH_CATEGORY=NORMAL,KEY_BORDER_SHAPE=1,LIGHT_THEME=true,PHYSICAL_DIAGONAL=5.9809904,POPUP,SCREEN_SHORTEST_WIDTH=411,SCREEN_SHORTEST_WIDTH_NO_SCALE=411,SW400DP,XXHDPI,bottom4dp,enable_google_fonts_icons=true,enable_popup_on_keypress=true,keyboard_redesign_google_sans=true,noshadow,overlay_builtin_dynamic_color_light_base.binarypb:gm3-light-fff6faff-ff00668b-56f817bf6f42ccf90a80ef5515de5bdc,silkpopup
09-14 22:10:54.528 I/KeyboardWrapper( 1219): KeyboardWrapper.onKeyboardReady():223 onKeyboardReady(): type=accessory(accessory), kb=com.google.android.libraries.inputmethod.keyboard.impl.Keyboard@d2dfd38
09-14 22:10:54.528 I/KeyboardWrapper( 1219): KeyboardWrapper.doActivateKeyboard():610 doActivateKeyboard(): accessory
09-14 22:10:54.528 W/Keyboard( 1219): Keyboard.getKeyboardViewHelper():591 null helper is returned: keyboardDef=miv{processedConditions={}, globalConditions={}, className=com.google.android.libraries.inputmethod.keyboard.impl.Keyboard, resourceIds=[#0x7f17004d], initialStates=0, keyboardViewDefs=[], persistentStates=0, persistentStatesPrefKey=null, popupBubbleLayoutId=0, recentKeyLayoutId=0, recentKeyPopupLayoutId=0, recentKeyType=null, rememberRecentKey=NONE, sessionStates=0}, type=HEADER, helpersCreated=[null, null, null, null], context.getResources().getConfiguration(): {1.0 310mcc260mnc [en_US] ldltr sw411dp w411dp h840dp 420dpi nrml long port finger qwerty/v/v dpad/v winConfig={ mBounds=Rect(0, 0 - 1080, 2400) mAppBounds=Rect(0, 132 - 1080, 2337) mMaxBounds=Rect(0, 0 - 1080, 2400) mDisplayRotation=ROTATION_0 mWindowingMode=fullscreen mDisplayWindowingMode=fullscreen mActivityType=undefined mAlwaysOnTop=undefined mRotation=ROTATION_0} as.3 s.72 fontWeightAdjustment=0}
09-14 22:10:54.529 W/Keyboard( 1219): Keyboard.getKeyboardViewHelper():591 null helper is returned: keyboardDef=miv{processedConditions={}, globalConditions={}, className=com.google.android.libraries.inputmethod.keyboard.impl.Keyboard, resourceIds=[#0x7f17004d], initialStates=0, keyboardViewDefs=[], persistentStates=0, persistentStatesPrefKey=null, popupBubbleLayoutId=0, recentKeyLayoutId=0, recentKeyPopupLayoutId=0, recentKeyType=null, rememberRecentKey=NONE, sessionStates=0}, type=BODY, helpersCreated=[null, null, null, null], context.getResources().getConfiguration(): {1.0 310mcc260mnc [en_US] ldltr sw411dp w411dp h840dp 420dpi nrml long port finger qwerty/v/v dpad/v winConfig={ mBounds=Rect(0, 0 - 1080, 2400) mAppBounds=Rect(0, 132 - 1080, 2337) mMaxBounds=Rect(0, 0 - 1080, 2400) mDisplayRotation=ROTATION_0 mWindowingMode=fullscreen mDisplayWindowingMode=fullscreen mActivityType=undefined mAlwaysOnTop=undefined mRotation=ROTATION_0} as.3 s.72 fontWeightAdjustment=0}
09-14 22:10:54.530 I/GlobeKeyExtension( 1219): GlobeKeyExtension.getKeyboardInitialStates():175 
09-14 22:10:54.530 W/Keyboard( 1219): Keyboard.getKeyboardViewHelper():591 null helper is returned: keyboardDef=miv{processedConditions={}, globalConditions={}, className=com.google.android.libraries.inputmethod.keyboard.impl.Keyboard, resourceIds=[#0x7f17004d], initialStates=0, keyboardViewDefs=[], persistentStates=0, persistentStatesPrefKey=null, popupBubbleLayoutId=0, recentKeyLayoutId=0, recentKeyPopupLayoutId=0, recentKeyType=null, rememberRecentKey=NONE, sessionStates=0}, type=HEADER, helpersCreated=[null, null, null, null], context.getResources().getConfiguration(): {1.0 310mcc260mnc [en_US] ldltr sw411dp w411dp h840dp 420dpi nrml long port finger qwerty/v/v dpad/v winConfig={ mBounds=Rect(0, 0 - 1080, 2400) mAppBounds=Rect(0, 132 - 1080, 2337) mMaxBounds=Rect(0, 0 - 1080, 2400) mDisplayRotation=ROTATION_0 mWindowingMode=fullscreen mDisplayWindowingMode=fullscreen mActivityType=undefined mAlwaysOnTop=undefined mRotation=ROTATION_0} as.3 s.72 fontWeightAdjustment=0}
09-14 22:10:54.530 W/Keyboard( 1219): Keyboard.getKeyboardViewHelper():591 null helper is returned: keyboardDef=miv{processedConditions={}, globalConditions={}, className=com.google.android.libraries.inputmethod.keyboard.impl.Keyboard, resourceIds=[#0x7f17004d], initialStates=0, keyboardViewDefs=[], persistentStates=0, persistentStatesPrefKey=null, popupBubbleLayoutId=0, recentKeyLayoutId=0, recentKeyPopupLayoutId=0, recentKeyType=null, rememberRecentKey=NONE, sessionStates=0}, type=BODY, helpersCreated=[null, null, null, null], context.getResources().getConfiguration(): {1.0 310mcc260mnc [en_US] ldltr sw411dp w411dp h840dp 420dpi nrml long port finger qwerty/v/v dpad/v winConfig={ mBounds=Rect(0, 0 - 1080, 2400) mAppBounds=Rect(0, 132 - 1080, 2337) mMaxBounds=Rect(0, 0 - 1080, 2400) mDisplayRotation=ROTATION_0 mWindowingMode=fullscreen mDisplayWindowingMode=fullscreen mActivityType=undefined mAlwaysOnTop=undefined mRotation=ROTATION_0} as.3 s.72 fontWeightAdjustment=0}
09-14 22:10:54.531 W/Keyboard( 1219): Keyboard.getKeyboardViewHelper():591 null helper is returned: keyboardDef=miv{processedConditions={}, globalConditions={}, className=com.google.android.libraries.inputmethod.keyboard.impl.Keyboard, resourceIds=[#0x7f17004d], initialStates=0, keyboardViewDefs=[], persistentStates=0, persistentStatesPrefKey=null, popupBubbleLayoutId=0, recentKeyLayoutId=0, recentKeyPopupLayoutId=0, recentKeyType=null, rememberRecentKey=NONE, sessionStates=0}, type=FLOATING_CANDIDATES, helpersCreated=[null, null, null, null], context.getResources().getConfiguration(): {1.0 310mcc260mnc [en_US] ldltr sw411dp w411dp h840dp 420dpi nrml long port finger qwerty/v/v dpad/v winConfig={ mBounds=Rect(0, 0 - 1080, 2400) mAppBounds=Rect(0, 132 - 1080, 2337) mMaxBounds=Rect(0, 0 - 1080, 2400) mDisplayRotation=ROTATION_0 mWindowingMode=fullscreen mDisplayWindowingMode=fullscreen mActivityType=undefined mAlwaysOnTop=undefined mRotation=ROTATION_0} as.3 s.72 fontWeightAdjustment=0}
09-14 22:10:54.531 W/Keyboard( 1219): Keyboard.getKeyboardViewHelper():591 null helper is returned: keyboardDef=miv{processedConditions={}, globalConditions={}, className=com.google.android.libraries.inputmethod.keyboard.impl.Keyboard, resourceIds=[#0x7f17004d], initialStates=0, keyboardViewDefs=[], persistentStates=0, persistentStatesPrefKey=null, popupBubbleLayoutId=0, recentKeyLayoutId=0, recentKeyPopupLayoutId=0, recentKeyType=null, rememberRecentKey=NONE, sessionStates=0}, type=WIDGET, helpersCreated=[null, null, null, null], context.getResources().getConfiguration(): {1.0 310mcc260mnc [en_US] ldltr sw411dp w411dp h840dp 420dpi nrml long port finger qwerty/v/v dpad/v winConfig={ mBounds=Rect(0, 0 - 1080, 2400) mAppBounds=Rect(0, 132 - 1080, 2337) mMaxBounds=Rect(0, 0 - 1080, 2400) mDisplayRotation=ROTATION_0 mWindowingMode=fullscreen mDisplayWindowingMode=fullscreen mActivityType=undefined mAlwaysOnTop=undefined mRotation=ROTATION_0} as.3 s.72 fontWeightAdjustment=0}
09-14 22:10:54.531 I/KeyboardManager( 1219): KeyboardManager.requestKeyboard():248 Creating keyboard accessory_candidates_consumer, imeId=password, cacheKey=theme,!gsf,!pgsans,!pgsf,!use_system_font,BORDER,FLAVOR_DPI=XXHDPI,GOOGLE_ICONS,IS_LIGHT,KEYBOARD_WIDTH_CATEGORY=NORMAL,KEY_BORDER_SHAPE=1,LIGHT_THEME=true,PHYSICAL_DIAGONAL=5.9809904,POPUP,SCREEN_SHORTEST_WIDTH=411,SCREEN_SHORTEST_WIDTH_NO_SCALE=411,SW400DP,XXHDPI,bottom4dp,enable_google_fonts_icons=true,enable_popup_on_keypress=true,keyboard_redesign_google_sans=true,noshadow,overlay_builtin_dynamic_color_light_base.binarypb:gm3-light-fff6faff-ff00668b-56f817bf6f42ccf90a80ef5515de5bdc,silkpopup
09-14 22:10:54.531 I/GlobeKeyExtension( 1219): GlobeKeyExtension.getKeyboardInitialStates():175 
09-14 22:10:54.531 W/Keyboard( 1219): Keyboard.getKeyboardViewHelper():591 null helper is returned: keyboardDef=miv{processedConditions={}, globalConditions={global_theme_key=theme,!gsf,!pgsans,!pgsf,!use_system_font,BORDER,FLAVOR_DPI=XXHDPI,GOOGLE_ICONS,IS_LIGHT,KEYBOARD_WIDTH_CATEGORY=NORMAL,KEY_BORDER_SHAPE=1,LIGHT_THEME=true,PHYSICAL_DIAGONAL=5.9809904,POPUP,SCREEN_SHORTEST_WIDTH=411,SCREEN_SHORTEST_WIDTH_NO_SCALE=411,SW400DP,XXHDPI,bottom4dp,enable_google_fonts_icons=true,enable_popup_on_keypress=true,keyboard_redesign_google_sans=true,noshadow,overlay_builtin_dynamic_color_light_base.binarypb:gm3-light-fff6faff-ff00668b-56f817bf6f42ccf90a80ef5515de5bdc,silkpopup, global_locale=en_US, global_density_dpi=420, global_orientation=1}, className=.latin.keyboard.AccessoryKeyboard, resourceIds=[#0x7f17004c], initialStates=0, keyboardViewDefs=[mjj{direction=null, id=#0x7f0b020d, isScalable=false, layoutId=#0x7f0e0032, type=FLOATING_CANDIDATES, touchable=true, defaultShow=false}], persistentStates=0, persistentStatesPrefKey=null, popupBubbleLayoutId=#0x7f0e05ed, recentKeyLayoutId=0, recentKeyPopupLayoutId=0, recentKeyType=null, rememberRecentKey=NONE, sessionStates=0}, type=HEADER, helpersCreated=[null, null, lvj@49f941a, null], context.getResources().getConfiguration(): {1.0 310mcc260mnc [en_US] ldltr sw411dp w411dp h840dp 420dpi nrml long port finger qwerty/v/v dpad/v winConfig={ mBounds=Rect(0, 0 - 1080, 2400) mAppBounds=Rect(0, 132 - 1080, 2337) mMaxBounds=Rect(0, 0 - 1080, 2400) mDisplayRotation=ROTATION_0 mWindowingMode=fullscreen mDisplayWindowingMode=fullscreen mActivityType=undefined mAlwaysOnTop=undefined mRotation=ROTATION_0} as.3 s.72 fontWeightAdjustment=0}
09-14 22:10:54.531 W/Keyboard( 1219): Keyboard.getKeyboardViewHelper():591 null helper is returned: keyboardDef=miv{processedConditions={}, globalConditions={global_theme_key=theme,!gsf,!pgsans,!pgsf,!use_system_font,BORDER,FLAVOR_DPI=XXHDPI,GOOGLE_ICONS,IS_LIGHT,KEYBOARD_WIDTH_CATEGORY=NORMAL,KEY_BORDER_SHAPE=1,LIGHT_THEME=true,PHYSICAL_DIAGONAL=5.9809904,POPUP,SCREEN_SHORTEST_WIDTH=411,SCREEN_SHORTEST_WIDTH_NO_SCALE=411,SW400DP,XXHDPI,bottom4dp,enable_google_fonts_icons=true,enable_popup_on_keypress=true,keyboard_redesign_google_sans=true,noshadow,overlay_builtin_dynamic_color_light_base.binarypb:gm3-light-fff6faff-ff00668b-56f817bf6f42ccf90a80ef5515de5bdc,silkpopup, global_locale=en_US, global_density_dpi=420, global_orientation=1}, className=.latin.keyboard.AccessoryKeyboard, resourceIds=[#0x7f17004c], initialStates=0, keyboardViewDefs=[mjj{direction=null, id=#0x7f0b020d, isScalable=false, layoutId=#0x7f0e0032, type=FLOATING_CANDIDATES, touchable=true, defaultShow=false}], persistentStates=0, persistentStatesPrefKey=null, popupBubbleLayoutId=#0x7f0e05ed, recentKeyLayoutId=0, recentKeyPopupLayoutId=0, recentKeyType=null, rememberRecentKey=NONE, sessionStates=0}, type=BODY, helpersCreated=[null, null, lvj@49f941a, null], context.getResources().getConfiguration(): {1.0 310mcc260mnc [en_US] ldltr sw411dp w411dp h840dp 420dpi nrml long port finger qwerty/v/v dpad/v winConfig={ mBounds=Rect(0, 0 - 1080, 2400) mAppBounds=Rect(0, 132 - 1080, 2337) mMaxBounds=Rect(0, 0 - 1080, 2400) mDisplayRotation=ROTATION_0 mWindowingMode=fullscreen mDisplayWindowingMode=fullscreen mActivityType=undefined mAlwaysOnTop=undefined mRotation=ROTATION_0} as.3 s.72 fontWeightAdjustment=0}
09-14 22:10:54.533 I/AndroidIME( 1219): InputBundleManager.startInput():358 startInput() with mjf[keyboardType=accessory, payload=null]
09-14 22:10:54.533 D/CoreBackPreview(  533): Window{3918f81 u0 com.app.uprise.debug/com.app.uprise.MainActivity}: Setting back callback OnBackInvokedCallbackInfo{mCallback=android.window.IOnBackInvokedCallback$Stub$Proxy@4d31eaa, mPriority=0}
09-14 22:10:54.533 I/GlobeKeyExtension( 1219): GlobeKeyExtension.onActivate():120 
09-14 22:10:54.535 W/AutoPasteSuggestionHelper( 1219): AutoPasteSuggestionHelper.setMaxWidthOfChipTextView():1066 Failed to get the width of the proactive suggestion view holder in HEADER.
09-14 22:10:54.536 W/AutoPasteSuggestionHelper( 1219): AutoPasteSuggestionHelper.setMaxWidthOfChipTextView():1066 Failed to get the width of the proactive suggestion view holder in HEADER.
09-14 22:10:54.536 W/AutoPasteSuggestionHelper( 1219): AutoPasteSuggestionHelper.setMaxWidthOfChipTextView():1066 Failed to get the width of the proactive suggestion view holder in WIDGET.
09-14 22:10:54.537 I/ProactiveSuggestionsHolderManager( 1219): ProactiveSuggestionsHolderManager$2.display():216 Requesting to show proactive suggestions: CLIPBOARD PREEMPTIVE_WITH_SUPPRESSION in HEADER
09-14 22:10:54.537 I/ProactiveSuggestionsHolderManager( 1219): ProactiveSuggestionsHolderManager$2.display():228 suggestions CLIPBOARD are pending to show on HEADER
09-14 22:10:54.537 I/ProactiveSuggestionsHolderManager( 1219): ProactiveSuggestionsHolderManager$2.display():216 Requesting to show proactive suggestions: CLIPBOARD PREEMPTIVE_WITH_SUPPRESSION in WIDGET
09-14 22:10:54.537 I/ProactiveSuggestionsHolderManager( 1219): ProactiveSuggestionsHolderManager$2.display():228 suggestions CLIPBOARD are pending to show on WIDGET
09-14 22:10:54.538 I/NewLanguagePromptExtension( 1219): NewLanguagePromptExtension.onActivate():189 Not activated NewLanguagePromptExtension: not a normal text input box.
09-14 22:10:54.540 I/VoiceInputManagerWrapper( 1219): VoiceInputManagerWrapper.cancelShutdown():109 cancelShutdown()
09-14 22:10:54.540 I/VoiceInputManagerWrapper( 1219): VoiceInputManagerWrapper.syncLanguagePacks():121 syncLanguagePacks()
09-14 22:10:54.540 I/VoiceInputManager( 1219): VoiceInputManager.onKeyboardActivated():1120 onKeyboardActivated() [UD]
09-14 22:10:54.540 I/PkModeUpdater( 1219): PkModeUpdater.onActivate():74 onActivate true true
09-14 22:10:54.540 I/AccessoryInputModeManager( 1219): AccessoryInputModeManager.onModeStarted():317 Accessory input mode started: PK
09-14 22:10:54.541 W/ExtensionWrapper( 1219): ExtensionWrapper.setAllowUpdateNavigationBarStyle():818 class jpb is not activate
09-14 22:10:54.541 I/WidgetViewShowingController( 1219): WidgetViewShowingController.showWidgetKeyboardInternal():527 Show companion widget
09-14 22:10:54.542 W/ExtensionWrapper( 1219): ExtensionWrapper.setAllowUpdateNavigationBarStyle():818 class jpb is not activate
09-14 22:10:54.542 I/WidgetViewShowingPositionHandler( 1219): WidgetViewShowingPositionHandler.updateAvailableArea():194 update available area Rect(21, 153 - 1059, 2270)
09-14 22:10:54.542 I/HardKeyTracker( 1219): HardKeyTracker.registerKeySequence():170 Register key sequence ndp{labelResId=2132020465, callback=gbl@2935fc5, lastModifier=2, keyCodes=[62], actions=[0]}
09-14 22:10:54.542 I/KeyboardModeUtils( 1219): KeyboardModeUtils.getKeyboardBottomOffset():435 inch: 0.000000 ydpi: 420.000000 adjustKeyboardBottomByDisplaySize: false currentDensityDpi: 420 defaultDensityDpi: 420 keyboardBottomToScreenPx: 0 keyboardBottomToNavBarPx: -126 navBarHeight: 126
09-14 22:10:54.542 I/KeyboardHeightUtil( 1219): KeyboardHeightUtil.calculateMaxKeyboardBodyHeight():50 leave 281 height for app when ime window height:2142, header height:116 and isFullscreenMode:false, so the max keyboard body height is:1745
09-14 22:10:54.543 I/KeyboardHeightUtil( 1219): KeyboardHeightUtil.calculateMaxKeyboardBodyHeight():50 leave 281 height for app when ime window height:2142, header height:116 and isFullscreenMode:false, so the max keyboard body height is:1745
09-14 22:10:54.543 I/KeyboardHeightUtil( 1219): KeyboardHeightUtil.calculateMaxKeyboardBodyHeight():50 leave 281 height for app when ime window height:2142, header height:116 and isFullscreenMode:false, so the max keyboard body height is:1745
09-14 22:10:54.543 I/KeyboardHeightUtil( 1219): KeyboardHeightUtil.calculateMaxKeyboardBodyHeight():50 leave 281 height for app when ime window height:2142, header height:116 and isFullscreenMode:false, so the max keyboard body height is:1745
09-14 22:10:54.543 W/ExtensionWrapper( 1219): ExtensionWrapper.setExtensionViewVisibility():809 interface lyo is not activate
09-14 22:10:54.543 I/SpeechFactory( 1219): SpeechRecognitionFactory.maybeScheduleAutoPackDownloadForFallback():217 maybeScheduleAutoPackDownloadForFallback()
09-14 22:10:54.543 I/FallbackOnDeviceRecognitionProvider( 1219): FallbackOnDeviceRecognitionProvider.maybeScheduleAutoPackDownload():200 maybeScheduleAutoPackDownload() for language tag en-US
