09-14 21:32:51.990 E/GmsContextWrapper(11408): Caused by: android.os.RemoteException: Remote stack trace:
09-14 21:32:51.990 E/GmsContextWrapper(11408): 	at android.app.ContextImpl.enforce(ContextImpl.java:2240)
09-14 21:32:51.990 E/GmsContextWrapper(11408): 	at android.app.ContextImpl.enforceCallingOrSelfPermission(ContextImpl.java:2268)
09-14 21:32:51.990 E/GmsContextWrapper(11408): 	at com.android.server.DeviceIdleController.addPowerSaveTempAllowlistAppChecked(DeviceIdleController.java:2812)
09-14 21:32:51.990 E/GmsContextWrapper(11408): 	at com.android.server.DeviceIdleController$BinderService.addPowerSaveTempWhitelistApp(DeviceIdleController.java:1958)
09-14 21:32:51.990 E/GmsContextWrapper(11408): 	at android.os.IDeviceIdleController$Stub.onTransact(IDeviceIdleController.java:413)
09-14 21:32:51.990 E/GmsContextWrapper(11408): 
09-14 21:32:51.990 W/ActivityManager(  533): Background start not allowed: service Intent { cmp=com.google.android.contactkeys/com.google.android.gms.contactkeys.service.ContactKeyApiService } to com.google.android.contactkeys/com.google.android.gms.contactkeys.service.ContactKeyApiService from pid=11408 uid=10175 pkg=com.google.android.contactkeys startFg?=false
09-14 21:32:51.993 E/GmsContextWrapper(11408): Google Play services is unable to start a service. Exiting.
09-14 21:32:51.993 E/GmsContextWrapper(11408): android.app.BackgroundServiceStartNotAllowedException: Not allowed to start service Intent { cmp=com.google.android.contactkeys/com.google.android.gms.contactkeys.service.ContactKeyApiService }: app is in background uid UidRecord{4a64829 u0a175 CEM  idle change:procadj procs:0 seq(180309,180283)}
09-14 21:32:51.993 E/GmsContextWrapper(11408): 	at android.app.ContextImpl.startServiceCommon(ContextImpl.java:1908)
09-14 21:32:51.993 E/GmsContextWrapper(11408): 	at android.app.ContextImpl.startService(ContextImpl.java:1864)
09-14 21:32:51.993 E/GmsContextWrapper(11408): 	at hxv.a(D8$$SyntheticClass:5)
09-14 21:32:51.993 E/GmsContextWrapper(11408): 	at hxz.startService(GmsContextWrapper.java:78)
09-14 21:32:51.993 E/GmsContextWrapper(11408): 	at android.content.ContextWrapper.startService(ContextWrapper.java:817)
09-14 21:32:51.993 E/GmsContextWrapper(11408): 	at nxs.b(ServiceLifecycleSynchronizer.java:38)
09-14 21:32:51.993 E/GmsContextWrapper(11408): 	at nww.b(BasicAsyncOperationDispatcher.java:3)
09-14 21:32:51.993 E/GmsContextWrapper(11408): 	at hdy.e(ContactKeyApiService.kt:49)
09-14 21:32:51.993 E/GmsContextWrapper(11408): 	at hdl.bH(IContactKeyService.java:270)
09-14 21:32:51.993 E/GmsContextWrapper(11408): 	at fzj.onTransact(BaseStub.java:121)
09-14 21:32:51.993 E/GmsContextWrapper(11408): 	at android.os.Binder.execTransactInternal(Binder.java:1280)
09-14 21:32:51.993 E/GmsContextWrapper(11408): 	at android.os.Binder.execTransact(Binder.java:1244)
09-14 21:32:51.993 I/Process (11408): Sending signal. PID: 11408 SIG: 9
09-14 21:32:52.004 I/ActivityManager(  533): Process com.google.android.contactkeys (pid 11408) has died: cch+5 CEM 
09-14 21:32:52.005 I/libprocessgroup(  533): Successfully killed process cgroup uid 10175 pid 11408 in 0ms
09-14 21:32:52.008 D/BoundBrokerSvc( 1176): onUnbind: Intent { act=com.google.android.gms.libs.gmscorelogger.service.START dat=chimera-action:/... cmp=com.google.android.gms/.chimera.PersistentDirectBootAwareApiService }
09-14 21:32:52.009 W/ActivityManager(  533): Scheduling restart of crashed service com.google.android.contactkeys/com.google.android.gms.contactkeys.service.ContactKeyApiService in 1000ms for connection
09-14 21:32:52.009 W/IdentityKeyContactSync( 9630): Exception in safeCall
09-14 21:32:52.009 W/IdentityKeyContactSync( 9630): dfgt: 20: The connection to Google Play services was lost due to service disconnection.
09-14 21:32:52.009 W/IdentityKeyContactSync( 9630): 	at dfir.a(PG:105)
09-14 21:32:52.009 W/IdentityKeyContactSync( 9630): 	at dfjb.h(PG:59)
09-14 21:32:52.009 W/IdentityKeyContactSync( 9630): 	at dfjb.onConnectionSuspended(PG:15)
09-14 21:32:52.009 W/IdentityKeyContactSync( 9630): 	at dfjb.s(PG:15)
09-14 21:32:52.009 W/IdentityKeyContactSync( 9630): 	at dfjb.t(PG:23)
09-14 21:32:52.009 W/IdentityKeyContactSync( 9630): 	at dfjb.e(PG:30)
09-14 21:32:52.009 W/IdentityKeyContactSync( 9630): 	at dfjb.f(PG:84)
09-14 21:32:52.009 W/IdentityKeyContactSync( 9630): 	at dfjb.onConnected(PG:15)
09-14 21:32:52.009 W/IdentityKeyContactSync( 9630): 	at dflq.b(PG:87)
09-14 21:32:52.009 W/IdentityKeyContactSync( 9630): 	at dflk.c(PG:7)
09-14 21:32:52.009 W/IdentityKeyContactSync( 9630): 	at dfll.handleMessage(PG:264)
09-14 21:32:52.009 W/IdentityKeyContactSync( 9630): 	at android.os.Handler.dispatchMessage(Handler.java:106)
09-14 21:32:52.009 W/IdentityKeyContactSync( 9630): 	at dgpq.b(PG:1)
09-14 21:32:52.009 W/IdentityKeyContactSync( 9630): 	at dgpq.dispatchMessage(PG:1)
09-14 21:32:52.009 W/IdentityKeyContactSync( 9630): 	at android.os.Looper.loopOnce(Looper.java:201)
09-14 21:32:52.009 W/IdentityKeyContactSync( 9630): 	at android.os.Looper.loop(Looper.java:288)
09-14 21:32:52.009 W/IdentityKeyContactSync( 9630): 	at android.os.HandlerThread.run(HandlerThread.java:67)
09-14 21:32:52.009 I/Zygote  (  301): Process 11408 exited due to signal 9 (Killed)
09-14 21:32:52.011 D/CompatibilityChangeReporter(  533): Compat change id reported: 218533173; UID 10175; state: ENABLED
09-14 21:32:52.012 I/SyncManagerImpl( 9630): #sync() complete
09-14 21:32:52.012 I/SyncManagerImpl( 9630): Completed sync. Scheduling next wakeup
09-14 21:32:52.012 I/SyncWorkManagerPeriodic( 9630): Scheduling next periodic WorkManager workers
09-14 21:32:52.015 I/WM-WorkerWrapper( 9630): Worker result SUCCESS for Work [ id=40dadf19-0f4e-486e-92c2-c4b3376779bc, tags={ com.google.apps.tiktok.contrib.work.TikTokListenableWorker,com.google.apps.tiktok.sync.impl.workmanager.SyncPeriodicWorker,TikTokWorker#com.google.apps.tiktok.sync.impl.workmanager.SyncPeriodicWorker } ]
09-14 21:32:52.022 D/WM-Processor( 9630): rva 40dadf19-0f4e-486e-92c2-c4b3376779bc executed; reschedule = false
09-14 21:32:52.033 D/WM-GreedyScheduler( 9630): Cancelling work ID 49b15e7e-2d93-4672-885d-dd4dc19867dc
09-14 21:32:52.040 D/WM-SystemJobService( 9630): onStartJob for WorkGenerationalId(workSpecId=40dadf19-0f4e-486e-92c2-c4b3376779bc, generation=1829)
09-14 21:32:52.043 D/WM-SystemJobScheduler( 9630): Scheduling work ID 49b15e7e-2d93-4672-885d-dd4dc19867dcJob ID 1471
09-14 21:32:52.047 D/WM-SystemJobScheduler( 9630): Scheduling work ID 493a3c19-6b83-46a2-b32d-71f913e32e33Job ID 1366
09-14 21:32:52.047 I/.gms.persistent( 1176): Background concurrent mark compact GC freed 22MB AllocSpace bytes, 30(1000KB) LOS objects, 47% free, 26MB/50MB, paused 760us,1.606ms total 128.669ms
09-14 21:32:52.051 D/WM-GreedyScheduler( 9630): Ignoring {WorkSpec: 01e7f984-ada2-4455-9918-0ade246e3bb1}. Requires device idle.
09-14 21:32:52.051 D/WM-GreedyScheduler( 9630): Ignoring {WorkSpec: 26a67e41-ecd1-4cdb-b096-a8c974542f29}. Requires device idle.
09-14 21:32:52.051 D/WM-GreedyScheduler( 9630): Ignoring {WorkSpec: fd2b9fc0-67a8-461a-9e84-d2794e253d7a}. Requires device idle.
09-14 21:32:52.051 D/WM-GreedyScheduler( 9630): Ignoring {WorkSpec: 261952d2-4b9c-432c-afdd-e050eb48b41d}. Requires device idle.
09-14 21:32:52.051 D/WM-GreedyScheduler( 9630): Ignoring {WorkSpec: 63d078c3-dead-440c-ab45-6691ff56ba93}. Requires device idle.
09-14 21:32:52.052 D/WM-GreedyScheduler( 9630): Starting tracking for 9a289f07-c9f6-4c5b-9789-25335497dc98,42c30caf-5d8b-4e01-ba45-4500b34d6ce4,6a81302b-d60c-49af-a6ee-1036556b106b,0919b902-7e2f-4ae6-beeb-46dd4b4e3bbd
09-14 21:32:52.058 D/WM-GreedyScheduler( 9630): Cancelling work ID 8f0b659d-decf-4719-9eb3-6d11eff99723
09-14 21:32:52.071 D/WM-SystemJobScheduler( 9630): Scheduling work ID 8f0b659d-decf-4719-9eb3-6d11eff99723Job ID 1472
09-14 21:32:52.073 D/WM-GreedyScheduler( 9630): Ignoring {WorkSpec: 01e7f984-ada2-4455-9918-0ade246e3bb1}. Requires device idle.
09-14 21:32:52.073 D/WM-GreedyScheduler( 9630): Ignoring {WorkSpec: 26a67e41-ecd1-4cdb-b096-a8c974542f29}. Requires device idle.
09-14 21:32:52.073 D/WM-GreedyScheduler( 9630): Ignoring {WorkSpec: fd2b9fc0-67a8-461a-9e84-d2794e253d7a}. Requires device idle.
09-14 21:32:52.073 D/WM-GreedyScheduler( 9630): Ignoring {WorkSpec: 261952d2-4b9c-432c-afdd-e050eb48b41d}. Requires device idle.
09-14 21:32:52.074 D/WM-GreedyScheduler( 9630): Ignoring {WorkSpec: 63d078c3-dead-440c-ab45-6691ff56ba93}. Requires device idle.
09-14 21:32:52.075 D/WM-GreedyScheduler( 9630): Starting tracking for 9a289f07-c9f6-4c5b-9789-25335497dc98,42c30caf-5d8b-4e01-ba45-4500b34d6ce4,6a81302b-d60c-49af-a6ee-1036556b106b,0919b902-7e2f-4ae6-beeb-46dd4b4e3bbd
09-14 21:32:52.082 I/SyncWorkManagerPeriodic( 9630): Successfully scheduled next periodic workers
09-14 21:32:52.085 D/WM-SystemJobService( 9630): onStopJob for WorkGenerationalId(workSpecId=40dadf19-0f4e-486e-92c2-c4b3376779bc, generation=1829)
09-14 21:32:52.089 D/WM-GreedyScheduler( 9630): Cancelling work ID 40dadf19-0f4e-486e-92c2-c4b3376779bc
09-14 21:32:52.091 W/JobScheduler(  533): Job didn't exist in JobStore: cacc68d #u0a117/1463 com.google.android.apps.messaging/androidx.work.impl.background.systemjob.SystemJobService
09-14 21:32:52.092 D/WM-GreedyScheduler( 9630): Ignoring {WorkSpec: 01e7f984-ada2-4455-9918-0ade246e3bb1}. Requires device idle.
09-14 21:32:52.092 D/WM-GreedyScheduler( 9630): Ignoring {WorkSpec: 26a67e41-ecd1-4cdb-b096-a8c974542f29}. Requires device idle.
09-14 21:32:52.092 D/WM-GreedyScheduler( 9630): Ignoring {WorkSpec: fd2b9fc0-67a8-461a-9e84-d2794e253d7a}. Requires device idle.
09-14 21:32:52.092 D/WM-GreedyScheduler( 9630): Ignoring {WorkSpec: 261952d2-4b9c-432c-afdd-e050eb48b41d}. Requires device idle.
09-14 21:32:52.092 D/WM-GreedyScheduler( 9630): Ignoring {WorkSpec: 63d078c3-dead-440c-ab45-6691ff56ba93}. Requires device idle.
09-14 21:32:52.093 D/WM-GreedyScheduler( 9630): Starting tracking for 9a289f07-c9f6-4c5b-9789-25335497dc98,42c30caf-5d8b-4e01-ba45-4500b34d6ce4,6a81302b-d60c-49af-a6ee-1036556b106b,0919b902-7e2f-4ae6-beeb-46dd4b4e3bbd
09-14 21:32:52.095 D/WM-StopWorkRunnable( 9630): StopWorkRunnable for 40dadf19-0f4e-486e-92c2-c4b3376779bc; Processor.stopWork = false
09-14 21:32:52.096 D/WM-GreedyScheduler( 9630): Cancelling work ID 40dadf19-0f4e-486e-92c2-c4b3376779bc
09-14 21:32:52.097 D/WM-GreedyScheduler( 9630): Ignoring {WorkSpec: 01e7f984-ada2-4455-9918-0ade246e3bb1}. Requires device idle.
09-14 21:32:52.097 D/WM-GreedyScheduler( 9630): Ignoring {WorkSpec: 26a67e41-ecd1-4cdb-b096-a8c974542f29}. Requires device idle.
09-14 21:32:52.097 D/WM-GreedyScheduler( 9630): Ignoring {WorkSpec: fd2b9fc0-67a8-461a-9e84-d2794e253d7a}. Requires device idle.
09-14 21:32:52.097 D/WM-GreedyScheduler( 9630): Ignoring {WorkSpec: 261952d2-4b9c-432c-afdd-e050eb48b41d}. Requires device idle.
09-14 21:32:52.097 D/WM-GreedyScheduler( 9630): Ignoring {WorkSpec: 63d078c3-dead-440c-ab45-6691ff56ba93}. Requires device idle.
09-14 21:32:52.103 D/WM-GreedyScheduler( 9630): Starting tracking for 9a289f07-c9f6-4c5b-9789-25335497dc98,42c30caf-5d8b-4e01-ba45-4500b34d6ce4,6a81302b-d60c-49af-a6ee-1036556b106b,0919b902-7e2f-4ae6-beeb-46dd4b4e3bbd
09-14 21:32:53.010 D/CompatibilityChangeReporter(  533): Compat change id reported: 135634846; UID 10175; state: DISABLED
09-14 21:32:53.011 D/CompatibilityChangeReporter(  533): Compat change id reported: 143937733; UID 10175; state: ENABLED
09-14 21:32:53.014 D/Zygote  (  301): Forked child process 11435
09-14 21:32:53.016 I/ActivityManager(  533): Start proc 11435:com.google.android.contactkeys/u0a175 for service {com.google.android.contactkeys/com.google.android.gms.contactkeys.service.ContactKeyApiService}
09-14 21:32:53.021 I/oid.contactkeys(11435): Using CollectorTypeCMC GC.
09-14 21:32:53.021 W/oid.contactkeys(11435): Unexpected CPU variant for x86: x86_64.
09-14 21:32:53.021 W/oid.contactkeys(11435): Known variants: atom, sandybridge, silvermont, goldmont, goldmont-plus, goldmont-without-sha-xsaves, tremont, kabylake, alderlake, default
09-14 21:32:53.025 E/oid.contactkeys(11435): Not starting debugger since process cannot load the jdwp agent.
09-14 21:32:53.030 D/nativeloader(11435): Load libframework-connectivity-tiramisu-jni.so using APEX ns com_android_tethering for caller /apex/com.android.tethering/javalib/framework-connectivity-t.jar: ok
09-14 21:32:53.037 D/CompatibilityChangeReporter(11435): Compat change id reported: 171979766; UID 10175; state: ENABLED
09-14 21:32:53.044 W/oid.contactkeys(11435): Failed to find entry 'classes.dex': Entry not found
09-14 21:32:53.044 W/oid.contactkeys(11435): Failed to find entry 'classes.dex': Entry not found
09-14 21:32:53.044 W/oid.contactkeys(11435): Failed to find entry 'classes.dex': Entry not found
09-14 21:32:53.045 D/nativeloader(11435): Configuring clns-4 for other apk /data/app/~~jVU0tdZfGrdzgEUUe_LeEg==/com.google.android.contactkeys-e2zBuXOLiXgR1Nw6c1Hq8g==/base.apk:/data/app/~~jVU0tdZfGrdzgEUUe_LeEg==/com.google.android.contactkeys-e2zBuXOLiXgR1Nw6c1Hq8g==/split_config.en.apk:/data/app/~~jVU0tdZfGrdzgEUUe_LeEg==/com.google.android.contactkeys-e2zBuXOLiXgR1Nw6c1Hq8g==/split_config.x86_64.apk:/data/app/~~jVU0tdZfGrdzgEUUe_LeEg==/com.google.android.contactkeys-e2zBuXOLiXgR1Nw6c1Hq8g==/split_config.xxhdpi.apk. target_sdk_version=35, uses_libraries=, library_path=/data/app/~~jVU0tdZfGrdzgEUUe_LeEg==/com.google.android.contactkeys-e2zBuXOLiXgR1Nw6c1Hq8g==/lib/x86_64:/data/app/~~jVU0tdZfGrdzgEUUe_LeEg==/com.google.android.contactkeys-e2zBuXOLiXgR1Nw6c1Hq8g==/base.apk!/lib/x86_64:/data/app/~~jVU0tdZfGrdzgEUUe_LeEg==/com.google.android.contactkeys-e2zBuXOLiXgR1Nw6c1Hq8g==/split_config.en.apk!/lib/x86_64:/data/app/~~jVU0tdZfGrdzgEUUe_LeEg==/com.google.android.contactkeys-e2zBuXOLiXgR1Nw6c1Hq8g==/split_config.x86_64.apk!/lib/x86_64:/data/app/~~jVU
09-14 21:32:53.076 D/nativeloader(11435): Load libframework-connectivity-jni.so using APEX ns com_android_tethering for caller /apex/com.android.tethering/javalib/framework-connectivity.jar: ok
09-14 21:32:53.079 V/GraphicsEnvironment(11435): ANGLE Developer option for 'com.google.android.contactkeys' set to: 'default'
09-14 21:32:53.080 V/GraphicsEnvironment(11435): ANGLE GameManagerService for com.google.android.contactkeys: false
09-14 21:32:53.080 V/GraphicsEnvironment(11435): Neither updatable production driver nor prerelease driver is supported.
09-14 21:32:53.084 D/NetworkSecurityConfig(11435): Using Network Security Config from resource network_security_config debugBuild: false
09-14 21:32:53.084 D/NetworkSecurityConfig(11435): Using Network Security Config from resource network_security_config debugBuild: false
09-14 21:32:53.099 D/CompatibilityChangeReporter(11435): Compat change id reported: 183155436; UID 10175; state: ENABLED
09-14 21:32:53.121 I/pmh     (11435): Shared storage file not found for com.google.android.gms
09-14 21:32:53.121 I/pmh     (11435): Unable to retrieve flag snapshot for com.google.android.gms, using defaults.
09-14 21:32:53.145 W/DynamiteModule(11435): Local module descriptor class for com.google.android.gms.googlecertificates not found.
09-14 21:32:53.152 I/DynamiteModule(11435): Considering local module com.google.android.gms.googlecertificates:0 and remote module com.google.android.gms.googlecertificates:7
09-14 21:32:53.152 I/DynamiteModule(11435): Selected remote version of com.google.android.gms.googlecertificates, version >= 7
09-14 21:32:53.158 W/System  (11435): ClassLoader referenced unknown path: 
09-14 21:32:53.159 D/nativeloader(11435): Configuring clns-5 for other apk . target_sdk_version=36, uses_libraries=, library_path=/data/app/~~Sl8cJyIwQNJAwFN8b0T5Gw==/com.google.android.gms-jPsbaOT9rUfe5QPYk1fEMA==/lib/x86_64:/data/app/~~Sl8cJyIwQNJAwFN8b0T5Gw==/com.google.android.gms-jPsbaOT9rUfe5QPYk1fEMA==/base.apk!/lib/x86_64, permitted_path=/data:/mnt/expand:/data/user/0/com.google.android.gms
09-14 21:32:53.169 E/AppOps  (  533): Bad call made by uid 10175. Package "com.google.android.gms" does not belong to uid 10175.
09-14 21:32:53.176 E/AppOps  (  533): Bad call made by uid 10175. Package "com.google.android.gms" does not belong to uid 10175.
09-14 21:32:54.732 D/CompatibilityChangeReporter(  533): Compat change id reported: 168419799; UID 10120; state: DISABLED
09-14 21:32:54.732 D/CompatibilityChangeReporter(  533): Compat change id reported: 273564678; UID 10120; state: DISABLED
09-14 21:32:54.757 I/NetworkScheduler.Stats( 1176): (REDACTED) Task %s/%s started execution. cause:%s exec_start_elapsed_seconds: %s
09-14 21:32:54.760 I/TapAndPay( 1176): deviceSupportsHce has detected emulator [CONTEXT service_id=79 ]
09-14 21:32:54.763 I/TapAndPay( 1176): NfcAdapter is null while obtaining CardEmulation instance. [CONTEXT service_id=79 ]
09-14 21:32:54.766 D/BoundBrokerSvc( 1318): onBind: Intent { act=com.google.android.gms.notifications.registration.service.NotificationsRegistrationTaskBoundService.ACTION_TASK_READY dat=chimera-action:/... cmp=com.google.android.gms/.chimera.GmsInternalBoundBrokerService }
09-14 21:32:54.766 D/BoundBrokerSvc( 1318): Loading bound service for intent: Intent { act=com.google.android.gms.notifications.registration.service.NotificationsRegistrationTaskBoundService.ACTION_TASK_READY dat=chimera-action:/... cmp=com.google.android.gms/.chimera.GmsInternalBoundBrokerService }
09-14 21:32:54.780 I/NetworkScheduler.Stats( 1176): (REDACTED) Task %s/%s finished executing. cause:%s result: %s elapsed_millis: %s uptime_millis: %s exec_start_elapsed_seconds: %s
09-14 21:32:54.785 I/GmsCoreXrpcWrapper( 1318): (REDACTED) Returning a channel provider with trafficStatsTag=%d trafficStatsUid=%d
09-14 21:32:54.805 I/NetworkScheduler.Stats( 1176): (REDACTED) Task %s/%s started execution. cause:%s exec_start_elapsed_seconds: %s
09-14 21:32:54.817 D/BoundBrokerSvc( 1176): onRebind: Intent { act=com.google.android.gms.auth.aang.events.services.START dat=chimera-action:/... cmp=com.google.android.gms/.chimera.PersistentApiService }
09-14 21:32:54.821 I/GmsCoreXrpcWrapper( 1176): (REDACTED) Returning a channel provider with trafficStatsTag=%d trafficStatsUid=%d
09-14 21:32:54.821 I/GmsCoreXrpcWrapper( 1176): (REDACTED) Returning a channel provider with trafficStatsTag=%d trafficStatsUid=%d
09-14 21:32:54.821 I/GmsCoreXrpcWrapper( 1176): (REDACTED) Returning a channel provider with trafficStatsTag=%d trafficStatsUid=%d
09-14 21:32:54.821 I/GmsCoreXrpcWrapper( 1176): (REDACTED) Returning a channel provider with trafficStatsTag=%d trafficStatsUid=%d
09-14 21:32:54.840 W/ChimeraUtils( 1318): Module com.google.android.gms.notifications_registration missing resource null(0)
09-14 21:32:54.841 W/ChimeraUtils( 1318): Module com.google.android.gms.notifications_registration missing resource null(0)
09-14 21:32:54.844 W/ChimeraUtils( 1318): Module com.google.android.gms.notifications_registration missing resource null(0)
09-14 21:32:54.854 I/GmsCoreXrpcWrapper( 1176): (REDACTED) Returning a channel provider with trafficStatsTag=%d trafficStatsUid=%d
09-14 21:32:54.854 I/GmsCoreXrpcWrapper( 1176): (REDACTED) Returning a channel provider with trafficStatsTag=%d trafficStatsUid=%d
09-14 21:32:54.854 I/GmsCoreXrpcWrapper( 1176): (REDACTED) Returning a channel provider with trafficStatsTag=%d trafficStatsUid=%d
09-14 21:32:54.854 I/GmsCoreXrpcWrapper( 1176): (REDACTED) Returning a channel provider with trafficStatsTag=%d trafficStatsUid=%d
09-14 21:32:54.918 D/BoundBrokerSvc( 1318): onBind: Intent { act=com.google.android.gms.auth.service.START pkg=com.google.android.gms }
09-14 21:32:54.918 D/BoundBrokerSvc( 1318): Loading bound service for intent: Intent { act=com.google.android.gms.auth.service.START pkg=com.google.android.gms }
09-14 21:32:54.930 W/GLSUser ( 1176): [DeviceKeyStore] Cannot load key: Device key file not found.
09-14 21:32:54.941 D/CompatibilityChangeReporter(  533): Compat change id reported: 135634846; UID 10120; state: DISABLED
09-14 21:32:54.941 D/CompatibilityChangeReporter(  533): Compat change id reported: 143937733; UID 10120; state: ENABLED
09-14 21:32:54.945 D/Zygote  (  301): Forked child process 11454
09-14 21:32:54.946 I/ActivityManager(  533): Start proc 11454:com.google.android.gms.unstable/u0a120 for service {com.google.android.gms/com.google.android.gms.droidguard.DroidGuardService}
09-14 21:32:54.951 I/id.gms.unstable(11454): Using CollectorTypeCMC GC.
09-14 21:32:54.951 W/id.gms.unstable(11454): Unexpected CPU variant for x86: x86_64.
09-14 21:32:54.951 W/id.gms.unstable(11454): Known variants: atom, sandybridge, silvermont, goldmont, goldmont-plus, goldmont-without-sha-xsaves, tremont, kabylake, alderlake, default
09-14 21:32:54.954 E/id.gms.unstable(11454): Not starting debugger since process cannot load the jdwp agent.
09-14 21:32:54.958 D/nativeloader(11454): Load libframework-connectivity-tiramisu-jni.so using APEX ns com_android_tethering for caller /apex/com.android.tethering/javalib/framework-connectivity-t.jar: ok
09-14 21:32:54.966 D/CompatibilityChangeReporter(11454): Compat change id reported: 171979766; UID 10120; state: ENABLED
09-14 21:32:54.973 D/nativeloader(11454): Configuring clns-4 for other apk /system/framework/org.apache.http.legacy.jar. target_sdk_version=36, uses_libraries=ALL, library_path=/data/app/~~Sl8cJyIwQNJAwFN8b0T5Gw==/com.google.android.gms-jPsbaOT9rUfe5QPYk1fEMA==/lib/x86_64:/data/app/~~Sl8cJyIwQNJAwFN8b0T5Gw==/com.google.android.gms-jPsbaOT9rUfe5QPYk1fEMA==/base.apk!/lib/x86_64, permitted_path=/data:/mnt/expand:/data/user/0/com.google.android.gms
09-14 21:32:54.974 D/nativeloader(11454): Configuring clns-5 for other apk /system/framework/com.android.media.remotedisplay.jar. target_sdk_version=36, uses_libraries=ALL, library_path=/data/app/~~Sl8cJyIwQNJAwFN8b0T5Gw==/com.google.android.gms-jPsbaOT9rUfe5QPYk1fEMA==/lib/x86_64:/data/app/~~Sl8cJyIwQNJAwFN8b0T5Gw==/com.google.android.gms-jPsbaOT9rUfe5QPYk1fEMA==/base.apk!/lib/x86_64, permitted_path=/data:/mnt/expand:/data/user/0/com.google.android.gms
09-14 21:32:54.976 D/nativeloader(11454): Configuring clns-6 for other apk /system/framework/com.android.location.provider.jar. target_sdk_version=36, uses_libraries=ALL, library_path=/data/app/~~Sl8cJyIwQNJAwFN8b0T5Gw==/com.google.android.gms-jPsbaOT9rUfe5QPYk1fEMA==/lib/x86_64:/data/app/~~Sl8cJyIwQNJAwFN8b0T5Gw==/com.google.android.gms-jPsbaOT9rUfe5QPYk1fEMA==/base.apk!/lib/x86_64, permitted_path=/data:/mnt/expand:/data/user/0/com.google.android.gms
09-14 21:32:54.982 D/nativeloader(11454): Configuring clns-7 for other apk /system_ext/framework/androidx.window.extensions.jar. target_sdk_version=36, uses_libraries=ALL, library_path=/data/app/~~Sl8cJyIwQNJAwFN8b0T5Gw==/com.google.android.gms-jPsbaOT9rUfe5QPYk1fEMA==/lib/x86_64:/data/app/~~Sl8cJyIwQNJAwFN8b0T5Gw==/com.google.android.gms-jPsbaOT9rUfe5QPYk1fEMA==/base.apk!/lib/x86_64, permitted_path=/data:/mnt/expand:/data/user/0/com.google.android.gms
09-14 21:32:54.985 D/nativeloader(11454): Configuring clns-8 for other apk /system_ext/framework/androidx.window.sidecar.jar. target_sdk_version=36, uses_libraries=ALL, library_path=/data/app/~~Sl8cJyIwQNJAwFN8b0T5Gw==/com.google.android.gms-jPsbaOT9rUfe5QPYk1fEMA==/lib/x86_64:/data/app/~~Sl8cJyIwQNJAwFN8b0T5Gw==/com.google.android.gms-jPsbaOT9rUfe5QPYk1fEMA==/base.apk!/lib/x86_64, permitted_path=/data:/mnt/expand:/data/user/0/com.google.android.gms
09-14 21:32:55.252 D/nativeloader(11454): Configuring clns-9 for other apk /data/app/~~Sl8cJyIwQNJAwFN8b0T5Gw==/com.google.android.gms-jPsbaOT9rUfe5QPYk1fEMA==/base.apk. target_sdk_version=36, uses_libraries=, library_path=/data/app/~~Sl8cJyIwQNJAwFN8b0T5Gw==/com.google.android.gms-jPsbaOT9rUfe5QPYk1fEMA==/lib/x86_64:/data/app/~~Sl8cJyIwQNJAwFN8b0T5Gw==/com.google.android.gms-jPsbaOT9rUfe5QPYk1fEMA==/base.apk!/lib/x86_64, permitted_path=/data:/mnt/expand:/data/user/0/com.google.android.gms
09-14 21:32:55.301 D/nativeloader(11454): Load libframework-connectivity-jni.so using APEX ns com_android_tethering for caller /apex/com.android.tethering/javalib/framework-connectivity.jar: ok
09-14 21:32:55.304 V/GraphicsEnvironment(11454): ANGLE Developer option for 'com.google.android.gms' set to: 'default'
09-14 21:32:55.304 V/GraphicsEnvironment(11454): ANGLE GameManagerService for com.google.android.gms: false
09-14 21:32:55.304 V/GraphicsEnvironment(11454): Neither updatable production driver nor prerelease driver is supported.
09-14 21:32:55.308 D/NetworkSecurityConfig(11454): Using Network Security Config from resource network_security_config debugBuild: false
09-14 21:32:55.313 D/NetworkSecurityConfig(11454): Using Network Security Config from resource network_security_config debugBuild: false
09-14 21:32:55.344 W/ProviderHelper(11454): Unknown dynamite feature providerinstaller.dynamite
09-14 21:32:55.344 I/DynamiteModule(11454): Considering local module com.google.android.gms.providerinstaller.dynamite:1 and remote module com.google.android.gms.providerinstaller.dynamite:0
09-14 21:32:55.344 I/DynamiteModule(11454): Selected local version of com.google.android.gms.providerinstaller.dynamite
09-14 21:32:55.357 D/nativeloader(11454): Load /data/app/~~Sl8cJyIwQNJAwFN8b0T5Gw==/com.google.android.gms-jPsbaOT9rUfe5QPYk1fEMA==/base.apk!/lib/x86_64/libconscrypt_gmscore_jni.so using class loader ns clns-9 (caller=/data/app/~~Sl8cJyIwQNJAwFN8b0T5Gw==/com.google.android.gms-jPsbaOT9rUfe5QPYk1fEMA==/base.apk): ok
09-14 21:32:55.357 V/NativeCrypto(11454): Registering com/google/android/gms/org/conscrypt/NativeCrypto's 319 native methods...
09-14 21:32:55.364 I/ProviderInstaller(11454): Installed default security provider GmsCore_OpenSSL
09-14 21:32:55.368 I/Watchcat(11454): Started
09-14 21:32:55.370 I/GMS_MM_Logger(11454): (REDACTED) Start time: %s
09-14 21:32:55.370 I/GMS_MM_Logger(11454): Started.
09-14 21:32:55.420 W/TracingHelper(11454): No RequestContext found in the trace or trace not available. [CONTEXT service_id=259 ratelimit_count=100000 ]
09-14 21:32:55.437 E/id.gms.unstable(11454): Attempt to load writable dex file: /data/user/0/com.google.android.gms/app_dg_cache/7F457D77F6859837C85C2F736665EE151EE12331/the.apk
09-14 21:32:55.449 D/nativeloader(11454): Configuring clns-10 for other apk . target_sdk_version=36, uses_libraries=ALL, library_path=, permitted_path=/data:/mnt/expand
09-14 21:32:55.449 D/nativeloader(11454): Load /data/user/0/com.google.android.gms/app_dg_cache/7F457D77F6859837C85C2F736665EE151EE12331/the.apk!/libd09DE1D6873F5.so using isolated ns clns-10 (caller=/data/user/0/com.google.android.gms/app_dg_cache/7F457D77F6859837C85C2F736665EE151EE12331/the.apk): ok
09-14 21:32:55.517 W/libc    (11454): Access denied finding property "persist.adb.tls_server.enable"
09-14 21:32:55.514 W/binder:11454_4(11454): type=1400 audit(0.0:1517): avc: denied { read } for name="u:object_r:system_adbd_prop:s0" dev="tmpfs" ino=268 scontext=u:r:gmscore_app:s0:c512,c768 tcontext=u:object_r:system_adbd_prop:s0 tclass=file permissive=0 app=com.google.android.gms
09-14 21:32:55.577 D/BoundBrokerSvc( 1318): onBind: Intent { act=com.google.android.gms.checkin.START pkg=com.google.android.gms }
09-14 21:32:55.577 D/BoundBrokerSvc( 1318): Loading bound service for intent: Intent { act=com.google.android.gms.checkin.START pkg=com.google.android.gms }
09-14 21:32:55.580 I/Checkin ( 1318): [CheckinApiChimeraService] onGetService
09-14 21:32:55.599 W/GmsUrlRequestImpl( 1176): [https://android.googleapis.com/auth/devicekey] Content-Type header is overwritten.
09-14 21:32:55.750 W/GLSUser ( 1176): [AppCertManager] Exception while requesting key: 
09-14 21:32:55.750 W/GLSUser ( 1176): java.util.concurrent.ExecutionException: ckbp: Parse Proto Exception with response code 400
09-14 21:32:55.750 W/GLSUser ( 1176): 	at gjrh.j(:com.google.android.gms@253133032@25.31.33 (190800-795226510):21)
09-14 21:32:55.750 W/GLSUser ( 1176): 	at gjrq.u(:com.google.android.gms@253133032@25.31.33 (190800-795226510):71)
09-14 21:32:55.750 W/GLSUser ( 1176): 	at ahri.b(:com.google.android.gms@253133032@25.31.33 (190800-795226510):439)
09-14 21:32:55.750 W/GLSUser ( 1176): 	at ahrg.a(:com.google.android.gms@253133032@25.31.33 (190800-795226510):83)
09-14 21:32:55.750 W/GLSUser ( 1176): 	at ahrg.fl(:com.google.android.gms@253133032@25.31.33 (190800-795226510):16)
09-14 21:32:55.750 W/GLSUser ( 1176): 	at vqe.onTransact(:com.google.android.gms@253133032@25.31.33 (190800-795226510):97)
09-14 21:32:55.750 W/GLSUser ( 1176): 	at android.os.Binder.transact(Binder.java:1164)
09-14 21:32:55.750 W/GLSUser ( 1176): 	at cblg.onTransact(:com.google.android.gms@253133032@25.31.33 (190800-795226510):10)
09-14 21:32:55.750 W/GLSUser ( 1176): 	at android.os.Binder.transact(Binder.java:1164)
09-14 21:32:55.750 W/GLSUser ( 1176): 	at brcx.onTransact(:com.google.android.gms@253133032@25.31.33 (190800-795226510):157)
09-14 21:32:55.750 W/GLSUser ( 1176): 	at android.os.Binder.execTransactInternal(Binder.java:1280)
09-14 21:32:55.750 W/GLSUser ( 1176): 	at android.os.Binder.execTransact(Binder.java:1244)
09-14 21:32:55.750 W/GLSUser ( 1176): Caused by: ckbp: Parse Proto Exception with response code 400
09-14 21:32:55.750 W/GLSUser ( 1176): 	at ckcs.b(:com.google.android.gms@253133032@25.31.33 (190800-795226510):71)
09-14 21:32:55.750 W/GLSUser ( 1176): 	at ckfi.d(:com.google.android.gms@253133032@25.31.33 (190800-795226510):18)
09-14 21:32:55.750 W/GLSUser ( 1176): 	at ckfz.onSucceeded(:com.google.android.gms@253133032@25.31.33 (190800-795226510):9)
09-14 21:32:55.750 W/GLSUser ( 1176): 	at m1.nc.onSucceeded(:com.google.android.gms.dynamite_cronetdynamite@253133032@25.31.33 (190800-0):3)
09-14 21:32:55.750 W/GLSUser ( 1176): 	at m1.ly.run(:com.google.android.gms.dynamite_cronetdynamite@253133032@25.31.33 (190800-0):21)
09-14 21:32:55.750 W/GLSUser ( 1176): 	at m1.ls.run(:com.google.android.gms.dynamite_cronetdynamite@253133032@25.31.33 (190800-0):31)
09-14 21:32:55.750 W/GLSUser ( 1176): 	at bash.c(:com.google.android.gms@253133032@25.31.33 (190800-795226510):50)
09-14 21:32:55.750 W/GLSUser ( 1176): 	at bash.run(:com.google.android.gms@253133032@25.31.33 (190800-795226510):70)
09-14 21:32:55.750 W/GLSUser ( 1176): 	at java.util.concurrent.ThreadPoolExecutor.runWorker(ThreadPoolExecutor.java:1156)
09-14 21:32:55.750 W/GLSUser ( 1176): 	at java.util.concurrent.ThreadPoolExecutor$Worker.run(ThreadPoolExecutor.java:651)
09-14 21:32:55.750 W/GLSUser ( 1176): 	at baya.run(:com.google.android.gms@253133032@25.31.33 (190800-795226510):8)
09-14 21:32:55.750 W/GLSUser ( 1176): 	at java.lang.Thread.run(Thread.java:1119)
09-14 21:32:55.750 W/GLSUser ( 1176): Caused by: hdlb: Protocol message contained an invalid tag (zero).
09-14 21:32:55.750 W/GLSUser ( 1176): 	at hdhz.k(:com.google.android.gms@253133032@25.31.33 (190800-795226510):43)
09-14 21:32:55.750 W/GLSUser ( 1176): 	at hdmb.c(:com.google.android.gms@253133032@25.31.33 (190800-795226510):398)
09-14 21:32:55.750 W/GLSUser ( 1176): 	at hdmb.i(:com.google.android.gms@253133032@25.31.33 (190800-795226510):8)
09-14 21:32:55.750 W/GLSUser ( 1176): 	at hdkf.y(:com.google.android.gms@253133032@25.31.33 (190800-795226510):23)
09-14 21:32:55.750 W/GLSUser ( 1176): 	at hdka.g(:com.google.android.gms@253133032@25.31.33 (190800-795226510):3)
09-14 21:32:55.750 W/GLSUser ( 1176): 	at hdhv.e(:com.google.android.gms@253133032@25.31.33 (190800-795226510):1)
09-14 21:32:55.750 W/GLSUser ( 1176): 	at hdhv.d(:com.google.android.gms@253133032@25.31.33 (190800-795226510):3)
09-14 21:32:55.750 W/GLSUser ( 1176): 	at hdhv.p(:com.google.android.gms@253133032@25.31.33 (190800-795226510):1)
09-14 21:32:55.750 W/GLSUser ( 1176): 	at ckcs.g(:com.google.android.gms@253133032@25.31.33 (190800-795226510):69)
09-14 21:32:55.750 W/GLSUser ( 1176): 	at ckcs.b(:com.google.android.gms@253133032@25.31.33 (190800-795226510):11)
09-14 21:32:55.750 W/GLSUser ( 1176): 	... 11 more
09-14 21:32:55.751 W/GLSUser ( 1176): [DeviceKeyStore] Cannot load key: Device key file not found.
09-14 21:32:55.913 I/cn_CronetUrlRequestContext( 1318): destroyNativeStreamLocked org.chromium.net.impl.CronetBidirectionalStream@94aeccd
09-14 21:32:55.918 W/ChimeraUtils( 1318): Module com.google.android.gms.notifications_registration missing resource null(0)
09-14 21:32:55.920 W/ChimeraUtils( 1318): Module com.google.android.gms.notifications_registration missing resource null(0)
09-14 21:32:55.921 W/ChimeraUtils( 1318): Module com.google.android.gms.notifications_registration missing resource null(0)
09-14 21:32:55.923 I/NotificationsModuleTask( 1318): Registering accounts to Chime Failed & Rescheduled for later. [CONTEXT service_id=358 ]
09-14 21:32:55.927 D/BoundBrokerSvc( 1318): onUnbind: Intent { act=com.google.android.gms.notifications.registration.service.NotificationsRegistrationTaskBoundService.ACTION_TASK_READY dat=chimera-action:/... cmp=com.google.android.gms/.chimera.GmsInternalBoundBrokerService }
09-14 21:32:55.931 I/NetworkScheduler.Stats( 1176): (REDACTED) Task %s/%s finished executing. cause:%s result: %s elapsed_millis: %s uptime_millis: %s exec_start_elapsed_seconds: %s
09-14 21:32:57.011 W/GoogleCertificates(11435): GoogleCertificates has been initialized already
09-14 21:32:57.013 E/AppOps  (  533): Bad call made by uid 10175. Package "com.google.android.gms" does not belong to uid 10175.
09-14 21:32:57.031 D/BoundBrokerSvc( 1176): onRebind: Intent { act=com.google.android.gms.libs.gmscorelogger.service.START dat=chimera-action:/... cmp=com.google.android.gms/.chimera.PersistentDirectBootAwareApiService }
09-14 21:33:00.031 I/AiAiEcho( 1286): Predicting[0]: 
09-14 21:33:00.032 I/AiAiEcho( 1286): Ranked targets strategy: SORT, count: 0, ranking metadata: 
09-14 21:33:00.032 D/EGL_emulation(  748): app_time_stats: avg=54933.68ms min=54933.68ms max=54933.68ms count=1
09-14 21:33:00.033 I/AiAiEcho( 1286): #postPredictionTargets: Sending updates to UISurface lockscreen with targets# 0
09-14 21:33:00.034 I/AiAiEcho( 1286): #postPredictionTargets: Sending updates to UISurface home with targets# 0
09-14 21:33:00.034 I/AiAiEcho( 1286): #postPredictionTargets: Sending updates to UISurface media_data_manager with targets# 0
09-14 21:33:00.045 D/SsMediaDataProvider(  748): Forwarding Smartspace updates []
09-14 21:33:00.626 I/ActivityManager(  533): Killing 1833:com.google.android.adservices.api/u0a170 (adj 975): empty #17
09-14 21:33:00.633 I/libprocessgroup(  533): Successfully killed process cgroup uid 10170 pid 1833 in 0ms
09-14 21:33:00.652 I/Zygote  (  301): Process 1833 exited due to signal 9 (Killed)
09-14 21:33:01.014 W/ThreadPoolForeg( 1318): type=1400 audit(0.0:1518): avc: denied { write } for name="traced_producer" dev="tmpfs" ino=684 scontext=u:r:gmscore_app:s0:c512,c768 tcontext=u:object_r:traced_producer_socket:s0 tclass=sock_file permissive=0 app=com.google.android.gms
09-14 21:33:06.878 W/ThreadPoolForeg( 1176): type=1400 audit(0.0:1519): avc: denied { write } for name="traced_producer" dev="tmpfs" ino=684 scontext=u:r:gmscore_app:s0:c512,c768 tcontext=u:object_r:traced_producer_socket:s0 tclass=sock_file permissive=0 app=com.google.android.gms
09-14 21:33:07.748 W/SystemServiceRegistry( 1176): No service published for: wifirtt
09-14 21:33:08.560 D/WifiNl80211Manager(  533): Scan result ready event
09-14 21:33:08.560 D/WifiNative(  533): Scan result ready event
09-14 21:33:08.562 I/WifiScanner( 1176): onFullResults
09-14 21:33:08.564 I/WifiScanner( 1176): onFullResults
09-14 21:33:08.568 D/CompatibilityChangeReporter(  533): Compat change id reported: 171306433; UID 10120; state: ENABLED
09-14 21:33:08.569 D/CompatibilityChangeReporter(  533): Compat change id reported: 218533173; UID 10120; state: ENABLED
09-14 21:33:08.569 I/HalDevMgr(  533): bestIfaceCreationProposal is null, requestIface=STA, existingIface=[name=wlan0 type=STA]
09-14 21:33:08.573 I/ActivityScheduler( 1176): nextTriggerTime: 19242192, in 120170ms, detectorType: 39, FULL_TYPE alarmWindowMillis: 80000
09-14 21:33:09.899 D/BoundBrokerSvc( 1176): onUnbind: Intent { act=com.google.android.gms.auth.aang.events.services.START dat=chimera-action:/... cmp=com.google.android.gms/.chimera.PersistentApiService }
09-14 21:33:09.928 D/BoundBrokerSvc( 1318): onUnbind: Intent { act=com.google.android.gms.auth.service.START pkg=com.google.android.gms }
09-14 21:33:10.592 D/BoundBrokerSvc( 1318): onUnbind: Intent { act=com.google.android.gms.checkin.START pkg=com.google.android.gms }
09-14 21:33:12.073 D/BoundBrokerSvc( 1176): onUnbind: Intent { act=com.google.android.gms.libs.gmscorelogger.service.START dat=chimera-action:/... cmp=com.google.android.gms/.chimera.PersistentDirectBootAwareApiService }
09-14 21:33:31.018 W/ThreadPoolForeg( 1318): type=1400 audit(0.0:1520): avc: denied { write } for name="traced_producer" dev="tmpfs" ino=684 scontext=u:r:gmscore_app:s0:c512,c768 tcontext=u:object_r:traced_producer_socket:s0 tclass=sock_file permissive=0 app=com.google.android.gms
09-14 21:33:34.313 W/BufferPoolAccessor2.0(  456): invalidator thread spinning
09-14 21:33:36.886 W/ThreadPoolForeg( 1176): type=1400 audit(0.0:1521): avc: denied { write } for name="traced_producer" dev="tmpfs" ino=684 scontext=u:r:gmscore_app:s0:c512,c768 tcontext=u:object_r:traced_producer_socket:s0 tclass=sock_file permissive=0 app=com.google.android.gms
09-14 21:33:45.095 D/EGL_emulation(  748): app_time_stats: avg=45063.69ms min=45063.69ms max=45063.69ms count=1
09-14 21:34:00.028 I/AiAiEcho( 1286): Predicting[0]: 
09-14 21:34:00.028 I/AiAiEcho( 1286): Ranked targets strategy: SORT, count: 0, ranking metadata: 
09-14 21:34:00.029 I/AiAiEcho( 1286): #postPredictionTargets: Sending updates to UISurface lockscreen with targets# 0
09-14 21:34:00.030 I/AiAiEcho( 1286): #postPredictionTargets: Sending updates to UISurface home with targets# 0
09-14 21:34:00.030 I/AiAiEcho( 1286): #postPredictionTargets: Sending updates to UISurface media_data_manager with targets# 0
09-14 21:34:00.030 D/EGL_emulation(  748): app_time_stats: avg=14934.74ms min=14934.74ms max=14934.74ms count=1
09-14 21:34:00.046 D/SsMediaDataProvider(  748): Forwarding Smartspace updates []
09-14 21:34:01.022 W/ThreadPoolForeg( 1318): type=1400 audit(0.0:1522): avc: denied { write } for name="traced_producer" dev="tmpfs" ino=684 scontext=u:r:gmscore_app:s0:c512,c768 tcontext=u:object_r:traced_producer_socket:s0 tclass=sock_file permissive=0 app=com.google.android.gms
09-14 21:34:06.875 W/HttpCallTransport(11065): Fail read Http response and forward to Cello
09-14 21:34:06.875 W/HttpCallTransport(11065): Fail read Http response and forward to Cello
09-14 21:34:06.876 E/Cello   (11065): [11200:NonCelloThread] drive_v2_cloud_store.cc:6973:DumpToLog Request 0x728b7885beb0: 0 transport: drive::ds::Status::UNAVAILABLE_WHILE_OFFLINE reader: drive::ds::Status::SUCCESS url: https://play.googleapis.com/log
09-14 21:34:06.876 E/Cello   (11065): [11200:NonCelloThread] drive_v2_cloud_store.cc:6973:DumpToLog req.hdr 0x728b7885beb0: Content-Type=
09-14 21:34:06.876 E/Cello   (11065): [11200:NonCelloThread] drive_v2_cloud_store.cc:6973:DumpToLog Response body 0x728b7885beb0: (no response body)
09-14 21:34:06.876 E/Cello   (11065): [11210:MetricsTransportThread-CELLO] metrics_transport.cc:242:SendRequest Request failed: drive::ds::Status::UNAVAILABLE_WHILE_OFFLINE
09-14 21:34:06.877 I/Cello   (11065): [11210:MetricsTransportThread-CELLO] metrics_transport.cc:471:ProcessRequestsOnBackgroundThread Metrics failed to send, drive::ds::Status::UNAVAILABLE_WHILE_OFFLINE
09-14 21:34:06.894 W/ThreadPoolForeg( 1176): type=1400 audit(0.0:1523): avc: denied { write } for name="traced_producer" dev="tmpfs" ino=684 scontext=u:r:gmscore_app:s0:c512,c768 tcontext=u:object_r:traced_producer_socket:s0 tclass=sock_file permissive=0 app=com.google.android.gms
09-14 21:34:25.097 D/EGL_emulation(  748): app_time_stats: avg=25066.73ms min=25066.73ms max=25066.73ms count=1
09-14 21:34:31.026 W/ThreadPoolForeg( 1318): type=1400 audit(0.0:1524): avc: denied { write } for name="traced_producer" dev="tmpfs" ino=684 scontext=u:r:gmscore_app:s0:c512,c768 tcontext=u:object_r:traced_producer_socket:s0 tclass=sock_file permissive=0 app=com.google.android.gms
09-14 21:34:36.902 W/ThreadPoolForeg( 1176): type=1400 audit(0.0:1525): avc: denied { write } for name="traced_producer" dev="tmpfs" ino=684 scontext=u:r:gmscore_app:s0:c512,c768 tcontext=u:object_r:traced_producer_socket:s0 tclass=sock_file permissive=0 app=com.google.android.gms
09-14 21:34:43.232 I/UsageStatsService(  533): User[0] Flushing usage stats to disk
09-14 21:34:47.385 E/android.hardware.power.stats@1.0-service-mock(  331): Failed to getEnergyData
09-14 21:34:48.211 D/WifiNl80211Manager(  533): Scan result ready event
09-14 21:34:48.212 D/WifiNative(  533): Scan result ready event
09-14 21:34:48.213 I/WifiScanner( 1176): onFullResults
09-14 21:34:48.219 I/HalDevMgr(  533): bestIfaceCreationProposal is null, requestIface=STA, existingIface=[name=wlan0 type=STA]
09-14 21:34:59.650 D/ControlsListingControllerImpl(  748): Subscribing callback, service count: 0
09-14 21:34:59.661 D/ControlsListingControllerImpl(  748): Unsubscribing callback
09-14 21:34:59.776 D/CompatibilityChangeReporter(  533): Compat change id reported: 161252188; UID 10120; state: DISABLED
09-14 21:35:00.036 D/EGL_emulation(  748): app_time_stats: avg=34937.99ms min=34937.99ms max=34937.99ms count=1
09-14 21:35:00.036 I/AiAiEcho( 1286): Predicting[0]: 
09-14 21:35:00.036 I/AiAiEcho( 1286): Ranked targets strategy: SORT, count: 0, ranking metadata: 
09-14 21:35:00.039 I/AiAiEcho( 1286): #postPredictionTargets: Sending updates to UISurface lockscreen with targets# 0
09-14 21:35:00.039 I/AiAiEcho( 1286): #postPredictionTargets: Sending updates to UISurface home with targets# 0
09-14 21:35:00.039 I/AiAiEcho( 1286): #postPredictionTargets: Sending updates to UISurface media_data_manager with targets# 0
09-14 21:35:00.045 D/SsMediaDataProvider(  748): Forwarding Smartspace updates []
09-14 21:35:01.030 W/ThreadPoolForeg( 1318): type=1400 audit(0.0:1526): avc: denied { write } for name="traced_producer" dev="tmpfs" ino=684 scontext=u:r:gmscore_app:s0:c512,c768 tcontext=u:object_r:traced_producer_socket:s0 tclass=sock_file permissive=0 app=com.google.android.gms
09-14 21:35:01.940 W/AlarmManager(  820): Unrecognized alarm listener com.android.networkstack.android.net.ip.IpClientLinkObserver$Dhcp6PdPreferredPrefixAlarmListener@2fa36bc
09-14 21:35:03.426 I/ndroid.systemui(  748): Background concurrent mark compact GC freed 14MB AllocSpace bytes, 0(0B) LOS objects, 50% free, 14MB/29MB, paused 684us,9.330ms total 164.011ms
09-14 21:35:05.125 D/EGL_emulation(  748): app_time_stats: avg=5088.70ms min=5088.70ms max=5088.70ms count=1
09-14 21:35:06.259 W/BufferPoolAccessor2.0(  456): invalidator thread spinning
09-14 21:35:06.910 W/ThreadPoolForeg( 1176): type=1400 audit(0.0:1527): avc: denied { write } for name="traced_producer" dev="tmpfs" ino=684 scontext=u:r:gmscore_app:s0:c512,c768 tcontext=u:object_r:traced_producer_socket:s0 tclass=sock_file permissive=0 app=com.google.android.gms
09-14 21:35:08.333 W/AppOps  (  533): Noting op not finished: uid 10120 pkg com.google.android.gms code 113 startTime of in progress event=1757884495451
09-14 21:35:08.341 W/AppOps  (  533): Noting op not finished: uid 10120 pkg com.google.android.gms code 113 startTime of in progress event=1757884520372
09-14 21:35:08.347 W/AppOps  (  533): Noting op not finished: uid 10120 pkg com.google.android.gms code 113 startTime of in progress event=1757884495451
09-14 21:35:08.351 W/AppOps  (  533): Noting op not finished: uid 10120 pkg com.google.android.gms code 113 startTime of in progress event=1757884495451
09-14 21:35:08.358 I/ActivityScheduler( 1176): nextTriggerTime: 19479907, in 238100ms, detectorType: 39, FULL_TYPE alarmWindowMillis: 80000
09-14 21:35:08.371 D/BoundBrokerSvc( 1176): onRebind: Intent { act=com.google.android.gms.auth.aang.events.services.START dat=chimera-action:/... cmp=com.google.android.gms/.chimera.PersistentApiService }
09-14 21:35:09.361 D/BoundBrokerSvc( 1176): onRebind: Intent { act=com.google.android.gms.libs.gmscorelogger.service.START dat=chimera-action:/... cmp=com.google.android.gms/.chimera.PersistentDirectBootAwareApiService }
09-14 21:35:15.118 W/System  (  920): A resource failed to call AbstractCursor.close. 
09-14 21:35:23.384 D/BoundBrokerSvc( 1176): onUnbind: Intent { act=com.google.android.gms.auth.aang.events.services.START dat=chimera-action:/... cmp=com.google.android.gms/.chimera.PersistentApiService }
09-14 21:35:24.371 D/BoundBrokerSvc( 1176): onUnbind: Intent { act=com.google.android.gms.libs.gmscorelogger.service.START dat=chimera-action:/... cmp=com.google.android.gms/.chimera.PersistentDirectBootAwareApiService }
09-14 21:35:31.042 W/ThreadPoolForeg( 1318): type=1400 audit(0.0:1528): avc: denied { write } for name="traced_producer" dev="tmpfs" ino=684 scontext=u:r:gmscore_app:s0:c512,c768 tcontext=u:object_r:traced_producer_socket:s0 tclass=sock_file permissive=0 app=com.google.android.gms
09-14 21:35:36.889 W/HttpCallTransport(11065): Fail read Http response and forward to Cello
09-14 21:35:36.889 W/HttpCallTransport(11065): Fail read Http response and forward to Cello
09-14 21:35:36.891 E/Cello   (11065): [11200:NonCelloThread] drive_v2_cloud_store.cc:6973:DumpToLog Request 0x728b78858650: 0 transport: drive::ds::Status::UNAVAILABLE_WHILE_OFFLINE reader: drive::ds::Status::SUCCESS url: https://play.googleapis.com/log
09-14 21:35:36.891 E/Cello   (11065): [11200:NonCelloThread] drive_v2_cloud_store.cc:6973:DumpToLog req.hdr 0x728b78858650: Content-Type=
09-14 21:35:36.891 E/Cello   (11065): [11200:NonCelloThread] drive_v2_cloud_store.cc:6973:DumpToLog Response body 0x728b78858650: (no response body)
09-14 21:35:36.891 E/Cello   (11065): [11210:MetricsTransportThread-CELLO] metrics_transport.cc:242:SendRequest Request failed: drive::ds::Status::UNAVAILABLE_WHILE_OFFLINE
09-14 21:35:36.892 I/Cello   (11065): [11210:MetricsTransportThread-CELLO] metrics_transport.cc:471:ProcessRequestsOnBackgroundThread Metrics failed to send, drive::ds::Status::UNAVAILABLE_WHILE_OFFLINE
09-14 21:35:36.914 W/ThreadPoolForeg( 1176): type=1400 audit(0.0:1529): avc: denied { write } for name="traced_producer" dev="tmpfs" ino=684 scontext=u:r:gmscore_app:s0:c512,c768 tcontext=u:object_r:traced_producer_socket:s0 tclass=sock_file permissive=0 app=com.google.android.gms
09-14 21:35:49.347 D/CompatibilityChangeReporter(  533): Compat change id reported: 218533173; UID 10199; state: ENABLED
09-14 21:35:54.752 I/ClipboardListener(  748): Clipboard overlay suppressed.
09-14 21:35:54.768 I/AiAiTranslate( 1286): C2T - not in a conversation
09-14 21:35:54.785 I/AiAiTextClassifier( 1286): Initialize textClassifierLib, privileged changed = [true], TC null = [false]
09-14 21:35:54.830 I/AiAiTextClassifier( 1286): Initialize textClassifierLib, privileged changed = [true], TC null = [false]
09-14 21:35:54.864 I/AiAiTextClassifier( 1286): GenerateLinks did not find valid links, returning empty result
09-14 21:36:00.034 D/EGL_emulation(  748): app_time_stats: avg=54909.14ms min=54909.14ms max=54909.14ms count=1
09-14 21:36:00.035 I/AiAiEcho( 1286): Predicting[0]: 
09-14 21:36:00.036 I/AiAiEcho( 1286): Ranked targets strategy: SORT, count: 0, ranking metadata: 
09-14 21:36:00.039 I/AiAiEcho( 1286): #postPredictionTargets: Sending updates to UISurface lockscreen with targets# 0
09-14 21:36:00.041 I/AiAiEcho( 1286): #postPredictionTargets: Sending updates to UISurface home with targets# 0
09-14 21:36:00.046 I/AiAiEcho( 1286): #postPredictionTargets: Sending updates to UISurface media_data_manager with targets# 0
09-14 21:36:00.063 D/SsMediaDataProvider(  748): Forwarding Smartspace updates []
09-14 21:36:01.066 W/ThreadPoolForeg( 1318): type=1400 audit(0.0:1530): avc: denied { write } for name="traced_producer" dev="tmpfs" ino=684 scontext=u:r:gmscore_app:s0:c512,c768 tcontext=u:object_r:traced_producer_socket:s0 tclass=sock_file permissive=0 app=com.google.android.gms
09-14 21:36:04.075 D/WM-DelayedWorkTracker( 9630): Scheduling work 652d1e06-8aa0-483d-87a2-f7b63e35cf1f
09-14 21:36:04.076 D/WM-GreedyScheduler( 9630): Starting work for 652d1e06-8aa0-483d-87a2-f7b63e35cf1f
09-14 21:36:04.085 D/WM-Processor( 9630): rva: processing WorkGenerationalId(workSpecId=652d1e06-8aa0-483d-87a2-f7b63e35cf1f, generation=0)
09-14 21:36:04.089 D/MddListenableWorkerFactory( 9630): createWorker for class: com.google.apps.tiktok.contrib.work.TikTokListenableWorker
09-14 21:36:04.102 D/WM-WorkerWrapper( 9630): Starting work for com.google.apps.tiktok.contrib.work.TikTokListenableWorker
09-14 21:36:04.152 D/WM-DelayedWorkTracker( 9630): Scheduling work cf2fec69-6e76-4427-a8d7-db60932da08f
09-14 21:36:04.152 D/WM-GreedyScheduler( 9630): Starting tracking for cf2fec69-6e76-4427-a8d7-db60932da08f
09-14 21:36:04.154 D/WM-GreedyScheduler( 9630): Constraints met: Scheduling work ID WorkGenerationalId(workSpecId=cf2fec69-6e76-4427-a8d7-db60932da08f, generation=47)
09-14 21:36:04.159 D/WM-Processor( 9630): rva: processing WorkGenerationalId(workSpecId=cf2fec69-6e76-4427-a8d7-db60932da08f, generation=47)
09-14 21:36:04.163 D/MddListenableWorkerFactory( 9630): createWorker for class: com.google.android.libraries.notifications.platform.entrypoints.job.GnpWorker
09-14 21:36:04.168 D/WM-WorkerWrapper( 9630): Starting work for com.google.android.libraries.notifications.platform.entrypoints.job.GnpWorker
09-14 21:36:04.168 I/WM-WorkerWrapper( 9630): Worker result SUCCESS for Work [ id=652d1e06-8aa0-483d-87a2-f7b63e35cf1f, tags={ com.google.apps.tiktok.contrib.work.TikTokListenableWorker,TikTokWorker#com.google.android.apps.messaging.shared.telephony.impl.copyoftelephony.TelephonyOrphanedAttachmentsCollectorTikTokWorkItem } ]
09-14 21:36:04.180 D/WM-Processor( 9630): rva 652d1e06-8aa0-483d-87a2-f7b63e35cf1f executed; reschedule = false
09-14 21:36:04.185 D/WM-GreedyScheduler( 9630): Cancelling work ID 652d1e06-8aa0-483d-87a2-f7b63e35cf1f
