09-14 22:09:54.453 W/ammy    ( 1176): 	at gjrh.get(:com.google.android.gms@253133032@25.31.33 (190800-795226510):2)
09-14 22:09:54.453 W/ammy    ( 1176): 	at ammy.e(:com.google.android.gms@253133032@25.31.33 (190800-795226510):81)
09-14 22:09:54.453 W/ammy    ( 1176): 	at ammy.a(:com.google.android.gms@253133032@25.31.33 (190800-795226510):124)
09-14 22:09:54.453 W/ammy    ( 1176): 	at amki.call(:com.google.android.gms@253133032@25.31.33 (190800-795226510):5)
09-14 22:09:54.453 W/ammy    ( 1176): 	at java.util.concurrent.FutureTask.run(FutureTask.java:317)
09-14 22:09:54.453 W/ammy    ( 1176): 	at bash.c(:com.google.android.gms@253133032@25.31.33 (190800-795226510):50)
09-14 22:09:54.453 W/ammy    ( 1176): 	at bash.run(:com.google.android.gms@253133032@25.31.33 (190800-795226510):70)
09-14 22:09:54.453 W/ammy    ( 1176): 	at java.util.concurrent.ThreadPoolExecutor.runWorker(ThreadPoolExecutor.java:1156)
09-14 22:09:54.453 W/ammy    ( 1176): 	at java.util.concurrent.ThreadPoolExecutor$Worker.run(ThreadPoolExecutor.java:651)
09-14 22:09:54.453 W/ammy    ( 1176): 	at baya.run(:com.google.android.gms@253133032@25.31.33 (190800-795226510):8)
09-14 22:09:54.453 W/ammy    ( 1176): 	at java.lang.Thread.run(Thread.java:1119)
09-14 22:09:54.453 W/ammy    ( 1176): Caused by: fish: No data was found for the table autofill-domain-predictions-prod-spanner.
09-14 22:09:54.453 W/ammy    ( 1176): 	at fisy.a(:com.google.android.gms@253133032@25.31.33 (190800-795226510):217)
09-14 22:09:54.453 W/ammy    ( 1176): 	at gjrs.d(:com.google.android.gms@253133032@25.31.33 (190800-795226510):3)
09-14 22:09:54.453 W/ammy    ( 1176): 	at gjru.run(:com.google.android.gms@253133032@25.31.33 (190800-795226510):38)
09-14 22:09:54.453 W/ammy    ( 1176): 	at gjtg.execute(:com.google.android.gms@253133032@25.31.33 (190800-795226510):1)
09-14 22:09:54.453 W/ammy    ( 1176): 	at gjrh.f(:com.google.android.gms@253133032@25.31.33 (190800-795226510):1)
09-14 22:09:54.453 W/ammy    ( 1176): 	at gjrh.m(:com.google.android.gms@253133032@25.31.33 (190800-795226510):99)
09-14 22:09:54.453 W/ammy    ( 1176): 	at gjrh.q(:com.google.android.gms@253133032@25.31.33 (190800-795226510):13)
09-14 22:09:54.453 W/ammy    ( 1176): 	at gjrt.e(:com.google.android.gms@253133032@25.31.33 (190800-795226510):1)
09-14 22:09:54.453 W/ammy    ( 1176): 	at gjru.run(:com.google.android.gms@253133032@25.31.33 (190800-795226510):44)
09-14 22:09:54.453 W/ammy    ( 1176): 	at gjtg.execute(:com.google.android.gms@253133032@25.31.33 (190800-795226510):1)
09-14 22:09:54.453 W/ammy    ( 1176): 	at gjrh.f(:com.google.android.gms@253133032@25.31.33 (190800-795226510):1)
09-14 22:09:54.453 W/ammy    ( 1176): 	at gjrh.m(:com.google.android.gms@253133032@25.31.33 (190800-795226510):99)
09-14 22:09:54.453 W/ammy    ( 1176): 	at gjrh.t(:com.google.android.gms@253133032@25.31.33 (190800-795226510):26)
09-14 22:09:54.453 W/ammy    ( 1176): 	at gjrs.e(:com.google.android.gms@253133032@25.31.33 (190800-795226510):3)
09-14 22:09:54.453 W/ammy    ( 1176): 	at gjru.run(:com.google.android.gms@253133032@25.31.33 (190800-795226510):44)
09-14 22:09:54.453 W/ammy    ( 1176): 	at gjtg.execute(:com.google.android.gms@253133032@25.31.33 (190800-795226510):1)
09-14 22:09:54.453 W/ammy    ( 1176): 	at gjrh.f(:com.google.android.gms@253133032@25.31.33 (190800-795226510):1)
09-14 22:09:54.453 W/ammy    ( 1176): 	at gjrh.m(:com.google.android.gms@253133032@25.31.33 (190800-795226510):99)
09-14 22:09:54.453 W/ammy    ( 1176): 	at gjrh.t(:com.google.android.gms@253133032@25.31.33 (190800-795226510):26)
09-14 22:09:54.453 W/ammy    ( 1176): 	at gjrs.e(:com.google.android.gms@253133032@25.31.33 (190800-795226510):3)
09-14 22:09:54.453 W/ammy    ( 1176): 	at gjru.run(:com.google.android.gms@253133032@25.31.33 (190800-795226510):44)
09-14 22:09:54.453 W/ammy    ( 1176): 	at gjtg.execute(:com.google.android.gms@253133032@25.31.33 (190800-795226510):1)
09-14 22:09:54.453 W/ammy    ( 1176): 	at gjrh.f(:com.google.android.gms@253133032@25.31.33 (190800-795226510):1)
09-14 22:09:54.453 W/ammy    ( 1176): 	at gjrh.m(:com.google.android.gms@253133032@25.31.33 (190800-795226510):99)
09-14 22:09:54.453 W/ammy    ( 1176): 	at gjrh.q(:com.google.android.gms@253133032@25.31.33 (190800-795226510):13)
09-14 22:09:54.453 W/ammy    ( 1176): 	at gjqz.run(:com.google.android.gms@253133032@25.31.33 (190800-795226510):120)
09-14 22:09:54.453 W/ammy    ( 1176): 	at gjtg.execute(:com.google.android.gms@253133032@25.31.33 (190800-795226510):1)
09-14 22:09:54.453 W/ammy    ( 1176): 	at gjrh.f(:com.google.android.gms@253133032@25.31.33 (190800-795226510):1)
09-14 22:09:54.453 W/ammy    ( 1176): 	at gjrh.m(:com.google.android.gms@253133032@25.31.33 (190800-795226510):99)
09-14 22:09:54.453 W/ammy    ( 1176): 	at gjrh.q(:com.google.android.gms@253133032@25.31.33 (190800-795226510):13)
09-14 22:09:54.453 W/ammy    ( 1176): 	at gjrt.e(:com.google.android.gms@253133032@25.31.33 (190800-795226510):1)
09-14 22:09:54.453 W/ammy    ( 1176): 	at gjru.run(:com.google.android.gms@253133032@25.31.33 (190800-795226510):44)
09-14 22:09:54.453 W/ammy    ( 1176): 	at gjtg.execute(:com.google.android.gms@253133032@25.31.33 (190800-795226510):1)
09-14 22:09:54.453 W/ammy    ( 1176): 	at gjrh.f(:com.google.android.gms@253133032@25.31.33 (190800-795226510):1)
09-14 22:09:54.453 W/ammy    ( 1176): 	at gjrh.m(:com.google.android.gms@253133032@25.31.33 (190800-795226510):99)
09-14 22:09:54.454 W/ammy    ( 1176): 	at gjrb.run(:com.google.android.gms@253133032@25.31.33 (190800-795226510):25)
09-14 22:09:54.454 W/ammy    ( 1176): 	at gjtg.execute(:com.google.android.gms@253133032@25.31.33 (190800-795226510):1)
09-14 22:09:54.454 W/ammy    ( 1176): 	at gjtk.c(:com.google.android.gms@253133032@25.31.33 (190800-795226510):1)
09-14 22:09:54.454 W/ammy    ( 1176): 	at gjtk.b(:com.google.android.gms@253133032@25.31.33 (190800-795226510):32)
09-14 22:09:54.454 W/ammy    ( 1176): 	at gjuv.done(:com.google.android.gms@253133032@25.31.33 (190800-795226510):3)
09-14 22:09:54.454 W/ammy    ( 1176): 	at java.util.concurrent.FutureTask.finishCompletion(FutureTask.java:434)
09-14 22:09:54.454 W/ammy    ( 1176): 	at java.util.concurrent.FutureTask.set(FutureTask.java:285)
09-14 22:09:54.454 W/ammy    ( 1176): 	at java.util.concurrent.FutureTask.run(FutureTask.java:325)
09-14 22:09:54.454 W/ammy    ( 1176): 	at gjvj.run(:com.google.android.gms@253133032@25.31.33 (190800-795226510):64)
09-14 22:09:54.454 W/ammy    ( 1176): 	... 6 more
09-14 22:09:54.485 D/BoundBrokerSvc( 1176): onRebind: Intent { act=com.google.android.gms.auth.aang.events.services.START dat=chimera-action:/... cmp=com.google.android.gms/.chimera.PersistentApiService }
09-14 22:09:54.493 W/amky    ( 1176): Unsupported multi-labeled field processed from [NEW_PASSWORD, PASSWORD] to [NEW_PASSWORD] [CONTEXT service_id=177 ]
09-14 22:09:54.502 D/CompatibilityChangeReporter(  533): Compat change id reported: 135634846; UID 10120; state: DISABLED
09-14 22:09:54.502 D/CompatibilityChangeReporter(  533): Compat change id reported: 143937733; UID 10120; state: ENABLED
09-14 22:09:54.511 I/PasswordSaveInfoFactory( 1176): Form has a username and is not a password only form. [CONTEXT service_id=177 ]
09-14 22:09:54.511 I/PasswordSaveInfoFactory( 1176): Form is not a password only form. [CONTEXT service_id=177 ]
09-14 22:09:54.511 I/UsernameSaveInfoFactory( 1176): Form has a password and is not a username only form. [CONTEXT service_id=177 ]
09-14 22:09:54.517 D/Zygote  (  301): Forked child process 13619
09-14 22:09:54.520 I/ActivityManager(  533): Start proc 13619:com.google.android.gms.ui/u0a120 for service {com.google.android.gms/com.google.android.gms.chimera.UiIntentOperationService}
09-14 22:09:54.523 I/.android.gms.ui(13619): Using CollectorTypeCMC GC.
09-14 22:09:54.523 W/.android.gms.ui(13619): Unexpected CPU variant for x86: x86_64.
09-14 22:09:54.523 W/.android.gms.ui(13619): Known variants: atom, sandybridge, silvermont, goldmont, goldmont-plus, goldmont-without-sha-xsaves, tremont, kabylake, alderlake, default
09-14 22:09:54.525 E/.android.gms.ui(13619): Not starting debugger since process cannot load the jdwp agent.
09-14 22:09:54.529 D/nativeloader(13619): Load libframework-connectivity-tiramisu-jni.so using APEX ns com_android_tethering for caller /apex/com.android.tethering/javalib/framework-connectivity-t.jar: ok
09-14 22:09:54.535 D/CompatibilityChangeReporter(  533): Compat change id reported: 181136395; UID 10199; state: DISABLED
09-14 22:09:54.535 D/CompatibilityChangeReporter(  533): Compat change id reported: 174042936; UID 10199; state: DISABLED
09-14 22:09:54.538 D/CompatibilityChangeReporter(13619): Compat change id reported: 171979766; UID 10120; state: ENABLED
09-14 22:09:54.538 W/GLSUser ( 1176): [DeviceKeyStore] Cannot load key: Device key file not found.
09-14 22:09:54.542 I/SyncManager( 1318): (REDACTED) Executing sync(type=%s%s)
09-14 22:09:54.547 D/ActivityManager(  533): sync unfroze 11454 com.google.android.gms.unstable
09-14 22:09:54.553 D/nativeloader(13619): Configuring clns-4 for other apk /system/framework/org.apache.http.legacy.jar. target_sdk_version=36, uses_libraries=ALL, library_path=/data/app/~~Sl8cJyIwQNJAwFN8b0T5Gw==/com.google.android.gms-jPsbaOT9rUfe5QPYk1fEMA==/lib/x86_64:/data/app/~~Sl8cJyIwQNJAwFN8b0T5Gw==/com.google.android.gms-jPsbaOT9rUfe5QPYk1fEMA==/base.apk!/lib/x86_64, permitted_path=/data:/mnt/expand:/data/user/0/com.google.android.gms
09-14 22:09:54.556 D/nativeloader(13619): Configuring clns-5 for other apk /system/framework/com.android.media.remotedisplay.jar. target_sdk_version=36, uses_libraries=ALL, library_path=/data/app/~~Sl8cJyIwQNJAwFN8b0T5Gw==/com.google.android.gms-jPsbaOT9rUfe5QPYk1fEMA==/lib/x86_64:/data/app/~~Sl8cJyIwQNJAwFN8b0T5Gw==/com.google.android.gms-jPsbaOT9rUfe5QPYk1fEMA==/base.apk!/lib/x86_64, permitted_path=/data:/mnt/expand:/data/user/0/com.google.android.gms
09-14 22:09:54.573 D/nativeloader(13619): Configuring clns-6 for other apk /system/framework/com.android.location.provider.jar. target_sdk_version=36, uses_libraries=ALL, library_path=/data/app/~~Sl8cJyIwQNJAwFN8b0T5Gw==/com.google.android.gms-jPsbaOT9rUfe5QPYk1fEMA==/lib/x86_64:/data/app/~~Sl8cJyIwQNJAwFN8b0T5Gw==/com.google.android.gms-jPsbaOT9rUfe5QPYk1fEMA==/base.apk!/lib/x86_64, permitted_path=/data:/mnt/expand:/data/user/0/com.google.android.gms
09-14 22:09:54.575 D/nativeloader(13619): Configuring clns-7 for other apk /system_ext/framework/androidx.window.extensions.jar. target_sdk_version=36, uses_libraries=ALL, library_path=/data/app/~~Sl8cJyIwQNJAwFN8b0T5Gw==/com.google.android.gms-jPsbaOT9rUfe5QPYk1fEMA==/lib/x86_64:/data/app/~~Sl8cJyIwQNJAwFN8b0T5Gw==/com.google.android.gms-jPsbaOT9rUfe5QPYk1fEMA==/base.apk!/lib/x86_64, permitted_path=/data:/mnt/expand:/data/user/0/com.google.android.gms
09-14 22:09:54.577 D/nativeloader(13619): Configuring clns-8 for other apk /system_ext/framework/androidx.window.sidecar.jar. target_sdk_version=36, uses_libraries=ALL, library_path=/data/app/~~Sl8cJyIwQNJAwFN8b0T5Gw==/com.google.android.gms-jPsbaOT9rUfe5QPYk1fEMA==/lib/x86_64:/data/app/~~Sl8cJyIwQNJAwFN8b0T5Gw==/com.google.android.gms-jPsbaOT9rUfe5QPYk1fEMA==/base.apk!/lib/x86_64, permitted_path=/data:/mnt/expand:/data/user/0/com.google.android.gms
09-14 22:09:54.609 I/ndroid.systemui(  748): Background concurrent mark compact GC freed 14MB AllocSpace bytes, 0(0B) LOS objects, 49% free, 13MB/27MB, paused 1.151ms,9.396ms total 45.496ms
09-14 22:09:54.641 W/libc    (11454): Access denied finding property "persist.adb.tls_server.enable"
09-14 22:09:54.646 D/CompatibilityChangeReporter(  533): Compat change id reported: 161145287; UID 10120; state: DISABLED
09-14 22:09:54.638 W/binder:11454_5(11454): type=1400 audit(0.0:1658): avc: denied { read } for name="u:object_r:system_adbd_prop:s0" dev="tmpfs" ino=268 scontext=u:r:gmscore_app:s0:c512,c768 tcontext=u:object_r:system_adbd_prop:s0 tclass=file permissive=0 app=com.google.android.gms
09-14 22:09:54.703 I/SyncManager( 1318): (REDACTED) Executing sync(type=%s) finished in %s
09-14 22:09:54.714 I/SyncManager( 1318): (REDACTED) Executing sync(type=%s%s)
09-14 22:09:54.716 I/SyncManager( 1318): (REDACTED) Executing sync(type=%s) finished in %s
09-14 22:09:54.721 D/nativeloader(13619): Configuring clns-9 for other apk /data/app/~~Sl8cJyIwQNJAwFN8b0T5Gw==/com.google.android.gms-jPsbaOT9rUfe5QPYk1fEMA==/base.apk. target_sdk_version=36, uses_libraries=, library_path=/data/app/~~Sl8cJyIwQNJAwFN8b0T5Gw==/com.google.android.gms-jPsbaOT9rUfe5QPYk1fEMA==/lib/x86_64:/data/app/~~Sl8cJyIwQNJAwFN8b0T5Gw==/com.google.android.gms-jPsbaOT9rUfe5QPYk1fEMA==/base.apk!/lib/x86_64, permitted_path=/data:/mnt/expand:/data/user/0/com.google.android.gms
09-14 22:09:54.722 W/GmsUrlRequestImpl( 1176): [https://android.googleapis.com/auth/devicekey] Content-Type header is overwritten.
09-14 22:09:54.725 I/SyncManager( 1318): (REDACTED) Executing sync(type=%s%s)
09-14 22:09:54.731 I/SyncManager( 1318): (REDACTED) Executing sync(type=%s) finished in %s
09-14 22:09:54.733 I/SyncManager( 1318): (REDACTED) Executing sync(type=%s%s)
09-14 22:09:54.735 I/SyncManager( 1318): (REDACTED) Executing sync(type=%s) finished in %s
09-14 22:09:54.746 D/EGL_emulation(13479): app_time_stats: avg=38.01ms min=1.15ms max=398.38ms count=23
09-14 22:09:54.752 I/SyncManager( 1318): (REDACTED) Executing sync(type=%s%s)
09-14 22:09:54.753 I/SyncManager( 1318): (REDACTED) Executing sync(type=%s) finished in %s
09-14 22:09:54.904 W/GLSUser ( 1176): [AppCertManager] Exception while requesting key: 
09-14 22:09:54.904 W/GLSUser ( 1176): java.util.concurrent.ExecutionException: ckbp: Parse Proto Exception with response code 400
09-14 22:09:54.904 W/GLSUser ( 1176): 	at gjrh.j(:com.google.android.gms@253133032@25.31.33 (190800-795226510):21)
09-14 22:09:54.904 W/GLSUser ( 1176): 	at gjrq.u(:com.google.android.gms@253133032@25.31.33 (190800-795226510):71)
09-14 22:09:54.904 W/GLSUser ( 1176): 	at ahri.b(:com.google.android.gms@253133032@25.31.33 (190800-795226510):439)
09-14 22:09:54.904 W/GLSUser ( 1176): 	at ahrg.a(:com.google.android.gms@253133032@25.31.33 (190800-795226510):83)
09-14 22:09:54.904 W/GLSUser ( 1176): 	at ahrc.a(:com.google.android.gms@253133032@25.31.33 (190800-795226510):3)
09-14 22:09:54.904 W/GLSUser ( 1176): 	at ahre.a(:com.google.android.gms@253133032@25.31.33 (190800-795226510):58)
09-14 22:09:54.904 W/GLSUser ( 1176): 	at ahre.b(:com.google.android.gms@253133032@25.31.33 (190800-795226510):21)
09-14 22:09:54.904 W/GLSUser ( 1176): 	at bali.m(:com.google.android.gms@253133032@25.31.33 (190800-795226510):13)
09-14 22:09:54.904 W/GLSUser ( 1176): 	at balx.f(:com.google.android.gms@253133032@25.31.33 (190800-795226510):10)
09-14 22:09:54.904 W/GLSUser ( 1176): 	at eeqv.b(:com.google.android.gms@253133032@25.31.33 (190800-795226510):44)
09-14 22:09:54.904 W/GLSUser ( 1176): 	at eeqv.a(:com.google.android.gms@253133032@25.31.33 (190800-795226510):3)
09-14 22:09:54.904 W/GLSUser ( 1176): 	at amhc.d(:com.google.android.gms@253133032@25.31.33 (190800-795226510):357)
09-14 22:09:54.904 W/GLSUser ( 1176): 	at amha.call(:com.google.android.gms@253133032@25.31.33 (190800-795226510):3)
09-14 22:09:54.904 W/GLSUser ( 1176): 	at java.util.concurrent.FutureTask.run(FutureTask.java:317)
09-14 22:09:54.904 W/GLSUser ( 1176): 	at bash.c(:com.google.android.gms@253133032@25.31.33 (190800-795226510):50)
09-14 22:09:54.904 W/GLSUser ( 1176): 	at bash.run(:com.google.android.gms@253133032@25.31.33 (190800-795226510):70)
09-14 22:09:54.904 W/GLSUser ( 1176): 	at java.util.concurrent.ThreadPoolExecutor.runWorker(ThreadPoolExecutor.java:1156)
09-14 22:09:54.904 W/GLSUser ( 1176): 	at java.util.concurrent.ThreadPoolExecutor$Worker.run(ThreadPoolExecutor.java:651)
09-14 22:09:54.904 W/GLSUser ( 1176): 	at baya.run(:com.google.android.gms@253133032@25.31.33 (190800-795226510):8)
09-14 22:09:54.904 W/GLSUser ( 1176): 	at java.lang.Thread.run(Thread.java:1119)
09-14 22:09:54.904 W/GLSUser ( 1176): Caused by: ckbp: Parse Proto Exception with response code 400
09-14 22:09:54.904 W/GLSUser ( 1176): 	at ckcs.b(:com.google.android.gms@253133032@25.31.33 (190800-795226510):71)
09-14 22:09:54.904 W/GLSUser ( 1176): 	at ckfi.d(:com.google.android.gms@253133032@25.31.33 (190800-795226510):18)
09-14 22:09:54.904 W/GLSUser ( 1176): 	at ckfz.onSucceeded(:com.google.android.gms@253133032@25.31.33 (190800-795226510):9)
09-14 22:09:54.904 W/GLSUser ( 1176): 	at m1.nc.onSucceeded(:com.google.android.gms.dynamite_cronetdynamite@253133032@25.31.33 (190800-0):3)
09-14 22:09:54.904 W/GLSUser ( 1176): 	at m1.ly.run(:com.google.android.gms.dynamite_cronetdynamite@253133032@25.31.33 (190800-0):21)
09-14 22:09:54.904 W/GLSUser ( 1176): 	at m1.ls.run(:com.google.android.gms.dynamite_cronetdynamite@253133032@25.31.33 (190800-0):31)
09-14 22:09:54.904 W/GLSUser ( 1176): 	... 6 more
09-14 22:09:54.904 W/GLSUser ( 1176): Caused by: hdlb: Protocol message contained an invalid tag (zero).
09-14 22:09:54.904 W/GLSUser ( 1176): 	at hdhz.k(:com.google.android.gms@253133032@25.31.33 (190800-795226510):43)
09-14 22:09:54.904 W/GLSUser ( 1176): 	at hdmb.c(:com.google.android.gms@253133032@25.31.33 (190800-795226510):398)
09-14 22:09:54.904 W/GLSUser ( 1176): 	at hdmb.i(:com.google.android.gms@253133032@25.31.33 (190800-795226510):8)
09-14 22:09:54.904 W/GLSUser ( 1176): 	at hdkf.y(:com.google.android.gms@253133032@25.31.33 (190800-795226510):23)
09-14 22:09:54.904 W/GLSUser ( 1176): 	at hdka.g(:com.google.android.gms@253133032@25.31.33 (190800-795226510):3)
09-14 22:09:54.904 W/GLSUser ( 1176): 	at hdhv.e(:com.google.android.gms@253133032@25.31.33 (190800-795226510):1)
09-14 22:09:54.904 W/GLSUser ( 1176): 	at hdhv.d(:com.google.android.gms@253133032@25.31.33 (190800-795226510):3)
09-14 22:09:54.904 W/GLSUser ( 1176): 	at hdhv.p(:com.google.android.gms@253133032@25.31.33 (190800-795226510):1)
09-14 22:09:54.904 W/GLSUser ( 1176): 	at ckcs.g(:com.google.android.gms@253133032@25.31.33 (190800-795226510):69)
09-14 22:09:54.904 W/GLSUser ( 1176): 	at ckcs.b(:com.google.android.gms@253133032@25.31.33 (190800-795226510):11)
09-14 22:09:54.904 W/GLSUser ( 1176): 	... 11 more
09-14 22:09:54.907 W/GLSUser ( 1176): [DeviceKeyStore] Cannot load key: Device key file not found.
09-14 22:09:54.979 D/nativeloader(13619): Load libframework-connectivity-jni.so using APEX ns com_android_tethering for caller /apex/com.android.tethering/javalib/framework-connectivity.jar: ok
09-14 22:09:54.982 V/GraphicsEnvironment(13619): ANGLE Developer option for 'com.google.android.gms' set to: 'default'
09-14 22:09:54.984 V/GraphicsEnvironment(13619): ANGLE GameManagerService for com.google.android.gms: false
09-14 22:09:54.984 V/GraphicsEnvironment(13619): Neither updatable production driver nor prerelease driver is supported.
09-14 22:09:54.988 D/NetworkSecurityConfig(13619): Using Network Security Config from resource network_security_config debugBuild: false
09-14 22:09:54.995 D/NetworkSecurityConfig(13619): Using Network Security Config from resource network_security_config debugBuild: false
09-14 22:09:55.039 D/BoundBrokerSvc( 1318): onBind: Intent { act=com.google.android.gms.auth.api.credentials.internal_service.START dat=chimera-action:/... cmp=com.google.android.gms/.chimera.GmsInternalBoundBrokerService }
09-14 22:09:55.039 D/BoundBrokerSvc( 1318): Loading bound service for intent: Intent { act=com.google.android.gms.auth.api.credentials.internal_service.START dat=chimera-action:/... cmp=com.google.android.gms/.chimera.GmsInternalBoundBrokerService }
09-14 22:09:55.058 D/AutofillSession(  533): Service did not request to wait for delayed fill response.
09-14 22:09:55.064 W/Conscrypt( 1176): Could not set socket write timeout: java.net.SocketException: Socket closed
09-14 22:09:55.064 W/Conscrypt( 1176): 	at com.google.android.gms.org.conscrypt.Platform.setSocketWriteTimeout(:com.google.android.gms@253133032@25.31.33 (190800-795226510):204)
09-14 22:09:55.064 W/Conscrypt( 1176): 	at com.google.android.gms.org.conscrypt.ConscryptFileDescriptorSocket.setSoWriteTimeout(:com.google.android.gms@253133032@25.31.33 (190800-795226510):4)
09-14 22:09:55.103 W/Conscrypt( 1176): Could not set socket write timeout: java.net.SocketException: Socket closed
09-14 22:09:55.103 W/Conscrypt( 1176): 	at com.google.android.gms.org.conscrypt.Platform.setSocketWriteTimeout(:com.google.android.gms@253133032@25.31.33 (190800-795226510):204)
09-14 22:09:55.103 W/Conscrypt( 1176): 	at com.google.android.gms.org.conscrypt.ConscryptFileDescriptorSocket.setSoWriteTimeout(:com.google.android.gms@253133032@25.31.33 (190800-795226510):4)
09-14 22:09:55.103 W/ProviderHelper(13619): Unknown dynamite feature providerinstaller.dynamite
09-14 22:09:55.103 I/DynamiteModule(13619): Considering local module com.google.android.gms.providerinstaller.dynamite:1 and remote module com.google.android.gms.providerinstaller.dynamite:0
09-14 22:09:55.103 I/DynamiteModule(13619): Selected local version of com.google.android.gms.providerinstaller.dynamite
09-14 22:09:55.125 D/nativeloader(13619): Load /data/app/~~Sl8cJyIwQNJAwFN8b0T5Gw==/com.google.android.gms-jPsbaOT9rUfe5QPYk1fEMA==/base.apk!/lib/x86_64/libconscrypt_gmscore_jni.so using class loader ns clns-9 (caller=/data/app/~~Sl8cJyIwQNJAwFN8b0T5Gw==/com.google.android.gms-jPsbaOT9rUfe5QPYk1fEMA==/base.apk): ok
09-14 22:09:55.126 V/NativeCrypto(13619): Registering com/google/android/gms/org/conscrypt/NativeCrypto's 319 native methods...
09-14 22:09:55.131 I/ProviderInstaller(13619): Installed default security provider GmsCore_OpenSSL
09-14 22:09:55.151 I/GMS_MM_Logger(13619): (REDACTED) Start time: %s
09-14 22:09:55.151 I/GMS_MM_Logger(13619): Started.
09-14 22:09:55.153 D/CompatibilityChangeReporter(13619): Compat change id reported: 160794467; UID 10120; state: ENABLED
09-14 22:09:55.174 I/GmsCoreXrpcWrapper(13619): (REDACTED) Returning a channel provider with trafficStatsTag=%d trafficStatsUid=%d
09-14 22:09:55.259 W/TracingHelper(13619): No RequestContext found in the trace or trace not available. [CONTEXT service_id=259 ratelimit_count=100000 ]
09-14 22:09:55.271 I/SyncManager( 1318): (REDACTED) Executing sync(type=%s%s)
09-14 22:09:55.276 I/SyncManager( 1318): (REDACTED) Executing sync(type=%s) finished in %s
09-14 22:09:55.499 D/BoundBrokerSvc( 1176): onRebind: Intent { act=com.google.android.gms.libs.gmscorelogger.service.START dat=chimera-action:/... cmp=com.google.android.gms/.chimera.PersistentDirectBootAwareApiService }
09-14 22:09:56.246 D/EGL_emulation(13479): app_time_stats: avg=500.01ms min=499.27ms max=501.01ms count=3
09-14 22:09:56.409 I/.gms.persistent( 1176): Background concurrent mark compact GC freed 24MB AllocSpace bytes, 5(200KB) LOS objects, 47% free, 26MB/50MB, paused 439us,1.529ms total 143.123ms
09-14 22:09:56.410 W/.gms.persistent( 1176): Reducing the number of considered missed Gc histogram windows from 123 to 100
09-14 22:09:56.503 I/cn_CronetUrlRequestContext( 1176): destroyNativeStreamLocked org.chromium.net.impl.CronetBidirectionalStream@a8e07b1
09-14 22:09:57.745 D/EGL_emulation(13479): app_time_stats: avg=499.52ms min=498.90ms max=499.99ms count=3
09-14 22:09:58.746 D/EGL_emulation(13479): app_time_stats: avg=500.69ms min=499.76ms max=501.61ms count=2
09-14 22:09:59.355 E/NotificationCenter( 1219): NotificationCenter.registerListenerInternal():378 Listener mck@609b138 is already registered for notification class lnz
09-14 22:09:59.359 I/Delight5Decoder( 1219): Delight5DecoderWrapper.setKeyboardLayout():537 setKeyboardLayout()
09-14 22:09:59.373 W/TooltipLifecycleManager( 1219): TooltipLifecycleManager.dismissTooltips():153 Tooltip with id SUGGESTION_VIEW_EDU_MINI_DIALOG not found in tooltipManager.
09-14 22:09:59.383 E/NotificationCenter( 1219): NotificationCenter.registerListenerInternal():378 Listener mck@609b138 is already registered for notification class lnz
09-14 22:09:59.616 E/NotificationCenter( 1219): NotificationCenter.registerListenerInternal():378 Listener mck@609b138 is already registered for notification class lnz
09-14 22:09:59.617 W/TooltipLifecycleManager( 1219): TooltipLifecycleManager.dismissTooltips():153 Tooltip with id SUGGESTION_VIEW_EDU_MINI_DIALOG not found in tooltipManager.
09-14 22:09:59.622 E/NotificationCenter( 1219): NotificationCenter.registerListenerInternal():378 Listener mck@609b138 is already registered for notification class lnz
09-14 22:09:59.764 D/EGL_emulation(13479): app_time_stats: avg=254.47ms min=134.81ms max=500.33ms count=4
09-14 22:09:59.887 E/NotificationCenter( 1219): NotificationCenter.registerListenerInternal():378 Listener mck@609b138 is already registered for notification class lnz
09-14 22:09:59.889 W/TooltipLifecycleManager( 1219): TooltipLifecycleManager.dismissTooltips():153 Tooltip with id SUGGESTION_VIEW_EDU_MINI_DIALOG not found in tooltipManager.
09-14 22:09:59.897 E/NotificationCenter( 1219): NotificationCenter.registerListenerInternal():378 Listener mck@609b138 is already registered for notification class lnz
09-14 22:10:00.032 I/AiAiEcho( 1286): Predicting[0]: 
09-14 22:10:00.032 D/EGL_emulation(  748): app_time_stats: avg=14898.24ms min=14898.24ms max=14898.24ms count=1
09-14 22:10:00.032 I/AiAiEcho( 1286): Ranked targets strategy: SORT, count: 0, ranking metadata: 
09-14 22:10:00.032 I/AiAiEcho( 1286): #postPredictionTargets: Sending updates to UISurface lockscreen with targets# 0
09-14 22:10:00.032 I/AiAiEcho( 1286): #postPredictionTargets: Sending updates to UISurface home with targets# 0
09-14 22:10:00.034 I/AiAiEcho( 1286): #postPredictionTargets: Sending updates to UISurface media_data_manager with targets# 0
09-14 22:10:00.047 D/SsMediaDataProvider(  748): Forwarding Smartspace updates []
09-14 22:10:00.060 I/.gms.persistent( 1176): oneway function results for code 1 on binder at 0x728ad88cc730 will be dropped but finished with status UNKNOWN_TRANSACTION and reply parcel size 80
09-14 22:10:00.224 E/NotificationCenter( 1219): NotificationCenter.registerListenerInternal():378 Listener mck@609b138 is already registered for notification class lnz
09-14 22:10:00.227 W/TooltipLifecycleManager( 1219): TooltipLifecycleManager.dismissTooltips():153 Tooltip with id SUGGESTION_VIEW_EDU_MINI_DIALOG not found in tooltipManager.
09-14 22:10:00.230 E/NotificationCenter( 1219): NotificationCenter.registerListenerInternal():378 Listener mck@609b138 is already registered for notification class lnz
09-14 22:10:00.829 D/EGL_emulation(13479): app_time_stats: avg=212.91ms min=67.70ms max=516.22ms count=5
09-14 22:10:02.328 D/EGL_emulation(13479): app_time_stats: avg=499.65ms min=498.87ms max=500.61ms count=3
09-14 22:10:03.211 W/PresentationStatsEventLogger(  533): Shouldn't be logging AutofillPresentationEventReported again for same event
09-14 22:10:03.212 I/GoogleInputMethodService( 1219): GoogleInputMethodService.onFinishInputView():1540 onFinishInputView(true)
09-14 22:10:03.212 I/GlobeKeyExtension( 1219): GlobeKeyExtension.onDeactivate():144 
09-14 22:10:03.216 D/InputMethodManager(13479): showSoftInput() view=com.facebook.react.views.textinput.ReactEditText{fcc1068 VFED..CL. .F....ID 0,0-860,105 #1d3 aid=1073741828} flags=0 reason=SHOW_SOFT_INPUT
09-14 22:10:03.216 I/VoiceInputManagerWrapper( 1219): VoiceInputManagerWrapper.shutdown():131 shutdown()
09-14 22:10:03.217 I/HardKeyTracker( 1219): HardKeyTracker.unregisterKeySequence():221 Unregister key sequence ndp{labelResId=2132020465, callback=gbl@a87350d, lastModifier=2, keyCodes=[62], actions=[0]}
09-14 22:10:03.217 W/ExtensionWrapper( 1219): ExtensionWrapper.setAllowUpdateNavigationBarStyle():818 class jpb is not activate
09-14 22:10:03.220 W/ExtensionWrapper( 1219): ExtensionWrapper.setAllowUpdateNavigationBarStyle():818 class jpb is not activate
09-14 22:10:03.223 W/RemoteInputConnectionImpl(13479): requestCursorAnchorInfo on inactive InputConnection
09-14 22:10:03.227 W/TooltipLifecycleManager( 1219): TooltipLifecycleManager.dismissTooltips():153 Tooltip with id spell_check_add_to_dictionary not found in tooltipManager.
09-14 22:10:03.228 I/InputBundle( 1219): InputBundle.consumeEvent():1005 Skip consuming an event as keyboard status is 0
09-14 22:10:03.229 I/AndroidIME( 1219): AbstractIme.onDeactivate():216 LatinIme.onDeactivate()
09-14 22:10:03.231 W/ModuleManager( 1219): ModuleManager.loadModule():567 Module nyz is not available
09-14 22:10:03.237 I/GoogleInputMethodService( 1219): GoogleInputMethodService.onFinishInput():2054 
09-14 22:10:03.238 I/Module  ( 1219): DeviceLockedStatusModuleProvider$Module.updateDeviceLockedStatus():100 repeatCheckTimes = 0, locked = false
09-14 22:10:03.241 W/TooltipLifecycleManager( 1219): TooltipLifecycleManager.dismissTooltips():153 Tooltip with id SUGGESTION_VIEW_EDU_MINI_DIALOG not found in tooltipManager.
09-14 22:10:03.243 I/GoogleInputMethodService( 1219): GoogleInputMethodService.onStartInput():1315 onStartInput(EditorInfo{EditorInfo{packageName=com.app.uprise.debug, inputType=80001, inputTypeString=Normal[NoSuggestion], enableLearning=true, autoCorrection=true, autoComplete=true, imeOptions=c000006, privateImeOptions=null, actionName=DONE, actionLabel=null, initialSelStart=0, initialSelEnd=0, initialCapsMode=0, label=null, fieldId=467, fieldName=null, extras=null, hintText=non-empty, hintLocales=[]}}, false)
09-14 22:10:03.245 I/Module  ( 1219): DeviceLockedStatusModuleProvider$Module.updateDeviceLockedStatus():100 repeatCheckTimes = 1, locked = false
09-14 22:10:03.247 I/OnDeviceWmrCalculator( 1219): OnDeviceWmrCalculator.calculateWmr():94 WMR: 0.0000 (0 / 1)
09-14 22:10:03.248 I/GoogleInputMethodService( 1219): GoogleInputMethodService.onStartInputView():1408 onStartInputView(EditorInfo{EditorInfo{packageName=com.app.uprise.debug, inputType=80001, inputTypeString=Normal[NoSuggestion], enableLearning=true, autoCorrection=true, autoComplete=true, imeOptions=c000006, privateImeOptions=null, actionName=DONE, actionLabel=null, initialSelStart=0, initialSelEnd=0, initialCapsMode=0, label=null, fieldId=467, fieldName=null, extras=null, hintText=non-empty, hintLocales=[]}}, false)
09-14 22:10:03.248 D/CoreBackPreview(  533): Window{3918f81 u0 com.app.uprise.debug/com.app.uprise.MainActivity}: Setting back callback OnBackInvokedCallbackInfo{mCallback=android.window.IOnBackInvokedCallback$Stub$Proxy@5b2b509, mPriority=0}
09-14 22:10:03.249 W/ModuleManager( 1219): ModuleManager.loadModule():567 Module nfr is not available
09-14 22:10:03.249 I/KeyboardHeightUtil( 1219): KeyboardHeightUtil.getOemKeyboardHeightRatio():108 systemKeyboardHeightRatio:1.000000.
09-14 22:10:03.250 D/AudioFlinger(  346): mixer(0x778295a989a0) throttle end: throttle time(33)
09-14 22:10:03.252 I/AndroidIME( 1219): InputBundleManager.loadActiveInputBundleId():528 loadActiveInputBundleId: en-US, ime_english_united_states
09-14 22:10:03.253 I/AndroidIME( 1219): AbstractIme.onActivate():96 LatinIme.onActivate() : EditorInfo = EditorInfo{packageName=com.app.uprise.debug, inputType=80001, inputTypeString=Normal[NoSuggestion], enableLearning=true, autoCorrection=true, autoComplete=true, imeOptions=c000006, privateImeOptions=null, actionName=DONE, actionLabel=null, initialSelStart=0, initialSelEnd=0, initialCapsMode=0, label=null, fieldId=467, fieldName=null, extras=null, hintText=non-empty, hintLocales=[]}, IncognitoMode = false, DeviceLocked = false
09-14 22:10:03.255 I/InputBundle( 1219): InputBundle.consumeEvent():1005 Skip consuming an event as keyboard status is 0
09-14 22:10:03.255 I/Delight5Facilitator( 1219): Delight5Facilitator.initializeForIme():731 initializeForIme() : Locale = [en_US], layout = qwerty
09-14 22:10:03.257 I/LatinIme( 1219): LatinIme.updateEnableInlineSuggestionsOnDecoderSideFlags():1241 inline flag updated to:false
09-14 22:10:03.259 I/LatinIme( 1219): LatinIme.updateEnableInlineSuggestionsOnDecoderSideFlags():1241 inline flag updated to:false
09-14 22:10:03.263 I/InputBundle( 1219): InputBundle.consumeEvent():1005 Skip consuming an event as keyboard status is 0
09-14 22:10:03.264 W/Parcel  (  533): Expecting binder but got null!
09-14 22:10:03.264 I/LatinIme( 1219): LatinIme.resetInputContext():2249 resetInputContext(): reason=1, externalEditsInfo=ExternalEditsInfo{action=0, offset=-1, text=null, originalText=null, edits=null}
09-14 22:10:03.266 I/InputBundle( 1219): InputBundle.consumeEvent():1005 Skip consuming an event as keyboard status is 0
09-14 22:10:03.268 I/KeyboardWrapper( 1219): KeyboardWrapper.activateKeyboard():580 activateKeyboard(): type=accessory, status=0, imeDef=mib{stringId=ime_english_united_states, language=en-US, languageTag=en-US, processedConditions={writing_helper_enable_by_word_revert=false, true=true, enable_number_row=false, device=phone, enable_pk_simulator=false}, className=com.google.android.apps.inputmethod.libs.latin5.LatinIme, label=0, keyEventInterpreter=null, inlineComposing=true, autoCapital=true, announceAutoSelectedCandidate=true, statusIcon=0, indicatorIcon=0, indicatorLabel=US, displayAppCompletions=true, extraValues=mhu{#0x7f0b02c9=TypedValue{t=0x3/d=0x0 "com.google.android.apps.inputmethod.libs.latin5.LatinIme"}}, processors=mjs@513e038, unacceptableMetaKeys=4098, languageSpecificSettings=0, asciiCapable=true, alwaysShowSuggestions=false, useAsciiPasswordKeyboard=false, keyboardGroupDef=mjb@2383a62, phenotypeFlagId=0, localizationLanguageTag=null, supportsInlineSuggestion=true}
09-14 22:10:03.268 I/KeyboardManager( 1219): KeyboardManager.requestKeyboard():248 Creating keyboard accessory, imeId=ime_english_united_states, cacheKey=theme,!gsf,!pgsans,!pgsf,!use_system_font,BORDER,FLAVOR_DPI=XXHDPI,GOOGLE_ICONS,IS_LIGHT,KEYBOARD_WIDTH_CATEGORY=NORMAL,KEY_BORDER_SHAPE=1,LIGHT_THEME=true,PHYSICAL_DIAGONAL=5.9809904,POPUP,SCREEN_SHORTEST_WIDTH=411,SCREEN_SHORTEST_WIDTH_NO_SCALE=411,SW400DP,XXHDPI,bottom4dp,enable_google_fonts_icons=true,enable_popup_on_keypress=true,keyboard_redesign_google_sans=true,noshadow,overlay_builtin_dynamic_color_light_base.binarypb:gm3-light-fff6faff-ff00668b-56f817bf6f42ccf90a80ef5515de5bdc,silkpopup
09-14 22:10:03.268 I/KeyboardWrapper( 1219): KeyboardWrapper.onKeyboardReady():223 onKeyboardReady(): type=accessory(accessory), kb=com.google.android.libraries.inputmethod.keyboard.impl.Keyboard@29f35a3
09-14 22:10:03.268 I/KeyboardWrapper( 1219): KeyboardWrapper.doActivateKeyboard():610 doActivateKeyboard(): accessory
09-14 22:10:03.268 W/Keyboard( 1219): Keyboard.getKeyboardViewHelper():591 null helper is returned: keyboardDef=miv{processedConditions={}, globalConditions={}, className=com.google.android.libraries.inputmethod.keyboard.impl.Keyboard, resourceIds=[#0x7f17004d], initialStates=0, keyboardViewDefs=[], persistentStates=0, persistentStatesPrefKey=null, popupBubbleLayoutId=0, recentKeyLayoutId=0, recentKeyPopupLayoutId=0, recentKeyType=null, rememberRecentKey=NONE, sessionStates=0}, type=HEADER, helpersCreated=[null, null, null, null], context.getResources().getConfiguration(): {1.0 310mcc260mnc [en_US] ldltr sw411dp w411dp h840dp 420dpi nrml long port finger qwerty/v/v dpad/v winConfig={ mBounds=Rect(0, 0 - 1080, 2400) mAppBounds=Rect(0, 132 - 1080, 2337) mMaxBounds=Rect(0, 0 - 1080, 2400) mDisplayRotation=ROTATION_0 mWindowingMode=fullscreen mDisplayWindowingMode=fullscreen mActivityType=undefined mAlwaysOnTop=undefined mRotation=ROTATION_0} as.3 s.72 fontWeightAdjustment=0}
09-14 22:10:03.268 W/Keyboard( 1219): Keyboard.getKeyboardViewHelper():591 null helper is returned: keyboardDef=miv{processedConditions={}, globalConditions={}, className=com.google.android.libraries.inputmethod.keyboard.impl.Keyboard, resourceIds=[#0x7f17004d], initialStates=0, keyboardViewDefs=[], persistentStates=0, persistentStatesPrefKey=null, popupBubbleLayoutId=0, recentKeyLayoutId=0, recentKeyPopupLayoutId=0, recentKeyType=null, rememberRecentKey=NONE, sessionStates=0}, type=BODY, helpersCreated=[null, null, null, null], context.getResources().getConfiguration(): {1.0 310mcc260mnc [en_US] ldltr sw411dp w411dp h840dp 420dpi nrml long port finger qwerty/v/v dpad/v winConfig={ mBounds=Rect(0, 0 - 1080, 2400) mAppBounds=Rect(0, 132 - 1080, 2337) mMaxBounds=Rect(0, 0 - 1080, 2400) mDisplayRotation=ROTATION_0 mWindowingMode=fullscreen mDisplayWindowingMode=fullscreen mActivityType=undefined mAlwaysOnTop=undefined mRotation=ROTATION_0} as.3 s.72 fontWeightAdjustment=0}
09-14 22:10:03.268 I/GlobeKeyExtension( 1219): GlobeKeyExtension.getKeyboardInitialStates():175 
09-14 22:10:03.269 W/Keyboard( 1219): Keyboard.getKeyboardViewHelper():591 null helper is returned: keyboardDef=miv{processedConditions={}, globalConditions={}, className=com.google.android.libraries.inputmethod.keyboard.impl.Keyboard, resourceIds=[#0x7f17004d], initialStates=0, keyboardViewDefs=[], persistentStates=0, persistentStatesPrefKey=null, popupBubbleLayoutId=0, recentKeyLayoutId=0, recentKeyPopupLayoutId=0, recentKeyType=null, rememberRecentKey=NONE, sessionStates=0}, type=HEADER, helpersCreated=[null, null, null, null], context.getResources().getConfiguration(): {1.0 310mcc260mnc [en_US] ldltr sw411dp w411dp h840dp 420dpi nrml long port finger qwerty/v/v dpad/v winConfig={ mBounds=Rect(0, 0 - 1080, 2400) mAppBounds=Rect(0, 132 - 1080, 2337) mMaxBounds=Rect(0, 0 - 1080, 2400) mDisplayRotation=ROTATION_0 mWindowingMode=fullscreen mDisplayWindowingMode=fullscreen mActivityType=undefined mAlwaysOnTop=undefined mRotation=ROTATION_0} as.3 s.72 fontWeightAdjustment=0}
09-14 22:10:03.269 W/Keyboard( 1219): Keyboard.getKeyboardViewHelper():591 null helper is returned: keyboardDef=miv{processedConditions={}, globalConditions={}, className=com.google.android.libraries.inputmethod.keyboard.impl.Keyboard, resourceIds=[#0x7f17004d], initialStates=0, keyboardViewDefs=[], persistentStates=0, persistentStatesPrefKey=null, popupBubbleLayoutId=0, recentKeyLayoutId=0, recentKeyPopupLayoutId=0, recentKeyType=null, rememberRecentKey=NONE, sessionStates=0}, type=BODY, helpersCreated=[null, null, null, null], context.getResources().getConfiguration(): {1.0 310mcc260mnc [en_US] ldltr sw411dp w411dp h840dp 420dpi nrml long port finger qwerty/v/v dpad/v winConfig={ mBounds=Rect(0, 0 - 1080, 2400) mAppBounds=Rect(0, 132 - 1080, 2337) mMaxBounds=Rect(0, 0 - 1080, 2400) mDisplayRotation=ROTATION_0 mWindowingMode=fullscreen mDisplayWindowingMode=fullscreen mActivityType=undefined mAlwaysOnTop=undefined mRotation=ROTATION_0} as.3 s.72 fontWeightAdjustment=0}
09-14 22:10:03.269 W/Keyboard( 1219): Keyboard.getKeyboardViewHelper():591 null helper is returned: keyboardDef=miv{processedConditions={}, globalConditions={}, className=com.google.android.libraries.inputmethod.keyboard.impl.Keyboard, resourceIds=[#0x7f17004d], initialStates=0, keyboardViewDefs=[], persistentStates=0, persistentStatesPrefKey=null, popupBubbleLayoutId=0, recentKeyLayoutId=0, recentKeyPopupLayoutId=0, recentKeyType=null, rememberRecentKey=NONE, sessionStates=0}, type=FLOATING_CANDIDATES, helpersCreated=[null, null, null, null], context.getResources().getConfiguration(): {1.0 310mcc260mnc [en_US] ldltr sw411dp w411dp h840dp 420dpi nrml long port finger qwerty/v/v dpad/v winConfig={ mBounds=Rect(0, 0 - 1080, 2400) mAppBounds=Rect(0, 132 - 1080, 2337) mMaxBounds=Rect(0, 0 - 1080, 2400) mDisplayRotation=ROTATION_0 mWindowingMode=fullscreen mDisplayWindowingMode=fullscreen mActivityType=undefined mAlwaysOnTop=undefined mRotation=ROTATION_0} as.3 s.72 fontWeightAdjustment=0}
09-14 22:10:03.269 W/Keyboard( 1219): Keyboard.getKeyboardViewHelper():591 null helper is returned: keyboardDef=miv{processedConditions={}, globalConditions={}, className=com.google.android.libraries.inputmethod.keyboard.impl.Keyboard, resourceIds=[#0x7f17004d], initialStates=0, keyboardViewDefs=[], persistentStates=0, persistentStatesPrefKey=null, popupBubbleLayoutId=0, recentKeyLayoutId=0, recentKeyPopupLayoutId=0, recentKeyType=null, rememberRecentKey=NONE, sessionStates=0}, type=WIDGET, helpersCreated=[null, null, null, null], context.getResources().getConfiguration(): {1.0 310mcc260mnc [en_US] ldltr sw411dp w411dp h840dp 420dpi nrml long port finger qwerty/v/v dpad/v winConfig={ mBounds=Rect(0, 0 - 1080, 2400) mAppBounds=Rect(0, 132 - 1080, 2337) mMaxBounds=Rect(0, 0 - 1080, 2400) mDisplayRotation=ROTATION_0 mWindowingMode=fullscreen mDisplayWindowingMode=fullscreen mActivityType=undefined mAlwaysOnTop=undefined mRotation=ROTATION_0} as.3 s.72 fontWeightAdjustment=0}
09-14 22:10:03.270 I/KeyboardManager( 1219): KeyboardManager.requestKeyboard():248 Creating keyboard accessory_candidates_consumer, imeId=ime_english_united_states, cacheKey=theme,!gsf,!pgsans,!pgsf,!use_system_font,BORDER,FLAVOR_DPI=XXHDPI,GOOGLE_ICONS,IS_LIGHT,KEYBOARD_WIDTH_CATEGORY=NORMAL,KEY_BORDER_SHAPE=1,LIGHT_THEME=true,PHYSICAL_DIAGONAL=5.9809904,POPUP,SCREEN_SHORTEST_WIDTH=411,SCREEN_SHORTEST_WIDTH_NO_SCALE=411,SW400DP,XXHDPI,bottom4dp,enable_google_fonts_icons=true,enable_popup_on_keypress=true,keyboard_redesign_google_sans=true,noshadow,overlay_builtin_dynamic_color_light_base.binarypb:gm3-light-fff6faff-ff00668b-56f817bf6f42ccf90a80ef5515de5bdc,silkpopup
09-14 22:10:03.270 I/GlobeKeyExtension( 1219): GlobeKeyExtension.getKeyboardInitialStates():175 
09-14 22:10:03.270 W/Keyboard( 1219): Keyboard.getKeyboardViewHelper():591 null helper is returned: keyboardDef=miv{processedConditions={}, globalConditions={global_theme_key=theme,!gsf,!pgsans,!pgsf,!use_system_font,BORDER,FLAVOR_DPI=XXHDPI,GOOGLE_ICONS,IS_LIGHT,KEYBOARD_WIDTH_CATEGORY=NORMAL,KEY_BORDER_SHAPE=1,LIGHT_THEME=true,PHYSICAL_DIAGONAL=5.9809904,POPUP,SCREEN_SHORTEST_WIDTH=411,SCREEN_SHORTEST_WIDTH_NO_SCALE=411,SW400DP,XXHDPI,bottom4dp,enable_google_fonts_icons=true,enable_popup_on_keypress=true,keyboard_redesign_google_sans=true,noshadow,overlay_builtin_dynamic_color_light_base.binarypb:gm3-light-fff6faff-ff00668b-56f817bf6f42ccf90a80ef5515de5bdc,silkpopup, global_locale=en_US, global_density_dpi=420, global_orientation=1}, className=.latin.keyboard.AccessoryKeyboard, resourceIds=[#0x7f17004c], initialStates=0, keyboardViewDefs=[mjj{direction=null, id=#0x7f0b020d, isScalable=false, layoutId=#0x7f0e0032, type=FLOATING_CANDIDATES, touchable=true, defaultShow=false}], persistentStates=0, persistentStatesPrefKey=null, popupBubbleLayoutId=#0x7f0e05ed, recentKeyLayoutId=0, recentKeyPopupLayoutId=0, recentKeyType=null, rememberRecentKey=NONE, sessionStates=0}, type=HEADER, helpersCreated=[null, null, lvj@86dd0f9, null], context.getResources().getConfiguration(): {1.0 310mcc260mnc [en_US] ldltr sw411dp w411dp h840dp 420dpi nrml long port finger qwerty/v/v dpad/v winConfig={ mBounds=Rect(0, 0 - 1080, 2400) mAppBounds=Rect(0, 132 - 1080, 2337) mMaxBounds=Rect(0, 0 - 1080, 2400) mDisplayRotation=ROTATION_0 mWindowingMode=fullscreen mDisplayWindowingMode=fullscreen mActivityType=undefined mAlwaysOnTop=undefined mRotation=ROTATION_0} as.3 s.72 fontWeightAdjustment=0}
09-14 22:10:03.271 W/Keyboard( 1219): Keyboard.getKeyboardViewHelper():591 null helper is returned: keyboardDef=miv{processedConditions={}, globalConditions={global_theme_key=theme,!gsf,!pgsans,!pgsf,!use_system_font,BORDER,FLAVOR_DPI=XXHDPI,GOOGLE_ICONS,IS_LIGHT,KEYBOARD_WIDTH_CATEGORY=NORMAL,KEY_BORDER_SHAPE=1,LIGHT_THEME=true,PHYSICAL_DIAGONAL=5.9809904,POPUP,SCREEN_SHORTEST_WIDTH=411,SCREEN_SHORTEST_WIDTH_NO_SCALE=411,SW400DP,XXHDPI,bottom4dp,enable_google_fonts_icons=true,enable_popup_on_keypress=true,keyboard_redesign_google_sans=true,noshadow,overlay_builtin_dynamic_color_light_base.binarypb:gm3-light-fff6faff-ff00668b-56f817bf6f42ccf90a80ef5515de5bdc,silkpopup, global_locale=en_US, global_density_dpi=420, global_orientation=1}, className=.latin.keyboard.AccessoryKeyboard, resourceIds=[#0x7f17004c], initialStates=0, keyboardViewDefs=[mjj{direction=null, id=#0x7f0b020d, isScalable=false, layoutId=#0x7f0e0032, type=FLOATING_CANDIDATES, touchable=true, defaultShow=false}], persistentStates=0, persistentStatesPrefKey=null, popupBubbleLayoutId=#0x7f0e05ed, recentKeyLayoutId=0, recentKeyPopupLayoutId=0, recentKeyType=null, rememberRecentKey=NONE, sessionStates=0}, type=BODY, helpersCreated=[null, null, lvj@86dd0f9, null], context.getResources().getConfiguration(): {1.0 310mcc260mnc [en_US] ldltr sw411dp w411dp h840dp 420dpi nrml long port finger qwerty/v/v dpad/v winConfig={ mBounds=Rect(0, 0 - 1080, 2400) mAppBounds=Rect(0, 132 - 1080, 2337) mMaxBounds=Rect(0, 0 - 1080, 2400) mDisplayRotation=ROTATION_0 mWindowingMode=fullscreen mDisplayWindowingMode=fullscreen mActivityType=undefined mAlwaysOnTop=undefined mRotation=ROTATION_0} as.3 s.72 fontWeightAdjustment=0}
09-14 22:10:03.273 I/AndroidIME( 1219): InputBundleManager.startInput():358 startInput() with mjf[keyboardType=accessory, payload=null]
09-14 22:10:03.273 I/GlobeKeyExtension( 1219): GlobeKeyExtension.onActivate():120 
09-14 22:10:03.274 I/Delight5Decoder( 1219): Delight5DecoderWrapper.setKeyboardLayout():537 setKeyboardLayout()
09-14 22:10:03.278 W/AutoPasteSuggestionHelper( 1219): AutoPasteSuggestionHelper.setMaxWidthOfChipTextView():1066 Failed to get the width of the proactive suggestion view holder in HEADER.
09-14 22:10:03.280 W/AutoPasteSuggestionHelper( 1219): AutoPasteSuggestionHelper.setMaxWidthOfChipTextView():1066 Failed to get the width of the proactive suggestion view holder in HEADER.
09-14 22:10:03.281 D/CoreBackPreview(  533): Window{3d365e6 u0 Autofill UI}: Setting back callback OnBackInvokedCallbackInfo{mCallback=android.window.WindowOnBackInvokedDispatcher$OnBackInvokedCallbackWrapper@3588ec3, mPriority=0}
09-14 22:10:03.283 W/AutoPasteSuggestionHelper( 1219): AutoPasteSuggestionHelper.setMaxWidthOfChipTextView():1066 Failed to get the width of the proactive suggestion view holder in WIDGET.
09-14 22:10:03.284 I/ProactiveSuggestionsHolderManager( 1219): ProactiveSuggestionsHolderManager$2.display():216 Requesting to show proactive suggestions: CLIPBOARD PREEMPTIVE_WITH_SUPPRESSION in HEADER
09-14 22:10:03.284 I/ProactiveSuggestionsHolderManager( 1219): ProactiveSuggestionsHolderManager$2.display():228 suggestions CLIPBOARD are pending to show on HEADER
09-14 22:10:03.284 I/ProactiveSuggestionsHolderManager( 1219): ProactiveSuggestionsHolderManager$2.display():216 Requesting to show proactive suggestions: CLIPBOARD PREEMPTIVE_WITH_SUPPRESSION in WIDGET
09-14 22:10:03.284 I/ProactiveSuggestionsHolderManager( 1219): ProactiveSuggestionsHolderManager$2.display():228 suggestions CLIPBOARD are pending to show on WIDGET
09-14 22:10:03.289 I/VoiceInputManagerWrapper( 1219): VoiceInputManagerWrapper.cancelShutdown():109 cancelShutdown()
09-14 22:10:03.289 I/VoiceInputManagerWrapper( 1219): VoiceInputManagerWrapper.syncLanguagePacks():121 syncLanguagePacks()
09-14 22:10:03.289 I/VoiceInputManager( 1219): VoiceInputManager.onKeyboardActivated():1120 onKeyboardActivated() [UD]
09-14 22:10:03.290 I/SpeechFactory( 1219): SpeechRecognitionFactory.maybeScheduleAutoPackDownloadForFallback():217 maybeScheduleAutoPackDownloadForFallback()
09-14 22:10:03.291 I/FallbackOnDeviceRecognitionProvider( 1219): FallbackOnDeviceRecognitionProvider.maybeScheduleAutoPackDownload():200 maybeScheduleAutoPackDownload() for language tag en-US
09-14 22:10:03.291 I/PkModeUpdater( 1219): PkModeUpdater.onActivate():74 onActivate true true
09-14 22:10:03.292 I/AccessoryInputModeManager( 1219): AccessoryInputModeManager.onModeStarted():317 Accessory input mode started: PK
09-14 22:10:03.292 W/ExtensionWrapper( 1219): ExtensionWrapper.setAllowUpdateNavigationBarStyle():818 class jpb is not activate
09-14 22:10:03.292 I/WidgetViewShowingController( 1219): WidgetViewShowingController.showWidgetKeyboardInternal():527 Show companion widget
09-14 22:10:03.293 W/ExtensionWrapper( 1219): ExtensionWrapper.setAllowUpdateNavigationBarStyle():818 class jpb is not activate
09-14 22:10:03.294 I/WidgetViewShowingPositionHandler( 1219): WidgetViewShowingPositionHandler.updateAvailableArea():194 update available area Rect(21, 153 - 1059, 2270)
09-14 22:10:03.294 I/HardKeyTracker( 1219): HardKeyTracker.registerKeySequence():170 Register key sequence ndp{labelResId=2132020465, callback=gbl@33c2b1b, lastModifier=2, keyCodes=[62], actions=[0]}
09-14 22:10:03.295 I/KeyboardModeUtils( 1219): KeyboardModeUtils.getKeyboardBottomOffset():435 inch: 0.000000 ydpi: 420.000000 adjustKeyboardBottomByDisplaySize: false currentDensityDpi: 420 defaultDensityDpi: 420 keyboardBottomToScreenPx: 0 keyboardBottomToNavBarPx: -126 navBarHeight: 126
09-14 22:10:03.295 I/KeyboardHeightUtil( 1219): KeyboardHeightUtil.calculateMaxKeyboardBodyHeight():50 leave 281 height for app when ime window height:2142, header height:116 and isFullscreenMode:false, so the max keyboard body height is:1745
09-14 22:10:03.296 I/KeyboardHeightUtil( 1219): KeyboardHeightUtil.calculateMaxKeyboardBodyHeight():50 leave 281 height for app when ime window height:2142, header height:116 and isFullscreenMode:false, so the max keyboard body height is:1745
09-14 22:10:03.296 I/KeyboardHeightUtil( 1219): KeyboardHeightUtil.calculateMaxKeyboardBodyHeight():50 leave 281 height for app when ime window height:2142, header height:116 and isFullscreenMode:false, so the max keyboard body height is:1745
09-14 22:10:03.296 I/KeyboardHeightUtil( 1219): KeyboardHeightUtil.calculateMaxKeyboardBodyHeight():50 leave 281 height for app when ime window height:2142, header height:116 and isFullscreenMode:false, so the max keyboard body height is:1745
09-14 22:10:03.296 W/ExtensionWrapper( 1219): ExtensionWrapper.setExtensionViewVisibility():809 interface lyo is not activate
09-14 22:10:03.299 I/Module  ( 1219): DeviceLockedStatusModuleProvider$Module.updateDeviceLockedStatus():100 repeatCheckTimes = 1, locked = false
09-14 22:10:03.300 I/VoiceImeExtension( 1219): VoiceImeExtension.shouldStartVoiceInputAutomaticallyInCurrentInputBox():387 No private IME option set to start voice input.
09-14 22:10:03.302 I/WindowMetricsNotification( 1219): WindowMetricsNotification.notifyWithWindow():166 
