--------- beginning of system
09-14 22:09:14.875 I/ActivityManager(  533): Force stopping com.app.uprise.debug appid=10199 user=0: from pid 13445
09-14 22:09:14.878 I/ActivityManager(  533): Killing 10726:com.app.uprise.debug/u0a199 (adj 0): stop com.app.uprise.debug due to from pid 13445
09-14 22:09:14.883 W/ActivityTaskManager(  533): Force removing ActivityRecord{7f51c9b u0 com.app.uprise.debug/com.app.uprise.MainActivity} t128 f}}: app died, no saved state
--------- beginning of main
09-14 22:09:14.891 I/libprocessgroup(  533): Successfully killed process cgroup uid 10199 pid 10726 in 6ms
09-14 22:09:14.897 W/InputManager-JNI(  533): Input channel object '17db0be com.app.uprise.debug/com.app.uprise.MainActivity (client)' was disposed without first being removed with the input manager!
09-14 22:09:14.930 V/WindowManager(  533): Unknown focus tokens, dropping reportFocusChanged
09-14 22:09:14.957 D/CarrierSvcBindHelper(  920): onHandleForceStop: [com.app.uprise.debug]
09-14 22:09:14.957 D/CarrierSvcBindHelper(  920): No carrier app for: 0
09-14 22:09:14.961 I/adbd    (  429): Remote process closed the socket (on MSG_PEEK)
09-14 22:09:14.963 V/ActivityManager(  533): Got obituary of 10726:com.app.uprise.debug
09-14 22:09:14.964 D/ConnectivityService(  533): releasing NetworkRequest [ REQUEST id=436, [ Capabilities: INTERNET&NOT_RESTRICTED&TRUSTED&NOT_VCN_MANAGED Uid: 10199 RequestorUid: 10199 RequestorPkg: com.app.uprise.debug UnderlyingNetworks: Null] ] (release request)
09-14 22:09:14.965 W/ActivityManager(  533): setHasOverlayUi called on unknown pid: 10726
09-14 22:09:14.974 I/Zygote  (  301): Process 10726 exited due to signal 9 (Killed)
09-14 22:09:14.984 D/ActivityManager(  533): sync unfroze 12548 com.google.android.googlequicksearchbox:search
09-14 22:09:15.012 E/OpenGLRenderer( 1654): Unable to match the desired swap behavior.
09-14 22:09:15.016 I/ecth    (12548): Validating WorkManager process
09-14 22:09:15.018 I/ecth    (12548): (REDACTED) Processes: %s, %s, %s, %s
09-14 22:09:15.021 E/BpTransactionCompletedListener(  349): Failed to transact (-32)
09-14 22:09:15.026 D/WM-PackageManagerHelper(12548): Skipping component enablement for androidx.work.impl.background.systemjob.SystemJobService
09-14 22:09:15.027 D/WM-Schedulers(12548): Created SystemJobScheduler and enabled SystemJobService
09-14 22:09:15.033 D/WM-ForceStopRunnable(12548): Is default app process = true
09-14 22:09:15.033 D/WM-ForceStopRunnable(12548): Performing cleanup operations.
09-14 22:09:15.040 D/WM-SystemJobService(12548): onStartJob for WorkGenerationalId(workSpecId=59aaabd9-b158-4eee-9442-341aeae46b31, generation=0)
09-14 22:09:15.074 D/WM-SystemJobScheduler(12548): Reconciling jobs
09-14 22:09:15.114 E/OpenGLRenderer(  953): Unable to match the desired swap behavior.
09-14 22:09:15.145 I/bmrp    ( 1654): onStart
09-14 22:09:15.151 D/CompatibilityChangeReporter(12548): Compat change id reported: 160794467; UID 10121; state: ENABLED
09-14 22:09:15.161 D/WM-ForceStopRunnable(12548): Found unfinished work, scheduling it.
09-14 22:09:15.178 D/CompatibilityChangeReporter(12548): Compat change id reported: 194532703; UID 10121; state: ENABLED
09-14 22:09:15.178 D/WM-SystemJobScheduler(12548): Scheduling work ID cc5bb37e-1410-4297-8844-2db61ef891b9Job ID 0
09-14 22:09:15.179 D/CompatibilityChangeReporter(  533): Compat change id reported: 194532703; UID 10121; state: ENABLED
09-14 22:09:15.179 I/bkjf    ( 1654): (REDACTED) [%s] onStart()
09-14 22:09:15.180 I/bklj    ( 1654): Reloading theme data
09-14 22:09:15.187 D/WM-SystemJobScheduler(12548): Scheduling work ID 59aaabd9-b158-4eee-9442-341aeae46b31Job ID 101
09-14 22:09:15.198 I/bmrp    ( 1654): onResume
09-14 22:09:15.198 D/WM-SystemJobService(12548): onStopJob for WorkGenerationalId(workSpecId=59aaabd9-b158-4eee-9442-341aeae46b31, generation=0)
09-14 22:09:15.215 W/JobScheduler(  533): Job didn't exist in JobStore: 8b75ef2 #u0a121/101 com.google.android.googlequicksearchbox/androidx.work.impl.background.systemjob.SystemJobService
09-14 22:09:15.216 D/WM-SystemJobService(12548): onStartJob for WorkGenerationalId(workSpecId=59aaabd9-b158-4eee-9442-341aeae46b31, generation=0)
09-14 22:09:15.219 D/WM-SystemJobScheduler(12548): Scheduling work ID 724931a7-bc41-4765-833e-5259e021e171Job ID 122
09-14 22:09:15.219 D/BoundBrokerSvc( 1318): onBind: Intent { act=com.google.android.gms.inappreach.service.START dat=chimera-action:/... cmp=com.google.android.gms/.chimera.GmsApiService }
09-14 22:09:15.220 D/BoundBrokerSvc( 1318): Loading bound service for intent: Intent { act=com.google.android.gms.inappreach.service.START dat=chimera-action:/... cmp=com.google.android.gms/.chimera.GmsApiService }
09-14 22:09:15.229 D/WM-SystemJobScheduler(12548): Scheduling work ID 19dc23b0-b1bd-423f-a2b2-fe8dfa45eeb7Job ID 123
09-14 22:09:15.236 D/WM-SystemJobScheduler(12548): Scheduling work ID da75b691-2645-46a8-931a-e1aff1c9f920Job ID 124
09-14 22:09:15.247 D/WM-SystemJobScheduler(12548): Scheduling work ID 85ffb363-d4a6-4f3f-bf6b-263244c710d1Job ID 126
09-14 22:09:15.272 D/WM-GreedyScheduler(12548): Starting work for 59aaabd9-b158-4eee-9442-341aeae46b31
09-14 22:09:15.273 D/WM-GreedyScheduler(12548): Starting tracking for cc5bb37e-1410-4297-8844-2db61ef891b9
09-14 22:09:15.288 D/WM-Processor(12548): mhq: processing WorkGenerationalId(workSpecId=59aaabd9-b158-4eee-9442-341aeae46b31, generation=0)
09-14 22:09:15.293 D/WM-Processor(12548): WorkerWrapper interrupted for 59aaabd9-b158-4eee-9442-341aeae46b31
09-14 22:09:15.293 D/WM-StopWorkRunnable(12548): StopWorkRunnable for 59aaabd9-b158-4eee-9442-341aeae46b31; Processor.stopWork = true
09-14 22:09:15.300 D/WM-Processor(12548): mhq: processing WorkGenerationalId(workSpecId=59aaabd9-b158-4eee-9442-341aeae46b31, generation=0)
09-14 22:09:15.302 D/WM-Processor(12548): Work WorkGenerationalId(workSpecId=59aaabd9-b158-4eee-9442-341aeae46b31, generation=0) is already enqueued for processing
09-14 22:09:15.306 D/WM-WorkerWrapper(12548): Status for 59aaabd9-b158-4eee-9442-341aeae46b31 is ENQUEUED; not doing any work and rescheduling for later execution
09-14 22:09:15.306 D/QuickstepModelDelegate(  953): notifyAppTargetEvent action=1 launchLocation=
09-14 22:09:15.312 D/WM-Processor(12548): mhq 59aaabd9-b158-4eee-9442-341aeae46b31 executed; reschedule = true
09-14 22:09:15.313 D/WM-SystemJobService(12548): 59aaabd9-b158-4eee-9442-341aeae46b31 executed on JobScheduler
09-14 22:09:15.351 D/WM-WorkerWrapper(12548): Starting work for com.google.apps.tiktok.contrib.work.TikTokListenableWorker
09-14 22:09:15.354 D/WM-ListenableWorkerImpl(12548): Binding to com.google.android.googlequicksearchbox, com.google.android.libraries.search.integrations.tiktok.RemoteWorkerService_googleapp
09-14 22:09:15.371 I/GoogleInputMethodService( 1219): GoogleInputMethodService.onFinishInput():2054 
09-14 22:09:15.372 D/EGL_emulation(  748): app_time_stats: avg=15341.84ms min=15341.84ms max=15341.84ms count=1
09-14 22:09:15.379 W/ContentCaptureService( 1286): handleSendEvents() received empty list of events
09-14 22:09:15.385 I/Module  ( 1219): DeviceLockedStatusModuleProvider$Module.updateDeviceLockedStatus():100 repeatCheckTimes = 0, locked = false
09-14 22:09:15.388 I/GoogleInputMethodService( 1219): GoogleInputMethodService.onStartInput():1315 onStartInput(EditorInfo{EditorInfo{packageName=com.google.android.apps.nexuslauncher, inputType=0, inputTypeString=NULL, enableLearning=false, autoCorrection=false, autoComplete=false, imeOptions=0, privateImeOptions=null, actionName=UNSPECIFIED, actionLabel=null, initialSelStart=-1, initialSelEnd=-1, initialCapsMode=0, label=null, fieldId=-1, fieldName=null, extras=null, hintText=null, hintLocales=[]}}, false)
09-14 22:09:15.390 I/Module  ( 1219): DeviceLockedStatusModuleProvider$Module.updateDeviceLockedStatus():100 repeatCheckTimes = 1, locked = false
09-14 22:09:15.390 D/WM-GreedyScheduler(12548): Cancelling work ID 59aaabd9-b158-4eee-9442-341aeae46b31
09-14 22:09:15.396 D/WM-GreedyScheduler(12548): Starting tracking for cc5bb37e-1410-4297-8844-2db61ef891b9
09-14 22:09:15.401 D/WM-ConstraintTracker(12548): mlz: initial state = false
09-14 22:09:15.402 D/WM-BrdcstRcvrCnstrntTrc(12548): mlz: registering receiver
09-14 22:09:15.408 D/WM-PackageManagerHelper(12548): Skipping component enablement for androidx.work.impl.background.systemalarm.RescheduleReceiver
09-14 22:09:15.417 D/WM-GreedyScheduler(12548): Constraints not met: Cancelling work ID WorkGenerationalId(workSpecId=cc5bb37e-1410-4297-8844-2db61ef891b9, generation=0)
09-14 22:09:15.443 I/AiAiEcho( 1286): Predicting[0]: 
09-14 22:09:15.443 I/AiAiEcho( 1286): Ranked targets strategy: SORT, count: 0, ranking metadata: 
09-14 22:09:15.445 I/AiAiEcho( 1286): #postPredictionTargets: Sending updates to UISurface lockscreen with targets# 0
09-14 22:09:15.446 I/AiAiEcho( 1286): #postPredictionTargets: Sending updates to UISurface home with targets# 0
09-14 22:09:15.446 I/AiAiEcho( 1286): #postPredictionTargets: Sending updates to UISurface media_data_manager with targets# 0
09-14 22:09:15.461 D/EGL_emulation(  748): app_time_stats: avg=185737.45ms min=16.06ms max=2599863.75ms count=14
09-14 22:09:15.473 I/WM-RemoteWorkerService( 1654): Binding to RemoteWorkerService
09-14 22:09:15.483 D/SsMediaDataProvider(  748): Forwarding Smartspace updates []
09-14 22:09:15.488 D/WM-ListenableWorkerImpl(12548): Service connected
09-14 22:09:15.502 D/WM-ListenableWorkerImpl( 1654): Executing work request (59aaabd9-b158-4eee-9442-341aeae46b31, com.google.apps.tiktok.contrib.work.TikTokListenableWorker)
09-14 22:09:15.825 D/AndroidRuntime(13454): >>>>>> START com.android.internal.os.RuntimeInit uid 2000 <<<<<<
09-14 22:09:15.864 E/ecoh    ( 1654): (REDACTED) Future Monitor failed
09-14 22:09:15.864 E/ecoh    ( 1654): java.lang.IllegalArgumentException
09-14 22:09:15.864 E/ecoh    ( 1654): 	at a.aY(PG:6)
09-14 22:09:15.864 E/ecoh    ( 1654): 	at ects.h(PG:13)
09-14 22:09:15.864 E/ecoh    ( 1654): 	at ectl.apply(PG:12)
09-14 22:09:15.864 E/ecoh    ( 1654): 	at emoq.d(PG:3)
09-14 22:09:15.864 E/ecoh    ( 1654): 	at emor.run(PG:38)
09-14 22:09:15.864 E/ecoh    ( 1654): 	at ckac.run(PG:5)
09-14 22:09:15.864 E/ecoh    ( 1654): 	at elno.run(PG:44)
09-14 22:09:15.864 E/ecoh    ( 1654): 	at cjzo.run(PG:83)
09-14 22:09:15.864 E/ecoh    ( 1654): 	at java.lang.Thread.run(Thread.java:1119)
09-14 22:09:15.864 E/ecoh    ( 1654): 	at ckbg.run(PG:62)
09-14 22:09:15.869 D/RemoteListenableDelegatingWorker(12548): Cleaning up
09-14 22:09:15.873 I/WM-WorkerWrapper(12548): Worker result SUCCESS for Work [ id=59aaabd9-b158-4eee-9442-341aeae46b31, tags={ com.google.apps.tiktok.contrib.work.TikTokListenableWorker,TikTokWorker#com.google.android.libraries.search.suggest.sources.completeserver.CompleteServerZeroPrefixWorker,tiktok_account_work,account_id_3 } ]
09-14 22:09:15.879 D/WM-Processor(12548): mhq 59aaabd9-b158-4eee-9442-341aeae46b31 executed; reschedule = false
09-14 22:09:15.882 D/WM-GreedyScheduler(12548): Cancelling work ID 59aaabd9-b158-4eee-9442-341aeae46b31
09-14 22:09:15.887 I/app_process(13454): MMAP_TRYLOCK is not supported in uffd addr:0x7c74ee59e000 page-size:4096
09-14 22:09:15.888 I/AndroidRuntime(13454): Using default boot image
09-14 22:09:15.888 I/AndroidRuntime(13454): Leaving lock profiling enabled
09-14 22:09:15.898 D/WM-SystemJobScheduler(12548): Scheduling work ID 59aaabd9-b158-4eee-9442-341aeae46b31Job ID 127
09-14 22:09:15.906 D/WM-GreedyScheduler(12548): Starting tracking for cc5bb37e-1410-4297-8844-2db61ef891b9
09-14 22:09:15.914 I/app_process(13454): Using CollectorTypeCMC GC.
09-14 22:09:15.963 I/AppSearchIcing(  533): icing-search-engine.cc:2210: Optimizing icing storage
09-14 22:09:15.963 V/ClearcutMetricXmitter(12548): Transmission is done.
09-14 22:09:16.112 I/AppSearchIcing(  533): document-store.cc:396: Starting Document Store Recovery with cause=0, and create result { new_file=1, preeisting_file_version=1, data_loss=0} and kCurrentVersion=1
09-14 22:09:16.155 D/nativeloader(13454): InitDefaultPublicLibraries for_preload=1: libandroid.so:libaaudio.so:libamidi.so:libbinder_ndk.so:libc.so:libcamera2ndk.so:libdl.so:libEGL.so:libGLESv1_CM.so:libGLESv2.so:libGLESv3.so:libicu.so:libicui18n.so:libicuuc.so:libjnigraphics.so:liblog.so:libmediandk.so:libm.so:libnativehelper.so:libnativewindow.so:libOpenMAXAL.so:libOpenSLES.so:libRS.so:libstdc++.so:libsync.so:libvulkan.so:libwebviewchromium_plat_support.so:libz.so
09-14 22:09:16.216 D/nativeloader(13454): Load libicu_jni.so using APEX ns com_android_art for caller /apex/com.android.art/javalib/core-oj.jar: ok
09-14 22:09:16.216 D/app_process(13454): Time zone APEX ICU file found: /apex/com.android.tzdata/etc/icu/icu_tzdata.dat
09-14 22:09:16.216 D/app_process(13454): I18n APEX ICU file found: /apex/com.android.i18n/etc/icu/icudt70l.dat
09-14 22:09:16.232 D/nativeloader(13454): Load libjavacore.so using APEX ns com_android_art for caller /apex/com.android.art/javalib/core-oj.jar: ok
09-14 22:09:16.258 D/nativeloader(13454): Load libopenjdk.so using APEX ns com_android_art for caller /apex/com.android.art/javalib/core-oj.jar: ok
09-14 22:09:16.260 W/app_process(13454): Unexpected CPU variant for x86: x86_64.
09-14 22:09:16.260 W/app_process(13454): Known variants: atom, sandybridge, silvermont, goldmont, goldmont-plus, goldmont-without-sha-xsaves, tremont, kabylake, alderlake, default
09-14 22:09:16.403 D/nativeloader(13454): Load libframework-connectivity-tiramisu-jni.so using APEX ns com_android_tethering for caller /apex/com.android.tethering/javalib/framework-connectivity-t.jar: ok
09-14 22:09:16.404 D/AndroidRuntime(13454): Calling main entry com.android.commands.monkey.Monkey
09-14 22:09:16.410 W/Monkey  (13454): args: [-p, com.app.uprise.debug, -c, android.intent.category.LAUNCHER, 1]
09-14 22:09:16.412 W/Monkey  (13454):  arg: "-p"
09-14 22:09:16.413 W/Monkey  (13454):  arg: "com.app.uprise.debug"
09-14 22:09:16.415 W/Monkey  (13454):  arg: "-c"
09-14 22:09:16.417 W/Monkey  (13454):  arg: "android.intent.category.LAUNCHER"
09-14 22:09:16.417 W/Monkey  (13454):  arg: "1"
09-14 22:09:16.417 W/Monkey  (13454): data="com.app.uprise.debug"
09-14 22:09:16.418 W/Monkey  (13454): data="android.intent.category.LAUNCHER"
09-14 22:09:16.443 I/AppSearchIcing(  533): icing-search-engine.cc:3318: Resetting result state manager due to optimize. All existing result states will be invalidated.
09-14 22:09:16.462 D/EGL_emulation(  748): app_time_stats: avg=5.51ms min=0.83ms max=26.41ms count=60
09-14 22:09:16.506 W/BroadcastQueue(  533): Skipping deliver [background] BroadcastRecord{391bd9f u-1 android.net.conn.CONNECTIVITY_CHANGE} to ReceiverList{4ce5eec 13454 (unknown name)/2000/u-1 remote:92cdff9}: process gone or crashing
09-14 22:09:16.531 D/CompatibilityChangeReporter(  533): Compat change id reported: 161252188; UID 10199; state: DISABLED
09-14 22:09:16.533 I/ActivityTaskManager(  533): START u0 {act=android.intent.action.MAIN cat=[android.intent.category.LAUNCHER] flg=0x10200000 cmp=com.app.uprise.debug/com.app.uprise.MainActivity} from uid 2000
09-14 22:09:16.553 D/CompatibilityChangeReporter(  533): Compat change id reported: 265464455; UID 10199; state: DISABLED
09-14 22:09:16.553 D/CompatibilityChangeReporter(  533): Compat change id reported: 265452344; UID 10199; state: DISABLED
09-14 22:09:16.553 D/CompatibilityChangeReporter(  533): Compat change id reported: 266124927; UID 10199; state: DISABLED
09-14 22:09:16.554 D/CompatibilityChangeReporter(  533): Compat change id reported: 265451093; UID 10199; state: DISABLED
09-14 22:09:16.554 D/CompatibilityChangeReporter(  533): Compat change id reported: 265456536; UID 10199; state: DISABLED
09-14 22:09:16.554 D/CompatibilityChangeReporter(  533): Compat change id reported: 255940284; UID 10199; state: DISABLED
09-14 22:09:16.554 D/CompatibilityChangeReporter(  533): Compat change id reported: 236283604; UID 10199; state: DISABLED
09-14 22:09:16.554 D/CompatibilityChangeReporter(  533): Compat change id reported: 263959004; UID 10199; state: DISABLED
09-14 22:09:16.554 D/CompatibilityChangeReporter(  533): Compat change id reported: 264304459; UID 10199; state: DISABLED
09-14 22:09:16.554 D/CompatibilityChangeReporter(  533): Compat change id reported: 264301586; UID 10199; state: DISABLED
09-14 22:09:16.555 D/CompatibilityChangeReporter(  533): Compat change id reported: 254631730; UID 10199; state: DISABLED
09-14 22:09:16.555 D/CompatibilityChangeReporter(  533): Compat change id reported: 273509367; UID 10199; state: DISABLED
09-14 22:09:16.555 D/CompatibilityChangeReporter(  533): Compat change id reported: 263259275; UID 10199; state: DISABLED
09-14 22:09:16.558 D/CompatibilityChangeReporter(  533): Compat change id reported: 194480991; UID 10199; state: ENABLED
09-14 22:09:16.566 D/CompatibilityChangeReporter(  533): Compat change id reported: 174042980; UID 10199; state: DISABLED
09-14 22:09:16.569 D/CompatibilityChangeReporter(  533): Compat change id reported: 184838306; UID 10199; state: DISABLED
09-14 22:09:16.574 D/CompatibilityChangeReporter(  533): Compat change id reported: 185004937; UID 10199; state: DISABLED
09-14 22:09:16.579 D/CompatibilityChangeReporter(  533): Compat change id reported: 205907456; UID 10199; state: ENABLED
09-14 22:09:16.585 D/CompatibilityChangeReporter(  533): Compat change id reported: 194833441; UID 10199; state: ENABLED
09-14 22:09:16.588 I/Monkey  (13454): Events injected: 1
09-14 22:09:16.608 D/CompatibilityChangeReporter(  533): Compat change id reported: 135634846; UID 10199; state: DISABLED
09-14 22:09:16.609 D/CompatibilityChangeReporter(  533): Compat change id reported: 143937733; UID 10199; state: ENABLED
09-14 22:09:16.619 D/Zygote  (  301): Forked child process 13479
09-14 22:09:16.621 I/ActivityManager(  533): Start proc 13479:com.app.uprise.debug/u0a199 for next-top-activity {com.app.uprise.debug/com.app.uprise.MainActivity}
09-14 22:09:16.632 I/pp.uprise.debug(13479): Late-enabling -Xcheck:jni
09-14 22:09:16.637 W/Parcel  (  748): Expecting binder but got null!
09-14 22:09:16.639 D/EGL_emulation(  953): app_time_stats: avg=171.12ms min=2.01ms max=1135.08ms count=8
09-14 22:09:16.642 W/AutofillManagerServiceImpl(  533): getFillEventHistory() called by UID 10107, but service UID is 10120
09-14 22:09:16.648 I/Monkey  (13454): ## Network stats: elapsed time=108ms (0ms mobile, 0ms wifi, 108ms not connected)
09-14 22:09:16.650 I/app_process(13454): System.exit called, status: 0
09-14 22:09:16.650 I/AndroidRuntime(13454): VM exiting with result code 0.
09-14 22:09:16.662 D/CoreBackPreview(  533): Window{bdd536d u0 Splash Screen com.app.uprise.debug}: Setting back callback OnBackInvokedCallbackInfo{mCallback=android.window.IOnBackInvokedCallback$Stub$Proxy@acce033, mPriority=0}
09-14 22:09:16.688 I/bmrp    ( 1654): onPause
09-14 22:09:16.694 I/pp.uprise.debug(13479): Using CollectorTypeCMC GC.
09-14 22:09:16.697 W/pp.uprise.debug(13479): Unexpected CPU variant for x86: x86_64.
09-14 22:09:16.697 W/pp.uprise.debug(13479): Known variants: atom, sandybridge, silvermont, goldmont, goldmont-plus, goldmont-without-sha-xsaves, tremont, kabylake, alderlake, default
09-14 22:09:16.717 I/adbd    (  429): jdwp connection from 13479
09-14 22:09:16.720 E/OpenGLRenderer(  748): Unable to match the desired swap behavior.
09-14 22:09:16.729 D/nativeloader(13479): Load libframework-connectivity-tiramisu-jni.so using APEX ns com_android_tethering for caller /apex/com.android.tethering/javalib/framework-connectivity-t.jar: ok
09-14 22:09:16.771 W/ActivityTaskManager(  533): takeTaskSnapshot: taskId=129 not found or not visible
09-14 22:09:16.814 I/AppSearchIcing(  533): icing-search-engine.cc:2492: Finished optimizing icing storage
09-14 22:09:16.825 D/CompatibilityChangeReporter(13479): Compat change id reported: 171979766; UID 10199; state: ENABLED
09-14 22:09:16.835 I/AppSearchIcing(  533): icing-search-engine.cc:2177: Persisting data to disk
09-14 22:09:16.839 W/ActivityThread(13479): Application com.app.uprise.debug can be debugged on port 8100...
09-14 22:09:16.914 I/AppSearchIcing(  533): icing-search-engine.cc:2193: PersistToDisk completed.
09-14 22:09:17.010 D/nativeloader(13479): Configuring clns-4 for other apk /data/app/~~aTgFllMqg2oHz6qOqnBO_Q==/com.app.uprise.debug-MUkQwrVNFrCezU0_UuX0ZA==/base.apk. target_sdk_version=33, uses_libraries=, library_path=/data/app/~~aTgFllMqg2oHz6qOqnBO_Q==/com.app.uprise.debug-MUkQwrVNFrCezU0_UuX0ZA==/lib/x86_64:/data/app/~~aTgFllMqg2oHz6qOqnBO_Q==/com.app.uprise.debug-MUkQwrVNFrCezU0_UuX0ZA==/base.apk!/lib/x86_64, permitted_path=/data:/mnt/expand:/data/user/0/com.app.uprise.debug
09-14 22:09:17.021 D/nativeloader(13479): Load libframework-connectivity-jni.so using APEX ns com_android_tethering for caller /apex/com.android.tethering/javalib/framework-connectivity.jar: ok
09-14 22:09:17.025 V/GraphicsEnvironment(13479): ANGLE Developer option for 'com.app.uprise.debug' set to: 'default'
09-14 22:09:17.027 V/GraphicsEnvironment(13479): ANGLE GameManagerService for com.app.uprise.debug: false
09-14 22:09:17.028 V/GraphicsEnvironment(13479): Neither updatable production driver nor prerelease driver is supported.
09-14 22:09:17.035 D/NetworkSecurityConfig(13479): Using Network Security Config from resource network_security_config debugBuild: true
09-14 22:09:17.037 D/NetworkSecurityConfig(13479): Using Network Security Config from resource network_security_config debugBuild: true
09-14 22:09:17.050 W/FirebaseApp(13479): Default FirebaseApp failed to initialize because no default options were found. This usually means that com.google.gms:google-services was not applied to your gradle project.
09-14 22:09:17.050 I/FirebaseInitProvider(13479): FirebaseApp initialization unsuccessful
09-14 22:09:17.052 D/ReactNativeFirebaseApp(13479): received application context.
09-14 22:09:17.065 E/RNFBCrashlyticsInit(13479): initialization failed
09-14 22:09:17.065 E/RNFBCrashlyticsInit(13479): java.lang.IllegalStateException: Default FirebaseApp is not initialized in this process com.app.uprise.debug. Make sure to call FirebaseApp.initializeApp(Context) first.
09-14 22:09:17.065 E/RNFBCrashlyticsInit(13479): 	at com.google.firebase.FirebaseApp.getInstance(FirebaseApp.java:186)
09-14 22:09:17.065 E/RNFBCrashlyticsInit(13479): 	at com.google.firebase.crashlytics.FirebaseCrashlytics.getInstance(FirebaseCrashlytics.java:183)
09-14 22:09:17.065 E/RNFBCrashlyticsInit(13479): 	at io.invertase.firebase.crashlytics.ReactNativeFirebaseCrashlyticsInitProvider.onCreate(ReactNativeFirebaseCrashlyticsInitProvider.java:119)
09-14 22:09:17.065 E/RNFBCrashlyticsInit(13479): 	at android.content.ContentProvider.attachInfo(ContentProvider.java:2451)
09-14 22:09:17.065 E/RNFBCrashlyticsInit(13479): 	at android.content.ContentProvider.attachInfo(ContentProvider.java:2421)
09-14 22:09:17.065 E/RNFBCrashlyticsInit(13479): 	at io.invertase.firebase.common.ReactNativeFirebaseInitProvider.attachInfo(ReactNativeFirebaseInitProvider.java:33)
09-14 22:09:17.065 E/RNFBCrashlyticsInit(13479): 	at android.app.ActivityThread.installProvider(ActivityThread.java:7514)
09-14 22:09:17.065 E/RNFBCrashlyticsInit(13479): 	at android.app.ActivityThread.installContentProviders(ActivityThread.java:7025)
09-14 22:09:17.065 E/RNFBCrashlyticsInit(13479): 	at android.app.ActivityThread.handleBindApplication(ActivityThread.java:6796)
09-14 22:09:17.065 E/RNFBCrashlyticsInit(13479): 	at android.app.ActivityThread.-$$Nest$mhandleBindApplication(Unknown Source:0)
09-14 22:09:17.065 E/RNFBCrashlyticsInit(13479): 	at android.app.ActivityThread$H.handleMessage(ActivityThread.java:2133)
09-14 22:09:17.065 E/RNFBCrashlyticsInit(13479): 	at android.os.Handler.dispatchMessage(Handler.java:106)
09-14 22:09:17.065 E/RNFBCrashlyticsInit(13479): 	at android.os.Looper.loopOnce(Looper.java:201)
09-14 22:09:17.065 E/RNFBCrashlyticsInit(13479): 	at android.os.Looper.loop(Looper.java:288)
09-14 22:09:17.065 E/RNFBCrashlyticsInit(13479): 	at android.app.ActivityThread.main(ActivityThread.java:7924)
09-14 22:09:17.065 E/RNFBCrashlyticsInit(13479): 	at java.lang.reflect.Method.invoke(Native Method)
09-14 22:09:17.065 E/RNFBCrashlyticsInit(13479): 	at com.android.internal.os.RuntimeInit$MethodAndArgsCaller.run(RuntimeInit.java:548)
09-14 22:09:17.065 E/RNFBCrashlyticsInit(13479): 	at com.android.internal.os.ZygoteInit.main(ZygoteInit.java:936)
09-14 22:09:17.081 D/SoLoader(13479): init start
09-14 22:09:17.082 D/SoLoader(13479): adding system library source: /vendor/lib64
09-14 22:09:17.084 D/SoLoader(13479): adding system library source: /system/lib64
09-14 22:09:17.085 D/SoLoader(13479): adding application source: com.facebook.soloader.DirectorySoSource[root = /data/app/~~aTgFllMqg2oHz6qOqnBO_Q==/com.app.uprise.debug-MUkQwrVNFrCezU0_UuX0ZA==/lib/x86_64 flags = 0]
09-14 22:09:17.089 D/SoLoader(13479): adding backup source from : com.facebook.soloader.ApkSoSource[root = /data/data/com.app.uprise.debug/lib-main flags = 1]
09-14 22:09:17.089 D/SoLoader(13479): Preparing SO source: com.facebook.soloader.DirectorySoSource[root = /system/lib64 flags = 2]
09-14 22:09:17.089 D/SoLoader(13479): Preparing SO source: com.facebook.soloader.DirectorySoSource[root = /vendor/lib64 flags = 2]
09-14 22:09:17.089 D/SoLoader(13479): Preparing SO source: com.facebook.soloader.DirectorySoSource[root = /data/app/~~aTgFllMqg2oHz6qOqnBO_Q==/com.app.uprise.debug-MUkQwrVNFrCezU0_UuX0ZA==/lib/x86_64 flags = 0]
09-14 22:09:17.089 D/SoLoader(13479): Preparing SO source: com.facebook.soloader.ApkSoSource[root = /data/data/com.app.uprise.debug/lib-main flags = 1]
09-14 22:09:17.093 V/fb-UnpackingSoSource(13479): locked dso store /data/user/0/com.app.uprise.debug/lib-main
09-14 22:09:17.098 I/fb-UnpackingSoSource(13479): dso store is up-to-date: /data/user/0/com.app.uprise.debug/lib-main
09-14 22:09:17.098 V/fb-UnpackingSoSource(13479): releasing dso store lock for /data/user/0/com.app.uprise.debug/lib-main
09-14 22:09:17.099 D/SoLoader(13479): init finish: 4 SO sources prepared
09-14 22:09:17.100 D/SoLoader(13479): init exiting
09-14 22:09:17.134 D/SoLoader(13479): init exiting
09-14 22:09:17.134 D/SoLoader(13479): About to load: libjscexecutor.so
09-14 22:09:17.135 D/SoLoader(13479): libjscexecutor.so not found on /data/data/com.app.uprise.debug/lib-main
09-14 22:09:17.135 D/SoLoader(13479): libjscexecutor.so found on /data/app/~~aTgFllMqg2oHz6qOqnBO_Q==/com.app.uprise.debug-MUkQwrVNFrCezU0_UuX0ZA==/lib/x86_64
09-14 22:09:17.135 D/SoLoader(13479): Not resolving dependencies for libjscexecutor.so
09-14 22:09:17.260 D/JavaScriptCore.Version(13479): 250230.2.1
09-14 22:09:17.260 D/nativeloader(13479): Load /data/app/~~aTgFllMqg2oHz6qOqnBO_Q==/com.app.uprise.debug-MUkQwrVNFrCezU0_UuX0ZA==/lib/x86_64/libjscexecutor.so using class loader ns clns-4 (caller=/data/app/~~aTgFllMqg2oHz6qOqnBO_Q==/com.app.uprise.debug-MUkQwrVNFrCezU0_UuX0ZA==/base.apk): ok
09-14 22:09:17.261 D/SoLoader(13479): Loaded: libjscexecutor.so
09-14 22:09:17.266 D/SoLoader(13479): init exiting
09-14 22:09:17.426 D/CompatibilityChangeReporter(  533): Compat change id reported: 161145287; UID 10199; state: DISABLED
09-14 22:09:17.440 D/SoLoader(13479): About to load: libfbjni.so
09-14 22:09:17.441 D/SoLoader(13479): libfbjni.so not found on /data/data/com.app.uprise.debug/lib-main
09-14 22:09:17.442 D/SoLoader(13479): libfbjni.so found on /data/app/~~aTgFllMqg2oHz6qOqnBO_Q==/com.app.uprise.debug-MUkQwrVNFrCezU0_UuX0ZA==/lib/x86_64
09-14 22:09:17.442 D/SoLoader(13479): Not resolving dependencies for libfbjni.so
09-14 22:09:17.446 D/nativeloader(13479): Load /data/app/~~aTgFllMqg2oHz6qOqnBO_Q==/com.app.uprise.debug-MUkQwrVNFrCezU0_UuX0ZA==/lib/x86_64/libfbjni.so using class loader ns clns-4 (caller=/data/app/~~aTgFllMqg2oHz6qOqnBO_Q==/com.app.uprise.debug-MUkQwrVNFrCezU0_UuX0ZA==/base.apk): ok
09-14 22:09:17.446 D/SoLoader(13479): Loaded: libfbjni.so
09-14 22:09:17.446 D/SoLoader(13479): About to load: libflipper.so
09-14 22:09:17.447 D/SoLoader(13479): libflipper.so not found on /data/data/com.app.uprise.debug/lib-main
09-14 22:09:17.447 D/SoLoader(13479): libflipper.so found on /data/app/~~aTgFllMqg2oHz6qOqnBO_Q==/com.app.uprise.debug-MUkQwrVNFrCezU0_UuX0ZA==/lib/x86_64
09-14 22:09:17.447 D/SoLoader(13479): Not resolving dependencies for libflipper.so
09-14 22:09:17.504 D/nativeloader(13479): Load /data/app/~~aTgFllMqg2oHz6qOqnBO_Q==/com.app.uprise.debug-MUkQwrVNFrCezU0_UuX0ZA==/lib/x86_64/libflipper.so using class loader ns clns-4 (caller=/data/app/~~aTgFllMqg2oHz6qOqnBO_Q==/com.app.uprise.debug-MUkQwrVNFrCezU0_UuX0ZA==/base.apk): ok
09-14 22:09:17.505 D/SoLoader(13479): Loaded: libflipper.so
09-14 22:09:17.529 I/pp.uprise.debug(13479): hiddenapi: Accessing hidden field Landroid/view/View;->mKeyedTags:Landroid/util/SparseArray; (runtime_flags=0, domain=platform, api=unsupported) from Lcom/facebook/flipper/plugins/inspector/descriptors/ViewDescriptor; (domain=app) using reflection: allowed
09-14 22:09:17.529 I/pp.uprise.debug(13479): hiddenapi: Accessing hidden field Landroid/view/View;->mListenerInfo:Landroid/view/View$ListenerInfo; (runtime_flags=0, domain=platform, api=unsupported) from Lcom/facebook/flipper/plugins/inspector/descriptors/ViewDescriptor; (domain=app) using reflection: allowed
09-14 22:09:17.529 I/pp.uprise.debug(13479): hiddenapi: Accessing hidden field Landroid/view/View$ListenerInfo;->mOnClickListener:Landroid/view/View$OnClickListener; (runtime_flags=0, domain=platform, api=unsupported) from Lcom/facebook/flipper/plugins/inspector/descriptors/ViewDescriptor; (domain=app) using reflection: allowed
09-14 22:09:17.541 I/flipper (13479): flipper: FlipperClient::addPlugin Inspector
09-14 22:09:17.541 I/flipper (13479): flipper: FlipperClient::addPlugin React
09-14 22:09:17.543 I/flipper (13479): flipper: FlipperClient::addPlugin Databases
09-14 22:09:17.544 I/flipper (13479): flipper: FlipperClient::addPlugin Preferences
09-14 22:09:17.545 I/flipper (13479): flipper: FlipperClient::addPlugin CrashReporter
09-14 22:09:17.550 I/flipper (13479): flipper: FlipperClient::addPlugin Network
09-14 22:09:17.572 D/libEGL  (13479): loaded /vendor/lib64/egl/libEGL_emulation.so
09-14 22:09:17.575 D/libEGL  (13479): loaded /vendor/lib64/egl/libGLESv1_CM_emulation.so
09-14 22:09:17.577 D/libEGL  (13479): loaded /vendor/lib64/egl/libGLESv2_emulation.so
09-14 22:09:17.665 D/CompatibilityChangeReporter(13479): Compat change id reported: 237531167; UID 10199; state: DISABLED
09-14 22:09:17.671 W/Parcel  (13479): Expecting binder but got null!
09-14 22:09:17.675 D/CoreBackPreview(  533): Window{1eb2049 u0 com.app.uprise.debug/com.app.uprise.MainActivity}: Setting back callback OnBackInvokedCallbackInfo{mCallback=android.window.IOnBackInvokedCallback$Stub$Proxy@186528b, mPriority=0}
09-14 22:09:17.718 I/pp.uprise.debug(13479): hiddenapi: Accessing hidden method Landroid/view/View;->computeFitSystemWindows(Landroid/graphics/Rect;Landroid/graphics/Rect;)Z (runtime_flags=0, domain=platform, api=unsupported) from Landroidx/appcompat/widget/ViewUtils; (domain=app) using reflection: allowed
09-14 22:09:17.718 I/pp.uprise.debug(13479): hiddenapi: Accessing hidden method Landroid/view/ViewGroup;->makeOptionalFitsSystemWindows()V (runtime_flags=0, domain=platform, api=unsupported) from Landroidx/appcompat/widget/ViewUtils; (domain=app) using reflection: allowed
09-14 22:09:17.722 W/Parcel  (13479): Expecting binder but got null!
09-14 22:09:17.724 D/CoreBackPreview(  533): Window{3918f81 u0 com.app.uprise.debug/com.app.uprise.MainActivity}: Setting back callback OnBackInvokedCallbackInfo{mCallback=android.window.IOnBackInvokedCallback$Stub$Proxy@c858c67, mPriority=0}
09-14 22:09:17.739 D/HostConnection(13479): HostComposition ext ANDROID_EMU_CHECKSUM_HELPER_v1 ANDROID_EMU_native_sync_v2 ANDROID_EMU_native_sync_v3 ANDROID_EMU_native_sync_v4 ANDROID_EMU_dma_v1 ANDROID_EMU_direct_mem ANDROID_EMU_host_composition_v1 ANDROID_EMU_host_composition_v2 ANDROID_EMU_vulkan ANDROID_EMU_deferred_vulkan_commands ANDROID_EMU_vulkan_null_optional_strings ANDROID_EMU_vulkan_create_resources_with_requirements ANDROID_EMU_YUV_Cache ANDROID_EMU_vulkan_ignored_handles ANDROID_EMU_has_shared_slots_host_memory_allocator ANDROID_EMU_vulkan_free_memory_sync ANDROID_EMU_vulkan_shader_float16_int8 ANDROID_EMU_vulkan_async_queue_submit ANDROID_EMU_vulkan_queue_submit_with_commands ANDROID_EMU_sync_buffer_data ANDROID_EMU_vulkan_async_qsri ANDROID_EMU_read_color_buffer_dma GL_OES_EGL_image_external_essl3 GL_OES_vertex_array_object GL_KHR_texture_compression_astc_ldr ANDROID_EMU_host_side_tracing ANDROID_EMU_gles_max_version_3_1 
09-14 22:09:17.741 W/OpenGLRenderer(13479): Failed to choose config with EGL_SWAP_BEHAVIOR_PRESERVED, retrying without...
09-14 22:09:17.741 W/OpenGLRenderer(13479): Failed to initialize 101010-2 format, error = EGL_SUCCESS
09-14 22:09:17.756 D/EGL_emulation(13479): eglCreateContext: 0x728b48833f90: maj 3 min 1 rcv 4
09-14 22:09:17.787 D/EGL_emulation(13479): eglMakeCurrent: 0x728b48833f90: ver 3 1 (tinfo 0x728d7870b080) (first time)
09-14 22:09:17.820 I/hwservicemanager(  151): getTransport: Cannot find entry android.hardware.graphics.mapper@4.0::IMapper/default in either framework or device VINTF manifest.
09-14 22:09:17.820 I/Gralloc4(13479): mapper 4.x is not supported
09-14 22:09:17.824 I/hwservicemanager(  151): getTransport: Cannot find entry android.hardware.graphics.allocator@4.0::IAllocator/default in either framework or device VINTF manifest.
09-14 22:09:17.827 I/servicemanager(  146): Could not find android.hardware.graphics.allocator.IAllocator/default in the VINTF manifest.
09-14 22:09:17.827 W/Gralloc4(13479): allocator 4.x is not supported
09-14 22:09:17.845 D/HostConnection(13479): HostComposition ext ANDROID_EMU_CHECKSUM_HELPER_v1 ANDROID_EMU_native_sync_v2 ANDROID_EMU_native_sync_v3 ANDROID_EMU_native_sync_v4 ANDROID_EMU_dma_v1 ANDROID_EMU_direct_mem ANDROID_EMU_host_composition_v1 ANDROID_EMU_host_composition_v2 ANDROID_EMU_vulkan ANDROID_EMU_deferred_vulkan_commands ANDROID_EMU_vulkan_null_optional_strings ANDROID_EMU_vulkan_create_resources_with_requirements ANDROID_EMU_YUV_Cache ANDROID_EMU_vulkan_ignored_handles ANDROID_EMU_has_shared_slots_host_memory_allocator ANDROID_EMU_vulkan_free_memory_sync ANDROID_EMU_vulkan_shader_float16_int8 ANDROID_EMU_vulkan_async_queue_submit ANDROID_EMU_vulkan_queue_submit_with_commands ANDROID_EMU_sync_buffer_data ANDROID_EMU_vulkan_async_qsri ANDROID_EMU_read_color_buffer_dma GL_OES_EGL_image_external_essl3 GL_OES_vertex_array_object GL_KHR_texture_compression_astc_ldr ANDROID_EMU_host_side_tracing ANDROID_EMU_gles_max_version_3_1 
09-14 22:09:17.845 E/OpenGLRenderer(13479): Unable to match the desired swap behavior.
09-14 22:09:17.883 W/unknown:ReactNative(13479): Packager connection already open, nooping.
09-14 22:09:17.907 E/OpenGLRenderer(13479): Unable to match the desired swap behavior.
09-14 22:09:17.938 I/ActivityTaskManager(  533): Displayed com.app.uprise.debug/com.app.uprise.MainActivity: +1s393ms
09-14 22:09:17.939 D/CompatibilityChangeReporter(  533): Compat change id reported: 214016041; UID 10199; state: ENABLED
09-14 22:09:17.949 I/GoogleInputMethodService( 1219): GoogleInputMethodService.onFinishInput():2054 
09-14 22:09:17.950 I/Module  ( 1219): DeviceLockedStatusModuleProvider$Module.updateDeviceLockedStatus():100 repeatCheckTimes = 0, locked = false
09-14 22:09:17.950 I/GoogleInputMethodService( 1219): GoogleInputMethodService.onStartInput():1315 onStartInput(EditorInfo{EditorInfo{packageName=com.app.uprise.debug, inputType=0, inputTypeString=NULL, enableLearning=false, autoCorrection=false, autoComplete=false, imeOptions=0, privateImeOptions=null, actionName=UNSPECIFIED, actionLabel=null, initialSelStart=-1, initialSelEnd=-1, initialCapsMode=0, label=null, fieldId=-1, fieldName=null, extras=null, hintText=null, hintLocales=[]}}, false)
09-14 22:09:17.953 I/bmrp    ( 1654): onStop
09-14 22:09:17.962 I/Module  ( 1219): DeviceLockedStatusModuleProvider$Module.updateDeviceLockedStatus():100 repeatCheckTimes = 1, locked = false
09-14 22:09:17.963 I/pp.uprise.debug(13479): Compiler allocated 4151KB to compile void android.view.ViewRootImpl.performTraversals()
09-14 22:09:17.986 D/EGL_emulation(  748): app_time_stats: avg=433.54ms min=12.95ms max=2486.37ms count=6
09-14 22:09:18.066 W/chbox:googleapp( 1654): Reducing the number of considered missed Gc histogram windows from 261 to 100
09-14 22:09:18.301 D/CoreBackPreview(  533): Window{bdd536d u0 Splash Screen com.app.uprise.debug EXITING}: Setting back callback null
09-14 22:09:18.302 W/InputManager-JNI(  533): Input channel object 'bdd536d Splash Screen com.app.uprise.debug (client)' was disposed without first being removed with the input manager!
09-14 22:09:18.303 D/EGL_emulation(  748): app_time_stats: avg=43.98ms min=0.81ms max=1173.88ms count=35
09-14 22:09:18.509 W/unknown:ReconnectingWebSocket(13479): Couldn't connect to "ws://localhost:8081/message?device=sdk_gphone64_x86_64%20-%2013%20-%20API%2033&app=com.app.uprise.debug&clientid=BridgeDevSupportManager", will silently retry
09-14 22:09:19.315 D/EGL_emulation(  748): app_time_stats: avg=17.01ms min=12.41ms max=33.97ms count=59
09-14 22:09:19.529 W/unknown:InspectorPackagerConnection(13479): Couldn't connect to packager, will silently retry
09-14 22:09:20.551 W/unknown:ReactNative(13479): The packager does not seem to be running as we got an IOException requesting its status: unexpected end of stream on http://localhost:8081/...
09-14 22:09:20.556 D/SoLoader(13479): About to load: libreactnativejni.so
09-14 22:09:20.556 D/SoLoader(13479): libreactnativejni.so not found on /data/data/com.app.uprise.debug/lib-main
09-14 22:09:20.556 D/SoLoader(13479): libreactnativejni.so found on /data/app/~~aTgFllMqg2oHz6qOqnBO_Q==/com.app.uprise.debug-MUkQwrVNFrCezU0_UuX0ZA==/lib/x86_64
09-14 22:09:20.556 D/SoLoader(13479): Not resolving dependencies for libreactnativejni.so
09-14 22:09:20.556 D/nativeloader(13479): Load /data/app/~~aTgFllMqg2oHz6qOqnBO_Q==/com.app.uprise.debug-MUkQwrVNFrCezU0_UuX0ZA==/lib/x86_64/libreactnativejni.so using class loader ns clns-4 (caller=/data/app/~~aTgFllMqg2oHz6qOqnBO_Q==/com.app.uprise.debug-MUkQwrVNFrCezU0_UuX0ZA==/base.apk): ok
09-14 22:09:20.557 D/SoLoader(13479): Loaded: libreactnativejni.so
09-14 22:09:20.579 I/RNFusedLocation(13479): RNFusedLocation initialized
09-14 22:09:20.629 W/[REANIMATED](13479): Since 2.5.0, Reanimated autoinstalls on Android - you can remove getJSIModulePackage() override in MainApplication.java.
09-14 22:09:20.635 W/unknown:ReactNative(13479): Packager connection already open, nooping.
09-14 22:09:20.705 W/unknown:ViewManagerPropertyUpdater(13479): Could not find generated setter for class com.facebook.react.views.drawer.ReactDrawerLayoutManager
09-14 22:09:20.709 W/unknown:ViewManagerPropertyUpdater(13479): Could not find generated setter for class com.facebook.react.uimanager.LayoutShadowNode
09-14 22:09:20.710 W/unknown:ViewManagerPropertyUpdater(13479): Could not find generated setter for class com.facebook.react.views.scroll.ReactHorizontalScrollViewManager
09-14 22:09:20.710 W/unknown:ViewManagerPropertyUpdater(13479): Could not find generated setter for class com.facebook.react.views.scroll.ReactHorizontalScrollContainerViewManager
09-14 22:09:20.710 W/unknown:ViewManagerPropertyUpdater(13479): Could not find generated setter for class com.facebook.react.views.progressbar.ReactProgressBarViewManager
09-14 22:09:20.711 W/unknown:ViewManagerPropertyUpdater(13479): Could not find generated setter for class com.facebook.react.views.progressbar.ProgressBarShadowNode
09-14 22:09:20.712 W/unknown:ViewManagerPropertyUpdater(13479): Could not find generated setter for class com.facebook.react.views.scroll.ReactScrollViewManager
09-14 22:09:20.712 W/unknown:ViewManagerPropertyUpdater(13479): Could not find generated setter for class com.facebook.react.views.slider.ReactSliderManager
09-14 22:09:20.713 W/unknown:ViewManagerPropertyUpdater(13479): Could not find generated setter for class com.facebook.react.views.slider.ReactSliderManager$ReactSliderShadowNode
09-14 22:09:20.713 W/unknown:ViewManagerPropertyUpdater(13479): Could not find generated setter for class com.facebook.react.views.switchview.ReactSwitchManager
09-14 22:09:20.713 W/unknown:ViewManagerPropertyUpdater(13479): Could not find generated setter for class com.facebook.react.views.switchview.ReactSwitchManager$ReactSwitchShadowNode
09-14 22:09:20.713 W/unknown:ViewManagerPropertyUpdater(13479): Could not find generated setter for class com.facebook.react.views.swiperefresh.SwipeRefreshLayoutManager
09-14 22:09:20.714 W/unknown:ViewManagerPropertyUpdater(13479): Could not find generated setter for class com.facebook.react.views.text.frescosupport.FrescoBasedReactTextInlineImageViewManager
09-14 22:09:20.714 W/unknown:ViewManagerPropertyUpdater(13479): Could not find generated setter for class com.facebook.react.views.text.frescosupport.FrescoBasedReactTextInlineImageShadowNode
09-14 22:09:20.715 W/unknown:ViewManagerPropertyUpdater(13479): Could not find generated setter for class com.facebook.react.views.image.ReactImageManager
09-14 22:09:20.715 W/unknown:ViewManagerPropertyUpdater(13479): Could not find generated setter for class com.facebook.react.views.modal.ReactModalHostManager
09-14 22:09:20.715 W/unknown:ViewManagerPropertyUpdater(13479): Could not find generated setter for class com.facebook.react.views.modal.ModalHostShadowNode
09-14 22:09:20.716 W/unknown:ViewManagerPropertyUpdater(13479): Could not find generated setter for class com.facebook.react.views.text.ReactRawTextManager
09-14 22:09:20.716 W/unknown:ViewManagerPropertyUpdater(13479): Could not find generated setter for class com.facebook.react.views.text.ReactRawTextShadowNode
09-14 22:09:20.716 W/unknown:ViewManagerPropertyUpdater(13479): Could not find generated setter for class com.facebook.react.views.textinput.ReactTextInputManager
09-14 22:09:20.717 W/unknown:ViewManagerPropertyUpdater(13479): Could not find generated setter for class com.facebook.react.views.textinput.ReactTextInputShadowNode
09-14 22:09:20.717 W/unknown:ViewManagerPropertyUpdater(13479): Could not find generated setter for class com.facebook.react.views.text.ReactTextViewManager
09-14 22:09:20.718 W/unknown:ViewManagerPropertyUpdater(13479): Could not find generated setter for class com.facebook.react.views.text.ReactTextShadowNode
09-14 22:09:20.718 W/unknown:ViewManagerPropertyUpdater(13479): Could not find generated setter for class com.facebook.react.views.view.ReactViewManager
09-14 22:09:20.719 W/unknown:ViewManagerPropertyUpdater(13479): Could not find generated setter for class com.facebook.react.views.text.ReactVirtualTextViewManager
09-14 22:09:20.719 W/unknown:ViewManagerPropertyUpdater(13479): Could not find generated setter for class com.facebook.react.views.text.ReactVirtualTextShadowNode
09-14 22:09:20.719 W/unknown:ViewManagerPropertyUpdater(13479): Could not find generated setter for class com.facebook.react.views.unimplementedview.ReactUnimplementedViewManager
09-14 22:09:20.719 W/unknown:ViewManagerPropertyUpdater(13479): Could not find generated setter for class org.reactnative.maskedview.RNCMaskedViewManager
09-14 22:09:20.719 W/unknown:ViewManagerPropertyUpdater(13479): Could not find generated setter for class com.reactnativegooglesignin.RNGoogleSigninButtonViewManager
09-14 22:09:20.719 W/unknown:ViewManagerPropertyUpdater(13479): Could not find generated setter for class com.swmansion.gesturehandler.react.RNGestureHandlerRootViewManager
09-14 22:09:20.720 W/unknown:ViewManagerPropertyUpdater(13479): Could not find generated setter for class com.swmansion.gesturehandler.react.RNGestureHandlerButtonViewManager
09-14 22:09:20.720 W/unknown:ViewManagerPropertyUpdater(13479): Could not find generated setter for class com.BV.LinearGradient.LinearGradientManager
09-14 22:09:20.721 W/unknown:ViewManagerPropertyUpdater(13479): Could not find generated setter for class com.reactnativepagerview.PagerViewViewManager
09-14 22:09:20.722 W/unknown:ViewManagerPropertyUpdater(13479): Could not find generated setter for class com.th3rdwave.safeareacontext.SafeAreaProviderManager
09-14 22:09:20.722 W/unknown:ViewManagerPropertyUpdater(13479): Could not find generated setter for class com.th3rdwave.safeareacontext.SafeAreaViewManager
09-14 22:09:20.723 W/unknown:ViewManagerPropertyUpdater(13479): Could not find generated setter for class com.th3rdwave.safeareacontext.SafeAreaViewShadowNode
09-14 22:09:20.723 W/unknown:ViewManagerPropertyUpdater(13479): Could not find generated setter for class com.swmansion.rnscreens.ScreenContainerViewManager
09-14 22:09:20.723 W/unknown:ViewManagerPropertyUpdater(13479): Could not find generated setter for class com.swmansion.rnscreens.ScreenViewManager
09-14 22:09:20.724 W/unknown:ViewManagerPropertyUpdater(13479): Could not find generated setter for class com.swmansion.rnscreens.ScreenStackViewManager
09-14 22:09:20.724 W/unknown:ViewManagerPropertyUpdater(13479): Could not find generated setter for class com.swmansion.rnscreens.ScreenStackHeaderConfigViewManager
09-14 22:09:20.724 W/unknown:ViewManagerPropertyUpdater(13479): Could not find generated setter for class com.swmansion.rnscreens.ScreenStackHeaderSubviewManager
09-14 22:09:20.724 W/unknown:ViewManagerPropertyUpdater(13479): Could not find generated setter for class com.swmansion.rnscreens.SearchBarManager
09-14 22:09:20.725 W/unknown:ViewManagerPropertyUpdater(13479): Could not find generated setter for class com.horcrux.svg.RenderableViewManager$GroupViewManager
09-14 22:09:20.725 W/unknown:ViewManagerPropertyUpdater(13479): Could not find generated setter for class com.horcrux.svg.RenderableViewManager$RenderableShadowNode
09-14 22:09:20.726 W/unknown:ViewManagerPropertyUpdater(13479): Could not find generated setter for class com.horcrux.svg.RenderableViewManager$PathViewManager
09-14 22:09:20.726 W/unknown:ViewManagerPropertyUpdater(13479): Could not find generated setter for class com.horcrux.svg.RenderableViewManager$CircleViewManager
09-14 22:09:20.726 W/unknown:ViewManagerPropertyUpdater(13479): Could not find generated setter for class com.horcrux.svg.RenderableViewManager$EllipseViewManager
09-14 22:09:20.726 W/unknown:ViewManagerPropertyUpdater(13479): Could not find generated setter for class com.horcrux.svg.RenderableViewManager$LineViewManager
09-14 22:09:20.727 W/unknown:ViewManagerPropertyUpdater(13479): Could not find generated setter for class com.horcrux.svg.RenderableViewManager$RectViewManager
09-14 22:09:20.727 W/unknown:ViewManagerPropertyUpdater(13479): Could not find generated setter for class com.horcrux.svg.RenderableViewManager$TextViewManager
09-14 22:09:20.727 W/unknown:ViewManagerPropertyUpdater(13479): Could not find generated setter for class com.horcrux.svg.RenderableViewManager$TSpanViewManager
09-14 22:09:20.727 W/unknown:ViewManagerPropertyUpdater(13479): Could not find generated setter for class com.horcrux.svg.RenderableViewManager$TextPathViewManager
09-14 22:09:20.728 W/unknown:ViewManagerPropertyUpdater(13479): Could not find generated setter for class com.horcrux.svg.RenderableViewManager$ImageViewManager
09-14 22:09:20.728 W/unknown:ViewManagerPropertyUpdater(13479): Could not find generated setter for class com.horcrux.svg.RenderableViewManager$ClipPathViewManager
09-14 22:09:20.728 W/unknown:ViewManagerPropertyUpdater(13479): Could not find generated setter for class com.horcrux.svg.RenderableViewManager$DefsViewManager
09-14 22:09:20.728 W/unknown:ViewManagerPropertyUpdater(13479): Could not find generated setter for class com.horcrux.svg.RenderableViewManager$UseViewManager
09-14 22:09:20.729 W/unknown:ViewManagerPropertyUpdater(13479): Could not find generated setter for class com.horcrux.svg.RenderableViewManager$SymbolManager
09-14 22:09:20.729 W/unknown:ViewManagerPropertyUpdater(13479): Could not find generated setter for class com.horcrux.svg.RenderableViewManager$LinearGradientManager
09-14 22:09:20.729 W/unknown:ViewManagerPropertyUpdater(13479): Could not find generated setter for class com.horcrux.svg.RenderableViewManager$RadialGradientManager
09-14 22:09:20.730 W/unknown:ViewManagerPropertyUpdater(13479): Could not find generated setter for class com.horcrux.svg.RenderableViewManager$PatternManager
09-14 22:09:20.730 W/unknown:ViewManagerPropertyUpdater(13479): Could not find generated setter for class com.horcrux.svg.RenderableViewManager$MaskManager
09-14 22:09:20.730 W/unknown:ViewManagerPropertyUpdater(13479): Could not find generated setter for class com.horcrux.svg.RenderableViewManager$ForeignObjectManager
09-14 22:09:20.730 W/unknown:ViewManagerPropertyUpdater(13479): Could not find generated setter for class com.horcrux.svg.RenderableViewManager$MarkerManager
09-14 22:09:20.731 W/unknown:ViewManagerPropertyUpdater(13479): Could not find generated setter for class com.horcrux.svg.SvgViewManager
09-14 22:09:20.739 I/pp.uprise.debug(13479): hiddenapi: Accessing hidden field Ljava/lang/reflect/Field;->accessFlags:I (runtime_flags=0, domain=core-platform, api=unsupported) from Lcom/swmansion/reanimated/layoutReanimation/ReanimatedNativeHierarchyManager; (domain=app) using reflection: allowed
09-14 22:09:20.746 D/SoLoader(13479): About to load: libyoga.so
09-14 22:09:20.746 D/SoLoader(13479): libyoga.so not found on /data/data/com.app.uprise.debug/lib-main
09-14 22:09:20.747 D/SoLoader(13479): libyoga.so found on /data/app/~~aTgFllMqg2oHz6qOqnBO_Q==/com.app.uprise.debug-MUkQwrVNFrCezU0_UuX0ZA==/lib/x86_64
09-14 22:09:20.747 D/SoLoader(13479): Not resolving dependencies for libyoga.so
