09-14 22:10:03.303 I/WindowMetricsNotification( 1219): WindowMetricsNotification.notify():159 pct[bounds=Rect(0, 132 - 1080, 2400), insets=Rect(0, 0 - 0, 126), densityDpi=420, smallestScreenWidthDp=411, displayWidth=1080, displayHeight=2400, xdpi=420.0, ydpi=420.0, isTrustable=true, displayId=0]; DisplayMetrics{density=2.625, width=1080, height=2400, scaledDensity=2.625, xdpi=420.0, ydpi=420.0}
09-14 22:10:03.305 D/CoreBackPreview(  533): Window{3918f81 u0 com.app.uprise.debug/com.app.uprise.MainActivity}: Setting back callback OnBackInvokedCallbackInfo{mCallback=android.window.IOnBackInvokedCallback$Stub$Proxy@51065ca, mPriority=0}
09-14 22:10:03.305 D/InsetsController(13479): show(ime(), fromIme=true)
09-14 22:10:03.307 D/EGL_emulation( 1219): app_time_stats: avg=370.68ms min=1.39ms max=8644.51ms count=24
09-14 22:10:03.313 I/GoogleInputMethodService( 1219): GoogleInputMethodService$1.onKeyboardViewShown():321 onKeyboardViewShown: keyboardType=accessory, keyboardViewType=HEADER keyboardView=null
09-14 22:10:03.313 W/Keyboard( 1219): Keyboard.getKeyboardViewHelper():591 null helper is returned: keyboardDef=miv{processedConditions={}, globalConditions={}, className=com.google.android.libraries.inputmethod.keyboard.impl.Keyboard, resourceIds=[#0x7f17004d], initialStates=0, keyboardViewDefs=[], persistentStates=0, persistentStatesPrefKey=null, popupBubbleLayoutId=0, recentKeyLayoutId=0, recentKeyPopupLayoutId=0, recentKeyType=null, rememberRecentKey=NONE, sessionStates=0}, type=BODY, helpersCreated=[null, null, null, null], context.getResources().getConfiguration(): {1.0 310mcc260mnc [en_US] ldltr sw411dp w411dp h840dp 420dpi nrml long port finger qwerty/v/v dpad/v winConfig={ mBounds=Rect(0, 0 - 1080, 2400) mAppBounds=Rect(0, 132 - 1080, 2337) mMaxBounds=Rect(0, 0 - 1080, 2400) mDisplayRotation=ROTATION_0 mWindowingMode=fullscreen mDisplayWindowingMode=fullscreen mActivityType=undefined mAlwaysOnTop=undefined mRotation=ROTATION_0} as.3 s.72 fontWeightAdjustment=0}
09-14 22:10:03.314 I/GoogleInputMethodService( 1219): GoogleInputMethodService$1.onKeyboardViewShown():321 onKeyboardViewShown: keyboardType=accessory, keyboardViewType=BODY keyboardView=null
09-14 22:10:03.314 W/Keyboard( 1219): Keyboard.getKeyboardViewHelper():591 null helper is returned: keyboardDef=miv{processedConditions={}, globalConditions={}, className=com.google.android.libraries.inputmethod.keyboard.impl.Keyboard, resourceIds=[#0x7f17004d], initialStates=0, keyboardViewDefs=[], persistentStates=0, persistentStatesPrefKey=null, popupBubbleLayoutId=0, recentKeyLayoutId=0, recentKeyPopupLayoutId=0, recentKeyType=null, rememberRecentKey=NONE, sessionStates=0}, type=BODY, helpersCreated=[null, null, null, null], context.getResources().getConfiguration(): {1.0 310mcc260mnc [en_US] ldltr sw411dp w411dp h840dp 420dpi nrml long port finger qwerty/v/v dpad/v winConfig={ mBounds=Rect(0, 0 - 1080, 2400) mAppBounds=Rect(0, 132 - 1080, 2337) mMaxBounds=Rect(0, 0 - 1080, 2400) mDisplayRotation=ROTATION_0 mWindowingMode=fullscreen mDisplayWindowingMode=fullscreen mActivityType=undefined mAlwaysOnTop=undefined mRotation=ROTATION_0} as.3 s.72 fontWeightAdjustment=0}
09-14 22:10:03.318 D/HostConnection(  533): HostComposition ext ANDROID_EMU_CHECKSUM_HELPER_v1 ANDROID_EMU_native_sync_v2 ANDROID_EMU_native_sync_v3 ANDROID_EMU_native_sync_v4 ANDROID_EMU_dma_v1 ANDROID_EMU_direct_mem ANDROID_EMU_host_composition_v1 ANDROID_EMU_host_composition_v2 ANDROID_EMU_vulkan ANDROID_EMU_deferred_vulkan_commands ANDROID_EMU_vulkan_null_optional_strings ANDROID_EMU_vulkan_create_resources_with_requirements ANDROID_EMU_YUV_Cache ANDROID_EMU_vulkan_ignored_handles ANDROID_EMU_has_shared_slots_host_memory_allocator ANDROID_EMU_vulkan_free_memory_sync ANDROID_EMU_vulkan_shader_float16_int8 ANDROID_EMU_vulkan_async_queue_submit ANDROID_EMU_vulkan_queue_submit_with_commands ANDROID_EMU_sync_buffer_data ANDROID_EMU_vulkan_async_qsri ANDROID_EMU_read_color_buffer_dma GL_OES_EGL_image_external_essl3 GL_OES_vertex_array_object GL_KHR_texture_compression_astc_ldr ANDROID_EMU_host_side_tracing ANDROID_EMU_gles_max_version_3_1 
09-14 22:10:03.321 W/OpenGLRenderer(  533): Failed to choose config with EGL_SWAP_BEHAVIOR_PRESERVED, retrying without...
09-14 22:10:03.322 W/OpenGLRenderer(  533): Failed to initialize 101010-2 format, error = EGL_SUCCESS
09-14 22:10:03.334 D/EGL_emulation(  533): eglCreateContext: 0x728b48852f50: maj 3 min 1 rcv 4
09-14 22:10:03.373 D/EGL_emulation(13479): app_time_stats: avg=348.24ms min=149.99ms max=500.15ms count=3
09-14 22:10:03.377 D/EGL_emulation(  533): eglMakeCurrent: 0x728b48852f50: ver 3 1 (tinfo 0x728d7870b180) (first time)
09-14 22:10:03.400 E/OpenGLRenderer(  533): Unable to match the desired swap behavior.
09-14 22:10:03.452 W/Looper  (  533): Slow dispatch took 164ms android.ui h=android.view.Choreographer$FrameHandler c=android.view.Choreographer$FrameDisplayEventReceiver@b618e56 m=0
09-14 22:10:03.468 W/TooltipLifecycleManager( 1219): TooltipLifecycleManager.dismissTooltips():153 Tooltip with id spell_check_add_to_dictionary not found in tooltipManager.
09-14 22:10:04.184 E/NotificationCenter( 1219): NotificationCenter.registerListenerInternal():378 Listener mck@609b138 is already registered for notification class lnz
09-14 22:10:04.185 I/Delight5Decoder( 1219): Delight5DecoderWrapper.setKeyboardLayout():537 setKeyboardLayout()
09-14 22:10:04.186 W/TooltipLifecycleManager( 1219): TooltipLifecycleManager.dismissTooltips():153 Tooltip with id SUGGESTION_VIEW_EDU_MINI_DIALOG not found in tooltipManager.
09-14 22:10:04.187 E/NotificationCenter( 1219): NotificationCenter.registerListenerInternal():378 Listener mck@609b138 is already registered for notification class lnz
09-14 22:10:04.200 D/CoreBackPreview(  533): Window{3d365e6 u0 Autofill UI}: Setting back callback null
09-14 22:10:04.200 W/InputManager-JNI(  533): Input channel object '3d365e6 Autofill UI (client)' was disposed without first being removed with the input manager!
09-14 22:10:04.210 V/WindowManager(  533): Unknown focus tokens, dropping reportFocusChanged
09-14 22:10:04.229 D/CoreBackPreview(  533): Window{3918f81 u0 com.app.uprise.debug/com.app.uprise.MainActivity}: Setting back callback OnBackInvokedCallbackInfo{mCallback=android.window.IOnBackInvokedCallback$Stub$Proxy@89599d2, mPriority=0}
09-14 22:10:04.229 D/CoreBackPreview(  533): Window{3918f81 u0 com.app.uprise.debug/com.app.uprise.MainActivity}: Setting back callback OnBackInvokedCallbackInfo{mCallback=android.window.IOnBackInvokedCallback$Stub$Proxy@6fcaaa3, mPriority=0}
09-14 22:10:04.408 E/NotificationCenter( 1219): NotificationCenter.registerListenerInternal():378 Listener mck@609b138 is already registered for notification class lnz
09-14 22:10:04.411 W/TooltipLifecycleManager( 1219): TooltipLifecycleManager.dismissTooltips():153 Tooltip with id SUGGESTION_VIEW_EDU_MINI_DIALOG not found in tooltipManager.
09-14 22:10:04.411 E/NotificationCenter( 1219): NotificationCenter.registerListenerInternal():378 Listener mck@609b138 is already registered for notification class lnz
09-14 22:10:04.432 D/EGL_emulation(13479): app_time_stats: avg=71.11ms min=4.17ms max=721.63ms count=14
09-14 22:10:04.634 E/NotificationCenter( 1219): NotificationCenter.registerListenerInternal():378 Listener mck@609b138 is already registered for notification class lnz
09-14 22:10:04.636 W/TooltipLifecycleManager( 1219): TooltipLifecycleManager.dismissTooltips():153 Tooltip with id SUGGESTION_VIEW_EDU_MINI_DIALOG not found in tooltipManager.
09-14 22:10:04.639 E/NotificationCenter( 1219): NotificationCenter.registerListenerInternal():378 Listener mck@609b138 is already registered for notification class lnz
09-14 22:10:04.836 E/NotificationCenter( 1219): NotificationCenter.registerListenerInternal():378 Listener mck@609b138 is already registered for notification class lnz
09-14 22:10:04.837 W/TooltipLifecycleManager( 1219): TooltipLifecycleManager.dismissTooltips():153 Tooltip with id SUGGESTION_VIEW_EDU_MINI_DIALOG not found in tooltipManager.
09-14 22:10:04.839 E/NotificationCenter( 1219): NotificationCenter.registerListenerInternal():378 Listener mck@609b138 is already registered for notification class lnz
09-14 22:10:04.847 W/pp.uprise.debug(13479): Cleared Reference was only reachable from finalizer (only reported once)
09-14 22:10:05.928 D/EGL_emulation(13479): app_time_stats: avg=213.65ms min=69.23ms max=515.27ms count=7
09-14 22:10:06.187 E/NotificationCenter( 1219): NotificationCenter.registerListenerInternal():378 Listener mck@609b138 is already registered for notification class lnz
09-14 22:10:06.196 E/NotificationCenter( 1219): NotificationCenter.registerListenerInternal():378 Listener mck@609b138 is already registered for notification class lnz
09-14 22:10:06.197 W/TooltipLifecycleManager( 1219): TooltipLifecycleManager.dismissTooltips():153 Tooltip with id SUGGESTION_VIEW_EDU_MINI_DIALOG not found in tooltipManager.
09-14 22:10:06.201 E/NotificationCenter( 1219): NotificationCenter.registerListenerInternal():378 Listener mck@609b138 is already registered for notification class lnz
09-14 22:10:06.203 E/NotificationCenter( 1219): NotificationCenter.registerListenerInternal():378 Listener mck@609b138 is already registered for notification class lnz
09-14 22:10:07.311 D/EGL_emulation(13479): app_time_stats: avg=276.60ms min=17.71ms max=515.49ms count=5
09-14 22:10:07.934 W/ThreadPoolForeg( 1176): type=1400 audit(0.0:1659): avc: denied { write } for name="traced_producer" dev="tmpfs" ino=684 scontext=u:r:gmscore_app:s0:c512,c768 tcontext=u:object_r:traced_producer_socket:s0 tclass=sock_file permissive=0 app=com.google.android.gms
09-14 22:10:08.145 E/NotificationCenter( 1219): NotificationCenter.registerListenerInternal():378 Listener mck@609b138 is already registered for notification class lnz
09-14 22:10:08.146 W/TooltipLifecycleManager( 1219): TooltipLifecycleManager.dismissTooltips():153 Tooltip with id SUGGESTION_VIEW_EDU_MINI_DIALOG not found in tooltipManager.
09-14 22:10:08.149 E/NotificationCenter( 1219): NotificationCenter.registerListenerInternal():378 Listener mck@609b138 is already registered for notification class lnz
09-14 22:10:08.506 E/NotificationCenter( 1219): NotificationCenter.registerListenerInternal():378 Listener mck@609b138 is already registered for notification class lnz
09-14 22:10:08.507 W/TooltipLifecycleManager( 1219): TooltipLifecycleManager.dismissTooltips():153 Tooltip with id SUGGESTION_VIEW_EDU_MINI_DIALOG not found in tooltipManager.
09-14 22:10:08.509 E/NotificationCenter( 1219): NotificationCenter.registerListenerInternal():378 Listener mck@609b138 is already registered for notification class lnz
09-14 22:10:08.513 D/EGL_emulation(13479): app_time_stats: avg=300.37ms min=67.85ms max=501.14ms count=4
09-14 22:10:08.683 E/NotificationCenter( 1219): NotificationCenter.registerListenerInternal():378 Listener mck@609b138 is already registered for notification class lnz
09-14 22:10:08.685 W/TooltipLifecycleManager( 1219): TooltipLifecycleManager.dismissTooltips():153 Tooltip with id SUGGESTION_VIEW_EDU_MINI_DIALOG not found in tooltipManager.
09-14 22:10:08.689 E/NotificationCenter( 1219): NotificationCenter.registerListenerInternal():378 Listener mck@609b138 is already registered for notification class lnz
09-14 22:10:08.890 W/ThreadPoolForeg( 1318): type=1400 audit(0.0:1660): avc: denied { write } for name="traced_producer" dev="tmpfs" ino=684 scontext=u:r:gmscore_app:s0:c512,c768 tcontext=u:object_r:traced_producer_socket:s0 tclass=sock_file permissive=0 app=com.google.android.gms
09-14 22:10:08.931 E/NotificationCenter( 1219): NotificationCenter.registerListenerInternal():378 Listener mck@609b138 is already registered for notification class lnz
09-14 22:10:08.932 W/TooltipLifecycleManager( 1219): TooltipLifecycleManager.dismissTooltips():153 Tooltip with id SUGGESTION_VIEW_EDU_MINI_DIALOG not found in tooltipManager.
09-14 22:10:08.936 E/NotificationCenter( 1219): NotificationCenter.registerListenerInternal():378 Listener mck@609b138 is already registered for notification class lnz
09-14 22:10:09.136 E/NotificationCenter( 1219): NotificationCenter.registerListenerInternal():378 Listener mck@609b138 is already registered for notification class lnz
09-14 22:10:09.138 W/TooltipLifecycleManager( 1219): TooltipLifecycleManager.dismissTooltips():153 Tooltip with id SUGGESTION_VIEW_EDU_MINI_DIALOG not found in tooltipManager.
09-14 22:10:09.141 E/NotificationCenter( 1219): NotificationCenter.registerListenerInternal():378 Listener mck@609b138 is already registered for notification class lnz
09-14 22:10:09.359 E/NotificationCenter( 1219): NotificationCenter.registerListenerInternal():378 Listener mck@609b138 is already registered for notification class lnz
09-14 22:10:09.361 W/TooltipLifecycleManager( 1219): TooltipLifecycleManager.dismissTooltips():153 Tooltip with id SUGGESTION_VIEW_EDU_MINI_DIALOG not found in tooltipManager.
09-14 22:10:09.365 E/NotificationCenter( 1219): NotificationCenter.registerListenerInternal():378 Listener mck@609b138 is already registered for notification class lnz
09-14 22:10:09.501 D/BoundBrokerSvc( 1318): onUnbind: Intent { act=com.google.android.gms.wallet.service.BIND pkg=com.google.android.gms }
09-14 22:10:09.513 D/BoundBrokerSvc( 1318): onUnbind: Intent { act=com.google.android.gms.auth.api.phone.service.SmsRetrieverApiService.START dat=chimera-action:/... cmp=com.google.android.gms/.chimera.GmsApiService }
09-14 22:10:09.532 D/BoundBrokerSvc( 1176): onUnbind: Intent { act=com.google.android.gms.auth.aang.events.services.START dat=chimera-action:/... cmp=com.google.android.gms/.chimera.PersistentApiService }
09-14 22:10:09.765 E/NotificationCenter( 1219): NotificationCenter.registerListenerInternal():378 Listener mck@609b138 is already registered for notification class lnz
09-14 22:10:09.766 W/TooltipLifecycleManager( 1219): TooltipLifecycleManager.dismissTooltips():153 Tooltip with id SUGGESTION_VIEW_EDU_MINI_DIALOG not found in tooltipManager.
09-14 22:10:09.769 E/NotificationCenter( 1219): NotificationCenter.registerListenerInternal():378 Listener mck@609b138 is already registered for notification class lnz
09-14 22:10:09.784 D/EGL_emulation(13479): app_time_stats: avg=127.05ms min=66.71ms max=335.57ms count=10
09-14 22:10:10.050 D/ActivityManager(  533): freezing 22291 com.android.settings
09-14 22:10:10.079 E/NotificationCenter( 1219): NotificationCenter.registerListenerInternal():378 Listener mck@609b138 is already registered for notification class lnz
09-14 22:10:10.080 W/TooltipLifecycleManager( 1219): TooltipLifecycleManager.dismissTooltips():153 Tooltip with id SUGGESTION_VIEW_EDU_MINI_DIALOG not found in tooltipManager.
09-14 22:10:10.083 E/NotificationCenter( 1219): NotificationCenter.registerListenerInternal():378 Listener mck@609b138 is already registered for notification class lnz
09-14 22:10:10.087 D/ActivityManager(  533): freezing 12714 com.google.android.settings.intelligence
09-14 22:10:10.090 D/BoundBrokerSvc( 1318): onUnbind: Intent { act=com.google.android.gms.auth.api.credentials.internal_service.START dat=chimera-action:/... cmp=com.google.android.gms/.chimera.GmsInternalBoundBrokerService }
09-14 22:10:10.097 D/BoundBrokerSvc( 1318): onUnbind: Intent { act=com.google.android.mdd.service.START dat=chimera-action:/... cmp=com.google.android.gms/.chimera.GmsBoundBrokerService }
09-14 22:10:10.276 D/BoundBrokerSvc( 1318): onUnbind: Intent { act=com.google.android.gms.chromesync.service.zeroparty.START dat=chimera-action:/... cmp=com.google.android.gms/.chimera.GmsApiService }
09-14 22:10:10.440 E/NotificationCenter( 1219): NotificationCenter.registerListenerInternal():378 Listener mck@609b138 is already registered for notification class lnz
09-14 22:10:10.442 W/TooltipLifecycleManager( 1219): TooltipLifecycleManager.dismissTooltips():153 Tooltip with id SUGGESTION_VIEW_EDU_MINI_DIALOG not found in tooltipManager.
09-14 22:10:10.444 E/NotificationCenter( 1219): NotificationCenter.registerListenerInternal():378 Listener mck@609b138 is already registered for notification class lnz
09-14 22:10:10.507 D/BoundBrokerSvc( 1176): onUnbind: Intent { act=com.google.android.gms.libs.gmscorelogger.service.START dat=chimera-action:/... cmp=com.google.android.gms/.chimera.PersistentDirectBootAwareApiService }
09-14 22:10:11.063 D/EGL_emulation(13479): app_time_stats: avg=213.06ms min=80.83ms max=514.36ms count=6
09-14 22:10:11.699 E/NotificationCenter( 1219): NotificationCenter.registerListenerInternal():378 Listener mck@609b138 is already registered for notification class lnz
09-14 22:10:11.700 W/TooltipLifecycleManager( 1219): TooltipLifecycleManager.dismissTooltips():153 Tooltip with id SUGGESTION_VIEW_EDU_MINI_DIALOG not found in tooltipManager.
09-14 22:10:11.704 E/NotificationCenter( 1219): NotificationCenter.registerListenerInternal():378 Listener mck@609b138 is already registered for notification class lnz
09-14 22:10:11.968 E/NotificationCenter( 1219): NotificationCenter.registerListenerInternal():378 Listener mck@609b138 is already registered for notification class lnz
09-14 22:10:11.970 W/TooltipLifecycleManager( 1219): TooltipLifecycleManager.dismissTooltips():153 Tooltip with id SUGGESTION_VIEW_EDU_MINI_DIALOG not found in tooltipManager.
09-14 22:10:11.973 E/NotificationCenter( 1219): NotificationCenter.registerListenerInternal():378 Listener mck@609b138 is already registered for notification class lnz
09-14 22:10:12.063 D/EGL_emulation(13479): app_time_stats: avg=200.11ms min=67.79ms max=498.43ms count=5
09-14 22:10:13.078 D/EGL_emulation(13479): app_time_stats: avg=507.28ms min=499.88ms max=514.67ms count=2
09-14 22:10:14.080 D/EGL_emulation(13479): app_time_stats: avg=500.70ms min=500.43ms max=500.97ms count=2
09-14 22:10:15.578 D/EGL_emulation(13479): app_time_stats: avg=499.43ms min=498.99ms max=499.91ms count=3
09-14 22:10:16.833 I/AppSearchIcing(  533): icing-search-engine.cc:2177: Persisting data to disk
09-14 22:10:16.837 I/AppSearchIcing(  533): icing-search-engine.cc:2193: PersistToDisk completed.
09-14 22:10:17.007 W/BufferPoolAccessor2.0(  456): invalidator thread spinning
09-14 22:10:17.078 D/EGL_emulation(13479): app_time_stats: avg=499.93ms min=498.17ms max=501.25ms count=3
09-14 22:10:18.095 D/EGL_emulation(13479): app_time_stats: avg=508.49ms min=499.94ms max=517.05ms count=2
09-14 22:10:18.370 D/BoundBrokerSvc( 1318): onUnbind: Intent { act=com.google.firebase.dynamiclinks.service.START pkg=com.google.android.gms }
09-14 22:10:19.095 D/EGL_emulation(13479): app_time_stats: avg=500.04ms min=498.98ms max=501.11ms count=2
09-14 22:10:20.096 D/EGL_emulation(13479): app_time_stats: avg=500.03ms min=499.48ms max=500.58ms count=2
09-14 22:10:21.096 D/EGL_emulation(13479): app_time_stats: avg=500.19ms min=500.06ms max=500.32ms count=2
09-14 22:10:22.595 D/EGL_emulation(13479): app_time_stats: avg=499.46ms min=498.70ms max=500.39ms count=3
09-14 22:10:23.596 D/EGL_emulation(13479): app_time_stats: avg=500.78ms min=499.28ms max=502.27ms count=2
09-14 22:10:25.096 D/EGL_emulation(13479): app_time_stats: avg=499.87ms min=498.94ms max=501.38ms count=3
09-14 22:10:25.146 D/EGL_emulation(  748): app_time_stats: avg=25113.87ms min=25113.87ms max=25113.87ms count=1
09-14 22:10:26.112 D/EGL_emulation(13479): app_time_stats: avg=507.67ms min=499.67ms max=515.68ms count=2
09-14 22:10:27.112 D/EGL_emulation(13479): app_time_stats: avg=499.99ms min=483.85ms max=516.13ms count=2
09-14 22:10:28.112 D/EGL_emulation(13479): app_time_stats: avg=499.88ms min=499.42ms max=500.33ms count=2
09-14 22:10:29.113 D/EGL_emulation(13479): app_time_stats: avg=500.11ms min=499.31ms max=500.92ms count=2
09-14 22:10:30.612 D/EGL_emulation(13479): app_time_stats: avg=499.61ms min=498.61ms max=500.93ms count=3
09-14 22:10:32.112 D/EGL_emulation(13479): app_time_stats: avg=500.25ms min=499.81ms max=501.02ms count=3
09-14 22:10:32.828 I/AssistStructure(13479): Flattened final assist data: 5172 bytes, containing 1 windows, 29 views
09-14 22:10:32.828 D/AutofillSession(  533): createPendingIntent for request 18
09-14 22:10:32.829 D/ContentCapturePerUserService(  533): Notified activity assist data for activity: Token{3de94bb ActivityRecord{ab87dd8 u0 com.app.uprise.debug/com.app.uprise.MainActivity} t129}} without a session Id
09-14 22:10:32.844 W/AutofillInlineSuggestionsRequestSession(  533): Never received an InlineSuggestionsRequest from the IME for 0@1841282621
09-14 22:10:32.845 D/InputMethodManager(13479): showSoftInput() view=com.facebook.react.views.textinput.ReactEditText{f4fbfbd VFED..CL. .F....ID 0,11-802,116 #1ed aid=1073741829} flags=0 reason=SHOW_SOFT_INPUT
09-14 22:10:32.845 I/GoogleInputMethodService( 1219): GoogleInputMethodService.onFinishInputView():1540 onFinishInputView(true)
09-14 22:10:32.846 I/GlobeKeyExtension( 1219): GlobeKeyExtension.onDeactivate():144 
09-14 22:10:32.846 I/VoiceInputManagerWrapper( 1219): VoiceInputManagerWrapper.shutdown():131 shutdown()
09-14 22:10:32.846 I/HardKeyTracker( 1219): HardKeyTracker.unregisterKeySequence():221 Unregister key sequence ndp{labelResId=2132020465, callback=gbl@33c2b1b, lastModifier=2, keyCodes=[62], actions=[0]}
09-14 22:10:32.847 W/ExtensionWrapper( 1219): ExtensionWrapper.setAllowUpdateNavigationBarStyle():818 class jpb is not activate
09-14 22:10:32.849 W/ExtensionWrapper( 1219): ExtensionWrapper.setAllowUpdateNavigationBarStyle():818 class jpb is not activate
09-14 22:10:32.849 I/AssistStructure(13479): Flattened final assist data: 5172 bytes, containing 1 windows, 29 views
09-14 22:10:32.850 D/AutofillSession(  533): createPendingIntent for request 19
09-14 22:10:32.850 D/ContentCapturePerUserService(  533): Notified activity assist data for activity: Token{3de94bb ActivityRecord{ab87dd8 u0 com.app.uprise.debug/com.app.uprise.MainActivity} t129}} without a session Id
09-14 22:10:32.851 W/RemoteInputConnectionImpl(13479): requestCursorAnchorInfo on inactive InputConnection
09-14 22:10:32.852 W/TooltipLifecycleManager( 1219): TooltipLifecycleManager.dismissTooltips():153 Tooltip with id spell_check_add_to_dictionary not found in tooltipManager.
09-14 22:10:32.853 I/InputBundle( 1219): InputBundle.consumeEvent():1005 Skip consuming an event as keyboard status is 0
09-14 22:10:32.855 I/AndroidIME( 1219): AbstractIme.onDeactivate():216 LatinIme.onDeactivate()
09-14 22:10:32.855 W/ModuleManager( 1219): ModuleManager.loadModule():567 Module nyz is not available
09-14 22:10:32.857 I/NebulaeTrainingCacheMetricsProcessor( 1219): NebulaeTrainingCacheMetricsProcessor.processEndSession():510 No input action collection in this session, skip logging.
09-14 22:10:32.857 I/GoogleInputMethodService( 1219): GoogleInputMethodService.onFinishInput():2054 
09-14 22:10:32.862 I/OnDeviceWmrCalculator( 1219): OnDeviceWmrCalculator.calculateWmr():94 WMR: 0.0000 (0 / 1)
09-14 22:10:32.862 I/Module  ( 1219): DeviceLockedStatusModuleProvider$Module.updateDeviceLockedStatus():100 repeatCheckTimes = 0, locked = false
09-14 22:10:32.864 W/TooltipLifecycleManager( 1219): TooltipLifecycleManager.dismissTooltips():153 Tooltip with id SUGGESTION_VIEW_EDU_MINI_DIALOG not found in tooltipManager.
09-14 22:10:32.864 I/DeviceIntelligenceExtension( 1219): DeviceIntelligenceExtension.getInlineSuggestionsRequest():257 Inline suggestions disabled in stylus mode or vertical PK/Voice toolbar
09-14 22:10:32.865 I/GoogleInputMethodService( 1219): GoogleInputMethodService.onStartInput():1315 onStartInput(EditorInfo{EditorInfo{packageName=com.app.uprise.debug, inputType=80081, inputTypeString=Password[NoSuggestion], enableLearning=false, autoCorrection=false, autoComplete=true, imeOptions=c000006, privateImeOptions=null, actionName=DONE, actionLabel=null, initialSelStart=0, initialSelEnd=0, initialCapsMode=0, label=null, fieldId=493, fieldName=null, extras=null, hintText=non-empty, hintLocales=[]}}, false)
09-14 22:10:32.865 I/HardKeyTracker( 1219): HardKeyTracker.unregisterKeySequence():221 Unregister key sequence ndp{labelResId=0, callback=gbl@2c80a05, lastModifier=0, keyCodes=[57, 57], actions=[1, 0]}
09-14 22:10:32.865 I/HardKeyTracker( 1219): HardKeyTracker.unregisterKeySequence():221 Unregister key sequence ndp{labelResId=0, callback=gbl@a3fe968, lastModifier=0, keyCodes=[58, 58], actions=[1, 0]}
09-14 22:10:32.865 I/Module  ( 1219): DeviceLockedStatusModuleProvider$Module.updateDeviceLockedStatus():100 repeatCheckTimes = 1, locked = false
09-14 22:10:32.866 D/CoreBackPreview(  533): Window{3918f81 u0 com.app.uprise.debug/com.app.uprise.MainActivity}: Setting back callback OnBackInvokedCallbackInfo{mCallback=android.window.IOnBackInvokedCallback$Stub$Proxy@52598da, mPriority=0}
09-14 22:10:32.866 I/GoogleInputMethodService( 1219): GoogleInputMethodService.onStartInputView():1408 onStartInputView(EditorInfo{EditorInfo{packageName=com.app.uprise.debug, inputType=80081, inputTypeString=Password[NoSuggestion], enableLearning=false, autoCorrection=false, autoComplete=true, imeOptions=c000006, privateImeOptions=null, actionName=DONE, actionLabel=null, initialSelStart=0, initialSelEnd=0, initialCapsMode=0, label=null, fieldId=493, fieldName=null, extras=null, hintText=non-empty, hintLocales=[]}}, false)
09-14 22:10:32.868 W/ModuleManager( 1219): ModuleManager.loadModule():567 Module nfr is not available
09-14 22:10:32.868 I/KeyboardHeightUtil( 1219): KeyboardHeightUtil.getOemKeyboardHeightRatio():108 systemKeyboardHeightRatio:1.000000.
09-14 22:10:32.872 I/AndroidIME( 1219): InputBundleManager.loadActiveInputBundleId():528 loadActiveInputBundleId: und-Latn-x-password, password
09-14 22:10:32.872 I/AndroidIME( 1219): AbstractIme.onActivate():96 PasswordIme.onActivate() : EditorInfo = EditorInfo{packageName=com.app.uprise.debug, inputType=80081, inputTypeString=Password[NoSuggestion], enableLearning=false, autoCorrection=false, autoComplete=true, imeOptions=c000006, privateImeOptions=null, actionName=DONE, actionLabel=null, initialSelStart=0, initialSelEnd=0, initialCapsMode=0, label=null, fieldId=493, fieldName=null, extras=null, hintText=non-empty, hintLocales=[]}, IncognitoMode = false, DeviceLocked = false
09-14 22:10:32.873 I/KeyboardWrapper( 1219): KeyboardWrapper.activateKeyboard():580 activateKeyboard(): type=accessory, status=0, imeDef=mib{stringId=password, language=und-Latn-x-password, languageTag=und-Latn-x-password, processedConditions={writing_helper_enable_by_word_revert=false, enable_access_points_in_password_number=true, variant=qwerty, true=true, language=en-US, enable_number_row=true, device=phone, enable_number_row_in_password=true, enable_pk_simulator=false}, className=com.google.android.libraries.inputmethod.ime.password.PasswordIme, label=2132019263, keyEventInterpreter=null, inlineComposing=true, autoCapital=true, announceAutoSelectedCandidate=true, statusIcon=0, indicatorIcon=0, indicatorLabel=null, displayAppCompletions=false, extraValues=mhu{}, processors=mjs@513e038, unacceptableMetaKeys=4098, languageSpecificSettings=0, asciiCapable=false, alwaysShowSuggestions=false, useAsciiPasswordKeyboard=false, keyboardGroupDef=mjb@b17b811, phenotypeFlagId=0, localizationLanguageTag=null, supportsInlineSuggestion=false}
09-14 22:10:32.873 I/KeyboardManager( 1219): KeyboardManager.requestKeyboard():248 Creating keyboard accessory, imeId=password, cacheKey=theme,!gsf,!pgsans,!pgsf,!use_system_font,BORDER,FLAVOR_DPI=XXHDPI,GOOGLE_ICONS,IS_LIGHT,KEYBOARD_WIDTH_CATEGORY=NORMAL,KEY_BORDER_SHAPE=1,LIGHT_THEME=true,PHYSICAL_DIAGONAL=5.9809904,POPUP,SCREEN_SHORTEST_WIDTH=411,SCREEN_SHORTEST_WIDTH_NO_SCALE=411,SW400DP,XXHDPI,bottom4dp,enable_google_fonts_icons=true,enable_popup_on_keypress=true,keyboard_redesign_google_sans=true,noshadow,overlay_builtin_dynamic_color_light_base.binarypb:gm3-light-fff6faff-ff00668b-56f817bf6f42ccf90a80ef5515de5bdc,silkpopup
09-14 22:10:32.875 I/KeyboardWrapper( 1219): KeyboardWrapper.onKeyboardReady():223 onKeyboardReady(): type=accessory(accessory), kb=com.google.android.libraries.inputmethod.keyboard.impl.Keyboard@d2dfd38
09-14 22:10:32.875 I/KeyboardWrapper( 1219): KeyboardWrapper.doActivateKeyboard():610 doActivateKeyboard(): accessory
09-14 22:10:32.875 W/Keyboard( 1219): Keyboard.getKeyboardViewHelper():591 null helper is returned: keyboardDef=miv{processedConditions={}, globalConditions={}, className=com.google.android.libraries.inputmethod.keyboard.impl.Keyboard, resourceIds=[#0x7f17004d], initialStates=0, keyboardViewDefs=[], persistentStates=0, persistentStatesPrefKey=null, popupBubbleLayoutId=0, recentKeyLayoutId=0, recentKeyPopupLayoutId=0, recentKeyType=null, rememberRecentKey=NONE, sessionStates=0}, type=HEADER, helpersCreated=[null, null, null, null], context.getResources().getConfiguration(): {1.0 310mcc260mnc [en_US] ldltr sw411dp w411dp h840dp 420dpi nrml long port finger qwerty/v/v dpad/v winConfig={ mBounds=Rect(0, 0 - 1080, 2400) mAppBounds=Rect(0, 132 - 1080, 2337) mMaxBounds=Rect(0, 0 - 1080, 2400) mDisplayRotation=ROTATION_0 mWindowingMode=fullscreen mDisplayWindowingMode=fullscreen mActivityType=undefined mAlwaysOnTop=undefined mRotation=ROTATION_0} as.3 s.72 fontWeightAdjustment=0}
09-14 22:10:32.875 W/Keyboard( 1219): Keyboard.getKeyboardViewHelper():591 null helper is returned: keyboardDef=miv{processedConditions={}, globalConditions={}, className=com.google.android.libraries.inputmethod.keyboard.impl.Keyboard, resourceIds=[#0x7f17004d], initialStates=0, keyboardViewDefs=[], persistentStates=0, persistentStatesPrefKey=null, popupBubbleLayoutId=0, recentKeyLayoutId=0, recentKeyPopupLayoutId=0, recentKeyType=null, rememberRecentKey=NONE, sessionStates=0}, type=BODY, helpersCreated=[null, null, null, null], context.getResources().getConfiguration(): {1.0 310mcc260mnc [en_US] ldltr sw411dp w411dp h840dp 420dpi nrml long port finger qwerty/v/v dpad/v winConfig={ mBounds=Rect(0, 0 - 1080, 2400) mAppBounds=Rect(0, 132 - 1080, 2337) mMaxBounds=Rect(0, 0 - 1080, 2400) mDisplayRotation=ROTATION_0 mWindowingMode=fullscreen mDisplayWindowingMode=fullscreen mActivityType=undefined mAlwaysOnTop=undefined mRotation=ROTATION_0} as.3 s.72 fontWeightAdjustment=0}
09-14 22:10:32.875 I/GlobeKeyExtension( 1219): GlobeKeyExtension.getKeyboardInitialStates():175 
09-14 22:10:32.876 W/Keyboard( 1219): Keyboard.getKeyboardViewHelper():591 null helper is returned: keyboardDef=miv{processedConditions={}, globalConditions={}, className=com.google.android.libraries.inputmethod.keyboard.impl.Keyboard, resourceIds=[#0x7f17004d], initialStates=0, keyboardViewDefs=[], persistentStates=0, persistentStatesPrefKey=null, popupBubbleLayoutId=0, recentKeyLayoutId=0, recentKeyPopupLayoutId=0, recentKeyType=null, rememberRecentKey=NONE, sessionStates=0}, type=HEADER, helpersCreated=[null, null, null, null], context.getResources().getConfiguration(): {1.0 310mcc260mnc [en_US] ldltr sw411dp w411dp h840dp 420dpi nrml long port finger qwerty/v/v dpad/v winConfig={ mBounds=Rect(0, 0 - 1080, 2400) mAppBounds=Rect(0, 132 - 1080, 2337) mMaxBounds=Rect(0, 0 - 1080, 2400) mDisplayRotation=ROTATION_0 mWindowingMode=fullscreen mDisplayWindowingMode=fullscreen mActivityType=undefined mAlwaysOnTop=undefined mRotation=ROTATION_0} as.3 s.72 fontWeightAdjustment=0}
09-14 22:10:32.876 W/Keyboard( 1219): Keyboard.getKeyboardViewHelper():591 null helper is returned: keyboardDef=miv{processedConditions={}, globalConditions={}, className=com.google.android.libraries.inputmethod.keyboard.impl.Keyboard, resourceIds=[#0x7f17004d], initialStates=0, keyboardViewDefs=[], persistentStates=0, persistentStatesPrefKey=null, popupBubbleLayoutId=0, recentKeyLayoutId=0, recentKeyPopupLayoutId=0, recentKeyType=null, rememberRecentKey=NONE, sessionStates=0}, type=BODY, helpersCreated=[null, null, null, null], context.getResources().getConfiguration(): {1.0 310mcc260mnc [en_US] ldltr sw411dp w411dp h840dp 420dpi nrml long port finger qwerty/v/v dpad/v winConfig={ mBounds=Rect(0, 0 - 1080, 2400) mAppBounds=Rect(0, 132 - 1080, 2337) mMaxBounds=Rect(0, 0 - 1080, 2400) mDisplayRotation=ROTATION_0 mWindowingMode=fullscreen mDisplayWindowingMode=fullscreen mActivityType=undefined mAlwaysOnTop=undefined mRotation=ROTATION_0} as.3 s.72 fontWeightAdjustment=0}
09-14 22:10:32.876 W/Keyboard( 1219): Keyboard.getKeyboardViewHelper():591 null helper is returned: keyboardDef=miv{processedConditions={}, globalConditions={}, className=com.google.android.libraries.inputmethod.keyboard.impl.Keyboard, resourceIds=[#0x7f17004d], initialStates=0, keyboardViewDefs=[], persistentStates=0, persistentStatesPrefKey=null, popupBubbleLayoutId=0, recentKeyLayoutId=0, recentKeyPopupLayoutId=0, recentKeyType=null, rememberRecentKey=NONE, sessionStates=0}, type=FLOATING_CANDIDATES, helpersCreated=[null, null, null, null], context.getResources().getConfiguration(): {1.0 310mcc260mnc [en_US] ldltr sw411dp w411dp h840dp 420dpi nrml long port finger qwerty/v/v dpad/v winConfig={ mBounds=Rect(0, 0 - 1080, 2400) mAppBounds=Rect(0, 132 - 1080, 2337) mMaxBounds=Rect(0, 0 - 1080, 2400) mDisplayRotation=ROTATION_0 mWindowingMode=fullscreen mDisplayWindowingMode=fullscreen mActivityType=undefined mAlwaysOnTop=undefined mRotation=ROTATION_0} as.3 s.72 fontWeightAdjustment=0}
09-14 22:10:32.876 W/Keyboard( 1219): Keyboard.getKeyboardViewHelper():591 null helper is returned: keyboardDef=miv{processedConditions={}, globalConditions={}, className=com.google.android.libraries.inputmethod.keyboard.impl.Keyboard, resourceIds=[#0x7f17004d], initialStates=0, keyboardViewDefs=[], persistentStates=0, persistentStatesPrefKey=null, popupBubbleLayoutId=0, recentKeyLayoutId=0, recentKeyPopupLayoutId=0, recentKeyType=null, rememberRecentKey=NONE, sessionStates=0}, type=WIDGET, helpersCreated=[null, null, null, null], context.getResources().getConfiguration(): {1.0 310mcc260mnc [en_US] ldltr sw411dp w411dp h840dp 420dpi nrml long port finger qwerty/v/v dpad/v winConfig={ mBounds=Rect(0, 0 - 1080, 2400) mAppBounds=Rect(0, 132 - 1080, 2337) mMaxBounds=Rect(0, 0 - 1080, 2400) mDisplayRotation=ROTATION_0 mWindowingMode=fullscreen mDisplayWindowingMode=fullscreen mActivityType=undefined mAlwaysOnTop=undefined mRotation=ROTATION_0} as.3 s.72 fontWeightAdjustment=0}
09-14 22:10:32.876 I/KeyboardManager( 1219): KeyboardManager.requestKeyboard():248 Creating keyboard accessory_candidates_consumer, imeId=password, cacheKey=theme,!gsf,!pgsans,!pgsf,!use_system_font,BORDER,FLAVOR_DPI=XXHDPI,GOOGLE_ICONS,IS_LIGHT,KEYBOARD_WIDTH_CATEGORY=NORMAL,KEY_BORDER_SHAPE=1,LIGHT_THEME=true,PHYSICAL_DIAGONAL=5.9809904,POPUP,SCREEN_SHORTEST_WIDTH=411,SCREEN_SHORTEST_WIDTH_NO_SCALE=411,SW400DP,XXHDPI,bottom4dp,enable_google_fonts_icons=true,enable_popup_on_keypress=true,keyboard_redesign_google_sans=true,noshadow,overlay_builtin_dynamic_color_light_base.binarypb:gm3-light-fff6faff-ff00668b-56f817bf6f42ccf90a80ef5515de5bdc,silkpopup
09-14 22:10:32.878 I/GlobeKeyExtension( 1219): GlobeKeyExtension.getKeyboardInitialStates():175 
09-14 22:10:32.879 W/Keyboard( 1219): Keyboard.getKeyboardViewHelper():591 null helper is returned: keyboardDef=miv{processedConditions={}, globalConditions={global_theme_key=theme,!gsf,!pgsans,!pgsf,!use_system_font,BORDER,FLAVOR_DPI=XXHDPI,GOOGLE_ICONS,IS_LIGHT,KEYBOARD_WIDTH_CATEGORY=NORMAL,KEY_BORDER_SHAPE=1,LIGHT_THEME=true,PHYSICAL_DIAGONAL=5.9809904,POPUP,SCREEN_SHORTEST_WIDTH=411,SCREEN_SHORTEST_WIDTH_NO_SCALE=411,SW400DP,XXHDPI,bottom4dp,enable_google_fonts_icons=true,enable_popup_on_keypress=true,keyboard_redesign_google_sans=true,noshadow,overlay_builtin_dynamic_color_light_base.binarypb:gm3-light-fff6faff-ff00668b-56f817bf6f42ccf90a80ef5515de5bdc,silkpopup, global_locale=en_US, global_density_dpi=420, global_orientation=1}, className=.latin.keyboard.AccessoryKeyboard, resourceIds=[#0x7f17004c], initialStates=0, keyboardViewDefs=[mjj{direction=null, id=#0x7f0b020d, isScalable=false, layoutId=#0x7f0e0032, type=FLOATING_CANDIDATES, touchable=true, defaultShow=false}], persistentStates=0, persistentStatesPrefKey=null, popupBubbleLayoutId=#0x7f0e05ed, recentKeyLayoutId=0, recentKeyPopupLayoutId=0, recentKeyType=null, rememberRecentKey=NONE, sessionStates=0}, type=HEADER, helpersCreated=[null, null, lvj@49f941a, null], context.getResources().getConfiguration(): {1.0 310mcc260mnc [en_US] ldltr sw411dp w411dp h840dp 420dpi nrml long port finger qwerty/v/v dpad/v winConfig={ mBounds=Rect(0, 0 - 1080, 2400) mAppBounds=Rect(0, 132 - 1080, 2337) mMaxBounds=Rect(0, 0 - 1080, 2400) mDisplayRotation=ROTATION_0 mWindowingMode=fullscreen mDisplayWindowingMode=fullscreen mActivityType=undefined mAlwaysOnTop=undefined mRotation=ROTATION_0} as.3 s.72 fontWeightAdjustment=0}
09-14 22:10:32.880 W/Keyboard( 1219): Keyboard.getKeyboardViewHelper():591 null helper is returned: keyboardDef=miv{processedConditions={}, globalConditions={global_theme_key=theme,!gsf,!pgsans,!pgsf,!use_system_font,BORDER,FLAVOR_DPI=XXHDPI,GOOGLE_ICONS,IS_LIGHT,KEYBOARD_WIDTH_CATEGORY=NORMAL,KEY_BORDER_SHAPE=1,LIGHT_THEME=true,PHYSICAL_DIAGONAL=5.9809904,POPUP,SCREEN_SHORTEST_WIDTH=411,SCREEN_SHORTEST_WIDTH_NO_SCALE=411,SW400DP,XXHDPI,bottom4dp,enable_google_fonts_icons=true,enable_popup_on_keypress=true,keyboard_redesign_google_sans=true,noshadow,overlay_builtin_dynamic_color_light_base.binarypb:gm3-light-fff6faff-ff00668b-56f817bf6f42ccf90a80ef5515de5bdc,silkpopup, global_locale=en_US, global_density_dpi=420, global_orientation=1}, className=.latin.keyboard.AccessoryKeyboard, resourceIds=[#0x7f17004c], initialStates=0, keyboardViewDefs=[mjj{direction=null, id=#0x7f0b020d, isScalable=false, layoutId=#0x7f0e0032, type=FLOATING_CANDIDATES, touchable=true, defaultShow=false}], persistentStates=0, persistentStatesPrefKey=null, popupBubbleLayoutId=#0x7f0e05ed, recentKeyLayoutId=0, recentKeyPopupLayoutId=0, recentKeyType=null, rememberRecentKey=NONE, sessionStates=0}, type=BODY, helpersCreated=[null, null, lvj@49f941a, null], context.getResources().getConfiguration(): {1.0 310mcc260mnc [en_US] ldltr sw411dp w411dp h840dp 420dpi nrml long port finger qwerty/v/v dpad/v winConfig={ mBounds=Rect(0, 0 - 1080, 2400) mAppBounds=Rect(0, 132 - 1080, 2337) mMaxBounds=Rect(0, 0 - 1080, 2400) mDisplayRotation=ROTATION_0 mWindowingMode=fullscreen mDisplayWindowingMode=fullscreen mActivityType=undefined mAlwaysOnTop=undefined mRotation=ROTATION_0} as.3 s.72 fontWeightAdjustment=0}
09-14 22:10:32.885 I/AndroidIME( 1219): InputBundleManager.startInput():358 startInput() with mjf[keyboardType=accessory, payload=null]
09-14 22:10:32.885 I/GlobeKeyExtension( 1219): GlobeKeyExtension.onActivate():120 
09-14 22:10:32.887 W/AutoPasteSuggestionHelper( 1219): AutoPasteSuggestionHelper.setMaxWidthOfChipTextView():1066 Failed to get the width of the proactive suggestion view holder in HEADER.
09-14 22:10:32.889 W/AutoPasteSuggestionHelper( 1219): AutoPasteSuggestionHelper.setMaxWidthOfChipTextView():1066 Failed to get the width of the proactive suggestion view holder in HEADER.
09-14 22:10:32.889 W/AutoPasteSuggestionHelper( 1219): AutoPasteSuggestionHelper.setMaxWidthOfChipTextView():1066 Failed to get the width of the proactive suggestion view holder in WIDGET.
09-14 22:10:32.891 I/ProactiveSuggestionsHolderManager( 1219): ProactiveSuggestionsHolderManager$2.display():216 Requesting to show proactive suggestions: CLIPBOARD PREEMPTIVE_WITH_SUPPRESSION in HEADER
09-14 22:10:32.892 I/ProactiveSuggestionsHolderManager( 1219): ProactiveSuggestionsHolderManager$2.display():228 suggestions CLIPBOARD are pending to show on HEADER
09-14 22:10:32.892 I/ProactiveSuggestionsHolderManager( 1219): ProactiveSuggestionsHolderManager$2.display():216 Requesting to show proactive suggestions: CLIPBOARD PREEMPTIVE_WITH_SUPPRESSION in WIDGET
09-14 22:10:32.892 I/ProactiveSuggestionsHolderManager( 1219): ProactiveSuggestionsHolderManager$2.display():228 suggestions CLIPBOARD are pending to show on WIDGET
09-14 22:10:32.894 I/NewLanguagePromptExtension( 1219): NewLanguagePromptExtension.onActivate():189 Not activated NewLanguagePromptExtension: not a normal text input box.
09-14 22:10:32.897 I/HardKeyTracker( 1219): HardKeyTracker.unregisterKeySequence():221 Unregister key sequence ndp{labelResId=2132020457, callback=cgn@72a47a, lastModifier=2, keyCodes=[56], actions=[0]}
09-14 22:10:32.897 I/HardKeyTracker( 1219): HardKeyTracker.registerKeySequence():170 Register key sequence ndp{labelResId=2132020457, callback=cgn@b552fb, lastModifier=2, keyCodes=[56], actions=[0]}
09-14 22:10:32.898 I/VoiceInputManagerWrapper( 1219): VoiceInputManagerWrapper.cancelShutdown():109 cancelShutdown()
09-14 22:10:32.898 I/VoiceInputManagerWrapper( 1219): VoiceInputManagerWrapper.syncLanguagePacks():121 syncLanguagePacks()
09-14 22:10:32.899 I/VoiceInputManager( 1219): VoiceInputManager.onKeyboardActivated():1120 onKeyboardActivated() [UD]
09-14 22:10:32.899 I/PkModeUpdater( 1219): PkModeUpdater.onActivate():74 onActivate true true
09-14 22:10:32.899 I/SpeechFactory( 1219): SpeechRecognitionFactory.maybeScheduleAutoPackDownloadForFallback():217 maybeScheduleAutoPackDownloadForFallback()
09-14 22:10:32.900 I/FallbackOnDeviceRecognitionProvider( 1219): FallbackOnDeviceRecognitionProvider.maybeScheduleAutoPackDownload():200 maybeScheduleAutoPackDownload() for language tag en-US
09-14 22:10:32.900 I/AccessoryInputModeManager( 1219): AccessoryInputModeManager.onModeStarted():317 Accessory input mode started: PK
09-14 22:10:32.901 W/ExtensionWrapper( 1219): ExtensionWrapper.setAllowUpdateNavigationBarStyle():818 class jpb is not activate
09-14 22:10:32.901 I/WidgetViewShowingController( 1219): WidgetViewShowingController.showWidgetKeyboardInternal():527 Show companion widget
09-14 22:10:32.904 W/ExtensionWrapper( 1219): ExtensionWrapper.setAllowUpdateNavigationBarStyle():818 class jpb is not activate
09-14 22:10:32.904 I/WidgetViewShowingPositionHandler( 1219): WidgetViewShowingPositionHandler.updateAvailableArea():194 update available area Rect(21, 153 - 1059, 2270)
09-14 22:10:32.905 I/HardKeyTracker( 1219): HardKeyTracker.registerKeySequence():170 Register key sequence ndp{labelResId=2132020465, callback=gbl@ed009a9, lastModifier=2, keyCodes=[62], actions=[0]}
09-14 22:10:32.905 I/KeyboardModeUtils( 1219): KeyboardModeUtils.getKeyboardBottomOffset():435 inch: 0.000000 ydpi: 420.000000 adjustKeyboardBottomByDisplaySize: false currentDensityDpi: 420 defaultDensityDpi: 420 keyboardBottomToScreenPx: 0 keyboardBottomToNavBarPx: -126 navBarHeight: 126
09-14 22:10:32.906 I/KeyboardHeightUtil( 1219): KeyboardHeightUtil.calculateMaxKeyboardBodyHeight():50 leave 281 height for app when ime window height:2142, header height:116 and isFullscreenMode:false, so the max keyboard body height is:1745
09-14 22:10:32.907 I/KeyboardHeightUtil( 1219): KeyboardHeightUtil.calculateMaxKeyboardBodyHeight():50 leave 281 height for app when ime window height:2142, header height:116 and isFullscreenMode:false, so the max keyboard body height is:1745
09-14 22:10:32.907 I/KeyboardHeightUtil( 1219): KeyboardHeightUtil.calculateMaxKeyboardBodyHeight():50 leave 281 height for app when ime window height:2142, header height:116 and isFullscreenMode:false, so the max keyboard body height is:1745
09-14 22:10:32.908 I/KeyboardHeightUtil( 1219): KeyboardHeightUtil.calculateMaxKeyboardBodyHeight():50 leave 281 height for app when ime window height:2142, header height:116 and isFullscreenMode:false, so the max keyboard body height is:1745
09-14 22:10:32.908 W/ExtensionWrapper( 1219): ExtensionWrapper.setExtensionViewVisibility():809 interface lyo is not activate
09-14 22:10:32.910 I/Module  ( 1219): DeviceLockedStatusModuleProvider$Module.updateDeviceLockedStatus():100 repeatCheckTimes = 1, locked = false
09-14 22:10:32.910 I/HardKeyTracker( 1219): HardKeyTracker.unregisterKeySequence():221 Unregister key sequence ndp{labelResId=2132020461, callback=cgn@9cb3fe1, lastModifier=2, keyCodes=[48], actions=[0]}
09-14 22:10:32.910 I/HardKeyTracker( 1219): HardKeyTracker.registerKeySequence():170 Register key sequence ndp{labelResId=2132020461, callback=cgn@5fcf0eb, lastModifier=2, keyCodes=[48], actions=[0]}
09-14 22:10:32.910 I/HardKeyTracker( 1219): HardKeyTracker.unregisterKeySequence():221 Unregister key sequence ndp{labelResId=2132020457, callback=cgn@4911792, lastModifier=2, keyCodes=[56], actions=[0]}
09-14 22:10:32.910 I/HardKeyTracker( 1219): HardKeyTracker.registerKeySequence():170 Register key sequence ndp{labelResId=2132020457, callback=cgn@b7d16f4, lastModifier=2, keyCodes=[56], actions=[0]}
09-14 22:10:32.910 I/HardKeyTracker( 1219): HardKeyTracker.unregisterKeySequence():221 Unregister key sequence ndp{labelResId=2132020461, callback=cgn@bb044bf, lastModifier=2, keyCodes=[48], actions=[0]}
09-14 22:10:32.910 I/HardKeyTracker( 1219): HardKeyTracker.registerKeySequence():170 Register key sequence ndp{labelResId=2132020461, callback=cgn@461af19, lastModifier=2, keyCodes=[48], actions=[0]}
09-14 22:10:32.910 I/CurrentMicStatusHolder( 1219): CurrentMicStatusHolder.onStartInputView():81 Current Mic status = {MicIconHidden-PasswordOrNumberOrDateInputType,}
09-14 22:10:32.911 I/HardKeyTracker( 1219): HardKeyTracker.unregisterKeySequence():221 Unregister key sequence ndp{labelResId=2132020462, callback=cgn@b1fb078, lastModifier=2, keyCodes=[32], actions=[0]}
09-14 22:10:32.911 I/HardKeyTracker( 1219): HardKeyTracker.registerKeySequence():170 Register key sequence ndp{labelResId=2132020462, callback=cgn@3e957ea, lastModifier=2, keyCodes=[32], actions=[0]}
09-14 22:10:32.911 I/HardKeyTracker( 1219): HardKeyTracker.unregisterKeySequence():221 Unregister key sequence ndp{labelResId=2132020462, callback=cgn@151638d, lastModifier=2, keyCodes=[32], actions=[0]}
09-14 22:10:32.911 I/HardKeyTracker( 1219): HardKeyTracker.registerKeySequence():170 Register key sequence ndp{labelResId=2132020462, callback=cgn@52859b7, lastModifier=2, keyCodes=[32], actions=[0]}
09-14 22:10:32.911 I/HardKeyTracker( 1219): HardKeyTracker.unregisterKeySequence():221 Unregister key sequence ndp{labelResId=2132020462, callback=cgn@cbbf78e, lastModifier=2, keyCodes=[32], actions=[0]}
09-14 22:10:32.911 I/HardKeyTracker( 1219): HardKeyTracker.registerKeySequence():170 Register key sequence ndp{labelResId=2132020462, callback=cgn@a9a6f90, lastModifier=2, keyCodes=[32], actions=[0]}
09-14 22:10:32.912 I/WindowMetricsNotification( 1219): WindowMetricsNotification.notifyWithWindow():166 
09-14 22:10:32.912 I/WindowMetricsNotification( 1219): WindowMetricsNotification.notify():159 pct[bounds=Rect(0, 132 - 1080, 2400), insets=Rect(0, 0 - 0, 126), densityDpi=420, smallestScreenWidthDp=411, displayWidth=1080, displayHeight=2400, xdpi=420.0, ydpi=420.0, isTrustable=true, displayId=0]; DisplayMetrics{density=2.625, width=1080, height=2400, scaledDensity=2.625, xdpi=420.0, ydpi=420.0}
09-14 22:10:32.913 D/CoreBackPreview(  533): Window{3918f81 u0 com.app.uprise.debug/com.app.uprise.MainActivity}: Setting back callback OnBackInvokedCallbackInfo{mCallback=android.window.IOnBackInvokedCallback$Stub$Proxy@5d468a6, mPriority=0}
09-14 22:10:32.914 D/EGL_emulation( 1219): app_time_stats: avg=5920.64ms min=12.18ms max=29511.12ms count=5
09-14 22:10:32.916 I/GoogleInputMethodService( 1219): GoogleInputMethodService$1.onKeyboardViewShown():321 onKeyboardViewShown: keyboardType=accessory, keyboardViewType=HEADER keyboardView=null
09-14 22:10:32.916 W/Keyboard( 1219): Keyboard.getKeyboardViewHelper():591 null helper is returned: keyboardDef=miv{processedConditions={}, globalConditions={}, className=com.google.android.libraries.inputmethod.keyboard.impl.Keyboard, resourceIds=[#0x7f17004d], initialStates=0, keyboardViewDefs=[], persistentStates=0, persistentStatesPrefKey=null, popupBubbleLayoutId=0, recentKeyLayoutId=0, recentKeyPopupLayoutId=0, recentKeyType=null, rememberRecentKey=NONE, sessionStates=0}, type=BODY, helpersCreated=[null, null, null, null], context.getResources().getConfiguration(): {1.0 310mcc260mnc [en_US] ldltr sw411dp w411dp h840dp 420dpi nrml long port finger qwerty/v/v dpad/v winConfig={ mBounds=Rect(0, 0 - 1080, 2400) mAppBounds=Rect(0, 132 - 1080, 2337) mMaxBounds=Rect(0, 0 - 1080, 2400) mDisplayRotation=ROTATION_0 mWindowingMode=fullscreen mDisplayWindowingMode=fullscreen mActivityType=undefined mAlwaysOnTop=undefined mRotation=ROTATION_0} as.3 s.72 fontWeightAdjustment=0}
09-14 22:10:32.916 I/GoogleInputMethodService( 1219): GoogleInputMethodService$1.onKeyboardViewShown():321 onKeyboardViewShown: keyboardType=accessory, keyboardViewType=BODY keyboardView=null
09-14 22:10:32.916 W/Keyboard( 1219): Keyboard.getKeyboardViewHelper():591 null helper is returned: keyboardDef=miv{processedConditions={}, globalConditions={}, className=com.google.android.libraries.inputmethod.keyboard.impl.Keyboard, resourceIds=[#0x7f17004d], initialStates=0, keyboardViewDefs=[], persistentStates=0, persistentStatesPrefKey=null, popupBubbleLayoutId=0, recentKeyLayoutId=0, recentKeyPopupLayoutId=0, recentKeyType=null, rememberRecentKey=NONE, sessionStates=0}, type=BODY, helpersCreated=[null, null, null, null], context.getResources().getConfiguration(): {1.0 310mcc260mnc [en_US] ldltr sw411dp w411dp h840dp 420dpi nrml long port finger qwerty/v/v dpad/v winConfig={ mBounds=Rect(0, 0 - 1080, 2400) mAppBounds=Rect(0, 132 - 1080, 2337) mMaxBounds=Rect(0, 0 - 1080, 2400) mDisplayRotation=ROTATION_0 mWindowingMode=fullscreen mDisplayWindowingMode=fullscreen mActivityType=undefined mAlwaysOnTop=undefined mRotation=ROTATION_0} as.3 s.72 fontWeightAdjustment=0}
09-14 22:10:32.916 D/InsetsController(13479): show(ime(), fromIme=true)
09-14 22:10:32.918 D/BoundBrokerSvc( 1318): onBind: Intent { act=com.google.android.mdd.service.START dat=chimera-action:/... cmp=com.google.android.gms/.chimera.GmsBoundBrokerService }
09-14 22:10:32.918 D/BoundBrokerSvc( 1318): Loading bound service for intent: Intent { act=com.google.android.mdd.service.START dat=chimera-action:/... cmp=com.google.android.gms/.chimera.GmsBoundBrokerService }
