09-14 21:31:05.944 D/WifiNetworkFactory(  533): got request NetworkRequest [ REQUEST id=419, [ Capabilities: INTERNET&NOT_RESTRICTED&TRUSTED&NOT_VCN_MANAGED Uid: 10139 RequestorUid: 10139 RequestorPkg: com.google.android.calendar UnderlyingNetworks: Null] ]
09-14 21:31:05.945 D/UntrustedWifiNetworkFactory(  533): got request NetworkRequest [ REQUEST id=419, [ Capabilities: INTERNET&NOT_RESTRICTED&TRUSTED&NOT_VCN_MANAGED Uid: 10139 RequestorUid: 10139 RequestorPkg: com.google.android.calendar UnderlyingNetworks: Null] ]
09-14 21:31:05.945 D/OemPaidWifiNetworkFactory(  533): got request NetworkRequest [ REQUEST id=419, [ Capabilities: INTERNET&NOT_RESTRICTED&TRUSTED&NOT_VCN_MANAGED Uid: 10139 RequestorUid: 10139 RequestorPkg: com.google.android.calendar UnderlyingNetworks: Null] ]
09-14 21:31:05.945 D/MultiInternetWifiNetworkFactory(  533): got request NetworkRequest [ REQUEST id=419, [ Capabilities: INTERNET&NOT_RESTRICTED&TRUSTED&NOT_VCN_MANAGED Uid: 10139 RequestorUid: 10139 RequestorPkg: com.google.android.calendar UnderlyingNetworks: Null] ]
09-14 21:31:05.968 I/GooglePartnerSetup(11024): Phenotype client.register successes
09-14 21:31:05.988 D/CompatibilityChangeReporter(  533): Compat change id reported: 135634846; UID 10084; state: DISABLED
09-14 21:31:05.988 D/CompatibilityChangeReporter(  533): Compat change id reported: 177438394; UID 10084; state: DISABLED
09-14 21:31:05.989 D/CompatibilityChangeReporter(  533): Compat change id reported: 135772972; UID 10084; state: DISABLED
09-14 21:31:05.989 D/CompatibilityChangeReporter(  533): Compat change id reported: 135754954; UID 10084; state: ENABLED
09-14 21:31:05.991 D/CompatibilityChangeReporter(  533): Compat change id reported: 143937733; UID 10084; state: ENABLED
09-14 21:31:06.006 D/Zygote  (  301): Forked child process 11123
09-14 21:31:06.009 I/ActivityManager(  533): Start proc 11123:com.android.providers.calendar/u0a84 for content provider {com.android.providers.calendar/com.android.providers.calendar.CalendarProvider2}
09-14 21:31:06.011 D/nativeloader(11020): Load /data/app/~~tiCGueac65PrhlNRSEKkpg==/com.google.android.calendar-Qp1zfHfHMU0IAskDXdkChg==/split_config.x86_64.apk!/lib/x86_64/libnative_crash_handler_jni.so using class loader ns clns-7 (caller=/data/app/~~tiCGueac65PrhlNRSEKkpg==/com.google.android.calendar-Qp1zfHfHMU0IAskDXdkChg==/base.apk!classes2.dex): ok
09-14 21:31:06.024 D/CompatibilityChangeReporter(11065): Compat change id reported: 183155436; UID 10134; state: ENABLED
09-14 21:31:06.036 I/viders.calendar(11123): Using CollectorTypeCMC GC.
09-14 21:31:06.037 W/viders.calendar(11123): Unexpected CPU variant for x86: x86_64.
09-14 21:31:06.037 W/viders.calendar(11123): Known variants: atom, sandybridge, silvermont, goldmont, goldmont-plus, goldmont-without-sha-xsaves, tremont, kabylake, alderlake, default
09-14 21:31:06.044 E/viders.calendar(11123): Not starting debugger since process cannot load the jdwp agent.
09-14 21:31:06.051 D/nativeloader(11123): Load libframework-connectivity-tiramisu-jni.so using APEX ns com_android_tethering for caller /apex/com.android.tethering/javalib/framework-connectivity-t.jar: ok
09-14 21:31:06.052 W/ndroid.systemui(  748): Suspending all threads took: 6.623ms
09-14 21:31:06.057 D/CompatibilityChangeReporter(  533): Compat change id reported: 168419799; UID 10084; state: DISABLED
09-14 21:31:06.059 D/CompatibilityChangeReporter(  533): Compat change id reported: 273564678; UID 10084; state: DISABLED
09-14 21:31:06.084 I/ndroid.systemui(  748): Background concurrent mark compact GC freed 13MB AllocSpace bytes, 1(20KB) LOS objects, 49% free, 13MB/27MB, paused 7.402ms,5.667ms total 77.598ms
09-14 21:31:06.095 W/droid.apps.docs(11065): Method void qbs.c(android.app.Activity) failed lock verification and will run slower.
09-14 21:31:06.095 W/droid.apps.docs(11065): Common causes for lock verification issues are non-optimized dex code
09-14 21:31:06.095 W/droid.apps.docs(11065): and incorrect proguard optimizations.
09-14 21:31:06.100 D/CompatibilityChangeReporter(  533): Compat change id reported: 201794303; UID 10139; state: ENABLED
09-14 21:31:06.100 D/CompatibilityChangeReporter(11123): Compat change id reported: 171979766; UID 10084; state: ENABLED
09-14 21:31:06.157 D/nativeloader(11065): Load /data/app/~~QujvMUFpHuiZbYUK1KZywA==/com.google.android.apps.docs-NlPyeK29JP34WhZXYL3rwg==/split_config.x86_64.apk!/lib/x86_64/libnative_crash_handler_jni.so using class loader ns clns-7 (caller=/data/app/~~QujvMUFpHuiZbYUK1KZywA==/com.google.android.apps.docs-NlPyeK29JP34WhZXYL3rwg==/base.apk!classes2.dex): ok
09-14 21:31:06.167 W/CacheStorage(11065): cache doesn't exist
09-14 21:31:06.180 D/CompatibilityChangeReporter(  533): Compat change id reported: 201794303; UID 10134; state: ENABLED
09-14 21:31:06.183 W/Looper  (  533): Slow dispatch took 106ms main h=com.android.server.job.JobSchedulerService$JobHandler c=null m=0
09-14 21:31:06.198 E/DocsApplication(11065): from onCreate Completable for sending summary about blocked SyncRequests
09-14 21:31:06.198 E/DocsApplication(11065): java.lang.IllegalStateException
09-14 21:31:06.198 E/DocsApplication(11065): 	at gmq.i(PG:64)
09-14 21:31:06.198 E/DocsApplication(11065): 	at fzo.lambda$onCreate$2(PG:281)
09-14 21:31:06.198 E/DocsApplication(11065): 	at fzo.$r8$lambda$M-tqsz8QJK2QrqieVTlg-c3Lhbo(PG:1)
09-14 21:31:06.198 E/DocsApplication(11065): 	at fly$2.run(PG:12)
09-14 21:31:06.198 E/DocsApplication(11065): 	at yqi.d(PG:13)
09-14 21:31:06.198 E/DocsApplication(11065): 	at ynw.e(PG:3)
09-14 21:31:06.198 E/DocsApplication(11065): 	at yqq$a.run(PG:3)
09-14 21:31:06.198 E/DocsApplication(11065): 	at yog$a.run(PG:10)
09-14 21:31:06.198 E/DocsApplication(11065): 	at yuf.run(PG:14)
09-14 21:31:06.198 E/DocsApplication(11065): 	at yuf.call(PG:1)
09-14 21:31:06.198 E/DocsApplication(11065): 	at java.util.concurrent.FutureTask.run(FutureTask.java:317)
09-14 21:31:06.198 E/DocsApplication(11065): 	at java.util.concurrent.ScheduledThreadPoolExecutor$ScheduledFutureTask.run(ScheduledThreadPoolExecutor.java:348)
09-14 21:31:06.198 E/DocsApplication(11065): 	at java.util.concurrent.ThreadPoolExecutor.runWorker(ThreadPoolExecutor.java:1156)
09-14 21:31:06.198 E/DocsApplication(11065): 	at java.util.concurrent.ThreadPoolExecutor$Worker.run(ThreadPoolExecutor.java:651)
09-14 21:31:06.198 E/DocsApplication(11065): 	at java.lang.Thread.run(Thread.java:1119)
09-14 21:31:06.219 D/ConnectivityService(  533): requestNetwork for uid/pid:10134/11065 activeRequest: null callbackRequest: 420 [NetworkRequest [ REQUEST id=421, [ Capabilities: INTERNET&NOT_RESTRICTED&TRUSTED&NOT_VCN_MANAGED Uid: 10134 RequestorUid: 10134 RequestorPkg: com.google.android.apps.docs UnderlyingNetworks: Null] ]] callback flags: 0 order: 2147483647 isUidTracked: false declaredMethods: AVAIL|LOST|UNAVAIL|NC
09-14 21:31:06.220 D/ConnectivityService(  533): NetReassign [421 : null  100] [c 0] [a 0] [i 1]
09-14 21:31:06.221 D/WifiNetworkFactory(  533): got request NetworkRequest [ REQUEST id=421, [ Capabilities: INTERNET&NOT_RESTRICTED&TRUSTED&NOT_VCN_MANAGED Uid: 10134 RequestorUid: 10134 RequestorPkg: com.google.android.apps.docs UnderlyingNetworks: Null] ]
09-14 21:31:06.221 D/UntrustedWifiNetworkFactory(  533): got request NetworkRequest [ REQUEST id=421, [ Capabilities: INTERNET&NOT_RESTRICTED&TRUSTED&NOT_VCN_MANAGED Uid: 10134 RequestorUid: 10134 RequestorPkg: com.google.android.apps.docs UnderlyingNetworks: Null] ]
09-14 21:31:06.221 D/OemPaidWifiNetworkFactory(  533): got request NetworkRequest [ REQUEST id=421, [ Capabilities: INTERNET&NOT_RESTRICTED&TRUSTED&NOT_VCN_MANAGED Uid: 10134 RequestorUid: 10134 RequestorPkg: com.google.android.apps.docs UnderlyingNetworks: Null] ]
09-14 21:31:06.221 D/MultiInternetWifiNetworkFactory(  533): got request NetworkRequest [ REQUEST id=421, [ Capabilities: INTERNET&NOT_RESTRICTED&TRUSTED&NOT_VCN_MANAGED Uid: 10134 RequestorUid: 10134 RequestorPkg: com.google.android.apps.docs UnderlyingNetworks: Null] ]
09-14 21:31:06.222 D/CompatibilityChangeReporter(  533): Compat change id reported: 74210811; UID 10134; state: ENABLED
09-14 21:31:06.240 I/GooglePartnerSetup(11024): Phenotype commit successes
09-14 21:31:06.257 I/fnit    ( 9630): Unable to retrieve flag snapshot for com.google.android.gms.providerinstaller#com.google.android.apps.messaging, using defaults.
09-14 21:31:06.261 D/nativeloader(11123): Configuring clns-shared-4 for other apk /system/priv-app/CalendarProvider/CalendarProvider.apk. target_sdk_version=33, uses_libraries=, library_path=/system/priv-app/CalendarProvider/lib/x86_64:/system/lib64:/system_ext/lib64, permitted_path=/data:/mnt/expand:/data/user/0/com.android.providers.calendar:/system/priv-app/CalendarProvider:/system/lib64:/system_ext/lib64
09-14 21:31:06.277 D/nativeloader( 9630): Load /data/app/~~Sl8cJyIwQNJAwFN8b0T5Gw==/com.google.android.gms-jPsbaOT9rUfe5QPYk1fEMA==/base.apk!/lib/x86_64/libconscrypt_gmscore_jni.so using class loader ns clns-10 (caller=/data/app/~~Sl8cJyIwQNJAwFN8b0T5Gw==/com.google.android.gms-jPsbaOT9rUfe5QPYk1fEMA==/base.apk): ok
09-14 21:31:06.279 V/NativeCrypto( 9630): Registering com/google/android/gms/org/conscrypt/NativeCrypto's 319 native methods...
09-14 21:31:06.307 I/ProviderInstaller( 9630): Installed default security provider GmsCore_OpenSSL
09-14 21:31:06.315 I/.apps.messaging( 9630): Waiting for a blocking GC ClassLinker
09-14 21:31:06.338 I/FontLog ( 1176): (REDACTED) Received query %s, URI %s
09-14 21:31:06.351 I/FontLog ( 1176): (REDACTED) Query [%s] resolved to %s
09-14 21:31:06.389 E/AppOps  (  533): Bad call made by uid 10120. Package "com.google.android.gms" does not belong to uid 10117.
09-14 21:31:06.407 D/BoundBrokerSvc( 1318): onBind: Intent { act=com.google.android.gms.inappreach.service.START dat=chimera-action:/... cmp=com.google.android.gms/.chimera.GmsApiService }
09-14 21:31:06.407 D/BoundBrokerSvc( 1318): Loading bound service for intent: Intent { act=com.google.android.gms.inappreach.service.START dat=chimera-action:/... cmp=com.google.android.gms/.chimera.GmsApiService }
09-14 21:31:06.408 D/nativeloader(11123): Load libframework-connectivity-jni.so using APEX ns com_android_tethering for caller /apex/com.android.tethering/javalib/framework-connectivity.jar: ok
09-14 21:31:06.421 E/GoogleApiManager( 9630): Failed to get service from broker. 
09-14 21:31:06.421 E/GoogleApiManager( 9630): java.lang.SecurityException: Unknown calling package name 'com.google.android.gms'.
09-14 21:31:06.421 E/GoogleApiManager( 9630): 	at android.os.Parcel.createExceptionOrNull(Parcel.java:3011)
09-14 21:31:06.421 E/GoogleApiManager( 9630): 	at android.os.Parcel.createException(Parcel.java:2995)
09-14 21:31:06.421 E/GoogleApiManager( 9630): 	at android.os.Parcel.readException(Parcel.java:2978)
09-14 21:31:06.421 E/GoogleApiManager( 9630): 	at android.os.Parcel.readException(Parcel.java:2920)
09-14 21:31:06.421 E/GoogleApiManager( 9630): 	at azze.a(:com.google.android.gms@253133032@25.31.33 (190800-795226510):36)
09-14 21:31:06.421 E/GoogleApiManager( 9630): 	at azxl.z(:com.google.android.gms@253133032@25.31.33 (190800-795226510):143)
09-14 21:31:06.421 E/GoogleApiManager( 9630): 	at azeh.run(:com.google.android.gms@253133032@25.31.33 (190800-795226510):42)
09-14 21:31:06.421 E/GoogleApiManager( 9630): 	at android.os.Handler.handleCallback(Handler.java:942)
09-14 21:31:06.421 E/GoogleApiManager( 9630): 	at android.os.Handler.dispatchMessage(Handler.java:99)
09-14 21:31:06.421 E/GoogleApiManager( 9630): 	at ckhm.mH(:com.google.android.gms@253133032@25.31.33 (190800-795226510):1)
09-14 21:31:06.421 E/GoogleApiManager( 9630): 	at ckhm.dispatchMessage(:com.google.android.gms@253133032@25.31.33 (190800-795226510):5)
09-14 21:31:06.421 E/GoogleApiManager( 9630): 	at android.os.Looper.loopOnce(Looper.java:201)
09-14 21:31:06.421 E/GoogleApiManager( 9630): 	at android.os.Looper.loop(Looper.java:288)
09-14 21:31:06.421 E/GoogleApiManager( 9630): 	at android.os.HandlerThread.run(HandlerThread.java:67)
09-14 21:31:06.479 W/FlagRegistrar( 9630): Failed to register com.google.android.gms.providerinstaller#com.google.android.apps.messaging
09-14 21:31:06.479 W/FlagRegistrar( 9630): fnjf: 17: 17: API: Phenotype.API is not available on this device. Connection failed with: ConnectionResult{statusCode=DEVELOPER_ERROR, resolution=null, message=null}
09-14 21:31:06.479 W/FlagRegistrar( 9630): 	at fnjh.a(:com.google.android.gms@253133032@25.31.33 (190800-795226510):13)
09-14 21:31:06.479 W/FlagRegistrar( 9630): 	at gjqx.d(:com.google.android.gms@253133032@25.31.33 (190800-795226510):3)
09-14 21:31:06.479 W/FlagRegistrar( 9630): 	at gjqz.run(:com.google.android.gms@253133032@25.31.33 (190800-795226510):130)
09-14 21:31:06.479 W/FlagRegistrar( 9630): 	at gjtg.execute(:com.google.android.gms@253133032@25.31.33 (190800-795226510):1)
09-14 21:31:06.479 W/FlagRegistrar( 9630): 	at gjrh.f(:com.google.android.gms@253133032@25.31.33 (190800-795226510):1)
09-14 21:31:06.479 W/FlagRegistrar( 9630): 	at gjrh.m(:com.google.android.gms@253133032@25.31.33 (190800-795226510):99)
09-14 21:31:06.479 W/FlagRegistrar( 9630): 	at gjrh.r(:com.google.android.gms@253133032@25.31.33 (190800-795226510):17)
09-14 21:31:06.479 W/FlagRegistrar( 9630): 	at ffrn.hM(:com.google.android.gms@253133032@25.31.33 (190800-795226510):35)
09-14 21:31:06.479 W/FlagRegistrar( 9630): 	at ettw.run(:com.google.android.gms@253133032@25.31.33 (190800-795226510):12)
09-14 21:31:06.479 W/FlagRegistrar( 9630): 	at gjtg.execute(:com.google.android.gms@253133032@25.31.33 (190800-795226510):1)
09-14 21:31:06.479 W/FlagRegistrar( 9630): 	at ettx.b(:com.google.android.gms@253133032@25.31.33 (190800-795226510):18)
09-14 21:31:06.479 W/FlagRegistrar( 9630): 	at etum.b(:com.google.android.gms@253133032@25.31.33 (190800-795226510):36)
09-14 21:31:06.479 W/FlagRegistrar( 9630): 	at etuo.d(:com.google.android.gms@253133032@25.31.33 (190800-795226510):25)
09-14 21:31:06.479 W/FlagRegistrar( 9630): 	at azbq.c(:com.google.android.gms@253133032@25.31.33 (190800-795226510):9)
09-14 21:31:06.479 W/FlagRegistrar( 9630): 	at azef.q(:com.google.android.gms@253133032@25.31.33 (190800-795226510):48)
09-14 21:31:06.479 W/FlagRegistrar( 9630): 	at azef.d(:com.google.android.gms@253133032@25.31.33 (190800-795226510):10)
09-14 21:31:06.479 W/FlagRegistrar( 9630): 	at azef.g(:com.google.android.gms@253133032@25.31.33 (190800-795226510):185)
09-14 21:31:06.479 W/FlagRegistrar( 9630): 	at azef.onConnectionFailed(:com.google.android.gms@253133032@25.31.33 (190800-795226510):2)
09-14 21:31:06.479 W/FlagRegistrar( 9630): 	at azeh.run(:com.google.android.gms@253133032@25.31.33 (190800-795226510):70)
09-14 21:31:06.479 W/FlagRegistrar( 9630): 	at android.os.Handler.handleCallback(Handler.java:942)
09-14 21:31:06.479 W/FlagRegistrar( 9630): 	at android.os.Handler.dispatchMessage(Handler.java:99)
09-14 21:31:06.479 W/FlagRegistrar( 9630): 	at ckhm.mH(:com.google.android.gms@253133032@25.31.33 (190800-795226510):1)
09-14 21:31:06.479 W/FlagRegistrar( 9630): 	at ckhm.dispatchMessage(:com.google.android.gms@253133032@25.31.33 (190800-795226510):5)
09-14 21:31:06.479 W/FlagRegistrar( 9630): 	at android.os.Looper.loopOnce(Looper.java:201)
09-14 21:31:06.479 W/FlagRegistrar( 9630): 	at android.os.Looper.loop(Looper.java:288)
09-14 21:31:06.479 W/FlagRegistrar( 9630): 	at android.os.HandlerThread.run(HandlerThread.java:67)
09-14 21:31:06.479 W/FlagRegistrar( 9630): Caused by: azae: 17: API: Phenotype.API is not available on this device. Connection failed with: ConnectionResult{statusCode=DEVELOPER_ERROR, resolution=null, message=null}
09-14 21:31:06.479 W/FlagRegistrar( 9630): 	at azwx.a(:com.google.android.gms@253133032@25.31.33 (190800-795226510):15)
09-14 21:31:06.479 W/FlagRegistrar( 9630): 	at azbt.a(:com.google.android.gms@253133032@25.31.33 (190800-795226510):1)
09-14 21:31:06.479 W/FlagRegistrar( 9630): 	at azbq.c(:com.google.android.gms@253133032@25.31.33 (190800-795226510):5)
09-14 21:31:06.479 W/FlagRegistrar( 9630): 	... 12 more
09-14 21:31:06.485 I/.apps.messaging( 9630): WaitForGcToComplete blocked ClassLinker on Background for 170.595ms
09-14 21:31:06.495 D/BoundBrokerSvc( 1318): onBind: Intent { act=com.google.android.gms.auth.blockstore.service.START dat=chimera-action:/... cmp=com.google.android.gms/.chimera.GmsApiService }
09-14 21:31:06.495 D/BoundBrokerSvc( 1318): Loading bound service for intent: Intent { act=com.google.android.gms.auth.blockstore.service.START dat=chimera-action:/... cmp=com.google.android.gms/.chimera.GmsApiService }
09-14 21:31:06.511 I/FontLog ( 1176): (REDACTED) Fetch %s end status %s
09-14 21:31:06.519 I/FontLog ( 1176): (REDACTED) Pulling font file for id = %d, cache size = %d
09-14 21:31:06.526 V/GraphicsEnvironment(11123): ANGLE Developer option for 'com.android.providers.calendar' set to: 'default'
09-14 21:31:06.531 V/GraphicsEnvironment(11123): ANGLE GameManagerService for com.android.providers.calendar: false
09-14 21:31:06.531 V/GraphicsEnvironment(11123): Neither updatable production driver nor prerelease driver is supported.
09-14 21:31:06.544 D/NetworkSecurityConfig(11123): No Network Security Config specified, using platform default
09-14 21:31:06.544 D/NetworkSecurityConfig(11123): No Network Security Config specified, using platform default
09-14 21:31:06.546 I/FontLog ( 1176): (REDACTED) Pulling font file for id = %d, cache size = %d
09-14 21:31:06.607 W/AndroidLoggerBackend(11020): AndroidLoggerBackend configured with enableAndroidLogger:false; no logs will be emitted.
09-14 21:31:06.625 D/nativeloader(11065): Load /data/app/~~QujvMUFpHuiZbYUK1KZywA==/com.google.android.apps.docs-NlPyeK29JP34WhZXYL3rwg==/split_config.x86_64.apk!/lib/x86_64/libcello_native.so using class loader ns clns-7 (caller=/data/app/~~QujvMUFpHuiZbYUK1KZywA==/com.google.android.apps.docs-NlPyeK29JP34WhZXYL3rwg==/base.apk!classes2.dex): ok
09-14 21:31:06.706 I/Cello   (11065): [11200:NonCelloThread] cello.cc:646:operator() got notified of network change to online
09-14 21:31:06.719 W/Looper  (  533): Slow dispatch took 295ms main h=com.android.server.job.JobSchedulerService$JobHandler c=null m=0
09-14 21:31:06.729 D/CompatibilityChangeReporter(11065): Compat change id reported: 288912692; UID 10134; state: ENABLED
09-14 21:31:06.733 D/CompatibilityChangeReporter(  533): Compat change id reported: 218533173; UID 10134; state: ENABLED
09-14 21:31:06.734 D/CompatibilityChangeReporter(  533): Compat change id reported: 161145287; UID 10084; state: DISABLED
09-14 21:31:06.735 I/CalendarProvider2(11123): Created com.android.providers.calendar.CalendarAlarmManager@4e35771(com.android.providers.calendar.CalendarProvider2@bd6d956)
09-14 21:31:06.736 I/Cello   (11065): [11200:NonCelloThread] content_cache.cc:287:Initialize Content cache capacity (bytes): 107373568
09-14 21:31:06.737 I/Cello   (11065): [11200:NonCelloThread] content_cache.cc:303:Initialize Sparse files supported: true
09-14 21:31:06.744 I/Cello   (11065): [11200:NonCelloThread] content_cache.cc:390:InitializeOnIOThread Created new content cache dir [/data/user/0/com.google.android.apps.docs/app_cello/bariseman@gmail.com/content]
09-14 21:31:06.746 I/Cello   (11065): [11200:NonCelloThread] content_cache.cc:425:InitializeOnIOThread Cache index at: /data/user/0/com.google.android.apps.docs/app_cello/bariseman@gmail.com/content/chunks.db
09-14 21:31:06.761 W/Looper  (  533): Slow delivery took 347ms main h=com.android.server.alarm.AlarmManagerService$AlarmHandler c=null m=4
09-14 21:31:06.765 I/GmsCoreXrpcWrapper( 1176): (REDACTED) Returning a channel provider with trafficStatsTag=%d trafficStatsUid=%d
09-14 21:31:06.766 I/GmsCoreXrpcWrapper( 1176): (REDACTED) Returning a channel provider with trafficStatsTag=%d trafficStatsUid=%d
09-14 21:31:06.769 I/GmsCoreXrpcWrapper( 1176): (REDACTED) Returning a channel provider with trafficStatsTag=%d trafficStatsUid=%d
09-14 21:31:06.770 I/GmsCoreXrpcWrapper( 1176): (REDACTED) Returning a channel provider with trafficStatsTag=%d trafficStatsUid=%d
09-14 21:31:06.809 I/Cello   (11065): [11200:NonCelloThread] content_cache.cc:287:Initialize Content cache capacity (bytes): 1073741824
09-14 21:31:06.809 I/Cello   (11065): [11200:NonCelloThread] content_cache.cc:303:Initialize Sparse files supported: true
09-14 21:31:06.815 I/Cello   (11065): [11200:NonCelloThread] content_cache.cc:390:InitializeOnIOThread Created new content cache dir [/data/user/0/com.google.android.apps.docs/app_cello/bariseman@gmail.com/export]
09-14 21:31:06.818 I/Cello   (11065): [11200:NonCelloThread] content_cache.cc:425:InitializeOnIOThread Cache index at: /data/user/0/com.google.android.apps.docs/app_cello/bariseman@gmail.com/export/chunks.db
09-14 21:31:06.818 W/ThreadPoolForeg( 1176): type=1400 audit(0.0:1510): avc: denied { write } for name="traced_producer" dev="tmpfs" ino=684 scontext=u:r:gmscore_app:s0:c512,c768 tcontext=u:object_r:traced_producer_socket:s0 tclass=sock_file permissive=0 app=com.google.android.gms
09-14 21:31:06.845 D/CompatibilityChangeReporter(11020): Compat change id reported: 170233598; UID 10139; state: DISABLED
09-14 21:31:06.849 I/Cello   (11065): [11210:MetricsTransportThread-CELLO] metrics_transport.cc:471:ProcessRequestsOnBackgroundThread Metrics failed to send, drive::ds::Status::TEMPORARILY_UNAVAILABLE
09-14 21:31:06.860 D/CompatibilityChangeReporter(11020): Compat change id reported: 194532703; UID 10139; state: ENABLED
09-14 21:31:06.861 D/CompatibilityChangeReporter(  533): Compat change id reported: 194532703; UID 10139; state: ENABLED
09-14 21:31:06.907 W/Looper  (  533): Drained
09-14 21:31:06.908 D/CompatibilityChangeReporter(  533): Compat change id reported: 135634846; UID 10120; state: DISABLED
09-14 21:31:06.915 D/CompatibilityChangeReporter(  533): Compat change id reported: 143937733; UID 10120; state: ENABLED
09-14 21:31:06.922 D/Zygote  (  301): Forked child process 11234
09-14 21:31:06.923 I/ActivityManager(  533): Start proc 11234:com.google.process.gapps/u0a120 for content provider {com.google.android.gsf/com.google.android.gsf.settings.GoogleSettingsProvider}
09-14 21:31:06.931 I/Cello   (11065): [11200:NonCelloThread] token_bucket.cc:224:Create TokenBucket initialized with max_bucket_size of 300, with each request requiring 10 tokens
09-14 21:31:06.932 I/Cello   (11065): [11200:NonCelloThread] token_bucket.cc:224:Create TokenBucket initialized with max_bucket_size of 300, with each request requiring 10 tokens
09-14 21:31:06.932 I/Cello   (11065): [11200:NonCelloThread] token_bucket.cc:224:Create TokenBucket initialized with max_bucket_size of 300, with each request requiring 10 tokens
09-14 21:31:06.938 I/e.process.gapps(11234): Using CollectorTypeCMC GC.
09-14 21:31:06.940 W/e.process.gapps(11234): Unexpected CPU variant for x86: x86_64.
09-14 21:31:06.940 W/e.process.gapps(11234): Known variants: atom, sandybridge, silvermont, goldmont, goldmont-plus, goldmont-without-sha-xsaves, tremont, kabylake, alderlake, default
09-14 21:31:06.945 E/e.process.gapps(11234): Not starting debugger since process cannot load the jdwp agent.
09-14 21:31:06.949 D/CompatibilityChangeReporter(11123): Compat change id reported: 183155436; UID 10084; state: ENABLED
09-14 21:31:06.951 D/nativeloader(11234): Load libframework-connectivity-tiramisu-jni.so using APEX ns com_android_tethering for caller /apex/com.android.tethering/javalib/framework-connectivity-t.jar: ok
09-14 21:31:06.966 I/Cello   (11065): [11200:NonCelloThread] init_helper.cc:474:MaybeResyncLocalState Detected no change in default fields or default team drive fields
09-14 21:31:06.970 I/Cello   (11065): [11200:NonCelloThread] sync_engine.cc:2531:MaybeStartRepeatingPushTaskTimer Starting repeating push task timer with interval 30000ms
09-14 21:31:06.981 D/CompatibilityChangeReporter(  533): Compat change id reported: 143231523; UID 10139; state: DISABLED
09-14 21:31:06.981 D/CompatibilityChangeReporter(  533): Compat change id reported: 143231523; UID 10084; state: DISABLED
09-14 21:31:06.994 D/CompatibilityChangeReporter(11234): Compat change id reported: 171979766; UID 10120; state: ENABLED
09-14 21:31:07.001 D/CompatibilityChangeReporter(11020): Compat change id reported: 160794467; UID 10139; state: ENABLED
09-14 21:31:07.005 D/nativeloader(11234): Configuring clns-shared-4 for other apk /system/framework/org.apache.http.legacy.jar. target_sdk_version=33, uses_libraries=ALL, library_path=/system_ext/priv-app/GoogleServicesFramework/lib/x86_64:/system_ext/priv-app/GoogleServicesFramework/GoogleServicesFramework.apk!/lib/x86_64:/system/lib64:/system_ext/lib64, permitted_path=/data:/mnt/expand:/data/user/0/com.google.android.gsf:/system_ext/priv-app/GoogleServicesFramework:/system/lib64:/system_ext/lib64
09-14 21:31:07.020 D/nativeloader(11234): Configuring clns-shared-5 for other apk /system_ext/priv-app/GoogleServicesFramework/GoogleServicesFramework.apk. target_sdk_version=33, uses_libraries=, library_path=/system_ext/priv-app/GoogleServicesFramework/lib/x86_64:/system_ext/priv-app/GoogleServicesFramework/GoogleServicesFramework.apk!/lib/x86_64:/system/lib64:/system_ext/lib64, permitted_path=/data:/mnt/expand:/data/user/0/com.google.android.gsf:/system_ext/priv-app/GoogleServicesFramework:/system/lib64:/system_ext/lib64
09-14 21:31:07.039 W/WearableService( 1176): onGetService: Wear is not available on this device.
09-14 21:31:07.053 I/GmsCoreXrpcWrapper( 1176): (REDACTED) Returning a channel provider with trafficStatsTag=%d trafficStatsUid=%d
09-14 21:31:07.053 I/GmsCoreXrpcWrapper( 1176): (REDACTED) Returning a channel provider with trafficStatsTag=%d trafficStatsUid=%d
09-14 21:31:07.054 I/GmsCoreXrpcWrapper( 1176): (REDACTED) Returning a channel provider with trafficStatsTag=%d trafficStatsUid=%d
09-14 21:31:07.056 D/nativeloader(11234): Load libframework-connectivity-jni.so using APEX ns com_android_tethering for caller /apex/com.android.tethering/javalib/framework-connectivity.jar: ok
09-14 21:31:07.057 I/GmsCoreXrpcWrapper( 1176): (REDACTED) Returning a channel provider with trafficStatsTag=%d trafficStatsUid=%d
09-14 21:31:07.059 I/c.aotq  (11020): Obtained writable database SQLiteDatabase/206517306 instance with path /data/user/0/com.google.android.calendar/databases/cal_v2a
09-14 21:31:07.061 I/c.aorw  (11020): The schema version is 23, the database version is 23, and there are 0 migrations
09-14 21:31:07.061 V/GraphicsEnvironment(11234): ANGLE Developer option for 'com.google.android.gsf' set to: 'default'
09-14 21:31:07.062 V/GraphicsEnvironment(11234): ANGLE GameManagerService for com.google.android.gsf: false
09-14 21:31:07.063 V/GraphicsEnvironment(11234): Neither updatable production driver nor prerelease driver is supported.
09-14 21:31:07.074 I/ndroid.systemui(  748): Background concurrent mark compact GC freed 17MB AllocSpace bytes, 0(0B) LOS objects, 50% free, 14MB/29MB, paused 3.687ms,15.358ms total 306.006ms
09-14 21:31:07.087 D/NetworkSecurityConfig(11234): No Network Security Config specified, using platform default
09-14 21:31:07.087 D/NetworkSecurityConfig(11234): No Network Security Config specified, using platform default
09-14 21:31:07.136 I/AppsFilter(  533): interaction: PackageSetting{1555295 com.app.uprise.debug/10199} -> PackageSetting{4bbbfaa com.google.android.apps.docs/10134} BLOCKED
09-14 21:31:07.164 E/system_server(  533): No package ID 7f found for ID 0x7f080441.
09-14 21:31:07.164 E/system_server(  533): No package ID 7f found for ID 0x7f1409f5.
09-14 21:31:07.164 E/system_server(  533): No package ID 7f found for ID 0x7f1409f5.
09-14 21:31:07.165 E/system_server(  533): No package ID 7f found for ID 0x7f08043d.
09-14 21:31:07.165 E/system_server(  533): No package ID 7f found for ID 0x7f1409f3.
09-14 21:31:07.165 E/system_server(  533): No package ID 7f found for ID 0x7f1409f3.
09-14 21:31:07.165 E/system_server(  533): No package ID 7f found for ID 0x7f08043f.
09-14 21:31:07.165 E/system_server(  533): No package ID 7f found for ID 0x7f1409f4.
09-14 21:31:07.165 E/system_server(  533): No package ID 7f found for ID 0x7f1409f4.
09-14 21:31:07.165 W/ShortcutService(  533): Invalid tag 'capability' found at depth 2
09-14 21:31:07.165 E/ShortcutService(  533): Ignoring excessive intent tag.
09-14 21:31:07.165 W/ShortcutService(  533): Invalid tag 'parameter' found at depth 4
09-14 21:31:07.165 W/ShortcutService(  533): Invalid tag 'capability' found at depth 2
09-14 21:31:07.165 W/ShortcutService(  533): Invalid tag 'slice' found at depth 3
09-14 21:31:07.165 W/ShortcutService(  533): Invalid tag 'url-template' found at depth 4
09-14 21:31:07.238 I/Cello   (11065): [11200:NonCelloThread] post_init_task.cc:327:ResumePinnedExportDownloads Attempting to resume downloads for pinned exports that are not fully cached
09-14 21:31:07.257 D/ControlsListingControllerImpl(  748): ServiceConfig reloaded, count: 0
09-14 21:31:07.264 I/Cello   (11065): [11200:NonCelloThread] fetch_task.cc:690:RunInternal Largest local change id for My Drive at startup: -2
09-14 21:31:07.296 I/Bugle   ( 9630): BroadcastReceiverAsyncWorkTracker: Acknowledging broadcast of cvka@6b6b7bf
09-14 21:31:07.317 D/CarrierSvcBindHelper(  920): onPackageModified: com.google.android.apps.docs
09-14 21:31:07.325 D/CarrierSvcBindHelper(  920): No carrier app for: 0
09-14 21:31:07.336 D/ImsResolver(  920): maybeAddedImsService, packageName: com.google.android.apps.docs
09-14 21:31:07.349 I/GoogleHttpClient(11234): GMS http client unavailable, use old client
09-14 21:31:07.379 I/InputReader(  533): Reconfiguring input devices, changes=KEYBOARD_LAYOUTS | 
09-14 21:31:07.396 W/Looper  (  533): Slow dispatch took 235ms main h=android.app.ActivityThread$H c=android.app.LoadedApk$ReceiverDispatcher$Args$$ExternalSyntheticLambda0@ad01c6e m=0
09-14 21:31:07.400 W/Looper  (  533): Slow delivery took 244ms main h=android.app.ActivityThread$H c=android.app.LoadedApk$ReceiverDispatcher$Args$$ExternalSyntheticLambda0@e59cf0f m=0
09-14 21:31:07.420 I/ffkl    ( 1318): (REDACTED) Writing data for these Geller corpora: %s
09-14 21:31:07.426 W/JobScheduler(  533): Job didn't exist in JobStore: 67b0283 #u0a139/709 com.google.android.calendar/androidx.work.impl.background.systemjob.SystemJobService
09-14 21:31:07.434 I/carui   (11234): CarUi plugin is disabled
09-14 21:31:07.495 W/JobScheduler(  533): Job didn't exist in JobStore: bcc227e #u0a139/711 com.google.android.calendar/androidx.work.impl.background.systemjob.SystemJobService
09-14 21:31:07.504 I/Backup  ( 1318): [GmsBackupAccountManager] Backup account not found in gmscore.
09-14 21:31:07.513 I/ffkl    ( 1318): (REDACTED) Writing metadata key: %s, corpus: %s
09-14 21:31:07.522 I/Telecom (  533): DefaultDialerCache: Refreshing default dialer for user 0: now com.google.android.dialer: DDC.oR@Aco
09-14 21:31:07.543 I/ffkl    ( 1318): (REDACTED) Writing metadata key: %s, corpus: %s
09-14 21:31:07.576 W/Looper  (  533): Drained
09-14 21:31:07.584 W/ChimeraUtils( 1176): Module com.google.android.gms.backup_base missing resource null(0)
09-14 21:31:07.612 D/CompatibilityChangeReporter(  533): Compat change id reported: 201794303; UID 10120; state: ENABLED
09-14 21:31:07.638 I/PermissionControllerServiceImpl( 6565): Updating user sensitive for uid 10134
09-14 21:31:07.673 W/DynamiteModule(11020): Local module descriptor class for com.google.android.gms.providerinstaller.dynamite not found.
09-14 21:31:07.701 W/ProviderHelper( 1176): Unknown dynamite feature providerinstaller.dynamite
09-14 21:31:07.701 W/ProviderInstaller(11020): Failed to load providerinstaller module: No acceptable module com.google.android.gms.providerinstaller.dynamite found. Local version is 0 and remote version is 0.
09-14 21:31:07.713 I/CronetEngineBuilderFact( 9630): Found Cronet providers: Google-Play-Services-Cronet-Provider, App-Packaged-Cronet-Provider, Fallback-Cronet-Provider
09-14 21:31:07.720 D/nativeloader(11020): Configuring clns-8 for other apk /system/framework/com.android.media.remotedisplay.jar. target_sdk_version=36, uses_libraries=ALL, library_path=/data/app/~~Sl8cJyIwQNJAwFN8b0T5Gw==/com.google.android.gms-jPsbaOT9rUfe5QPYk1fEMA==/lib/x86_64:/data/app/~~Sl8cJyIwQNJAwFN8b0T5Gw==/com.google.android.gms-jPsbaOT9rUfe5QPYk1fEMA==/base.apk!/lib/x86_64, permitted_path=/data:/mnt/expand:/data/user/0/com.google.android.gms
09-14 21:31:07.729 D/WM-GreedyScheduler( 9630): Ignoring {WorkSpec: 01e7f984-ada2-4455-9918-0ade246e3bb1}. Requires device idle.
09-14 21:31:07.729 D/WM-GreedyScheduler( 9630): Ignoring {WorkSpec: 26a67e41-ecd1-4cdb-b096-a8c974542f29}. Requires device idle.
09-14 21:31:07.729 D/WM-GreedyScheduler( 9630): Ignoring {WorkSpec: fd2b9fc0-67a8-461a-9e84-d2794e253d7a}. Requires device idle.
09-14 21:31:07.729 D/WM-GreedyScheduler( 9630): Ignoring {WorkSpec: 261952d2-4b9c-432c-afdd-e050eb48b41d}. Requires device idle.
09-14 21:31:07.729 D/WM-GreedyScheduler( 9630): Ignoring {WorkSpec: 63d078c3-dead-440c-ab45-6691ff56ba93}. Requires device idle.
09-14 21:31:07.729 D/WM-GreedyScheduler( 9630): Starting tracking for 9a289f07-c9f6-4c5b-9789-25335497dc98,42c30caf-5d8b-4e01-ba45-4500b34d6ce4,6a81302b-d60c-49af-a6ee-1036556b106b,dddc16ca-9aae-4365-9d13-baefa49688b9,0919b902-7e2f-4ae6-beeb-46dd4b4e3bbd
09-14 21:31:07.734 D/HttpFlagsLoader( 9630): Found application exporting HTTP flags: com.google.android.gms
09-14 21:31:07.734 D/HttpFlagsLoader( 9630): HTTP flags file path: /data/user_de/0/com.google.android.gms/app_httpflags/flags.binarypb
09-14 21:31:07.738 D/HttpFlagsLoader( 9630): Successfully loaded HTTP flags: # fkth@a52106a5
09-14 21:31:07.744 W/ndroid.calendar(11020): Suspending all threads took: 19.143ms
09-14 21:31:07.744 I/HttpFlagsLoader( 9630): HTTP flags log line (Impl): Using live production flag values from Google
09-14 21:31:07.744 I/CronetEngineBuilderFact( 9630): Selected Cronet provider is App-Packaged-Cronet-Provider, version 140.0.7289.0
09-14 21:31:07.748 D/nativeloader(11020): Configuring clns-9 for other apk /system/framework/com.android.location.provider.jar. target_sdk_version=36, uses_libraries=ALL, library_path=/data/app/~~Sl8cJyIwQNJAwFN8b0T5Gw==/com.google.android.gms-jPsbaOT9rUfe5QPYk1fEMA==/lib/x86_64:/data/app/~~Sl8cJyIwQNJAwFN8b0T5Gw==/com.google.android.gms-jPsbaOT9rUfe5QPYk1fEMA==/base.apk!/lib/x86_64, permitted_path=/data:/mnt/expand:/data/user/0/com.google.android.gms
09-14 21:31:07.756 D/ConnectivityService(  533): requestNetwork for uid/pid:10117/9630 activeRequest: null callbackRequest: 422 [NetworkRequest [ REQUEST id=423, [ Capabilities: INTERNET&NOT_RESTRICTED&TRUSTED&NOT_VCN_MANAGED Uid: 10117 RequestorUid: 10117 RequestorPkg: com.google.android.apps.messaging UnderlyingNetworks: Null] ]] callback flags: 0 order: 2147483647 isUidTracked: false declaredMethods: AVAIL|LOST|NC|LP
09-14 21:31:07.767 D/ConnectivityService(  533): requestNetwork for uid/pid:10139/11020 activeRequest: null callbackRequest: 424 [NetworkRequest [ REQUEST id=425, [ Capabilities: INTERNET&NOT_RESTRICTED&TRUSTED&NOT_VCN_MANAGED Uid: 10139 RequestorUid: 10139 RequestorPkg: com.google.android.calendar UnderlyingNetworks: Null] ]] callback flags: 0 order: 2147483647 isUidTracked: false declaredMethods: AVAIL|LOST|NC
09-14 21:31:07.779 D/WifiNetworkFactory(  533): got request NetworkRequest [ REQUEST id=423, [ Capabilities: INTERNET&NOT_RESTRICTED&TRUSTED&NOT_VCN_MANAGED Uid: 10117 RequestorUid: 10117 RequestorPkg: com.google.android.apps.messaging UnderlyingNetworks: Null] ]
09-14 21:31:07.779 D/UntrustedWifiNetworkFactory(  533): got request NetworkRequest [ REQUEST id=423, [ Capabilities: INTERNET&NOT_RESTRICTED&TRUSTED&NOT_VCN_MANAGED Uid: 10117 RequestorUid: 10117 RequestorPkg: com.google.android.apps.messaging UnderlyingNetworks: Null] ]
09-14 21:31:07.779 D/OemPaidWifiNetworkFactory(  533): got request NetworkRequest [ REQUEST id=423, [ Capabilities: INTERNET&NOT_RESTRICTED&TRUSTED&NOT_VCN_MANAGED Uid: 10117 RequestorUid: 10117 RequestorPkg: com.google.android.apps.messaging UnderlyingNetworks: Null] ]
09-14 21:31:07.779 D/MultiInternetWifiNetworkFactory(  533): got request NetworkRequest [ REQUEST id=423, [ Capabilities: INTERNET&NOT_RESTRICTED&TRUSTED&NOT_VCN_MANAGED Uid: 10117 RequestorUid: 10117 RequestorPkg: com.google.android.apps.messaging UnderlyingNetworks: Null] ]
09-14 21:31:07.779 D/ConnectivityService(  533): NetReassign [423 : null  100] [c 0] [a 7] [i 12]
09-14 21:31:07.791 D/CompatibilityChangeReporter(  533): Compat change id reported: 319212206; UID 10117; state: ENABLED
09-14 21:31:07.794 D/ConnectivityService(  533): NetReassign [425 : null  100] [c 1] [a 13] [i 1]
09-14 21:31:07.796 D/ConnectivityService(  533): NetReassign [no changes] [c 0] [a 1] [i 1]
09-14 21:31:07.796 D/WifiNetworkFactory(  533): got request NetworkRequest [ REQUEST id=425, [ Capabilities: INTERNET&NOT_RESTRICTED&TRUSTED&NOT_VCN_MANAGED Uid: 10139 RequestorUid: 10139 RequestorPkg: com.google.android.calendar UnderlyingNetworks: Null] ]
09-14 21:31:07.796 D/UntrustedWifiNetworkFactory(  533): got request NetworkRequest [ REQUEST id=425, [ Capabilities: INTERNET&NOT_RESTRICTED&TRUSTED&NOT_VCN_MANAGED Uid: 10139 RequestorUid: 10139 RequestorPkg: com.google.android.calendar UnderlyingNetworks: Null] ]
09-14 21:31:07.797 D/OemPaidWifiNetworkFactory(  533): got request NetworkRequest [ REQUEST id=425, [ Capabilities: INTERNET&NOT_RESTRICTED&TRUSTED&NOT_VCN_MANAGED Uid: 10139 RequestorUid: 10139 RequestorPkg: com.google.android.calendar UnderlyingNetworks: Null] ]
09-14 21:31:07.797 D/MultiInternetWifiNetworkFactory(  533): got request NetworkRequest [ REQUEST id=425, [ Capabilities: INTERNET&NOT_RESTRICTED&TRUSTED&NOT_VCN_MANAGED Uid: 10139 RequestorUid: 10139 RequestorPkg: com.google.android.calendar UnderlyingNetworks: Null] ]
09-14 21:31:07.800 W/ConnectivityManager.CallbackHandler(11020): callback not found for CALLBACK_AVAILABLE message
09-14 21:31:07.801 D/ConnectivityService(  533): requestNetwork for uid/pid:10139/11020 activeRequest: null callbackRequest: 427 [NetworkRequest [ REQUEST id=428, [ Capabilities: INTERNET&NOT_RESTRICTED&TRUSTED&NOT_VCN_MANAGED Uid: 10139 RequestorUid: 10139 RequestorPkg: com.google.android.calendar UnderlyingNetworks: Null] ]] callback flags: 0 order: 2147483647 isUidTracked: false declaredMethods: AVAIL|LOST|NC
09-14 21:31:07.807 I/WM-WorkerWrapper( 9630): Worker result SUCCESS for Work [ id=f541cce9-95b5-49c6-bad9-dec2023945f6, tags={ com.google.android.libraries.notifications.platform.entrypoints.job.GnpWorker,GNP_SDK_JOB } ]
09-14 21:31:07.810 D/nativeloader( 9630): Load /data/app/~~urkXoa-pNYw6B6w5UGwfqg==/com.google.android.apps.messaging-EU1yFXgasH-Kibt9d7gQuA==/split_config.x86_64.apk!/lib/x86_64/libcronet.140.0.7289.0.so using class loader ns clns-7 (caller=/data/app/~~urkXoa-pNYw6B6w5UGwfqg==/com.google.android.apps.messaging-EU1yFXgasH-Kibt9d7gQuA==/base.apk!classes6.dex): ok
09-14 21:31:07.816 D/WifiNetworkFactory(  533): got request NetworkRequest [ REQUEST id=428, [ Capabilities: INTERNET&NOT_RESTRICTED&TRUSTED&NOT_VCN_MANAGED Uid: 10139 RequestorUid: 10139 RequestorPkg: com.google.android.calendar UnderlyingNetworks: Null] ]
09-14 21:31:07.816 D/UntrustedWifiNetworkFactory(  533): got request NetworkRequest [ REQUEST id=428, [ Capabilities: INTERNET&NOT_RESTRICTED&TRUSTED&NOT_VCN_MANAGED Uid: 10139 RequestorUid: 10139 RequestorPkg: com.google.android.calendar UnderlyingNetworks: Null] ]
09-14 21:31:07.816 D/OemPaidWifiNetworkFactory(  533): got request NetworkRequest [ REQUEST id=428, [ Capabilities: INTERNET&NOT_RESTRICTED&TRUSTED&NOT_VCN_MANAGED Uid: 10139 RequestorUid: 10139 RequestorPkg: com.google.android.calendar UnderlyingNetworks: Null] ]
09-14 21:31:07.817 D/MultiInternetWifiNetworkFactory(  533): got request NetworkRequest [ REQUEST id=428, [ Capabilities: INTERNET&NOT_RESTRICTED&TRUSTED&NOT_VCN_MANAGED Uid: 10139 RequestorUid: 10139 RequestorPkg: com.google.android.calendar UnderlyingNetworks: Null] ]
09-14 21:31:07.823 D/ConnectivityService(  533): NetReassign [428 : null  100] [c 0] [a 0] [i 14]
09-14 21:31:07.827 D/WM-Processor( 9630): rva f541cce9-95b5-49c6-bad9-dec2023945f6 executed; reschedule = false
09-14 21:31:07.827 D/WM-GreedyScheduler( 9630): Stopping tracking for WorkGenerationalId(workSpecId=f541cce9-95b5-49c6-bad9-dec2023945f6, generation=45)
09-14 21:31:07.828 D/WM-SystemJobService( 9630): f541cce9-95b5-49c6-bad9-dec2023945f6 executed on JobScheduler
09-14 21:31:07.850 W/SystemServiceRegistry( 1176): No service published for: wifirtt
09-14 21:31:07.856 I/cn_CronetLibraryLoader( 9630): Cronet version: 140.0.7289.0, arch: x86_64
09-14 21:31:07.894 W/JobScheduler(  533): Job didn't exist in JobStore: e854d2a #u0a139/723 com.google.android.calendar/androidx.work.impl.background.systemjob.SystemJobService
09-14 21:31:07.928 W/GnpSdk  (11020): Job failed with exception. Job ID: 'GNP_SDK_JOB::no_account::15', key: 'GNP_REGISTRATION'
09-14 21:31:07.928 W/GnpSdk  (11020): kotlinx.coroutines.JobCancellationException: Job was cancelled; job=azly{Cancelling}@bcea2a1
09-14 21:31:07.943 D/CompatibilityChangeReporter(  533): Compat change id reported: 168419799; UID 10139; state: DISABLED
09-14 21:31:07.944 D/CompatibilityChangeReporter(  533): Compat change id reported: 273564678; UID 10139; state: DISABLED
09-14 21:31:07.959 D/WM-GreedyScheduler( 9630): Cancelling work ID f541cce9-95b5-49c6-bad9-dec2023945f6
09-14 21:31:07.973 D/WM-SystemJobScheduler( 9630): Scheduling work ID 8f0b659d-decf-4719-9eb3-6d11eff99723Job ID 1469
09-14 21:31:07.984 D/WM-GreedyScheduler( 9630): Ignoring {WorkSpec: 01e7f984-ada2-4455-9918-0ade246e3bb1}. Requires device idle.
09-14 21:31:07.984 D/WM-GreedyScheduler( 9630): Ignoring {WorkSpec: 26a67e41-ecd1-4cdb-b096-a8c974542f29}. Requires device idle.
09-14 21:31:07.984 D/WM-GreedyScheduler( 9630): Ignoring {WorkSpec: fd2b9fc0-67a8-461a-9e84-d2794e253d7a}. Requires device idle.
09-14 21:31:07.985 D/WM-GreedyScheduler( 9630): Ignoring {WorkSpec: 261952d2-4b9c-432c-afdd-e050eb48b41d}. Requires device idle.
09-14 21:31:07.985 D/WM-GreedyScheduler( 9630): Ignoring {WorkSpec: 63d078c3-dead-440c-ab45-6691ff56ba93}. Requires device idle.
09-14 21:31:07.985 D/WM-GreedyScheduler( 9630): Starting tracking for 9a289f07-c9f6-4c5b-9789-25335497dc98,42c30caf-5d8b-4e01-ba45-4500b34d6ce4,6a81302b-d60c-49af-a6ee-1036556b106b,dddc16ca-9aae-4365-9d13-baefa49688b9,0919b902-7e2f-4ae6-beeb-46dd4b4e3bbd
09-14 21:31:07.998 D/WM-GreedyScheduler( 9630): Constraints met: Scheduling work ID WorkGenerationalId(workSpecId=dddc16ca-9aae-4365-9d13-baefa49688b9, generation=0)
09-14 21:31:08.012 D/WM-Processor( 9630): rva: processing WorkGenerationalId(workSpecId=dddc16ca-9aae-4365-9d13-baefa49688b9, generation=0)
09-14 21:31:08.017 D/MddListenableWorkerFactory( 9630): createWorker for class: com.google.android.libraries.notifications.platform.entrypoints.job.GnpWorker
09-14 21:31:08.029 D/WM-WorkerWrapper( 9630): Starting work for com.google.android.libraries.notifications.platform.entrypoints.job.GnpWorker
09-14 21:31:08.034 I/ndroid.calendar(11020): Failed to add image file: Dex cache count and dex file count mismatch while trying to initialize from image
09-14 21:31:08.037 D/nativeloader(11020): Configuring clns-10 for other apk /data/app/~~Sl8cJyIwQNJAwFN8b0T5Gw==/com.google.android.gms-jPsbaOT9rUfe5QPYk1fEMA==/base.apk. target_sdk_version=36, uses_libraries=, library_path=/data/app/~~Sl8cJyIwQNJAwFN8b0T5Gw==/com.google.android.gms-jPsbaOT9rUfe5QPYk1fEMA==/lib/x86_64:/data/app/~~Sl8cJyIwQNJAwFN8b0T5Gw==/com.google.android.gms-jPsbaOT9rUfe5QPYk1fEMA==/base.apk!/lib/x86_64, permitted_path=/data:/mnt/expand:/data/user/0/com.google.android.gms
09-14 21:31:08.139 D/ConnectivityService(  533): requestNetwork for uid/pid:10139/11020 activeRequest: null callbackRequest: 429 [NetworkRequest [ REQUEST id=430, [ Capabilities: INTERNET&NOT_RESTRICTED&TRUSTED&NOT_VCN_MANAGED Uid: 10139 RequestorUid: 10139 RequestorPkg: com.google.android.calendar UnderlyingNetworks: Null] ]] callback flags: 0 order: 2147483647 isUidTracked: false declaredMethods: AVAIL|LOST|NC
09-14 21:31:08.155 D/ConnectivityService(  533): NetReassign [430 : null  100] [c 0] [a 1] [i 1]
09-14 21:31:08.156 D/WifiNetworkFactory(  533): got request NetworkRequest [ REQUEST id=430, [ Capabilities: INTERNET&NOT_RESTRICTED&TRUSTED&NOT_VCN_MANAGED Uid: 10139 RequestorUid: 10139 RequestorPkg: com.google.android.calendar UnderlyingNetworks: Null] ]
09-14 21:31:08.156 D/UntrustedWifiNetworkFactory(  533): got request NetworkRequest [ REQUEST id=430, [ Capabilities: INTERNET&NOT_RESTRICTED&TRUSTED&NOT_VCN_MANAGED Uid: 10139 RequestorUid: 10139 RequestorPkg: com.google.android.calendar UnderlyingNetworks: Null] ]
09-14 21:31:08.157 D/OemPaidWifiNetworkFactory(  533): got request NetworkRequest [ REQUEST id=430, [ Capabilities: INTERNET&NOT_RESTRICTED&TRUSTED&NOT_VCN_MANAGED Uid: 10139 RequestorUid: 10139 RequestorPkg: com.google.android.calendar UnderlyingNetworks: Null] ]
09-14 21:31:08.157 D/MultiInternetWifiNetworkFactory(  533): got request NetworkRequest [ REQUEST id=430, [ Capabilities: INTERNET&NOT_RESTRICTED&TRUSTED&NOT_VCN_MANAGED Uid: 10139 RequestorUid: 10139 RequestorPkg: com.google.android.calendar UnderlyingNetworks: Null] ]
09-14 21:31:08.196 I/fnit    (11020): Unable to retrieve flag snapshot for com.google.android.gms.providerinstaller#com.google.android.calendar, using defaults.
09-14 21:31:08.214 D/nativeloader(11020): Load /data/app/~~Sl8cJyIwQNJAwFN8b0T5Gw==/com.google.android.gms-jPsbaOT9rUfe5QPYk1fEMA==/base.apk!/lib/x86_64/libconscrypt_gmscore_jni.so using class loader ns clns-10 (caller=/data/app/~~Sl8cJyIwQNJAwFN8b0T5Gw==/com.google.android.gms-jPsbaOT9rUfe5QPYk1fEMA==/base.apk): ok
09-14 21:31:08.217 V/NativeCrypto(11020): Registering com/google/android/gms/org/conscrypt/NativeCrypto's 319 native methods...
09-14 21:31:08.229 I/Blockstore( 1318): (REDACTED) [BlockstoreImpl] Snapshot enabled. updateAccessPerSnapshotIfEligible for package: %s
09-14 21:31:08.230 I/ProviderInstaller(11020): Installed default security provider GmsCore_OpenSSL
09-14 21:31:08.258 E/AppOps  (  533): Bad call made by uid 10120. Package "com.google.android.gms" does not belong to uid 10139.
09-14 21:31:08.262 E/GoogleApiManager(11020): Failed to get service from broker. 
09-14 21:31:08.262 E/GoogleApiManager(11020): java.lang.SecurityException: Unknown calling package name 'com.google.android.gms'.
09-14 21:31:08.262 E/GoogleApiManager(11020): 	at android.os.Parcel.createExceptionOrNull(Parcel.java:3011)
09-14 21:31:08.262 E/GoogleApiManager(11020): 	at android.os.Parcel.createException(Parcel.java:2995)
09-14 21:31:08.262 E/GoogleApiManager(11020): 	at android.os.Parcel.readException(Parcel.java:2978)
09-14 21:31:08.262 E/GoogleApiManager(11020): 	at android.os.Parcel.readException(Parcel.java:2920)
09-14 21:31:08.262 E/GoogleApiManager(11020): 	at azze.a(:com.google.android.gms@253133032@25.31.33 (190800-795226510):36)
09-14 21:31:08.262 E/GoogleApiManager(11020): 	at azxl.z(:com.google.android.gms@253133032@25.31.33 (190800-795226510):143)
09-14 21:31:08.262 E/GoogleApiManager(11020): 	at azeh.run(:com.google.android.gms@253133032@25.31.33 (190800-795226510):42)
09-14 21:31:08.262 E/GoogleApiManager(11020): 	at android.os.Handler.handleCallback(Handler.java:942)
09-14 21:31:08.262 E/GoogleApiManager(11020): 	at android.os.Handler.dispatchMessage(Handler.java:99)
09-14 21:31:08.262 E/GoogleApiManager(11020): 	at ckhm.mH(:com.google.android.gms@253133032@25.31.33 (190800-795226510):1)
09-14 21:31:08.262 E/GoogleApiManager(11020): 	at ckhm.dispatchMessage(:com.google.android.gms@253133032@25.31.33 (190800-795226510):5)
09-14 21:31:08.262 E/GoogleApiManager(11020): 	at android.os.Looper.loopOnce(Looper.java:201)
09-14 21:31:08.262 E/GoogleApiManager(11020): 	at android.os.Looper.loop(Looper.java:288)
09-14 21:31:08.262 E/GoogleApiManager(11020): 	at android.os.HandlerThread.run(HandlerThread.java:67)
09-14 21:31:08.267 W/FlagRegistrar(11020): Failed to register com.google.android.gms.providerinstaller#com.google.android.calendar
09-14 21:31:08.267 W/FlagRegistrar(11020): fnjf: 17: 17: API: Phenotype.API is not available on this device. Connection failed with: ConnectionResult{statusCode=DEVELOPER_ERROR, resolution=null, message=null}
09-14 21:31:08.267 W/FlagRegistrar(11020): 	at fnjh.a(:com.google.android.gms@253133032@25.31.33 (190800-795226510):13)
09-14 21:31:08.267 W/FlagRegistrar(11020): 	at gjqx.d(:com.google.android.gms@253133032@25.31.33 (190800-795226510):3)
09-14 21:31:08.267 W/FlagRegistrar(11020): 	at gjqz.run(:com.google.android.gms@253133032@25.31.33 (190800-795226510):130)
09-14 21:31:08.267 W/FlagRegistrar(11020): 	at gjtg.execute(:com.google.android.gms@253133032@25.31.33 (190800-795226510):1)
09-14 21:31:08.267 W/FlagRegistrar(11020): 	at gjrh.f(:com.google.android.gms@253133032@25.31.33 (190800-795226510):1)
09-14 21:31:08.267 W/FlagRegistrar(11020): 	at gjrh.m(:com.google.android.gms@253133032@25.31.33 (190800-795226510):99)
09-14 21:31:08.267 W/FlagRegistrar(11020): 	at gjrh.r(:com.google.android.gms@253133032@25.31.33 (190800-795226510):17)
09-14 21:31:08.267 W/FlagRegistrar(11020): 	at ffrn.hM(:com.google.android.gms@253133032@25.31.33 (190800-795226510):35)
09-14 21:31:08.267 W/FlagRegistrar(11020): 	at ettw.run(:com.google.android.gms@253133032@25.31.33 (190800-795226510):12)
09-14 21:31:08.267 W/FlagRegistrar(11020): 	at gjtg.execute(:com.google.android.gms@253133032@25.31.33 (190800-795226510):1)
09-14 21:31:08.267 W/FlagRegistrar(11020): 	at ettx.b(:com.google.android.gms@253133032@25.31.33 (190800-795226510):18)
09-14 21:31:08.267 W/FlagRegistrar(11020): 	at etum.b(:com.google.android.gms@253133032@25.31.33 (190800-795226510):36)
09-14 21:31:08.267 W/FlagRegistrar(11020): 	at etuo.d(:com.google.android.gms@253133032@25.31.33 (190800-795226510):25)
09-14 21:31:08.267 W/FlagRegistrar(11020): 	at azbq.c(:com.google.android.gms@253133032@25.31.33 (190800-795226510):9)
