09-14 21:37:02.577 W/system_server(  533): Missing inline cache for android.net.NetworkStatsHistory android.net.NetworkStatsCollection.getHistory(android.net.NetworkTemplate, android.telephony.SubscriptionPlan, int, int, int, int, long, long, int, int)
09-14 21:37:02.577 W/system_server(  533): Missing inline cache for android.net.NetworkStatsHistory android.net.NetworkStatsCollection.getHistory(android.net.NetworkTemplate, android.telephony.SubscriptionPlan, int, int, int, int, long, long, int, int)
09-14 21:37:02.590 D/NetworkStatsObservers(  533): Registering observer for RequestInfo from pid/uid:533/1000(android) for DataUsageRequest [ requestId=25, networkTemplate=NetworkTemplate: matchRule=MOBILE, matchSubscriberIds=[310260...], matchWifiNetworkKeys=[], metered=YES, defaultNetwork=NO, thresholdInBytes=26656621 ] accessLevel:3
09-14 21:37:02.591 D/NetworkStatsObservers(  533): Unregistering RequestInfo from pid/uid:533/1000(android) for DataUsageRequest [ requestId=24, networkTemplate=NetworkTemplate: matchRule=MOBILE, matchSubscriberIds=[310260...], matchWifiNetworkKeys=[], metered=YES, defaultNetwork=NO, thresholdInBytes=26656719 ] accessLevel:3
09-14 21:37:02.649 I/ReactNativeJS(10726): Running "Uprise" with {"rootTag":11}
09-14 21:37:02.684 I/ReactNativeJS(10726): 'CONFIG', { API_BASE_URL: undefined,
09-14 21:37:02.684 I/ReactNativeJS(10726):   SIGNUP_URL: undefined,
09-14 21:37:02.684 I/ReactNativeJS(10726):   VERIFY_USERNAME: undefined,
09-14 21:37:02.684 I/ReactNativeJS(10726):   VERIFY_USER: undefined,
09-14 21:37:02.684 I/ReactNativeJS(10726):   LOGIN_URL: undefined,
09-14 21:37:02.684 I/ReactNativeJS(10726):   REGISTER_DEVICE_TOKEN: undefined,
09-14 21:37:02.684 I/ReactNativeJS(10726):   APPROVED_GENRES_ENDPOINT: undefined,
09-14 21:37:02.684 I/ReactNativeJS(10726):   GENRE_SUGGESTIONS_ENDPOINT: undefined,
09-14 21:37:02.684 I/ReactNativeJS(10726):   REQUEST_GENRE_ENDPOINT: undefined }
09-14 21:37:02.716 I/ReactNativeJS(10726): 'CONFIG (App.js)', { API_BASE_URL: undefined,
09-14 21:37:02.716 I/ReactNativeJS(10726):   SIGNUP_URL: undefined,
09-14 21:37:02.716 I/ReactNativeJS(10726):   VERIFY_USERNAME: undefined,
09-14 21:37:02.716 I/ReactNativeJS(10726):   VERIFY_USER: undefined,
09-14 21:37:02.716 I/ReactNativeJS(10726):   LOGIN_URL: undefined,
09-14 21:37:02.716 I/ReactNativeJS(10726):   REGISTER_DEVICE_TOKEN: undefined,
09-14 21:37:02.716 I/ReactNativeJS(10726):   APPROVED_GENRES_ENDPOINT: undefined,
09-14 21:37:02.716 I/ReactNativeJS(10726):   GENRE_SUGGESTIONS_ENDPOINT: undefined,
09-14 21:37:02.716 I/ReactNativeJS(10726):   REQUEST_GENRE_ENDPOINT: undefined }
09-14 21:37:02.896 I/system_server(  533): Background concurrent mark compact GC freed 24MB AllocSpace bytes, 15(356KB) LOS objects, 43% free, 31MB/55MB, paused 1.238ms,7.028ms total 306.393ms
09-14 21:37:03.313 D/EGL_emulation(10726): app_time_stats: avg=1427.97ms min=1427.97ms max=1427.97ms count=1
09-14 21:37:03.314 I/ReactNativeJS(10726): redux-persist: versions match, noop migration
09-14 21:37:03.366 E/unknown:ReactContextBaseJavaModule(10726): Unhandled SoftException
09-14 21:37:03.366 E/unknown:ReactContextBaseJavaModule(10726): java.lang.RuntimeException: Catalyst Instance has already disappeared: requested by WebSocketModule
09-14 21:37:03.366 E/unknown:ReactContextBaseJavaModule(10726): 	at com.facebook.react.bridge.ReactContextBaseJavaModule.getReactApplicationContextIfActiveOrWarn(ReactContextBaseJavaModule.java:66)
09-14 21:37:03.366 E/unknown:ReactContextBaseJavaModule(10726): 	at com.facebook.react.modules.websocket.WebSocketModule.sendEvent(WebSocketModule.java:62)
09-14 21:37:03.366 E/unknown:ReactContextBaseJavaModule(10726): 	at com.facebook.react.modules.websocket.WebSocketModule.access$100(WebSocketModule.java:40)
09-14 21:37:03.366 E/unknown:ReactContextBaseJavaModule(10726): 	at com.facebook.react.modules.websocket.WebSocketModule$1.onMessage(WebSocketModule.java:190)
09-14 21:37:03.366 E/unknown:ReactContextBaseJavaModule(10726): 	at okhttp3.internal.ws.RealWebSocket.onReadMessage(RealWebSocket.kt:333)
09-14 21:37:03.366 E/unknown:ReactContextBaseJavaModule(10726): 	at okhttp3.internal.ws.WebSocketReader.readMessageFrame(WebSocketReader.kt:245)
09-14 21:37:03.366 E/unknown:ReactContextBaseJavaModule(10726): 	at okhttp3.internal.ws.WebSocketReader.processNextFrame(WebSocketReader.kt:106)
09-14 21:37:03.366 E/unknown:ReactContextBaseJavaModule(10726): 	at okhttp3.internal.ws.RealWebSocket.loopReader(RealWebSocket.kt:293)
09-14 21:37:03.366 E/unknown:ReactContextBaseJavaModule(10726): 	at okhttp3.internal.ws.RealWebSocket$connect$1.onResponse(RealWebSocket.kt:195)
09-14 21:37:03.366 E/unknown:ReactContextBaseJavaModule(10726): 	at okhttp3.internal.connection.RealCall$AsyncCall.run(RealCall.kt:519)
09-14 21:37:03.366 E/unknown:ReactContextBaseJavaModule(10726): 	at java.util.concurrent.ThreadPoolExecutor.runWorker(ThreadPoolExecutor.java:1156)
09-14 21:37:03.366 E/unknown:ReactContextBaseJavaModule(10726): 	at java.util.concurrent.ThreadPoolExecutor$Worker.run(ThreadPoolExecutor.java:651)
09-14 21:37:03.366 E/unknown:ReactContextBaseJavaModule(10726): 	at java.lang.Thread.run(Thread.java:1119)
09-14 21:37:03.370 E/unknown:ReactContextBaseJavaModule(10726): Unhandled SoftException
09-14 21:37:03.370 E/unknown:ReactContextBaseJavaModule(10726): java.lang.RuntimeException: Catalyst Instance has already disappeared: requested by WebSocketModule
09-14 21:37:03.370 E/unknown:ReactContextBaseJavaModule(10726): 	at com.facebook.react.bridge.ReactContextBaseJavaModule.getReactApplicationContextIfActiveOrWarn(ReactContextBaseJavaModule.java:66)
09-14 21:37:03.370 E/unknown:ReactContextBaseJavaModule(10726): 	at com.facebook.react.modules.websocket.WebSocketModule.sendEvent(WebSocketModule.java:62)
09-14 21:37:03.370 E/unknown:ReactContextBaseJavaModule(10726): 	at com.facebook.react.modules.websocket.WebSocketModule.access$100(WebSocketModule.java:40)
09-14 21:37:03.370 E/unknown:ReactContextBaseJavaModule(10726): 	at com.facebook.react.modules.websocket.WebSocketModule$1.onMessage(WebSocketModule.java:190)
09-14 21:37:03.370 E/unknown:ReactContextBaseJavaModule(10726): 	at okhttp3.internal.ws.RealWebSocket.onReadMessage(RealWebSocket.kt:333)
09-14 21:37:03.370 E/unknown:ReactContextBaseJavaModule(10726): 	at okhttp3.internal.ws.WebSocketReader.readMessageFrame(WebSocketReader.kt:245)
09-14 21:37:03.370 E/unknown:ReactContextBaseJavaModule(10726): 	at okhttp3.internal.ws.WebSocketReader.processNextFrame(WebSocketReader.kt:106)
09-14 21:37:03.370 E/unknown:ReactContextBaseJavaModule(10726): 	at okhttp3.internal.ws.RealWebSocket.loopReader(RealWebSocket.kt:293)
09-14 21:37:03.370 E/unknown:ReactContextBaseJavaModule(10726): 	at okhttp3.internal.ws.RealWebSocket$connect$1.onResponse(RealWebSocket.kt:195)
09-14 21:37:03.370 E/unknown:ReactContextBaseJavaModule(10726): 	at okhttp3.internal.connection.RealCall$AsyncCall.run(RealCall.kt:519)
09-14 21:37:03.370 E/unknown:ReactContextBaseJavaModule(10726): 	at java.util.concurrent.ThreadPoolExecutor.runWorker(ThreadPoolExecutor.java:1156)
09-14 21:37:03.370 E/unknown:ReactContextBaseJavaModule(10726): 	at java.util.concurrent.ThreadPoolExecutor$Worker.run(ThreadPoolExecutor.java:651)
09-14 21:37:03.370 E/unknown:ReactContextBaseJavaModule(10726): 	at java.lang.Thread.run(Thread.java:1119)
09-14 21:37:03.373 E/unknown:ReactContextBaseJavaModule(10726): Unhandled SoftException
09-14 21:37:03.373 E/unknown:ReactContextBaseJavaModule(10726): java.lang.RuntimeException: Catalyst Instance has already disappeared: requested by WebSocketModule
09-14 21:37:03.373 E/unknown:ReactContextBaseJavaModule(10726): 	at com.facebook.react.bridge.ReactContextBaseJavaModule.getReactApplicationContextIfActiveOrWarn(ReactContextBaseJavaModule.java:66)
09-14 21:37:03.373 E/unknown:ReactContextBaseJavaModule(10726): 	at com.facebook.react.modules.websocket.WebSocketModule.sendEvent(WebSocketModule.java:62)
09-14 21:37:03.373 E/unknown:ReactContextBaseJavaModule(10726): 	at com.facebook.react.modules.websocket.WebSocketModule.access$100(WebSocketModule.java:40)
09-14 21:37:03.373 E/unknown:ReactContextBaseJavaModule(10726): 	at com.facebook.react.modules.websocket.WebSocketModule$1.onMessage(WebSocketModule.java:190)
09-14 21:37:03.373 E/unknown:ReactContextBaseJavaModule(10726): 	at okhttp3.internal.ws.RealWebSocket.onReadMessage(RealWebSocket.kt:333)
09-14 21:37:03.373 E/unknown:ReactContextBaseJavaModule(10726): 	at okhttp3.internal.ws.WebSocketReader.readMessageFrame(WebSocketReader.kt:245)
09-14 21:37:03.373 E/unknown:ReactContextBaseJavaModule(10726): 	at okhttp3.internal.ws.WebSocketReader.processNextFrame(WebSocketReader.kt:106)
09-14 21:37:03.373 E/unknown:ReactContextBaseJavaModule(10726): 	at okhttp3.internal.ws.RealWebSocket.loopReader(RealWebSocket.kt:293)
09-14 21:37:03.373 E/unknown:ReactContextBaseJavaModule(10726): 	at okhttp3.internal.ws.RealWebSocket$connect$1.onResponse(RealWebSocket.kt:195)
09-14 21:37:03.373 E/unknown:ReactContextBaseJavaModule(10726): 	at okhttp3.internal.connection.RealCall$AsyncCall.run(RealCall.kt:519)
09-14 21:37:03.373 E/unknown:ReactContextBaseJavaModule(10726): 	at java.util.concurrent.ThreadPoolExecutor.runWorker(ThreadPoolExecutor.java:1156)
09-14 21:37:03.373 E/unknown:ReactContextBaseJavaModule(10726): 	at java.util.concurrent.ThreadPoolExecutor$Worker.run(ThreadPoolExecutor.java:651)
09-14 21:37:03.373 E/unknown:ReactContextBaseJavaModule(10726): 	at java.lang.Thread.run(Thread.java:1119)
09-14 21:37:03.391 W/unknown:ViewManagerPropertyUpdater(10726): Could not find generated setter for class com.swmansion.rnscreens.ScreensShadowNode
09-14 21:37:03.514 E/unknown:FabricViewStateManager(10726): setState called without a StateWrapper
09-14 21:37:03.618 D/EGL_emulation(  748): app_time_stats: avg=169.92ms min=5.94ms max=1866.27ms count=12
09-14 21:37:03.717 I/ReactNativeJS(10726): FCM disabled (no default Firebase app)
09-14 21:37:03.845 D/CoreBackPreview(  533): Window{e2382ff u0 Toast}: Setting back callback null
09-14 21:37:03.851 W/InputManager-JNI(  533): Input channel object 'e2382ff Toast (client)' was disposed without first being removed with the input manager!
09-14 21:37:03.864 W/NotificationService(  533): Toast already killed. pkg=com.app.uprise.debug token=android.os.BinderProxy@7f15100
09-14 21:37:03.929 D/EGL_emulation(10726): app_time_stats: avg=115.85ms min=2.76ms max=1332.16ms count=12
09-14 21:37:06.111 E/unknown:FabricViewStateManager(10726): setState called without a StateWrapper
09-14 21:37:06.116 D/EGL_emulation(10726): app_time_stats: avg=122.11ms min=1.32ms max=2353.41ms count=21
09-14 21:37:06.127 E/unknown:FabricViewStateManager(10726): setState called without a StateWrapper
09-14 21:37:06.143 E/unknown:FabricViewStateManager(10726): setState called without a StateWrapper
09-14 21:37:06.161 E/unknown:FabricViewStateManager(10726): setState called without a StateWrapper
09-14 21:37:06.177 E/unknown:FabricViewStateManager(10726): setState called without a StateWrapper
09-14 21:37:06.192 E/unknown:FabricViewStateManager(10726): setState called without a StateWrapper
09-14 21:37:06.209 E/unknown:FabricViewStateManager(10726): setState called without a StateWrapper
09-14 21:37:06.228 E/unknown:FabricViewStateManager(10726): setState called without a StateWrapper
09-14 21:37:06.243 E/unknown:FabricViewStateManager(10726): setState called without a StateWrapper
09-14 21:37:06.260 E/unknown:FabricViewStateManager(10726): setState called without a StateWrapper
09-14 21:37:06.276 E/unknown:FabricViewStateManager(10726): setState called without a StateWrapper
09-14 21:37:06.293 E/unknown:FabricViewStateManager(10726): setState called without a StateWrapper
09-14 21:37:06.309 E/unknown:FabricViewStateManager(10726): setState called without a StateWrapper
09-14 21:37:06.329 E/unknown:FabricViewStateManager(10726): setState called without a StateWrapper
09-14 21:37:06.343 E/unknown:FabricViewStateManager(10726): setState called without a StateWrapper
09-14 21:37:06.361 E/unknown:FabricViewStateManager(10726): setState called without a StateWrapper
09-14 21:37:06.376 E/unknown:FabricViewStateManager(10726): setState called without a StateWrapper
09-14 21:37:06.896 W/HttpCallTransport(11065): Fail read Http response and forward to Cello
09-14 21:37:06.896 W/HttpCallTransport(11065): Fail read Http response and forward to Cello
09-14 21:37:06.896 E/Cello   (11065): [11200:NonCelloThread] drive_v2_cloud_store.cc:6973:DumpToLog Request 0x728b78859db0: 0 transport: drive::ds::Status::UNAVAILABLE_WHILE_OFFLINE reader: drive::ds::Status::SUCCESS url: https://play.googleapis.com/log
09-14 21:37:06.896 E/Cello   (11065): [11200:NonCelloThread] drive_v2_cloud_store.cc:6973:DumpToLog req.hdr 0x728b78859db0: Content-Type=
09-14 21:37:06.896 E/Cello   (11065): [11200:NonCelloThread] drive_v2_cloud_store.cc:6973:DumpToLog Response body 0x728b78859db0: (no response body)
09-14 21:37:06.896 E/Cello   (11065): [11210:MetricsTransportThread-CELLO] metrics_transport.cc:242:SendRequest Request failed: drive::ds::Status::UNAVAILABLE_WHILE_OFFLINE
09-14 21:37:06.896 I/Cello   (11065): [11210:MetricsTransportThread-CELLO] metrics_transport.cc:471:ProcessRequestsOnBackgroundThread Metrics failed to send, drive::ds::Status::UNAVAILABLE_WHILE_OFFLINE
09-14 21:37:06.958 W/ThreadPoolForeg( 1176): type=1400 audit(0.0:1535): avc: denied { write } for name="traced_producer" dev="tmpfs" ino=684 scontext=u:r:gmscore_app:s0:c512,c768 tcontext=u:object_r:traced_producer_socket:s0 tclass=sock_file permissive=0 app=com.google.android.gms
09-14 21:37:07.790 W/SystemServiceRegistry( 1176): No service published for: wifirtt
09-14 21:37:08.590 D/WifiNl80211Manager(  533): Scan result ready event
09-14 21:37:08.590 D/WifiNative(  533): Scan result ready event
09-14 21:37:08.595 I/WifiScanner( 1176): onFullResults
09-14 21:37:08.596 I/WifiScanner( 1176): onFullResults
09-14 21:37:08.607 I/ActivityScheduler( 1176): nextTriggerTime: 19482236, in 120179ms, detectorType: 39, FULL_TYPE alarmWindowMillis: 80000
09-14 21:37:08.614 I/HalDevMgr(  533): bestIfaceCreationProposal is null, requestIface=STA, existingIface=[name=wlan0 type=STA]
09-14 21:37:14.573 W/WindowManager(  533): removeWindowToken: Attempted to remove non-existing token: android.os.Binder@ce5a734
09-14 21:37:25.123 D/EGL_emulation(  748): app_time_stats: avg=25092.07ms min=25092.07ms max=25092.07ms count=1
09-14 21:37:25.795 E/unknown:ReactContextBaseJavaModule(10726): Unhandled SoftException
09-14 21:37:25.795 E/unknown:ReactContextBaseJavaModule(10726): java.lang.RuntimeException: Catalyst Instance has already disappeared: requested by WebSocketModule
09-14 21:37:25.795 E/unknown:ReactContextBaseJavaModule(10726): 	at com.facebook.react.bridge.ReactContextBaseJavaModule.getReactApplicationContextIfActiveOrWarn(ReactContextBaseJavaModule.java:66)
09-14 21:37:25.795 E/unknown:ReactContextBaseJavaModule(10726): 	at com.facebook.react.modules.websocket.WebSocketModule.sendEvent(WebSocketModule.java:62)
09-14 21:37:25.795 E/unknown:ReactContextBaseJavaModule(10726): 	at com.facebook.react.modules.websocket.WebSocketModule.access$100(WebSocketModule.java:40)
09-14 21:37:25.795 E/unknown:ReactContextBaseJavaModule(10726): 	at com.facebook.react.modules.websocket.WebSocketModule$1.onMessage(WebSocketModule.java:190)
09-14 21:37:25.795 E/unknown:ReactContextBaseJavaModule(10726): 	at okhttp3.internal.ws.RealWebSocket.onReadMessage(RealWebSocket.kt:333)
09-14 21:37:25.795 E/unknown:ReactContextBaseJavaModule(10726): 	at okhttp3.internal.ws.WebSocketReader.readMessageFrame(WebSocketReader.kt:245)
09-14 21:37:25.795 E/unknown:ReactContextBaseJavaModule(10726): 	at okhttp3.internal.ws.WebSocketReader.processNextFrame(WebSocketReader.kt:106)
09-14 21:37:25.795 E/unknown:ReactContextBaseJavaModule(10726): 	at okhttp3.internal.ws.RealWebSocket.loopReader(RealWebSocket.kt:293)
09-14 21:37:25.795 E/unknown:ReactContextBaseJavaModule(10726): 	at okhttp3.internal.ws.RealWebSocket$connect$1.onResponse(RealWebSocket.kt:195)
09-14 21:37:25.795 E/unknown:ReactContextBaseJavaModule(10726): 	at okhttp3.internal.connection.RealCall$AsyncCall.run(RealCall.kt:519)
09-14 21:37:25.795 E/unknown:ReactContextBaseJavaModule(10726): 	at java.util.concurrent.ThreadPoolExecutor.runWorker(ThreadPoolExecutor.java:1156)
09-14 21:37:25.795 E/unknown:ReactContextBaseJavaModule(10726): 	at java.util.concurrent.ThreadPoolExecutor$Worker.run(ThreadPoolExecutor.java:651)
09-14 21:37:25.795 E/unknown:ReactContextBaseJavaModule(10726): 	at java.lang.Thread.run(Thread.java:1119)
09-14 21:37:25.796 E/unknown:ReactContextBaseJavaModule(10726): Unhandled SoftException
09-14 21:37:25.796 E/unknown:ReactContextBaseJavaModule(10726): java.lang.RuntimeException: Catalyst Instance has already disappeared: requested by WebSocketModule
09-14 21:37:25.796 E/unknown:ReactContextBaseJavaModule(10726): 	at com.facebook.react.bridge.ReactContextBaseJavaModule.getReactApplicationContextIfActiveOrWarn(ReactContextBaseJavaModule.java:66)
09-14 21:37:25.796 E/unknown:ReactContextBaseJavaModule(10726): 	at com.facebook.react.modules.websocket.WebSocketModule.sendEvent(WebSocketModule.java:62)
09-14 21:37:25.796 E/unknown:ReactContextBaseJavaModule(10726): 	at com.facebook.react.modules.websocket.WebSocketModule.access$100(WebSocketModule.java:40)
09-14 21:37:25.796 E/unknown:ReactContextBaseJavaModule(10726): 	at com.facebook.react.modules.websocket.WebSocketModule$1.onMessage(WebSocketModule.java:190)
09-14 21:37:25.796 E/unknown:ReactContextBaseJavaModule(10726): 	at okhttp3.internal.ws.RealWebSocket.onReadMessage(RealWebSocket.kt:333)
09-14 21:37:25.796 E/unknown:ReactContextBaseJavaModule(10726): 	at okhttp3.internal.ws.WebSocketReader.readMessageFrame(WebSocketReader.kt:245)
09-14 21:37:25.796 E/unknown:ReactContextBaseJavaModule(10726): 	at okhttp3.internal.ws.WebSocketReader.processNextFrame(WebSocketReader.kt:106)
09-14 21:37:25.796 E/unknown:ReactContextBaseJavaModule(10726): 	at okhttp3.internal.ws.RealWebSocket.loopReader(RealWebSocket.kt:293)
09-14 21:37:25.796 E/unknown:ReactContextBaseJavaModule(10726): 	at okhttp3.internal.ws.RealWebSocket$connect$1.onResponse(RealWebSocket.kt:195)
09-14 21:37:25.796 E/unknown:ReactContextBaseJavaModule(10726): 	at okhttp3.internal.connection.RealCall$AsyncCall.run(RealCall.kt:519)
09-14 21:37:25.796 E/unknown:ReactContextBaseJavaModule(10726): 	at java.util.concurrent.ThreadPoolExecutor.runWorker(ThreadPoolExecutor.java:1156)
09-14 21:37:25.796 E/unknown:ReactContextBaseJavaModule(10726): 	at java.util.concurrent.ThreadPoolExecutor$Worker.run(ThreadPoolExecutor.java:651)
09-14 21:37:25.796 E/unknown:ReactContextBaseJavaModule(10726): 	at java.lang.Thread.run(Thread.java:1119)
09-14 21:37:25.796 E/unknown:ReactContextBaseJavaModule(10726): Unhandled SoftException
09-14 21:37:25.796 E/unknown:ReactContextBaseJavaModule(10726): java.lang.RuntimeException: Catalyst Instance has already disappeared: requested by WebSocketModule
09-14 21:37:25.796 E/unknown:ReactContextBaseJavaModule(10726): 	at com.facebook.react.bridge.ReactContextBaseJavaModule.getReactApplicationContextIfActiveOrWarn(ReactContextBaseJavaModule.java:66)
09-14 21:37:25.796 E/unknown:ReactContextBaseJavaModule(10726): 	at com.facebook.react.modules.websocket.WebSocketModule.sendEvent(WebSocketModule.java:62)
09-14 21:37:25.796 E/unknown:ReactContextBaseJavaModule(10726): 	at com.facebook.react.modules.websocket.WebSocketModule.access$100(WebSocketModule.java:40)
09-14 21:37:25.796 E/unknown:ReactContextBaseJavaModule(10726): 	at com.facebook.react.modules.websocket.WebSocketModule$1.onMessage(WebSocketModule.java:190)
09-14 21:37:25.796 E/unknown:ReactContextBaseJavaModule(10726): 	at okhttp3.internal.ws.RealWebSocket.onReadMessage(RealWebSocket.kt:333)
09-14 21:37:25.796 E/unknown:ReactContextBaseJavaModule(10726): 	at okhttp3.internal.ws.WebSocketReader.readMessageFrame(WebSocketReader.kt:245)
09-14 21:37:25.796 E/unknown:ReactContextBaseJavaModule(10726): 	at okhttp3.internal.ws.WebSocketReader.processNextFrame(WebSocketReader.kt:106)
09-14 21:37:25.796 E/unknown:ReactContextBaseJavaModule(10726): 	at okhttp3.internal.ws.RealWebSocket.loopReader(RealWebSocket.kt:293)
09-14 21:37:25.796 E/unknown:ReactContextBaseJavaModule(10726): 	at okhttp3.internal.ws.RealWebSocket$connect$1.onResponse(RealWebSocket.kt:195)
09-14 21:37:25.796 E/unknown:ReactContextBaseJavaModule(10726): 	at okhttp3.internal.connection.RealCall$AsyncCall.run(RealCall.kt:519)
09-14 21:37:25.796 E/unknown:ReactContextBaseJavaModule(10726): 	at java.util.concurrent.ThreadPoolExecutor.runWorker(ThreadPoolExecutor.java:1156)
09-14 21:37:25.796 E/unknown:ReactContextBaseJavaModule(10726): 	at java.util.concurrent.ThreadPoolExecutor$Worker.run(ThreadPoolExecutor.java:651)
09-14 21:37:25.796 E/unknown:ReactContextBaseJavaModule(10726): 	at java.lang.Thread.run(Thread.java:1119)
09-14 21:37:25.821 W/Parcel  (  748): Expecting binder but got null!
09-14 21:37:25.825 D/CoreBackPreview(  533): Window{87afa30 u0 Toast}: Setting back callback OnBackInvokedCallbackInfo{mCallback=android.window.IOnBackInvokedCallback$Stub$Proxy@b2d942e, mPriority=0}
09-14 21:37:25.871 E/OpenGLRenderer(  748): Unable to match the desired swap behavior.
09-14 21:37:28.179 D/EGL_emulation(  748): app_time_stats: avg=121.98ms min=1.55ms max=1980.69ms count=17
09-14 21:37:28.210 D/WifiNl80211Manager(  533): Scan result ready event
09-14 21:37:28.210 D/WifiNative(  533): Scan result ready event
09-14 21:37:28.215 I/WifiScanner( 1176): onFullResults
09-14 21:37:28.223 I/HalDevMgr(  533): bestIfaceCreationProposal is null, requestIface=STA, existingIface=[name=wlan0 type=STA]
09-14 21:37:28.409 D/CoreBackPreview(  533): Window{87afa30 u0 Toast}: Setting back callback null
09-14 21:37:28.413 W/InputManager-JNI(  533): Input channel object '87afa30 Toast (client)' was disposed without first being removed with the input manager!
09-14 21:37:28.417 W/NotificationService(  533): Toast already killed. pkg=com.app.uprise.debug token=android.os.BinderProxy@52231e1
09-14 21:37:31.110 W/ThreadPoolForeg( 1318): type=1400 audit(0.0:1536): avc: denied { write } for name="traced_producer" dev="tmpfs" ino=684 scontext=u:r:gmscore_app:s0:c512,c768 tcontext=u:object_r:traced_producer_socket:s0 tclass=sock_file permissive=0 app=com.google.android.gms
09-14 21:37:33.438 W/adbd    (  429): timeout expired while flushing socket, closing
09-14 21:37:36.966 W/ThreadPoolForeg( 1176): type=1400 audit(0.0:1537): avc: denied { write } for name="traced_producer" dev="tmpfs" ino=684 scontext=u:r:gmscore_app:s0:c512,c768 tcontext=u:object_r:traced_producer_socket:s0 tclass=sock_file permissive=0 app=com.google.android.gms
09-14 21:37:38.472 E/unknown:ReactContextBaseJavaModule(10726): Unhandled SoftException
09-14 21:37:38.472 E/unknown:ReactContextBaseJavaModule(10726): java.lang.RuntimeException: Catalyst Instance has already disappeared: requested by WebSocketModule
09-14 21:37:38.472 E/unknown:ReactContextBaseJavaModule(10726): 	at com.facebook.react.bridge.ReactContextBaseJavaModule.getReactApplicationContextIfActiveOrWarn(ReactContextBaseJavaModule.java:66)
09-14 21:37:38.472 E/unknown:ReactContextBaseJavaModule(10726): 	at com.facebook.react.modules.websocket.WebSocketModule.sendEvent(WebSocketModule.java:62)
09-14 21:37:38.472 E/unknown:ReactContextBaseJavaModule(10726): 	at com.facebook.react.modules.websocket.WebSocketModule.access$100(WebSocketModule.java:40)
09-14 21:37:38.472 E/unknown:ReactContextBaseJavaModule(10726): 	at com.facebook.react.modules.websocket.WebSocketModule$1.onMessage(WebSocketModule.java:190)
09-14 21:37:38.472 E/unknown:ReactContextBaseJavaModule(10726): 	at okhttp3.internal.ws.RealWebSocket.onReadMessage(RealWebSocket.kt:333)
09-14 21:37:38.472 E/unknown:ReactContextBaseJavaModule(10726): 	at okhttp3.internal.ws.WebSocketReader.readMessageFrame(WebSocketReader.kt:245)
09-14 21:37:38.472 E/unknown:ReactContextBaseJavaModule(10726): 	at okhttp3.internal.ws.WebSocketReader.processNextFrame(WebSocketReader.kt:106)
09-14 21:37:38.472 E/unknown:ReactContextBaseJavaModule(10726): 	at okhttp3.internal.ws.RealWebSocket.loopReader(RealWebSocket.kt:293)
09-14 21:37:38.472 E/unknown:ReactContextBaseJavaModule(10726): 	at okhttp3.internal.ws.RealWebSocket$connect$1.onResponse(RealWebSocket.kt:195)
09-14 21:37:38.472 E/unknown:ReactContextBaseJavaModule(10726): 	at okhttp3.internal.connection.RealCall$AsyncCall.run(RealCall.kt:519)
09-14 21:37:38.472 E/unknown:ReactContextBaseJavaModule(10726): 	at java.util.concurrent.ThreadPoolExecutor.runWorker(ThreadPoolExecutor.java:1156)
09-14 21:37:38.472 E/unknown:ReactContextBaseJavaModule(10726): 	at java.util.concurrent.ThreadPoolExecutor$Worker.run(ThreadPoolExecutor.java:651)
09-14 21:37:38.472 E/unknown:ReactContextBaseJavaModule(10726): 	at java.lang.Thread.run(Thread.java:1119)
09-14 21:37:38.476 E/unknown:ReactContextBaseJavaModule(10726): Unhandled SoftException
09-14 21:37:38.476 E/unknown:ReactContextBaseJavaModule(10726): java.lang.RuntimeException: Catalyst Instance has already disappeared: requested by WebSocketModule
09-14 21:37:38.476 E/unknown:ReactContextBaseJavaModule(10726): 	at com.facebook.react.bridge.ReactContextBaseJavaModule.getReactApplicationContextIfActiveOrWarn(ReactContextBaseJavaModule.java:66)
09-14 21:37:38.476 E/unknown:ReactContextBaseJavaModule(10726): 	at com.facebook.react.modules.websocket.WebSocketModule.sendEvent(WebSocketModule.java:62)
09-14 21:37:38.476 E/unknown:ReactContextBaseJavaModule(10726): 	at com.facebook.react.modules.websocket.WebSocketModule.access$100(WebSocketModule.java:40)
09-14 21:37:38.476 E/unknown:ReactContextBaseJavaModule(10726): 	at com.facebook.react.modules.websocket.WebSocketModule$1.onMessage(WebSocketModule.java:190)
09-14 21:37:38.476 E/unknown:ReactContextBaseJavaModule(10726): 	at okhttp3.internal.ws.RealWebSocket.onReadMessage(RealWebSocket.kt:333)
09-14 21:37:38.476 E/unknown:ReactContextBaseJavaModule(10726): 	at okhttp3.internal.ws.WebSocketReader.readMessageFrame(WebSocketReader.kt:245)
09-14 21:37:38.476 E/unknown:ReactContextBaseJavaModule(10726): 	at okhttp3.internal.ws.WebSocketReader.processNextFrame(WebSocketReader.kt:106)
09-14 21:37:38.476 E/unknown:ReactContextBaseJavaModule(10726): 	at okhttp3.internal.ws.RealWebSocket.loopReader(RealWebSocket.kt:293)
09-14 21:37:38.476 E/unknown:ReactContextBaseJavaModule(10726): 	at okhttp3.internal.ws.RealWebSocket$connect$1.onResponse(RealWebSocket.kt:195)
09-14 21:37:38.476 E/unknown:ReactContextBaseJavaModule(10726): 	at okhttp3.internal.connection.RealCall$AsyncCall.run(RealCall.kt:519)
09-14 21:37:38.476 E/unknown:ReactContextBaseJavaModule(10726): 	at java.util.concurrent.ThreadPoolExecutor.runWorker(ThreadPoolExecutor.java:1156)
09-14 21:37:38.476 E/unknown:ReactContextBaseJavaModule(10726): 	at java.util.concurrent.ThreadPoolExecutor$Worker.run(ThreadPoolExecutor.java:651)
09-14 21:37:38.476 E/unknown:ReactContextBaseJavaModule(10726): 	at java.lang.Thread.run(Thread.java:1119)
09-14 21:37:38.478 E/unknown:ReactContextBaseJavaModule(10726): Unhandled SoftException
09-14 21:37:38.478 E/unknown:ReactContextBaseJavaModule(10726): java.lang.RuntimeException: Catalyst Instance has already disappeared: requested by WebSocketModule
09-14 21:37:38.478 E/unknown:ReactContextBaseJavaModule(10726): 	at com.facebook.react.bridge.ReactContextBaseJavaModule.getReactApplicationContextIfActiveOrWarn(ReactContextBaseJavaModule.java:66)
09-14 21:37:38.478 E/unknown:ReactContextBaseJavaModule(10726): 	at com.facebook.react.modules.websocket.WebSocketModule.sendEvent(WebSocketModule.java:62)
09-14 21:37:38.478 E/unknown:ReactContextBaseJavaModule(10726): 	at com.facebook.react.modules.websocket.WebSocketModule.access$100(WebSocketModule.java:40)
09-14 21:37:38.478 E/unknown:ReactContextBaseJavaModule(10726): 	at com.facebook.react.modules.websocket.WebSocketModule$1.onMessage(WebSocketModule.java:190)
09-14 21:37:38.478 E/unknown:ReactContextBaseJavaModule(10726): 	at okhttp3.internal.ws.RealWebSocket.onReadMessage(RealWebSocket.kt:333)
09-14 21:37:38.478 E/unknown:ReactContextBaseJavaModule(10726): 	at okhttp3.internal.ws.WebSocketReader.readMessageFrame(WebSocketReader.kt:245)
09-14 21:37:38.478 E/unknown:ReactContextBaseJavaModule(10726): 	at okhttp3.internal.ws.WebSocketReader.processNextFrame(WebSocketReader.kt:106)
09-14 21:37:38.478 E/unknown:ReactContextBaseJavaModule(10726): 	at okhttp3.internal.ws.RealWebSocket.loopReader(RealWebSocket.kt:293)
09-14 21:37:38.478 E/unknown:ReactContextBaseJavaModule(10726): 	at okhttp3.internal.ws.RealWebSocket$connect$1.onResponse(RealWebSocket.kt:195)
09-14 21:37:38.478 E/unknown:ReactContextBaseJavaModule(10726): 	at okhttp3.internal.connection.RealCall$AsyncCall.run(RealCall.kt:519)
09-14 21:37:38.478 E/unknown:ReactContextBaseJavaModule(10726): 	at java.util.concurrent.ThreadPoolExecutor.runWorker(ThreadPoolExecutor.java:1156)
09-14 21:37:38.478 E/unknown:ReactContextBaseJavaModule(10726): 	at java.util.concurrent.ThreadPoolExecutor$Worker.run(ThreadPoolExecutor.java:651)
09-14 21:37:38.478 E/unknown:ReactContextBaseJavaModule(10726): 	at java.lang.Thread.run(Thread.java:1119)
09-14 21:37:38.484 W/Parcel  (  748): Expecting binder but got null!
09-14 21:37:38.484 W/Parcel  (10726): Expecting binder but got null!
09-14 21:37:38.487 D/CoreBackPreview(  533): Window{daf0b1d u0 Toast}: Setting back callback OnBackInvokedCallbackInfo{mCallback=android.window.IOnBackInvokedCallback$Stub$Proxy@213c6bf, mPriority=0}
09-14 21:37:38.487 D/CoreBackPreview(  533): Window{d194f60 u0 PopupWindow:b66e669}: Setting back callback OnBackInvokedCallbackInfo{mCallback=android.window.IOnBackInvokedCallback$Stub$Proxy@fb4018c, mPriority=0}
09-14 21:37:38.523 E/OpenGLRenderer(10726): Unable to match the desired swap behavior.
09-14 21:37:38.567 E/OpenGLRenderer(  748): Unable to match the desired swap behavior.
09-14 21:37:38.655 I/pp.uprise.debug(10726): Background concurrent mark compact GC freed 4918KB AllocSpace bytes, 0(0B) LOS objects, 49% free, 10MB/20MB, paused 7.840ms,4.616ms total 52.064ms
09-14 21:37:38.881 D/CoreBackPreview(  533): Window{d194f60 u0 PopupWindow:b66e669}: Setting back callback null
09-14 21:37:38.886 W/InputManager-JNI(  533): Input channel object 'd194f60 PopupWindow:b66e669 (client)' was disposed without first being removed with the input manager!
09-14 21:37:38.894 W/unknown:ReactNative(10726): Packager connection already open, nooping.
09-14 21:37:38.895 E/unknown:ReactContextBaseJavaModule(10726): Unhandled SoftException
09-14 21:37:38.895 E/unknown:ReactContextBaseJavaModule(10726): java.lang.RuntimeException: Catalyst Instance has already disappeared: requested by DeviceInfo
09-14 21:37:38.895 E/unknown:ReactContextBaseJavaModule(10726): 	at com.facebook.react.bridge.ReactContextBaseJavaModule.getReactApplicationContextIfActiveOrWarn(ReactContextBaseJavaModule.java:66)
09-14 21:37:38.895 E/unknown:ReactContextBaseJavaModule(10726): 	at com.facebook.react.modules.deviceinfo.DeviceInfoModule.invalidate(DeviceInfoModule.java:114)
09-14 21:37:38.895 E/unknown:ReactContextBaseJavaModule(10726): 	at com.facebook.react.bridge.ModuleHolder.destroy(ModuleHolder.java:110)
09-14 21:37:38.895 E/unknown:ReactContextBaseJavaModule(10726): 	at com.facebook.react.bridge.NativeModuleRegistry.notifyJSInstanceDestroy(NativeModuleRegistry.java:108)
09-14 21:37:38.895 E/unknown:ReactContextBaseJavaModule(10726): 	at com.facebook.react.bridge.CatalystInstanceImpl$1.run(CatalystInstanceImpl.java:359)
09-14 21:37:38.895 E/unknown:ReactContextBaseJavaModule(10726): 	at android.os.Handler.handleCallback(Handler.java:942)
09-14 21:37:38.895 E/unknown:ReactContextBaseJavaModule(10726): 	at android.os.Handler.dispatchMessage(Handler.java:99)
09-14 21:37:38.895 E/unknown:ReactContextBaseJavaModule(10726): 	at com.facebook.react.bridge.queue.MessageQueueThreadHandler.dispatchMessage(MessageQueueThreadHandler.java:27)
09-14 21:37:38.895 E/unknown:ReactContextBaseJavaModule(10726): 	at android.os.Looper.loopOnce(Looper.java:201)
09-14 21:37:38.895 E/unknown:ReactContextBaseJavaModule(10726): 	at android.os.Looper.loop(Looper.java:288)
09-14 21:37:38.895 E/unknown:ReactContextBaseJavaModule(10726): 	at com.facebook.react.bridge.queue.MessageQueueThreadImpl$4.run(MessageQueueThreadImpl.java:226)
09-14 21:37:38.895 E/unknown:ReactContextBaseJavaModule(10726): 	at java.lang.Thread.run(Thread.java:1119)
09-14 21:37:38.895 E/unknown:ReactContextBaseJavaModule(10726): Unhandled SoftException
09-14 21:37:38.895 E/unknown:ReactContextBaseJavaModule(10726): java.lang.RuntimeException: Catalyst Instance has already disappeared: requested by NativeAnimatedModule
09-14 21:37:38.895 E/unknown:ReactContextBaseJavaModule(10726): 	at com.facebook.react.bridge.ReactContextBaseJavaModule.getReactApplicationContextIfActiveOrWarn(ReactContextBaseJavaModule.java:66)
09-14 21:37:38.895 E/unknown:ReactContextBaseJavaModule(10726): 	at com.facebook.react.animated.NativeAnimatedModule.invalidate(NativeAnimatedModule.java:897)
09-14 21:37:38.895 E/unknown:ReactContextBaseJavaModule(10726): 	at com.facebook.react.bridge.ModuleHolder.destroy(ModuleHolder.java:110)
09-14 21:37:38.895 E/unknown:ReactContextBaseJavaModule(10726): 	at com.facebook.react.bridge.NativeModuleRegistry.notifyJSInstanceDestroy(NativeModuleRegistry.java:108)
09-14 21:37:38.895 E/unknown:ReactContextBaseJavaModule(10726): 	at com.facebook.react.bridge.CatalystInstanceImpl$1.run(CatalystInstanceImpl.java:359)
09-14 21:37:38.895 E/unknown:ReactContextBaseJavaModule(10726): 	at android.os.Handler.handleCallback(Handler.java:942)
09-14 21:37:38.895 E/unknown:ReactContextBaseJavaModule(10726): 	at android.os.Handler.dispatchMessage(Handler.java:99)
09-14 21:37:38.895 E/unknown:ReactContextBaseJavaModule(10726): 	at com.facebook.react.bridge.queue.MessageQueueThreadHandler.dispatchMessage(MessageQueueThreadHandler.java:27)
09-14 21:37:38.895 E/unknown:ReactContextBaseJavaModule(10726): 	at android.os.Looper.loopOnce(Looper.java:201)
09-14 21:37:38.895 E/unknown:ReactContextBaseJavaModule(10726): 	at android.os.Looper.loop(Looper.java:288)
09-14 21:37:38.895 E/unknown:ReactContextBaseJavaModule(10726): 	at com.facebook.react.bridge.queue.MessageQueueThreadImpl$4.run(MessageQueueThreadImpl.java:226)
09-14 21:37:38.895 E/unknown:ReactContextBaseJavaModule(10726): 	at java.lang.Thread.run(Thread.java:1119)
09-14 21:37:38.896 W/unknown:ReactNative(10726): Calling JS function after bridge has been destroyed: RCTEventEmitter.receiveEvent([189,"topWillDisappear",{}])
09-14 21:37:38.896 W/unknown:ReactNative(10726): Calling JS function after bridge has been destroyed: RCTEventEmitter.receiveEvent([189,"topTransitionProgress",{"closing":1,"goingForward":1,"progress":0}])
09-14 21:37:38.897 W/unknown:ReactNative(10726): Calling JS function after bridge has been destroyed: RCTEventEmitter.receiveEvent([189,"topDisappear",{}])
09-14 21:37:38.897 W/unknown:ReactNative(10726): Calling JS function after bridge has been destroyed: RCTEventEmitter.receiveEvent([189,"topTransitionProgress",{"closing":1,"goingForward":1,"progress":1}])
09-14 21:37:38.898 E/unknown:ReactContextBaseJavaModule(10726): Unhandled SoftException
09-14 21:37:38.898 E/unknown:ReactContextBaseJavaModule(10726): java.lang.RuntimeException: Catalyst Instance has already disappeared: requested by FrescoModule
09-14 21:37:38.898 E/unknown:ReactContextBaseJavaModule(10726): 	at com.facebook.react.bridge.ReactContextBaseJavaModule.getReactApplicationContextIfActiveOrWarn(ReactContextBaseJavaModule.java:66)
09-14 21:37:38.898 E/unknown:ReactContextBaseJavaModule(10726): 	at com.facebook.react.modules.fresco.FrescoModule.invalidate(FrescoModule.java:202)
09-14 21:37:38.898 E/unknown:ReactContextBaseJavaModule(10726): 	at com.facebook.react.bridge.ModuleHolder.destroy(ModuleHolder.java:110)
09-14 21:37:38.898 E/unknown:ReactContextBaseJavaModule(10726): 	at com.facebook.react.bridge.NativeModuleRegistry.notifyJSInstanceDestroy(NativeModuleRegistry.java:108)
09-14 21:37:38.898 E/unknown:ReactContextBaseJavaModule(10726): 	at com.facebook.react.bridge.CatalystInstanceImpl$1.run(CatalystInstanceImpl.java:359)
09-14 21:37:38.898 E/unknown:ReactContextBaseJavaModule(10726): 	at android.os.Handler.handleCallback(Handler.java:942)
09-14 21:37:38.898 E/unknown:ReactContextBaseJavaModule(10726): 	at android.os.Handler.dispatchMessage(Handler.java:99)
09-14 21:37:38.898 E/unknown:ReactContextBaseJavaModule(10726): 	at com.facebook.react.bridge.queue.MessageQueueThreadHandler.dispatchMessage(MessageQueueThreadHandler.java:27)
09-14 21:37:38.898 E/unknown:ReactContextBaseJavaModule(10726): 	at android.os.Looper.loopOnce(Looper.java:201)
09-14 21:37:38.898 E/unknown:ReactContextBaseJavaModule(10726): 	at android.os.Looper.loop(Looper.java:288)
09-14 21:37:38.898 E/unknown:ReactContextBaseJavaModule(10726): 	at com.facebook.react.bridge.queue.MessageQueueThreadImpl$4.run(MessageQueueThreadImpl.java:226)
09-14 21:37:38.898 E/unknown:ReactContextBaseJavaModule(10726): 	at java.lang.Thread.run(Thread.java:1119)
09-14 21:37:38.899 I/RNFusedLocation(10726): RNFusedLocation initialized
09-14 21:37:38.901 E/unknown:ReactContextBaseJavaModule(10726): Unhandled SoftException
09-14 21:37:38.901 E/unknown:ReactContextBaseJavaModule(10726): java.lang.RuntimeException: Catalyst Instance has already disappeared: requested by AppState
09-14 21:37:38.901 E/unknown:ReactContextBaseJavaModule(10726): 	at com.facebook.react.bridge.ReactContextBaseJavaModule.getReactApplicationContextIfActiveOrWarn(ReactContextBaseJavaModule.java:66)
09-14 21:37:38.901 E/unknown:ReactContextBaseJavaModule(10726): 	at com.facebook.react.modules.appstate.AppStateModule.invalidate(AppStateModule.java:127)
09-14 21:37:38.901 E/unknown:ReactContextBaseJavaModule(10726): 	at com.facebook.react.bridge.ModuleHolder.destroy(ModuleHolder.java:110)
09-14 21:37:38.901 E/unknown:ReactContextBaseJavaModule(10726): 	at com.facebook.react.bridge.NativeModuleRegistry.notifyJSInstanceDestroy(NativeModuleRegistry.java:108)
09-14 21:37:38.901 E/unknown:ReactContextBaseJavaModule(10726): 	at com.facebook.react.bridge.CatalystInstanceImpl$1.run(CatalystInstanceImpl.java:359)
09-14 21:37:38.901 E/unknown:ReactContextBaseJavaModule(10726): 	at android.os.Handler.handleCallback(Handler.java:942)
09-14 21:37:38.901 E/unknown:ReactContextBaseJavaModule(10726): 	at android.os.Handler.dispatchMessage(Handler.java:99)
09-14 21:37:38.901 E/unknown:ReactContextBaseJavaModule(10726): 	at com.facebook.react.bridge.queue.MessageQueueThreadHandler.dispatchMessage(MessageQueueThreadHandler.java:27)
09-14 21:37:38.901 E/unknown:ReactContextBaseJavaModule(10726): 	at android.os.Looper.loopOnce(Looper.java:201)
09-14 21:37:38.901 E/unknown:ReactContextBaseJavaModule(10726): 	at android.os.Looper.loop(Looper.java:288)
09-14 21:37:38.901 E/unknown:ReactContextBaseJavaModule(10726): 	at com.facebook.react.bridge.queue.MessageQueueThreadImpl$4.run(MessageQueueThreadImpl.java:226)
09-14 21:37:38.901 E/unknown:ReactContextBaseJavaModule(10726): 	at java.lang.Thread.run(Thread.java:1119)
09-14 21:37:38.901 E/unknown:ReactContextBaseJavaModule(10726): Unhandled SoftException
09-14 21:37:38.901 E/unknown:ReactContextBaseJavaModule(10726): java.lang.RuntimeException: Catalyst Instance has already disappeared: requested by DialogManagerAndroid
09-14 21:37:38.901 E/unknown:ReactContextBaseJavaModule(10726): 	at com.facebook.react.bridge.ReactContextBaseJavaModule.getReactApplicationContextIfActiveOrWarn(ReactContextBaseJavaModule.java:66)
09-14 21:37:38.901 E/unknown:ReactContextBaseJavaModule(10726): 	at com.facebook.react.modules.dialog.DialogModule.invalidate(DialogModule.java:246)
09-14 21:37:38.901 E/unknown:ReactContextBaseJavaModule(10726): 	at com.facebook.react.bridge.ModuleHolder.destroy(ModuleHolder.java:110)
09-14 21:37:38.901 E/unknown:ReactContextBaseJavaModule(10726): 	at com.facebook.react.bridge.NativeModuleRegistry.notifyJSInstanceDestroy(NativeModuleRegistry.java:108)
09-14 21:37:38.901 E/unknown:ReactContextBaseJavaModule(10726): 	at com.facebook.react.bridge.CatalystInstanceImpl$1.run(CatalystInstanceImpl.java:359)
09-14 21:37:38.901 E/unknown:ReactContextBaseJavaModule(10726): 	at android.os.Handler.handleCallback(Handler.java:942)
09-14 21:37:38.901 E/unknown:ReactContextBaseJavaModule(10726): 	at android.os.Handler.dispatchMessage(Handler.java:99)
09-14 21:37:38.901 E/unknown:ReactContextBaseJavaModule(10726): 	at com.facebook.react.bridge.queue.MessageQueueThreadHandler.dispatchMessage(MessageQueueThreadHandler.java:27)
09-14 21:37:38.901 E/unknown:ReactContextBaseJavaModule(10726): 	at android.os.Looper.loopOnce(Looper.java:201)
09-14 21:37:38.901 E/unknown:ReactContextBaseJavaModule(10726): 	at android.os.Looper.loop(Looper.java:288)
09-14 21:37:38.901 E/unknown:ReactContextBaseJavaModule(10726): 	at com.facebook.react.bridge.queue.MessageQueueThreadImpl$4.run(MessageQueueThreadImpl.java:226)
09-14 21:37:38.901 E/unknown:ReactContextBaseJavaModule(10726): 	at java.lang.Thread.run(Thread.java:1119)
09-14 21:37:38.903 W/unknown:ReactNative(10726): Calling JS function after bridge has been destroyed: RCTEventEmitter.receiveEvent([59,"topFinishTransitioning",{}])
09-14 21:37:38.904 W/unknown:ReactNative(10726): Calling JS function after bridge has been destroyed: RCTEventEmitter.receiveEvent([73,"topWillDisappear",{}])
09-14 21:37:38.904 W/unknown:ReactNative(10726): Calling JS function after bridge has been destroyed: RCTEventEmitter.receiveEvent([73,"topTransitionProgress",{"closing":1,"goingForward":1,"progress":0}])
09-14 21:37:38.905 W/unknown:ReactNative(10726): Calling JS function after bridge has been destroyed: RCTEventEmitter.receiveEvent([73,"topDisappear",{}])
09-14 21:37:38.905 W/unknown:ReactNative(10726): Calling JS function after bridge has been destroyed: RCTEventEmitter.receiveEvent([73,"topTransitionProgress",{"closing":1,"goingForward":1,"progress":1}])
09-14 21:37:38.905 W/unknown:ReactNative(10726): Calling JS function after bridge has been destroyed: RCTEventEmitter.receiveEvent([75,"topFinishTransitioning",{}])
09-14 21:37:38.911 E/unknown:ReactInstanceManager(10726): destroyRootView called
09-14 21:37:38.911 E/unknown:ReactInstanceManager(10726): destroyRootView called, unmountReactApplication
09-14 21:37:38.921 D/EGL_emulation(10726): app_time_stats: avg=1822.36ms min=13.06ms max=32525.28ms count=18
09-14 21:37:38.922 W/[REANIMATED](10726): Since 2.5.0, Reanimated autoinstalls on Android - you can remove getJSIModulePackage() override in MainApplication.java.
09-14 21:37:38.925 W/unknown:ReactNative(10726): Packager connection already open, nooping.
09-14 21:37:38.926 W/unknown:ViewManagerPropertyUpdater(10726): Could not find generated setter for class com.facebook.react.views.drawer.ReactDrawerLayoutManager
09-14 21:37:38.932 W/unknown:ViewManagerPropertyUpdater(10726): Could not find generated setter for class com.facebook.react.uimanager.LayoutShadowNode
09-14 21:37:38.933 W/unknown:ViewManagerPropertyUpdater(10726): Could not find generated setter for class com.facebook.react.views.scroll.ReactHorizontalScrollViewManager
09-14 21:37:38.934 W/unknown:ViewManagerPropertyUpdater(10726): Could not find generated setter for class com.facebook.react.views.scroll.ReactHorizontalScrollContainerViewManager
09-14 21:37:38.935 W/unknown:ViewManagerPropertyUpdater(10726): Could not find generated setter for class com.facebook.react.views.progressbar.ReactProgressBarViewManager
09-14 21:37:38.937 W/unknown:ViewManagerPropertyUpdater(10726): Could not find generated setter for class com.facebook.react.views.progressbar.ProgressBarShadowNode
09-14 21:37:38.939 W/unknown:ViewManagerPropertyUpdater(10726): Could not find generated setter for class com.facebook.react.views.scroll.ReactScrollViewManager
09-14 21:37:38.942 W/unknown:ViewManagerPropertyUpdater(10726): Could not find generated setter for class com.facebook.react.views.slider.ReactSliderManager
09-14 21:37:38.944 W/unknown:ViewManagerPropertyUpdater(10726): Could not find generated setter for class com.facebook.react.views.slider.ReactSliderManager$ReactSliderShadowNode
09-14 21:37:38.944 W/unknown:ViewManagerPropertyUpdater(10726): Could not find generated setter for class com.facebook.react.views.switchview.ReactSwitchManager
09-14 21:37:38.945 W/unknown:ViewManagerPropertyUpdater(10726): Could not find generated setter for class com.facebook.react.views.switchview.ReactSwitchManager$ReactSwitchShadowNode
09-14 21:37:38.947 W/unknown:ViewManagerPropertyUpdater(10726): Could not find generated setter for class com.facebook.react.views.swiperefresh.SwipeRefreshLayoutManager
09-14 21:37:38.947 W/unknown:ViewManagerPropertyUpdater(10726): Could not find generated setter for class com.facebook.react.views.text.frescosupport.FrescoBasedReactTextInlineImageViewManager
09-14 21:37:38.948 W/unknown:ViewManagerPropertyUpdater(10726): Could not find generated setter for class com.facebook.react.views.text.frescosupport.FrescoBasedReactTextInlineImageShadowNode
09-14 21:37:38.948 W/unknown:ViewManagerPropertyUpdater(10726): Could not find generated setter for class com.facebook.react.views.image.ReactImageManager
09-14 21:37:38.949 W/unknown:ViewManagerPropertyUpdater(10726): Could not find generated setter for class com.facebook.react.views.modal.ReactModalHostManager
09-14 21:37:38.950 W/unknown:ViewManagerPropertyUpdater(10726): Could not find generated setter for class com.facebook.react.views.modal.ModalHostShadowNode
09-14 21:37:38.951 W/unknown:ViewManagerPropertyUpdater(10726): Could not find generated setter for class com.facebook.react.views.text.ReactRawTextManager
09-14 21:37:38.951 W/unknown:ViewManagerPropertyUpdater(10726): Could not find generated setter for class com.facebook.react.views.text.ReactRawTextShadowNode
09-14 21:37:38.952 W/unknown:ViewManagerPropertyUpdater(10726): Could not find generated setter for class com.facebook.react.views.textinput.ReactTextInputManager
09-14 21:37:38.953 W/unknown:ViewManagerPropertyUpdater(10726): Could not find generated setter for class com.facebook.react.views.textinput.ReactTextInputShadowNode
09-14 21:37:38.956 W/unknown:ViewManagerPropertyUpdater(10726): Could not find generated setter for class com.facebook.react.views.text.ReactTextViewManager
09-14 21:37:38.958 W/unknown:ViewManagerPropertyUpdater(10726): Could not find generated setter for class com.facebook.react.views.text.ReactTextShadowNode
09-14 21:37:38.958 W/unknown:ViewManagerPropertyUpdater(10726): Could not find generated setter for class com.facebook.react.views.view.ReactViewManager
09-14 21:37:38.963 W/unknown:ViewManagerPropertyUpdater(10726): Could not find generated setter for class com.facebook.react.views.text.ReactVirtualTextViewManager
09-14 21:37:38.964 W/unknown:ViewManagerPropertyUpdater(10726): Could not find generated setter for class com.facebook.react.views.text.ReactVirtualTextShadowNode
09-14 21:37:38.964 W/unknown:ViewManagerPropertyUpdater(10726): Could not find generated setter for class com.facebook.react.views.unimplementedview.ReactUnimplementedViewManager
09-14 21:37:38.964 W/unknown:ViewManagerPropertyUpdater(10726): Could not find generated setter for class org.reactnative.maskedview.RNCMaskedViewManager
09-14 21:37:38.965 W/unknown:ViewManagerPropertyUpdater(10726): Could not find generated setter for class com.reactnativegooglesignin.RNGoogleSigninButtonViewManager
09-14 21:37:38.965 W/unknown:ViewManagerPropertyUpdater(10726): Could not find generated setter for class com.swmansion.gesturehandler.react.RNGestureHandlerRootViewManager
09-14 21:37:38.966 W/unknown:ViewManagerPropertyUpdater(10726): Could not find generated setter for class com.swmansion.gesturehandler.react.RNGestureHandlerButtonViewManager
09-14 21:37:38.967 W/unknown:ViewManagerPropertyUpdater(10726): Could not find generated setter for class com.BV.LinearGradient.LinearGradientManager
09-14 21:37:38.967 W/unknown:ViewManagerPropertyUpdater(10726): Could not find generated setter for class com.reactnativepagerview.PagerViewViewManager
09-14 21:37:38.968 W/unknown:ViewManagerPropertyUpdater(10726): Could not find generated setter for class com.th3rdwave.safeareacontext.SafeAreaProviderManager
09-14 21:37:38.969 W/unknown:ViewManagerPropertyUpdater(10726): Could not find generated setter for class com.th3rdwave.safeareacontext.SafeAreaViewManager
09-14 21:37:38.969 W/unknown:ViewManagerPropertyUpdater(10726): Could not find generated setter for class com.th3rdwave.safeareacontext.SafeAreaViewShadowNode
09-14 21:37:38.970 W/unknown:ViewManagerPropertyUpdater(10726): Could not find generated setter for class com.swmansion.rnscreens.ScreenContainerViewManager
09-14 21:37:38.971 W/unknown:ViewManagerPropertyUpdater(10726): Could not find generated setter for class com.swmansion.rnscreens.ScreenViewManager
09-14 21:37:38.972 W/unknown:ViewManagerPropertyUpdater(10726): Could not find generated setter for class com.swmansion.rnscreens.ScreenStackViewManager
09-14 21:37:38.972 W/unknown:ViewManagerPropertyUpdater(10726): Could not find generated setter for class com.swmansion.rnscreens.ScreenStackHeaderConfigViewManager
09-14 21:37:38.973 W/unknown:ViewManagerPropertyUpdater(10726): Could not find generated setter for class com.swmansion.rnscreens.ScreenStackHeaderSubviewManager
09-14 21:37:38.973 W/unknown:ViewManagerPropertyUpdater(10726): Could not find generated setter for class com.swmansion.rnscreens.SearchBarManager
09-14 21:37:38.973 W/unknown:ViewManagerPropertyUpdater(10726): Could not find generated setter for class com.horcrux.svg.RenderableViewManager$GroupViewManager
