09-14 21:25:58.967 W/Finsky  ( 6602): [2] STU: Failed to get storage stats for package 'com.google.android.uwb' (1601: Error getting stats: android.content.pm.PackageManager.NameNotFoundException)
09-14 21:25:58.977 W/Finsky  ( 6602): [2] STU: Failed to get storage stats for package 'com.google.android.tzdata4' (1601: Error getting stats: android.content.pm.PackageManager.NameNotFoundException)
09-14 21:25:59.005 W/Finsky  ( 6602): [2] STU: Failed to get storage stats for package 'com.google.android.permission' (1601: Error getting stats: android.content.pm.PackageManager.NameNotFoundException)
09-14 21:25:59.075 W/Finsky  ( 6602): [2] STU: Failed to get storage stats for package 'com.google.android.wifi' (1601: Error getting stats: android.content.pm.PackageManager.NameNotFoundException)
09-14 21:25:59.823 I/VoiceInputManagerWrapper( 1219): VoiceInputManagerWrapper.shutdownVoiceInternal():148 shutdownVoiceInternal()
09-14 21:25:59.823 W/NotificationCenter( 1219): NotificationCenter.unregisterListener():480 Listener hwm@e3c5e32 was not registered for notification class nfk
09-14 21:25:59.936 W/Finsky  ( 6602): [2] STU: Failed to get storage stats for package 'com.google.android.appsearch' (1601: Error getting stats: android.content.pm.PackageManager.NameNotFoundException)
09-14 21:25:59.937 W/Finsky  ( 6602): [2] STU: Failed to get storage stats for package 'com.google.android.media.swcodec' (1601: Error getting stats: android.content.pm.PackageManager.NameNotFoundException)
09-14 21:25:59.937 W/Finsky  ( 6602): [2] STU: Failed to get storage stats for package 'com.google.android.art' (1601: Error getting stats: android.content.pm.PackageManager.NameNotFoundException)
09-14 21:25:59.978 W/Finsky  ( 6602): [2] STU: Failed to get storage stats for package 'com.google.android.mediaprovider' (1601: Error getting stats: android.content.pm.PackageManager.NameNotFoundException)
09-14 21:25:59.995 W/Finsky  ( 6602): [2] STU: Failed to get storage stats for package 'com.google.android.btservices' (1601: Error getting stats: android.content.pm.PackageManager.NameNotFoundException)
09-14 21:26:00.003 W/Finsky  ( 6602): [2] STU: Failed to get storage stats for package 'com.google.android.adbd' (1601: Error getting stats: android.content.pm.PackageManager.NameNotFoundException)
09-14 21:26:00.009 W/Finsky  ( 6602): [2] STU: Failed to get storage stats for package 'com.google.android.resolv' (1601: Error getting stats: android.content.pm.PackageManager.NameNotFoundException)
09-14 21:26:00.042 D/EGL_emulation(  748): app_time_stats: avg=1283.10ms min=12.62ms max=6281.40ms count=5
09-14 21:26:00.049 I/AiAiEcho( 1286): Predicting[0]: 
09-14 21:26:00.049 I/AiAiEcho( 1286): Ranked targets strategy: SORT, count: 0, ranking metadata: 
09-14 21:26:00.051 W/Finsky  ( 6602): [2] STU: Failed to get storage stats for package 'com.google.android.conscrypt' (1601: Error getting stats: android.content.pm.PackageManager.NameNotFoundException)
09-14 21:26:00.052 I/AiAiEcho( 1286): Predicting[0]: 
09-14 21:26:00.052 I/AiAiEcho( 1286): Ranked targets strategy: SORT, count: 0, ranking metadata: 
09-14 21:26:00.052 W/Finsky  ( 6602): [2] STU: Failed to get storage stats for package 'com.google.android.media' (1601: Error getting stats: android.content.pm.PackageManager.NameNotFoundException)
09-14 21:26:00.055 I/AiAiEcho( 1286): #postPredictionTargets: Sending updates to UISurface lockscreen with targets# 0
09-14 21:26:00.060 I/AiAiEcho( 1286): #postPredictionTargets: Sending updates to UISurface home with targets# 0
09-14 21:26:00.065 I/AiAiEcho( 1286): #postPredictionTargets: Sending updates to UISurface media_data_manager with targets# 0
09-14 21:26:00.066 I/AiAiEcho( 1286): #postPredictionTargets: Sending updates to UISurface lockscreen with targets# 0
09-14 21:26:00.066 I/AiAiEcho( 1286): #postPredictionTargets: Sending updates to UISurface home with targets# 0
09-14 21:26:00.066 I/AiAiEcho( 1286): #postPredictionTargets: Sending updates to UISurface media_data_manager with targets# 0
09-14 21:26:00.081 D/SsMediaDataProvider(  748): Forwarding Smartspace updates []
09-14 21:26:00.082 D/SsMediaDataProvider(  748): Forwarding Smartspace updates []
09-14 21:26:00.103 W/Finsky  ( 6602): [2] STU: Failed to get storage stats for package 'com.google.android.neuralnetworks' (1601: Error getting stats: android.content.pm.PackageManager.NameNotFoundException)
09-14 21:26:00.109 W/Finsky  ( 6602): [2] STU: Failed to get storage stats for package 'com.google.android.ipsec' (1601: Error getting stats: android.content.pm.PackageManager.NameNotFoundException)
09-14 21:26:00.147 W/Finsky  ( 6602): [2] STU: Failed to get storage stats for package 'com.google.android.ondevicepersonalization' (1601: Error getting stats: android.content.pm.PackageManager.NameNotFoundException)
09-14 21:26:00.147 W/Finsky  ( 6602): [2] STU: Failed to get storage stats for package 'com.google.android.sdkext' (1601: Error getting stats: android.content.pm.PackageManager.NameNotFoundException)
09-14 21:26:00.172 W/Finsky  ( 6602): [2] STU: Failed to get storage stats for package 'com.google.android.adservices' (1601: Error getting stats: android.content.pm.PackageManager.NameNotFoundException)
09-14 21:26:00.172 W/Finsky  ( 6602): [2] STU: Failed to get storage stats for package 'com.google.android.tethering' (1601: Error getting stats: android.content.pm.PackageManager.NameNotFoundException)
09-14 21:26:00.211 W/Finsky  ( 6602): [2] STU: Failed to get storage stats for package 'com.google.android.extservices' (1601: Error getting stats: android.content.pm.PackageManager.NameNotFoundException)
09-14 21:26:00.279 W/Finsky  ( 6602): [2] STU: Failed to get storage stats for package 'com.google.android.os.statsd' (1601: Error getting stats: android.content.pm.PackageManager.NameNotFoundException)
09-14 21:26:00.288 W/Finsky  ( 6602): [2] STU: Failed to get storage stats for package 'com.google.android.cellbroadcast' (1601: Error getting stats: android.content.pm.PackageManager.NameNotFoundException)
09-14 21:26:00.341 W/Finsky  ( 6602): [2] STU: Failed to get storage stats for package 'com.google.android.scheduling' (1601: Error getting stats: android.content.pm.PackageManager.NameNotFoundException)
09-14 21:26:00.367 I/Finsky  ( 6602): [2] App states replicator found 30 unowned apps
09-14 21:26:00.384 I/Finsky  ( 6602): [108] Completed 0 account content syncs with 0 successful.
09-14 21:26:00.386 I/Finsky  ( 6602): [2] [ContentSync] Installation state replication succeeded.
09-14 21:26:00.389 I/Finsky  ( 6602): [2] SCH: jobFinished: 12-1. TimeElapsed: 1704ms.
09-14 21:26:00.389 I/Finsky  ( 6602): [2] WM::SCH: Logging work end for 12-1
09-14 21:26:00.424 I/Finsky  ( 6602): [105] SCH: Scheduling phonesky job Id: 1-1337, CT: 1757871291768, Constraints: [{ L: 42862108, D: 86062108, C: CHARGING_NONE, I: IDLE_NONE, N: NET_ANY, B: BATTERY_ANY }]
09-14 21:26:00.424 I/Finsky  ( 6602): [105] SCH: Scheduling phonesky job Id: 34-8, CT: 1757871300547, Constraints: [{ L: 604800000, D: 2584658970, C: CHARGING_NONE, I: IDLE_NONE, N: NET_ANY, B: BATTERY_ANY }]
09-14 21:26:00.424 I/Finsky  ( 6602): [105] SCH: Scheduling phonesky job Id: 34-10, CT: 1757871300547, Constraints: [{ L: 71858072, D: 1367858072, C: CHARGING_NONE, I: IDLE_NONE, N: NET_ANY, B: BATTERY_ANY }]
09-14 21:26:00.430 I/Finsky  ( 6602): [109] SCH: Scheduling 1 system job(s)
09-14 21:26:00.430 I/Finsky  ( 6602): [109] SCH: Scheduling system job Id: 9253, L: 10993446, D: 54193446, C: false, I: false, N: 1
09-14 21:26:00.440 I/Finsky  ( 6602): [223] SCH: job service finished with id 9243.
09-14 21:26:00.786 W/ThreadPoolForeg( 1318): type=1400 audit(0.0:1489): avc: denied { write } for name="traced_producer" dev="tmpfs" ino=684 scontext=u:r:gmscore_app:s0:c512,c768 tcontext=u:object_r:traced_producer_socket:s0 tclass=sock_file permissive=0 app=com.google.android.gms
09-14 21:26:01.901 I/ActivityManager(  533): Killing 8017:android.process.acore/u0a69 (adj 975): empty #17
09-14 21:26:01.915 I/libprocessgroup(  533): Successfully killed process cgroup uid 10069 pid 8017 in 7ms
09-14 21:26:01.923 D/CountryDetector(  533): No listener is left
09-14 21:26:01.928 I/Zygote  (  301): Process 8017 exited due to signal 9 (Killed)
09-14 21:26:05.097 D/EGL_emulation(  748): app_time_stats: avg=5053.33ms min=5053.33ms max=5053.33ms count=1
09-14 21:26:06.706 W/ThreadPoolForeg( 1176): type=1400 audit(0.0:1490): avc: denied { write } for name="traced_producer" dev="tmpfs" ino=684 scontext=u:r:gmscore_app:s0:c512,c768 tcontext=u:object_r:traced_producer_socket:s0 tclass=sock_file permissive=0 app=com.google.android.gms
09-14 21:26:07.747 D/EGL_emulation(10726): app_time_stats: avg=4666.48ms min=16.15ms max=12936.20ms count=3
09-14 21:26:08.750 D/EGL_emulation(10726): app_time_stats: avg=501.32ms min=217.85ms max=784.78ms count=2
09-14 21:26:09.253 I/ndroid.systemui(  748): Background concurrent mark compact GC freed 14MB AllocSpace bytes, 0(0B) LOS objects, 50% free, 14MB/28MB, paused 4.293ms,5.066ms total 119.312ms
09-14 21:26:09.993 I/ndroid.systemui(  748): Background concurrent mark compact GC freed 15MB AllocSpace bytes, 0(0B) LOS objects, 49% free, 14MB/28MB, paused 1.865ms,4.034ms total 111.200ms
09-14 21:26:10.394 D/EGL_emulation(10726): app_time_stats: avg=411.10ms min=22.44ms max=1474.65ms count=4
09-14 21:26:10.806 I/ndroid.systemui(  748): Background concurrent mark compact GC freed 15MB AllocSpace bytes, 0(0B) LOS objects, 49% free, 13MB/27MB, paused 2.258ms,3.445ms total 106.328ms
09-14 21:26:11.573 I/ndroid.systemui(  748): Background concurrent mark compact GC freed 14MB AllocSpace bytes, 0(0B) LOS objects, 49% free, 14MB/28MB, paused 2.912ms,3.806ms total 115.764ms
09-14 21:26:12.432 I/ndroid.systemui(  748): Background concurrent mark compact GC freed 15MB AllocSpace bytes, 0(0B) LOS objects, 49% free, 14MB/28MB, paused 2.966ms,6.611ms total 149.665ms
09-14 21:26:12.834 D/EGL_emulation(10726): app_time_stats: avg=219.75ms min=13.21ms max=1651.13ms count=11
09-14 21:26:13.350 I/ndroid.systemui(  748): Background concurrent mark compact GC freed 15MB AllocSpace bytes, 0(0B) LOS objects, 49% free, 13MB/27MB, paused 4.262ms,6.060ms total 118.292ms
09-14 21:26:14.208 I/ndroid.systemui(  748): Background concurrent mark compact GC freed 14MB AllocSpace bytes, 0(0B) LOS objects, 49% free, 13MB/27MB, paused 4.139ms,3.712ms total 107.959ms
09-14 21:26:14.569 D/EGL_emulation(10726): app_time_stats: avg=1730.75ms min=1730.75ms max=1730.75ms count=1
09-14 21:26:15.047 I/ndroid.systemui(  748): Background concurrent mark compact GC freed 14MB AllocSpace bytes, 0(0B) LOS objects, 49% free, 14MB/28MB, paused 6.099ms,3.675ms total 116.438ms
09-14 21:26:15.846 I/ndroid.systemui(  748): Background concurrent mark compact GC freed 15MB AllocSpace bytes, 1(20KB) LOS objects, 50% free, 14MB/28MB, paused 3.797ms,4.384ms total 128.991ms
09-14 21:26:15.884 D/EGL_emulation(10726): app_time_stats: avg=90.34ms min=7.88ms max=450.52ms count=14
09-14 21:26:16.567 D/ActivityManager(  533): freezing 1314 com.google.process.gservices
09-14 21:26:17.088 D/EGL_emulation(10726): app_time_stats: avg=133.38ms min=28.22ms max=569.98ms count=9
09-14 21:26:17.441 I/ndroid.systemui(  748): Background concurrent mark compact GC freed 14MB AllocSpace bytes, 0(0B) LOS objects, 49% free, 13MB/27MB, paused 2.845ms,5.404ms total 110.586ms
09-14 21:26:18.317 D/EGL_emulation(10726): app_time_stats: avg=93.79ms min=18.18ms max=253.92ms count=13
09-14 21:26:19.379 D/EGL_emulation(10726): app_time_stats: avg=147.64ms min=11.88ms max=764.33ms count=7
09-14 21:26:19.574 D/CoreBackPreview(  533): Window{14d1996 u0 PopupWindow:de6557}: Setting back callback null
09-14 21:26:19.586 W/InputManager-JNI(  533): Input channel object '14d1996 PopupWindow:de6557 (client)' was disposed without first being removed with the input manager!
09-14 21:26:19.631 I/RNFusedLocation(10726): RNFusedLocation initialized
09-14 21:26:19.701 W/[REANIMATED](10726): Since 2.5.0, Reanimated autoinstalls on Android - you can remove getJSIModulePackage() override in MainApplication.java.
09-14 21:26:19.708 W/unknown:ReactNative(10726): Packager connection already open, nooping.
09-14 21:26:19.755 W/unknown:ViewManagerPropertyUpdater(10726): Could not find generated setter for class com.facebook.react.views.drawer.ReactDrawerLayoutManager
09-14 21:26:19.760 W/unknown:ViewManagerPropertyUpdater(10726): Could not find generated setter for class com.facebook.react.uimanager.LayoutShadowNode
09-14 21:26:19.760 W/unknown:ViewManagerPropertyUpdater(10726): Could not find generated setter for class com.facebook.react.views.scroll.ReactHorizontalScrollViewManager
09-14 21:26:19.761 W/unknown:ViewManagerPropertyUpdater(10726): Could not find generated setter for class com.facebook.react.views.scroll.ReactHorizontalScrollContainerViewManager
09-14 21:26:19.761 W/unknown:ViewManagerPropertyUpdater(10726): Could not find generated setter for class com.facebook.react.views.progressbar.ReactProgressBarViewManager
09-14 21:26:19.763 W/unknown:ViewManagerPropertyUpdater(10726): Could not find generated setter for class com.facebook.react.views.progressbar.ProgressBarShadowNode
09-14 21:26:19.767 W/unknown:ViewManagerPropertyUpdater(10726): Could not find generated setter for class com.facebook.react.views.scroll.ReactScrollViewManager
09-14 21:26:19.768 W/unknown:ViewManagerPropertyUpdater(10726): Could not find generated setter for class com.facebook.react.views.slider.ReactSliderManager
09-14 21:26:19.768 W/unknown:ViewManagerPropertyUpdater(10726): Could not find generated setter for class com.facebook.react.views.slider.ReactSliderManager$ReactSliderShadowNode
09-14 21:26:19.768 W/unknown:ViewManagerPropertyUpdater(10726): Could not find generated setter for class com.facebook.react.views.switchview.ReactSwitchManager
09-14 21:26:19.769 W/unknown:ViewManagerPropertyUpdater(10726): Could not find generated setter for class com.facebook.react.views.switchview.ReactSwitchManager$ReactSwitchShadowNode
09-14 21:26:19.769 W/unknown:ViewManagerPropertyUpdater(10726): Could not find generated setter for class com.facebook.react.views.swiperefresh.SwipeRefreshLayoutManager
09-14 21:26:19.770 W/unknown:ViewManagerPropertyUpdater(10726): Could not find generated setter for class com.facebook.react.views.text.frescosupport.FrescoBasedReactTextInlineImageViewManager
09-14 21:26:19.771 W/unknown:ViewManagerPropertyUpdater(10726): Could not find generated setter for class com.facebook.react.views.text.frescosupport.FrescoBasedReactTextInlineImageShadowNode
09-14 21:26:19.774 W/unknown:ViewManagerPropertyUpdater(10726): Could not find generated setter for class com.facebook.react.views.image.ReactImageManager
09-14 21:26:19.774 W/unknown:ViewManagerPropertyUpdater(10726): Could not find generated setter for class com.facebook.react.views.modal.ReactModalHostManager
09-14 21:26:19.775 W/unknown:ViewManagerPropertyUpdater(10726): Could not find generated setter for class com.facebook.react.views.modal.ModalHostShadowNode
09-14 21:26:19.776 W/unknown:ViewManagerPropertyUpdater(10726): Could not find generated setter for class com.facebook.react.views.text.ReactRawTextManager
09-14 21:26:19.776 W/unknown:ViewManagerPropertyUpdater(10726): Could not find generated setter for class com.facebook.react.views.text.ReactRawTextShadowNode
09-14 21:26:19.779 W/unknown:ViewManagerPropertyUpdater(10726): Could not find generated setter for class com.facebook.react.views.textinput.ReactTextInputManager
09-14 21:26:19.781 W/unknown:ViewManagerPropertyUpdater(10726): Could not find generated setter for class com.facebook.react.views.textinput.ReactTextInputShadowNode
09-14 21:26:19.782 W/unknown:ViewManagerPropertyUpdater(10726): Could not find generated setter for class com.facebook.react.views.text.ReactTextViewManager
09-14 21:26:19.784 W/unknown:ViewManagerPropertyUpdater(10726): Could not find generated setter for class com.facebook.react.views.text.ReactTextShadowNode
09-14 21:26:19.784 W/unknown:ViewManagerPropertyUpdater(10726): Could not find generated setter for class com.facebook.react.views.view.ReactViewManager
09-14 21:26:19.785 W/unknown:ViewManagerPropertyUpdater(10726): Could not find generated setter for class com.facebook.react.views.text.ReactVirtualTextViewManager
09-14 21:26:19.785 W/unknown:ViewManagerPropertyUpdater(10726): Could not find generated setter for class com.facebook.react.views.text.ReactVirtualTextShadowNode
09-14 21:26:19.786 W/unknown:ViewManagerPropertyUpdater(10726): Could not find generated setter for class com.facebook.react.views.unimplementedview.ReactUnimplementedViewManager
09-14 21:26:19.786 W/unknown:ViewManagerPropertyUpdater(10726): Could not find generated setter for class org.reactnative.maskedview.RNCMaskedViewManager
09-14 21:26:19.787 W/unknown:ViewManagerPropertyUpdater(10726): Could not find generated setter for class com.reactnativegooglesignin.RNGoogleSigninButtonViewManager
09-14 21:26:19.788 W/unknown:ViewManagerPropertyUpdater(10726): Could not find generated setter for class com.swmansion.gesturehandler.react.RNGestureHandlerRootViewManager
09-14 21:26:19.788 W/unknown:ViewManagerPropertyUpdater(10726): Could not find generated setter for class com.swmansion.gesturehandler.react.RNGestureHandlerButtonViewManager
09-14 21:26:19.788 W/unknown:ViewManagerPropertyUpdater(10726): Could not find generated setter for class com.BV.LinearGradient.LinearGradientManager
09-14 21:26:19.789 W/unknown:ViewManagerPropertyUpdater(10726): Could not find generated setter for class com.reactnativepagerview.PagerViewViewManager
09-14 21:26:19.791 W/unknown:ViewManagerPropertyUpdater(10726): Could not find generated setter for class com.th3rdwave.safeareacontext.SafeAreaProviderManager
09-14 21:26:19.791 W/unknown:ViewManagerPropertyUpdater(10726): Could not find generated setter for class com.th3rdwave.safeareacontext.SafeAreaViewManager
09-14 21:26:19.792 W/unknown:ViewManagerPropertyUpdater(10726): Could not find generated setter for class com.th3rdwave.safeareacontext.SafeAreaViewShadowNode
09-14 21:26:19.792 W/unknown:ViewManagerPropertyUpdater(10726): Could not find generated setter for class com.swmansion.rnscreens.ScreenContainerViewManager
09-14 21:26:19.793 W/unknown:ViewManagerPropertyUpdater(10726): Could not find generated setter for class com.swmansion.rnscreens.ScreenViewManager
09-14 21:26:19.793 W/unknown:ViewManagerPropertyUpdater(10726): Could not find generated setter for class com.swmansion.rnscreens.ScreenStackViewManager
09-14 21:26:19.793 W/unknown:ViewManagerPropertyUpdater(10726): Could not find generated setter for class com.swmansion.rnscreens.ScreenStackHeaderConfigViewManager
09-14 21:26:19.793 W/unknown:ViewManagerPropertyUpdater(10726): Could not find generated setter for class com.swmansion.rnscreens.ScreenStackHeaderSubviewManager
09-14 21:26:19.794 W/unknown:ViewManagerPropertyUpdater(10726): Could not find generated setter for class com.swmansion.rnscreens.SearchBarManager
09-14 21:26:19.794 W/unknown:ViewManagerPropertyUpdater(10726): Could not find generated setter for class com.horcrux.svg.RenderableViewManager$GroupViewManager
09-14 21:26:19.794 W/unknown:ViewManagerPropertyUpdater(10726): Could not find generated setter for class com.horcrux.svg.RenderableViewManager$RenderableShadowNode
09-14 21:26:19.795 W/unknown:ViewManagerPropertyUpdater(10726): Could not find generated setter for class com.horcrux.svg.RenderableViewManager$PathViewManager
09-14 21:26:19.796 W/unknown:ViewManagerPropertyUpdater(10726): Could not find generated setter for class com.horcrux.svg.RenderableViewManager$CircleViewManager
09-14 21:26:19.796 W/unknown:ViewManagerPropertyUpdater(10726): Could not find generated setter for class com.horcrux.svg.RenderableViewManager$EllipseViewManager
09-14 21:26:19.796 W/unknown:ViewManagerPropertyUpdater(10726): Could not find generated setter for class com.horcrux.svg.RenderableViewManager$LineViewManager
09-14 21:26:19.796 W/unknown:ViewManagerPropertyUpdater(10726): Could not find generated setter for class com.horcrux.svg.RenderableViewManager$RectViewManager
09-14 21:26:19.797 W/unknown:ViewManagerPropertyUpdater(10726): Could not find generated setter for class com.horcrux.svg.RenderableViewManager$TextViewManager
09-14 21:26:19.797 W/unknown:ViewManagerPropertyUpdater(10726): Could not find generated setter for class com.horcrux.svg.RenderableViewManager$TSpanViewManager
09-14 21:26:19.797 W/unknown:ViewManagerPropertyUpdater(10726): Could not find generated setter for class com.horcrux.svg.RenderableViewManager$TextPathViewManager
09-14 21:26:19.800 W/unknown:ViewManagerPropertyUpdater(10726): Could not find generated setter for class com.horcrux.svg.RenderableViewManager$ImageViewManager
09-14 21:26:19.801 W/unknown:ViewManagerPropertyUpdater(10726): Could not find generated setter for class com.horcrux.svg.RenderableViewManager$ClipPathViewManager
09-14 21:26:19.802 W/unknown:ViewManagerPropertyUpdater(10726): Could not find generated setter for class com.horcrux.svg.RenderableViewManager$DefsViewManager
09-14 21:26:19.802 W/unknown:ViewManagerPropertyUpdater(10726): Could not find generated setter for class com.horcrux.svg.RenderableViewManager$UseViewManager
09-14 21:26:19.803 W/unknown:ViewManagerPropertyUpdater(10726): Could not find generated setter for class com.horcrux.svg.RenderableViewManager$SymbolManager
09-14 21:26:19.803 W/unknown:ViewManagerPropertyUpdater(10726): Could not find generated setter for class com.horcrux.svg.RenderableViewManager$LinearGradientManager
09-14 21:26:19.805 W/unknown:ViewManagerPropertyUpdater(10726): Could not find generated setter for class com.horcrux.svg.RenderableViewManager$RadialGradientManager
09-14 21:26:19.805 W/unknown:ViewManagerPropertyUpdater(10726): Could not find generated setter for class com.horcrux.svg.RenderableViewManager$PatternManager
09-14 21:26:19.807 W/unknown:ViewManagerPropertyUpdater(10726): Could not find generated setter for class com.horcrux.svg.RenderableViewManager$MaskManager
09-14 21:26:19.808 W/unknown:ViewManagerPropertyUpdater(10726): Could not find generated setter for class com.horcrux.svg.RenderableViewManager$ForeignObjectManager
09-14 21:26:19.808 W/unknown:ViewManagerPropertyUpdater(10726): Could not find generated setter for class com.horcrux.svg.RenderableViewManager$MarkerManager
09-14 21:26:19.809 W/unknown:ViewManagerPropertyUpdater(10726): Could not find generated setter for class com.horcrux.svg.SvgViewManager
09-14 21:26:19.824 I/pp.uprise.debug(10726): hiddenapi: Accessing hidden field Ljava/lang/reflect/Field;->accessFlags:I (runtime_flags=0, domain=core-platform, api=unsupported) from Lcom/swmansion/reanimated/layoutReanimation/ReanimatedNativeHierarchyManager; (domain=app) using reflection: allowed
09-14 21:26:19.836 D/SoLoader(10726): About to load: libyoga.so
09-14 21:26:19.837 D/SoLoader(10726): libyoga.so not found on /data/data/com.app.uprise.debug/lib-main
09-14 21:26:19.837 D/SoLoader(10726): libyoga.so found on /data/app/~~aTgFllMqg2oHz6qOqnBO_Q==/com.app.uprise.debug-MUkQwrVNFrCezU0_UuX0ZA==/lib/x86_64
09-14 21:26:19.837 D/SoLoader(10726): Not resolving dependencies for libyoga.so
09-14 21:26:19.839 D/nativeloader(10726): Load /data/app/~~aTgFllMqg2oHz6qOqnBO_Q==/com.app.uprise.debug-MUkQwrVNFrCezU0_UuX0ZA==/lib/x86_64/libyoga.so using class loader ns clns-4 (caller=/data/app/~~aTgFllMqg2oHz6qOqnBO_Q==/com.app.uprise.debug-MUkQwrVNFrCezU0_UuX0ZA==/base.apk): ok
09-14 21:26:19.839 D/SoLoader(10726): Loaded: libyoga.so
09-14 21:26:19.938 D/ConnectivityService(  533): requestNetwork for uid/pid:10199/10726 activeRequest: null callbackRequest: 416 [NetworkRequest [ REQUEST id=417, [ Capabilities: INTERNET&NOT_RESTRICTED&TRUSTED&NOT_VCN_MANAGED Uid: 10199 RequestorUid: 10199 RequestorPkg: com.app.uprise.debug UnderlyingNetworks: Null] ]] callback flags: 0 order: 2147483647 isUidTracked: false declaredMethods: AVAIL|LOSING|LOST|UNAVAIL|NC|LP
09-14 21:26:19.950 I/flipper (10726): flipper: FlipperClient::addPlugin Fresco
09-14 21:26:19.960 D/WifiNetworkFactory(  533): got request NetworkRequest [ REQUEST id=417, [ Capabilities: INTERNET&NOT_RESTRICTED&TRUSTED&NOT_VCN_MANAGED Uid: 10199 RequestorUid: 10199 RequestorPkg: com.app.uprise.debug UnderlyingNetworks: Null] ]
09-14 21:26:19.960 D/ConnectivityService(  533): NetReassign [417 : null  100] [c 6] [a 4] [i 6]
09-14 21:26:19.964 D/UntrustedWifiNetworkFactory(  533): got request NetworkRequest [ REQUEST id=417, [ Capabilities: INTERNET&NOT_RESTRICTED&TRUSTED&NOT_VCN_MANAGED Uid: 10199 RequestorUid: 10199 RequestorPkg: com.app.uprise.debug UnderlyingNetworks: Null] ]
09-14 21:26:19.966 D/OemPaidWifiNetworkFactory(  533): got request NetworkRequest [ REQUEST id=417, [ Capabilities: INTERNET&NOT_RESTRICTED&TRUSTED&NOT_VCN_MANAGED Uid: 10199 RequestorUid: 10199 RequestorPkg: com.app.uprise.debug UnderlyingNetworks: Null] ]
09-14 21:26:19.966 D/MultiInternetWifiNetworkFactory(  533): got request NetworkRequest [ REQUEST id=417, [ Capabilities: INTERNET&NOT_RESTRICTED&TRUSTED&NOT_VCN_MANAGED Uid: 10199 RequestorUid: 10199 RequestorPkg: com.app.uprise.debug UnderlyingNetworks: Null] ]
09-14 21:26:20.061 D/SoLoader(10726): About to load: libreactnativeblob.so
09-14 21:26:20.062 D/SoLoader(10726): libreactnativeblob.so not found on /data/data/com.app.uprise.debug/lib-main
09-14 21:26:20.062 D/SoLoader(10726): libreactnativeblob.so found on /data/app/~~aTgFllMqg2oHz6qOqnBO_Q==/com.app.uprise.debug-MUkQwrVNFrCezU0_UuX0ZA==/lib/x86_64
09-14 21:26:20.064 D/SoLoader(10726): Not resolving dependencies for libreactnativeblob.so
09-14 21:26:20.067 D/nativeloader(10726): Load /data/app/~~aTgFllMqg2oHz6qOqnBO_Q==/com.app.uprise.debug-MUkQwrVNFrCezU0_UuX0ZA==/lib/x86_64/libreactnativeblob.so using class loader ns clns-4 (caller=/data/app/~~aTgFllMqg2oHz6qOqnBO_Q==/com.app.uprise.debug-MUkQwrVNFrCezU0_UuX0ZA==/base.apk): ok
09-14 21:26:20.068 D/SoLoader(10726): Loaded: libreactnativeblob.so
09-14 21:26:20.092 I/WebViewFactory(10726): Loading com.google.android.webview version 139.0.7258.143 (code 725814338)
09-14 21:26:20.104 W/pp.uprise.debug(10726): Failed to find entry 'classes.dex': Entry not found
09-14 21:26:20.104 E/pp.uprise.debug(10726): Invalid ID 0x00000000.
09-14 21:26:20.105 D/ReactNative(10726): ReactConfig: Could not find BuildConfig class
09-14 21:26:20.106 D/nativeloader(10726): Configuring clns-5 for other apk /data/app/~~SSEbxose8UCu0hEsIySZuA==/com.google.android.trichromelibrary_725814338-SNhaRDuRcfPuh-Ntuau95A==/base.apk. target_sdk_version=35, uses_libraries=ALL, library_path=/data/app/~~zlAGpwMcwoxzr7Jc-0IT8g==/com.google.android.webview-Rhhnz4yiXeIUZ1SRbOVBPg==/lib/x86_64:/data/app/~~zlAGpwMcwoxzr7Jc-0IT8g==/com.google.android.webview-Rhhnz4yiXeIUZ1SRbOVBPg==/base.apk!/lib/x86_64:/data/app/~~SSEbxose8UCu0hEsIySZuA==/com.google.android.trichromelibrary_725814338-SNhaRDuRcfPuh-Ntuau95A==/base.apk!/lib/x86_64, permitted_path=/data:/mnt/expand
09-14 21:26:20.111 I/ReactNativeJS(10726): 'ENV MISSING', { missing: 
09-14 21:26:20.111 I/ReactNativeJS(10726):    [ 'API_BASE_URL',
09-14 21:26:20.111 I/ReactNativeJS(10726):      'SIGNUP_URL',
09-14 21:26:20.111 I/ReactNativeJS(10726):      'VERIFY_USERNAME',
09-14 21:26:20.111 I/ReactNativeJS(10726):      'VERIFY_USER',
09-14 21:26:20.111 I/ReactNativeJS(10726):      'LOGIN_URL',
09-14 21:26:20.111 I/ReactNativeJS(10726):      'REGISTER_DEVICE_TOKEN' ],
09-14 21:26:20.111 I/ReactNativeJS(10726):   Config: {} }
09-14 21:26:20.115 D/nativeloader(10726): Configuring clns-6 for other apk /system_ext/framework/androidx.window.extensions.jar. target_sdk_version=35, uses_libraries=ALL, library_path=/data/app/~~zlAGpwMcwoxzr7Jc-0IT8g==/com.google.android.webview-Rhhnz4yiXeIUZ1SRbOVBPg==/lib/x86_64:/data/app/~~zlAGpwMcwoxzr7Jc-0IT8g==/com.google.android.webview-Rhhnz4yiXeIUZ1SRbOVBPg==/base.apk!/lib/x86_64:/data/app/~~SSEbxose8UCu0hEsIySZuA==/com.google.android.trichromelibrary_725814338-SNhaRDuRcfPuh-Ntuau95A==/base.apk!/lib/x86_64, permitted_path=/data:/mnt/expand
09-14 21:26:20.130 I/ReactNativeJS(10726): 'Firebase messaging disabled (no default app):', 'No Firebase App \'[DEFAULT]\' has been created - call firebase.initializeApp()'
09-14 21:26:20.132 D/nativeloader(10726): Configuring clns-7 for other apk /data/app/~~zlAGpwMcwoxzr7Jc-0IT8g==/com.google.android.webview-Rhhnz4yiXeIUZ1SRbOVBPg==/base.apk. target_sdk_version=35, uses_libraries=, library_path=/data/app/~~zlAGpwMcwoxzr7Jc-0IT8g==/com.google.android.webview-Rhhnz4yiXeIUZ1SRbOVBPg==/lib/x86_64:/data/app/~~zlAGpwMcwoxzr7Jc-0IT8g==/com.google.android.webview-Rhhnz4yiXeIUZ1SRbOVBPg==/base.apk!/lib/x86_64:/data/app/~~SSEbxose8UCu0hEsIySZuA==/com.google.android.trichromelibrary_725814338-SNhaRDuRcfPuh-Ntuau95A==/base.apk!/lib/x86_64, permitted_path=/data:/mnt/expand
09-14 21:26:20.318 I/cr_WVCFactoryProvider(10726): version=139.0.7258.143 (725814338) minSdkVersion=29 multiprocess=true packageId=2 splits=<none>
09-14 21:26:20.325 D/nativeloader(10726): Load /data/app/~~SSEbxose8UCu0hEsIySZuA==/com.google.android.trichromelibrary_725814338-SNhaRDuRcfPuh-Ntuau95A==/base.apk!/lib/x86_64/libmonochrome_64.so using class loader ns clns-7 (caller=/data/app/~~zlAGpwMcwoxzr7Jc-0IT8g==/com.google.android.webview-Rhhnz4yiXeIUZ1SRbOVBPg==/base.apk): ok
09-14 21:26:20.337 I/ReactNativeJS(10726): Running "Uprise" with {"rootTag":1}
09-14 21:26:20.348 D/nativeloader(10726): Load /system/lib64/libwebviewchromium_plat_support.so using class loader ns clns-7 (caller=/data/app/~~zlAGpwMcwoxzr7Jc-0IT8g==/com.google.android.webview-Rhhnz4yiXeIUZ1SRbOVBPg==/base.apk): ok
09-14 21:26:20.387 I/chromium(10726): [0914/212620.368862:INFO:android_webview/browser/variations/variations_seed_loader.cc:67] Failed to open file for reading.: No such file or directory (2)
09-14 21:26:20.390 I/ReactNativeJS(10726): 'CONFIG', { API_BASE_URL: undefined,
09-14 21:26:20.390 I/ReactNativeJS(10726):   SIGNUP_URL: undefined,
09-14 21:26:20.390 I/ReactNativeJS(10726):   VERIFY_USERNAME: undefined,
09-14 21:26:20.390 I/ReactNativeJS(10726):   VERIFY_USER: undefined,
09-14 21:26:20.390 I/ReactNativeJS(10726):   LOGIN_URL: undefined,
09-14 21:26:20.390 I/ReactNativeJS(10726):   REGISTER_DEVICE_TOKEN: undefined,
09-14 21:26:20.390 I/ReactNativeJS(10726):   APPROVED_GENRES_ENDPOINT: undefined,
09-14 21:26:20.390 I/ReactNativeJS(10726):   GENRE_SUGGESTIONS_ENDPOINT: undefined,
09-14 21:26:20.390 I/ReactNativeJS(10726):   REQUEST_GENRE_ENDPOINT: undefined }
09-14 21:26:20.395 I/chromium(10726): [0914/212620.395204:INFO:android_webview/browser/variations/variations_seed_loader.cc:67] Failed to open file for reading.: No such file or directory (2)
09-14 21:26:20.426 D/CompatibilityChangeReporter(  533): Compat change id reported: 161252188; UID 10126; state: DISABLED
09-14 21:26:20.431 D/ActivityManager(  533): sync unfroze 9280 com.google.android.webview:webview_service
09-14 21:26:20.431 D/CompatibilityChangeReporter(  533): Compat change id reported: 168419799; UID 10126; state: DISABLED
09-14 21:26:20.431 D/CompatibilityChangeReporter(  533): Compat change id reported: 273564678; UID 10126; state: DISABLED
09-14 21:26:20.479 V/AsyncStorageExpoMigration(10726): No scoped database found
09-14 21:26:20.486 I/ReactNativeJS(10726): 'CONFIG (App.js)', { API_BASE_URL: undefined,
09-14 21:26:20.486 I/ReactNativeJS(10726):   SIGNUP_URL: undefined,
09-14 21:26:20.486 I/ReactNativeJS(10726):   VERIFY_USERNAME: undefined,
09-14 21:26:20.486 I/ReactNativeJS(10726):   VERIFY_USER: undefined,
09-14 21:26:20.486 I/ReactNativeJS(10726):   LOGIN_URL: undefined,
09-14 21:26:20.486 I/ReactNativeJS(10726):   REGISTER_DEVICE_TOKEN: undefined,
09-14 21:26:20.486 I/ReactNativeJS(10726):   APPROVED_GENRES_ENDPOINT: undefined,
09-14 21:26:20.486 I/ReactNativeJS(10726):   GENRE_SUGGESTIONS_ENDPOINT: undefined,
09-14 21:26:20.486 I/ReactNativeJS(10726):   REQUEST_GENRE_ENDPOINT: undefined }
09-14 21:26:20.515 I/cr_LibraryLoader(10726): Successfully loaded native library
09-14 21:26:20.523 I/cr_CachingUmaRecorder(10726): Flushed 17 samples from 17 histograms, 0 samples were dropped.
09-14 21:26:20.747 D/CompatibilityChangeReporter(10726): Compat change id reported: 171228096; UID 10199; state: ENABLED
09-14 21:26:20.761 W/Parcel  (10726): Expecting binder but got null!
09-14 21:26:20.768 D/CoreBackPreview(  533): Window{983d138 u0 com.app.uprise.debug/com.app.uprise.MainActivity}: Setting back callback OnBackInvokedCallbackInfo{mCallback=android.window.IOnBackInvokedCallback$Stub$Proxy@38fa402, mPriority=0}
09-14 21:26:20.861 E/OpenGLRenderer(10726): Unable to match the desired swap behavior.
09-14 21:26:21.314 I/ReactNativeJS(10726): redux-persist: no inbound state, skipping migration
09-14 21:26:21.392 W/unknown:ViewManagerPropertyUpdater(10726): Could not find generated setter for class com.swmansion.rnscreens.ScreensShadowNode
09-14 21:26:21.639 I/pp.uprise.debug(10726): hiddenapi: Accessing hidden field Landroid/widget/HorizontalScrollView;->mScroller:Landroid/widget/OverScroller; (runtime_flags=0, domain=platform, api=unsupported) from Lcom/facebook/react/views/scroll/ReactHorizontalScrollView; (domain=app) using reflection: allowed
09-14 21:26:21.642 E/unknown:FabricViewStateManager(10726): setState called without a StateWrapper
09-14 21:26:21.806 D/CompatibilityChangeReporter(  533): Compat change id reported: 149924527; UID 10199; state: ENABLED
09-14 21:26:21.806 D/CompatibilityChangeReporter(  533): Compat change id reported: 132649864; UID 10199; state: DISABLED
09-14 21:26:21.830 I/ReactNativeJS(10726): FCM disabled (no default Firebase app)
09-14 21:26:21.859 D/SoLoader(10726): About to load: libimagepipeline.so
09-14 21:26:21.860 D/SoLoader(10726): libimagepipeline.so not found on /data/data/com.app.uprise.debug/lib-main
09-14 21:26:21.860 D/SoLoader(10726): libimagepipeline.so found on /data/app/~~aTgFllMqg2oHz6qOqnBO_Q==/com.app.uprise.debug-MUkQwrVNFrCezU0_UuX0ZA==/lib/x86_64
09-14 21:26:21.860 D/SoLoader(10726): Not resolving dependencies for libimagepipeline.so
09-14 21:26:21.862 D/nativeloader(10726): Load /data/app/~~aTgFllMqg2oHz6qOqnBO_Q==/com.app.uprise.debug-MUkQwrVNFrCezU0_UuX0ZA==/lib/x86_64/libimagepipeline.so using class loader ns clns-4 (caller=/data/app/~~aTgFllMqg2oHz6qOqnBO_Q==/com.app.uprise.debug-MUkQwrVNFrCezU0_UuX0ZA==/base.apk): ok
09-14 21:26:21.863 D/SoLoader(10726): Loaded: libimagepipeline.so
09-14 21:26:22.014 D/CoreBackPreview(  533): Window{4ae2ae6 u0 com.app.uprise.debug/com.app.uprise.MainActivity}: Setting back callback null
09-14 21:26:22.021 W/InputManager-JNI(  533): Input channel object '4ae2ae6 com.app.uprise.debug/com.app.uprise.MainActivity (client)' was disposed without first being removed with the input manager!
09-14 21:26:22.368 D/EGL_emulation(10726): app_time_stats: avg=111.37ms min=1.37ms max=1168.52ms count=12
09-14 21:26:24.129 E/unknown:FabricViewStateManager(10726): setState called without a StateWrapper
09-14 21:26:24.139 D/EGL_emulation(10726): app_time_stats: avg=828.57ms min=9.40ms max=27856.62ms count=37
09-14 21:26:24.150 E/unknown:FabricViewStateManager(10726): setState called without a StateWrapper
09-14 21:26:24.160 E/unknown:FabricViewStateManager(10726): setState called without a StateWrapper
09-14 21:26:24.176 E/unknown:FabricViewStateManager(10726): setState called without a StateWrapper
09-14 21:26:24.193 E/unknown:FabricViewStateManager(10726): setState called without a StateWrapper
09-14 21:26:24.209 E/unknown:FabricViewStateManager(10726): setState called without a StateWrapper
09-14 21:26:24.227 E/unknown:FabricViewStateManager(10726): setState called without a StateWrapper
09-14 21:26:24.243 E/unknown:FabricViewStateManager(10726): setState called without a StateWrapper
09-14 21:26:24.259 E/unknown:FabricViewStateManager(10726): setState called without a StateWrapper
09-14 21:26:24.276 E/unknown:FabricViewStateManager(10726): setState called without a StateWrapper
09-14 21:26:24.294 E/unknown:FabricViewStateManager(10726): setState called without a StateWrapper
09-14 21:26:24.310 E/unknown:FabricViewStateManager(10726): setState called without a StateWrapper
09-14 21:26:24.327 E/unknown:FabricViewStateManager(10726): setState called without a StateWrapper
09-14 21:26:24.343 E/unknown:FabricViewStateManager(10726): setState called without a StateWrapper
09-14 21:26:24.366 E/unknown:FabricViewStateManager(10726): setState called without a StateWrapper
09-14 21:26:24.377 E/unknown:FabricViewStateManager(10726): setState called without a StateWrapper
09-14 21:26:24.393 E/unknown:FabricViewStateManager(10726): setState called without a StateWrapper
09-14 21:26:30.483 I/AiAiTranslate( 1286): C2T - not in a conversation
09-14 21:26:30.488 I/ClipboardListener(  748): Clipboard overlay suppressed.
09-14 21:26:30.497 I/AiAiTextClassifier( 1286): Initialize textClassifierLib, privileged changed = [true], TC null = [false]
09-14 21:26:30.596 D/androidtc( 1219): Initializing SystemTextClassifier, type = System
09-14 21:26:30.631 I/AiAiTextClassifier( 1286): Initialize textClassifierLib, privileged changed = [true], TC null = [false]
09-14 21:26:30.648 I/AiAiTextClassifier( 1286): GenerateLinks did not find valid links, returning empty result
09-14 21:26:30.806 W/ThreadPoolForeg( 1318): type=1400 audit(0.0:1491): avc: denied { write } for name="traced_producer" dev="tmpfs" ino=684 scontext=u:r:gmscore_app:s0:c512,c768 tcontext=u:object_r:traced_producer_socket:s0 tclass=sock_file permissive=0 app=com.google.android.gms
09-14 21:26:36.714 W/ThreadPoolForeg( 1176): type=1400 audit(0.0:1492): avc: denied { write } for name="traced_producer" dev="tmpfs" ino=684 scontext=u:r:gmscore_app:s0:c512,c768 tcontext=u:object_r:traced_producer_socket:s0 tclass=sock_file permissive=0 app=com.google.android.gms
09-14 21:26:41.427 I/ActivityManager(  533): Killing 9363:com.google.android.gms.unstable/u0a120 (adj 925): empty #17
09-14 21:26:41.435 I/libprocessgroup(  533): Successfully killed process cgroup uid 10120 pid 9363 in 6ms
09-14 21:26:41.438 I/Zygote  (  301): Process 9363 exited due to signal 9 (Killed)
09-14 21:26:45.132 I/AppSearchIcing(  533): icing-search-engine.cc:2177: Persisting data to disk
09-14 21:26:45.166 I/AppSearchIcing(  533): icing-search-engine.cc:2193: PersistToDisk completed.
09-14 21:26:46.453 D/BoundBrokerSvc( 1318): onUnbind: Intent { act=com.google.android.gms.common.BIND_SHARED_PREFS pkg=com.google.android.gms }
09-14 21:26:47.390 E/android.hardware.power.stats@1.0-service-mock(  331): Failed to getEnergyData
09-14 21:26:48.217 D/WifiNl80211Manager(  533): Scan result ready event
09-14 21:26:48.221 D/WifiNative(  533): Scan result ready event
09-14 21:26:48.231 I/WifiScanner( 1176): onFullResults
09-14 21:26:48.283 I/HalDevMgr(  533): bestIfaceCreationProposal is null, requestIface=STA, existingIface=[name=wlan0 type=STA]
09-14 21:26:51.367 W/adbd    (  429): timeout expired while flushing socket, closing
09-14 21:26:52.306 D/InputDispatcher(  533): Touch mode switch rejected, caller (pid=0, uid=10199) doesn't own the focused window nor none of the previously interacted window
09-14 21:26:52.321 D/EGL_emulation(10726): app_time_stats: avg=1761.56ms min=11.61ms max=29690.87ms count=17
09-14 21:26:56.151 W/adbd    (  429): timeout expired while flushing socket, closing
09-14 21:27:00.030 D/EGL_emulation(  748): app_time_stats: avg=54933.14ms min=54933.14ms max=54933.14ms count=1
09-14 21:27:00.030 I/AiAiEcho( 1286): Predicting[0]: 
09-14 21:27:00.031 I/AiAiEcho( 1286): Ranked targets strategy: SORT, count: 0, ranking metadata: 
09-14 21:27:00.031 I/AiAiEcho( 1286): #postPredictionTargets: Sending updates to UISurface lockscreen with targets# 0
09-14 21:27:00.032 I/AiAiEcho( 1286): #postPredictionTargets: Sending updates to UISurface home with targets# 0
09-14 21:27:00.033 I/AiAiEcho( 1286): #postPredictionTargets: Sending updates to UISurface media_data_manager with targets# 0
09-14 21:27:00.048 D/SsMediaDataProvider(  748): Forwarding Smartspace updates []
09-14 21:27:00.822 W/ThreadPoolForeg( 1318): type=1400 audit(0.0:1493): avc: denied { write } for name="traced_producer" dev="tmpfs" ino=684 scontext=u:r:gmscore_app:s0:c512,c768 tcontext=u:object_r:traced_producer_socket:s0 tclass=sock_file permissive=0 app=com.google.android.gms
09-14 21:27:06.722 W/ThreadPoolForeg( 1176): type=1400 audit(0.0:1494): avc: denied { write } for name="traced_producer" dev="tmpfs" ino=684 scontext=u:r:gmscore_app:s0:c512,c768 tcontext=u:object_r:traced_producer_socket:s0 tclass=sock_file permissive=0 app=com.google.android.gms
09-14 21:27:07.798 W/AppOps  (  533): Noting op not finished: uid 10120 pkg com.google.android.gms code 113 startTime of in progress event=1757884495451
09-14 21:27:07.828 W/AppOps  (  533): Noting op not finished: uid 10120 pkg com.google.android.gms code 113 startTime of in progress event=1757884520372
09-14 21:27:07.841 W/AppOps  (  533): Noting op not finished: uid 10120 pkg com.google.android.gms code 113 startTime of in progress event=1757884495451
09-14 21:27:07.855 W/AppOps  (  533): Noting op not finished: uid 10120 pkg com.google.android.gms code 113 startTime of in progress event=1757884495451
09-14 21:27:07.872 D/BoundBrokerSvc( 1176): onRebind: Intent { act=com.google.android.gms.auth.aang.events.services.START dat=chimera-action:/... cmp=com.google.android.gms/.chimera.PersistentApiService }
09-14 21:27:07.890 I/ActivityScheduler( 1176): nextTriggerTime: 18999412, in 238072ms, detectorType: 39, FULL_TYPE alarmWindowMillis: 80000
09-14 21:27:08.857 D/BoundBrokerSvc( 1176): onRebind: Intent { act=com.google.android.gms.libs.gmscorelogger.service.START dat=chimera-action:/... cmp=com.google.android.gms/.chimera.PersistentDirectBootAwareApiService }
09-14 21:27:22.913 D/BoundBrokerSvc( 1176): onUnbind: Intent { act=com.google.android.gms.auth.aang.events.services.START dat=chimera-action:/... cmp=com.google.android.gms/.chimera.PersistentApiService }
09-14 21:27:23.860 D/BoundBrokerSvc( 1176): onUnbind: Intent { act=com.google.android.gms.libs.gmscorelogger.service.START dat=chimera-action:/... cmp=com.google.android.gms/.chimera.PersistentDirectBootAwareApiService }
09-14 21:27:27.211 W/BufferPoolAccessor2.0(  456): invalidator thread spinning
09-14 21:27:30.830 W/ThreadPoolForeg( 1318): type=1400 audit(0.0:1495): avc: denied { write } for name="traced_producer" dev="tmpfs" ino=684 scontext=u:r:gmscore_app:s0:c512,c768 tcontext=u:object_r:traced_producer_socket:s0 tclass=sock_file permissive=0 app=com.google.android.gms
09-14 21:27:36.730 W/ThreadPoolForeg( 1176): type=1400 audit(0.0:1496): avc: denied { write } for name="traced_producer" dev="tmpfs" ino=684 scontext=u:r:gmscore_app:s0:c512,c768 tcontext=u:object_r:traced_producer_socket:s0 tclass=sock_file permissive=0 app=com.google.android.gms
09-14 21:27:45.096 D/EGL_emulation(  748): app_time_stats: avg=45065.65ms min=45065.65ms max=45065.65ms count=1
09-14 21:28:00.030 D/EGL_emulation(  748): app_time_stats: avg=14934.02ms min=14934.02ms max=14934.02ms count=1
09-14 21:28:00.030 I/AiAiEcho( 1286): Predicting[0]: 
09-14 21:28:00.030 I/AiAiEcho( 1286): Ranked targets strategy: SORT, count: 0, ranking metadata: 
09-14 21:28:00.030 I/AiAiEcho( 1286): #postPredictionTargets: Sending updates to UISurface lockscreen with targets# 0
09-14 21:28:00.032 I/AiAiEcho( 1286): #postPredictionTargets: Sending updates to UISurface home with targets# 0
09-14 21:28:00.032 I/AiAiEcho( 1286): #postPredictionTargets: Sending updates to UISurface media_data_manager with targets# 0
09-14 21:28:00.047 D/SsMediaDataProvider(  748): Forwarding Smartspace updates []
09-14 21:28:00.842 W/ThreadPoolForeg( 1318): type=1400 audit(0.0:1497): avc: denied { write } for name="traced_producer" dev="tmpfs" ino=684 scontext=u:r:gmscore_app:s0:c512,c768 tcontext=u:object_r:traced_producer_socket:s0 tclass=sock_file permissive=0 app=com.google.android.gms
09-14 21:28:06.734 W/ThreadPoolForeg( 1176): type=1400 audit(0.0:1498): avc: denied { write } for name="traced_producer" dev="tmpfs" ino=684 scontext=u:r:gmscore_app:s0:c512,c768 tcontext=u:object_r:traced_producer_socket:s0 tclass=sock_file permissive=0 app=com.google.android.gms
09-14 21:28:25.097 D/EGL_emulation(  748): app_time_stats: avg=25067.20ms min=25067.20ms max=25067.20ms count=1
09-14 21:28:30.850 W/ThreadPoolForeg( 1318): type=1400 audit(0.0:1499): avc: denied { write } for name="traced_producer" dev="tmpfs" ino=684 scontext=u:r:gmscore_app:s0:c512,c768 tcontext=u:object_r:traced_producer_socket:s0 tclass=sock_file permissive=0 app=com.google.android.gms
09-14 21:28:36.742 W/ThreadPoolForeg( 1176): type=1400 audit(0.0:1500): avc: denied { write } for name="traced_producer" dev="tmpfs" ino=684 scontext=u:r:gmscore_app:s0:c512,c768 tcontext=u:object_r:traced_producer_socket:s0 tclass=sock_file permissive=0 app=com.google.android.gms
09-14 21:28:42.614 I/Finsky  ( 6602): [105] AIM: AppInfoManager-Perf > Destroying AppInfoManager ...
09-14 21:28:44.284 W/PackageManager(  533): Not removing package com.google.android.trichromelibrary hosting lib com.google.android.trichromelibrary version 725814338 used by [VersionedPackage[com.google.android.webview/725814338]] for user 0
09-14 21:28:44.766 I/Finsky  ( 6602): [99] AIM: AppInfoManager-Perf > Destroying AppInfoManager ...
09-14 21:28:47.039 I/Finsky  ( 6602): [108] AIM: AppInfoManager-Perf > Destroying AppInfoManager ...
09-14 21:28:47.381 E/android.hardware.power.stats@1.0-service-mock(  331): Failed to getEnergyData
09-14 21:28:49.941 D/CompatibilityChangeReporter(  533): Compat change id reported: 171306433; UID 1000; state: ENABLED
09-14 21:28:49.941 D/CompatibilityChangeReporter(  533): Compat change id reported: 218533173; UID 1000; state: ENABLED
09-14 21:28:49.944 D/IntervalStats(  533): Unable to parse usage stats packages: [219, 220]
09-14 21:28:49.944 D/IntervalStats(  533): Unable to parse event packages: [219, 220]
09-14 21:28:49.946 D/IntervalStats(  533): Unable to parse usage stats packages: [219, 220]
09-14 21:28:49.947 D/IntervalStats(  533): Unable to parse event packages: [219, 220]
09-14 21:28:59.073 W/BufferPoolAccessor2.0(  456): invalidator thread spinning
09-14 21:29:00.031 D/EGL_emulation(  748): app_time_stats: avg=34933.34ms min=34933.34ms max=34933.34ms count=1
09-14 21:29:00.031 I/AiAiEcho( 1286): Predicting[0]: 
09-14 21:29:00.031 I/AiAiEcho( 1286): Ranked targets strategy: SORT, count: 0, ranking metadata: 
09-14 21:29:00.033 I/AiAiEcho( 1286): #postPredictionTargets: Sending updates to UISurface lockscreen with targets# 0
09-14 21:29:00.033 I/AiAiEcho( 1286): #postPredictionTargets: Sending updates to UISurface home with targets# 0
09-14 21:29:00.033 I/AiAiEcho( 1286): #postPredictionTargets: Sending updates to UISurface media_data_manager with targets# 0
09-14 21:29:00.048 D/SsMediaDataProvider(  748): Forwarding Smartspace updates []
09-14 21:29:00.874 W/ThreadPoolForeg( 1318): type=1400 audit(0.0:1501): avc: denied { write } for name="traced_producer" dev="tmpfs" ino=684 scontext=u:r:gmscore_app:s0:c512,c768 tcontext=u:object_r:traced_producer_socket:s0 tclass=sock_file permissive=0 app=com.google.android.gms
09-14 21:29:05.096 D/EGL_emulation(  748): app_time_stats: avg=5065.13ms min=5065.13ms max=5065.13ms count=1
09-14 21:29:06.774 W/ThreadPoolForeg( 1176): type=1400 audit(0.0:1502): avc: denied { write } for name="traced_producer" dev="tmpfs" ino=684 scontext=u:r:gmscore_app:s0:c512,c768 tcontext=u:object_r:traced_producer_socket:s0 tclass=sock_file permissive=0 app=com.google.android.gms
09-14 21:29:07.124 D/BoundBrokerSvc( 1176): onRebind: Intent { act=com.google.android.gms.auth.aang.events.services.START dat=chimera-action:/... cmp=com.google.android.gms/.chimera.PersistentApiService }
09-14 21:29:07.249 W/SystemServiceRegistry( 1176): No service published for: wifirtt
09-14 21:29:08.060 D/WifiNl80211Manager(  533): Scan result ready event
09-14 21:29:08.061 D/WifiNative(  533): Scan result ready event
09-14 21:29:08.064 I/WifiScanner( 1176): onFullResults
09-14 21:29:08.065 I/WifiScanner( 1176): onFullResults
09-14 21:29:08.071 I/HalDevMgr(  533): bestIfaceCreationProposal is null, requestIface=STA, existingIface=[name=wlan0 type=STA]
09-14 21:29:08.081 I/FrewleTileCacheManagerV( 1176): (REDACTED) Fetched %d AP models from cache
09-14 21:29:08.089 I/FrewleTileCacheManagerV( 1176): (REDACTED) Fetched %d AP models from cache
09-14 21:29:08.090 I/FrewleTileCacheManagerV( 1176): (REDACTED) Fetched %d AP models from cache
09-14 21:29:08.091 I/FrewleTileCacheManagerV( 1176): (REDACTED) Fetched %d AP models from cache
09-14 21:29:08.093 I/FrewleTileCacheManagerV( 1176): (REDACTED) Fetched %d AP models from cache
09-14 21:29:08.121 I/ActivityScheduler( 1176): nextTriggerTime: 19001694, in 120124ms, detectorType: 39, FULL_TYPE alarmWindowMillis: 80000
09-14 21:29:08.128 D/BoundBrokerSvc( 1176): onRebind: Intent { act=com.google.android.gms.libs.gmscorelogger.service.START dat=chimera-action:/... cmp=com.google.android.gms/.chimera.PersistentDirectBootAwareApiService }
09-14 21:29:08.148 E/LocationManagerService(  533): non-monotonic location received from passive provider
09-14 21:29:08.156 E/GnssUtilsJni(  533): IGnss injectLocation() failed.
09-14 21:29:08.157 E/GnssUtilsJni(  533): IGnss injectLocation() failed.
09-14 21:29:08.157 E/GnssUtilsJni(  533): IGnss injectLocation() failed.
09-14 21:29:08.157 E/GnssUtilsJni(  533): IGnss injectLocation() failed.
09-14 21:29:08.157 E/GnssUtilsJni(  533): IGnss injectLocation() failed.
09-14 21:29:08.294 I/TFLite-in-PlayServices( 1176): Created interpreter.
09-14 21:29:08.303 I/TFLite-in-PlayServices( 1176): Created interpreter.
09-14 21:29:08.314 I/SemanticLocation( 1176): (REDACTED) [Inferrer] %s%s
