
09-12 20:57:38.265   529   529 V MediaRouter: Selecting route: RouteInfo{ name=Phone, description=null, status=null, category=RouteCategory{ name=System types=ROUTE_TYPE_LIVE_AUDIO ROUTE_TYPE_LIVE_VIDEO  groupable=false }, supportedTypes=ROUTE_TYPE_LIVE_AUDIO ROUTE_TYPE_LIVE_VIDEO , presentationDisplay=null }
09-12 20:57:39.238   458   498 D MediaCodecsXmlParser: parsing /vendor/etc/media_codecs_google_video.xml...
09-12 20:57:39.240   458   498 I Codec2InfoBuilder: adding type 'video/avc'
09-12 20:57:39.242   458   498 I Codec2InfoBuilder: adding type 'video/hevc'
09-12 20:57:39.243   458   498 I Codec2InfoBuilder: adding type 'video/x-vnd.on2.vp8'
09-12 20:57:39.244   458   498 I Codec2InfoBuilder: adding type 'video/x-vnd.on2.vp9'
09-12 20:57:39.262   458   498 I Codec2InfoBuilder: adding type 'video/av01'
09-12 20:57:39.264   458   498 I Codec2InfoBuilder: adding type 'video/av01'
09-12 20:57:39.272   458   498 I Codec2InfoBuilder: adding type 'video/avc'
09-12 20:57:39.273   458   498 I Codec2InfoBuilder: adding type 'video/avc'
09-12 20:57:39.277   458   498 I Codec2InfoBuilder: adding type 'video/3gpp'
09-12 20:57:39.279   458   498 I Codec2InfoBuilder: adding type 'video/3gpp'
09-12 20:57:39.279   458   498 I Codec2InfoBuilder: adding type 'video/hevc'
09-12 20:57:39.281   458   498 I Codec2InfoBuilder: adding type 'video/hevc'
09-12 20:57:39.285   458   498 I Codec2InfoBuilder: adding type 'video/mp4v-es'
09-12 20:57:39.287   458   498 I Codec2InfoBuilder: adding type 'video/mp4v-es'
09-12 20:57:39.296   458   498 I Codec2InfoBuilder: adding type 'video/x-vnd.on2.vp8'
09-12 20:57:39.311   458   498 I Codec2InfoBuilder: adding type 'video/x-vnd.on2.vp8'
09-12 20:57:39.313   458   498 I Codec2InfoBuilder: adding type 'video/x-vnd.on2.vp9'
09-12 20:57:39.343   458   498 I Codec2InfoBuilder: adding type 'video/x-vnd.on2.vp9'
09-12 20:57:39.779   741   836 V MediaRouter: Selecting route: RouteInfo{ name=Phone, description=null, status=null, category=RouteCategory{ name=System types=ROUTE_TYPE_LIVE_AUDIO ROUTE_TYPE_LIVE_VIDEO  groupable=false }, supportedTypes=ROUTE_TYPE_LIVE_AUDIO ROUTE_TYPE_LIVE_VIDEO , presentationDisplay=null }
09-12 20:57:40.492   902   902 I ImsExternalCallTracker: handleVideoCapabilitiesChanged : isVideoCapable = false
09-12 20:57:40.567   529   799 I Telecom : PhoneAccountRegistrar: New phone account registered: [[ ] PhoneAccount: ComponentInfo{com.android.phone/com.android.services.telephony.TelephonyConnectionService}, E, UserHandle{0} Capabilities: CallProvider MultiUser PlaceEmerg SimSub  Audio Routes: BESW Schemes: tel voicemail  Extras: Bundle[{android.telecom.extra.SUPPORTS_VIDEO_CALLING_FALLBACK=true}] GroupId: ***]: TSI.rPA@AAU
09-12 20:57:40.571   902   902 I Telephony: AccountEntry: Registered phoneAccount: [[ ] PhoneAccount: ComponentInfo{com.android.phone/com.android.services.telephony.TelephonyConnectionService}, E, UserHandle{0} Capabilities: CallProvider MultiUser PlaceEmerg SimSub  Audio Routes: BESW Schemes: tel voicemail  Extras: Bundle[{android.telecom.extra.SUPPORTS_VIDEO_CALLING_FALLBACK=true}] GroupId: ***] with handle: ComponentInfo{com.android.phone/com.android.services.telephony.TelephonyConnectionService}, E, UserHandle{0}
09-12 20:57:40.595   902   902 I ImsExternalCallTracker: handleVideoCapabilitiesChanged : isVideoCapable = false
09-12 20:57:40.595   902   902 I Telephony: handleVideoCapabilitesChanged. Video capability - false
09-12 20:57:40.652   529  1078 I Telecom : CallsManager: handlePhoneAccountChanged: phoneAccount=[[X] PhoneAccount: ComponentInfo{com.android.phone/com.android.services.telephony.TelephonyConnectionService}, E, UserHandle{0} Capabilities: CallProvider MultiUser PlaceEmerg SimSub  Audio Routes: BESW Schemes: tel voicemail  Extras: Bundle[{android.telecom.extra.SUPPORTS_VIDEO_CALLING_FALLBACK=true}] GroupId: ***]: TSI.rPA@AAg
09-12 20:57:40.918   529   896 I Telecom : CallsManager: handlePhoneAccountChanged: phoneAccount=[[X] PhoneAccount: ComponentInfo{com.android.phone/com.android.services.telephony.TelephonyConnectionService}, E, UserHandle{0} Capabilities: CallProvider MultiUser PlaceEmerg SimSub  Audio Routes: BESW Schemes: tel voicemail  Extras: Bundle[{android.telecom.extra.SUPPORTS_VIDEO_CALLING_FALLBACK=true}] GroupId: ***]: TSI.rPA@AAw
09-12 20:57:40.922   902   902 I Telephony: AccountEntry: Registered phoneAccount: [[ ] PhoneAccount: ComponentInfo{com.android.phone/com.android.services.telephony.TelephonyConnectionService}, E, UserHandle{0} Capabilities: CallProvider MultiUser PlaceEmerg SimSub  Audio Routes: BESW Schemes: tel voicemail  Extras: Bundle[{android.telecom.extra.SUPPORTS_VIDEO_CALLING_FALLBACK=true}] GroupId: ***] with handle: ComponentInfo{com.android.phone/com.android.services.telephony.TelephonyConnectionService}, E, UserHandle{0}
09-12 20:57:41.026   529  1078 I Telecom : CallsManager: handlePhoneAccountChanged: phoneAccount=[[X] PhoneAccount: ComponentInfo{com.android.phone/com.android.services.telephony.TelephonyConnectionService}, E, UserHandle{0} Capabilities: CallProvider MultiUser PlaceEmerg SimSub  Audio Routes: BESW Schemes: tel voicemail  Extras: Bundle[{android.telecom.extra.SUPPORTS_VIDEO_CALLING_FALLBACK=true}] GroupId: ***]: TSI.rPA@AA4
09-12 20:57:41.029   902   902 I Telephony: AccountEntry: Registered phoneAccount: [[ ] PhoneAccount: ComponentInfo{com.android.phone/com.android.services.telephony.TelephonyConnectionService}, E, UserHandle{0} Capabilities: CallProvider MultiUser PlaceEmerg SimSub  Audio Routes: BESW Schemes: tel voicemail  Extras: Bundle[{android.telecom.extra.SUPPORTS_VIDEO_CALLING_FALLBACK=true}] GroupId: ***] with handle: ComponentInfo{com.android.phone/com.android.services.telephony.TelephonyConnectionService}, E, UserHandle{0}
09-12 20:57:41.151   529   896 I Telecom : CallsManager: handlePhoneAccountChanged: phoneAccount=[[X] PhoneAccount: ComponentInfo{com.android.phone/com.android.services.telephony.TelephonyConnectionService}, E, UserHandle{0} Capabilities: CallProvider MultiUser PlaceEmerg SimSub  Audio Routes: BESW Schemes: tel voicemail  Extras: Bundle[{android.telecom.extra.SUPPORTS_VIDEO_CALLING_FALLBACK=true}] GroupId: ***]: TSI.rPA@ABA
09-12 20:57:41.153   902   902 I Telephony: AccountEntry: Registered phoneAccount: [[ ] PhoneAccount: ComponentInfo{com.android.phone/com.android.services.telephony.TelephonyConnectionService}, E, UserHandle{0} Capabilities: CallProvider MultiUser PlaceEmerg SimSub  Audio Routes: BESW Schemes: tel voicemail  Extras: Bundle[{android.telecom.extra.SUPPORTS_VIDEO_CALLING_FALLBACK=true}] GroupId: ***] with handle: ComponentInfo{com.android.phone/com.android.services.telephony.TelephonyConnectionService}, E, UserHandle{0}
09-12 20:57:41.166   902   902 I ImsExternalCallTracker: handleVideoCapabilitiesChanged : isVideoCapable = false
09-12 20:57:41.166   902   902 I Telephony: handleVideoCapabilitesChanged. Video capability - false
09-12 20:57:41.240   529   803 I Telecom : CallsManager: handlePhoneAccountChanged: phoneAccount=[[X] PhoneAccount: ComponentInfo{com.android.phone/com.android.services.telephony.TelephonyConnectionService}, E, UserHandle{0} Capabilities: CallProvider MultiUser PlaceEmerg SimSub  Audio Routes: BESW Schemes: tel voicemail  Extras: Bundle[{android.telecom.extra.SUPPORTS_VIDEO_CALLING_FALLBACK=true}] GroupId: ***]: TSI.rPA@ABo
09-12 20:57:41.241   902   902 I Telephony: AccountEntry: Registered phoneAccount: [[ ] PhoneAccount: ComponentInfo{com.android.phone/com.android.services.telephony.TelephonyConnectionService}, E, UserHandle{0} Capabilities: CallProvider MultiUser PlaceEmerg SimSub  Audio Routes: BESW Schemes: tel voicemail  Extras: Bundle[{android.telecom.extra.SUPPORTS_VIDEO_CALLING_FALLBACK=true}] GroupId: ***] with handle: ComponentInfo{com.android.phone/com.android.services.telephony.TelephonyConnectionService}, E, UserHandle{0}
09-12 20:57:41.245   902   902 I ImsExternalCallTracker: handleVideoCapabilitiesChanged : isVideoCapable = false
09-12 20:57:41.245   902   902 I Telephony: handleVideoCapabilitesChanged. Video capability - false
09-12 20:57:41.398   529   799 I Telecom : CallsManager: handlePhoneAccountChanged: phoneAccount=[[X] PhoneAccount: ComponentInfo{com.android.phone/com.android.services.telephony.TelephonyConnectionService}, E, UserHandle{0} Capabilities: CallProvider MultiUser PlaceEmerg SimSub  Audio Routes: BESW Schemes: tel voicemail  Extras: Bundle[{android.telecom.extra.SUPPORTS_VIDEO_CALLING_FALLBACK=true}] GroupId: ***]: TSI.rPA@AB4
09-12 20:57:41.399   902   902 I Telephony: AccountEntry: Registered phoneAccount: [[ ] PhoneAccount: ComponentInfo{com.android.phone/com.android.services.telephony.TelephonyConnectionService}, E, UserHandle{0} Capabilities: CallProvider MultiUser PlaceEmerg SimSub  Audio Routes: BESW Schemes: tel voicemail  Extras: Bundle[{android.telecom.extra.SUPPORTS_VIDEO_CALLING_FALLBACK=true}] GroupId: ***] with handle: ComponentInfo{com.android.phone/com.android.services.telephony.TelephonyConnectionService}, E, UserHandle{0}
09-12 20:57:41.459   529  1078 I Telecom : CallsManager: handlePhoneAccountChanged: phoneAccount=[[X] PhoneAccount: ComponentInfo{com.android.phone/com.android.services.telephony.TelephonyConnectionService}, E, UserHandle{0} Capabilities: CallProvider MultiUser PlaceEmerg SimSub  Audio Routes: BESW Schemes: tel voicemail  Extras: Bundle[{android.telecom.extra.SUPPORTS_VIDEO_CALLING_FALLBACK=true}] GroupId: ***]: TSI.rPA@ACE
09-12 20:57:41.468   902   902 I Telephony: AccountEntry: Registered phoneAccount: [[ ] PhoneAccount: ComponentInfo{com.android.phone/com.android.services.telephony.TelephonyConnectionService}, E, UserHandle{0} Capabilities: CallProvider MultiUser PlaceEmerg SimSub  Audio Routes: BESW Schemes: tel voicemail  Extras: Bundle[{android.telecom.extra.SUPPORTS_VIDEO_CALLING_FALLBACK=true}] GroupId: ***] with handle: ComponentInfo{com.android.phone/com.android.services.telephony.TelephonyConnectionService}, E, UserHandle{0}
09-12 20:57:41.477   902   902 I ImsExternalCallTracker: handleVideoCapabilitiesChanged : isVideoCapable = false
09-12 20:57:41.477   902   902 I Telephony: handleVideoCapabilitesChanged. Video capability - false
09-12 20:57:41.487   902   902 I ImsExternalCallTracker: handleVideoCapabilitiesChanged : isVideoCapable = false
09-12 20:57:41.487   902   902 I Telephony: handleVideoCapabilitesChanged. Video capability - false
09-12 20:57:41.545   902   902 I ImsExternalCallTracker: handleVideoCapabilitiesChanged : isVideoCapable = false
09-12 20:57:41.545   902   902 I Telephony: handleVideoCapabilitesChanged. Video capability - false
09-12 20:57:41.550   902   902 I ImsExternalCallTracker: handleVideoCapabilitiesChanged : isVideoCapable = false
09-12 20:57:41.550   902   902 I Telephony: handleVideoCapabilitesChanged. Video capability - false
09-12 20:57:41.631   529   896 I Telecom : CallsManager: handlePhoneAccountChanged: phoneAccount=[[X] PhoneAccount: ComponentInfo{com.android.phone/com.android.services.telephony.TelephonyConnectionService}, E, UserHandle{0} Capabilities: CallProvider MultiUser PlaceEmerg SimSub  Audio Routes: BESW Schemes: tel voicemail  Extras: Bundle[{android.telecom.extra.SUPPORTS_VIDEO_CALLING_FALLBACK=true}] GroupId: ***]: TSI.rPA@ACM
09-12 20:57:42.410   529  1003 I Telecom : PhoneAccountRegistrar: New phone account registered: [[ ] PhoneAccount: ComponentInfo{com.android.phone/com.android.services.telephony.TelephonyConnectionService}, 1, UserHandle{0} Capabilities: CallProvider MultiUser PlaceEmerg SimSub  Audio Routes: BESW Schemes: tel voicemail  Extras: Bundle[{android.telecom.extra.SUPPORTS_VIDEO_CALLING_FALLBACK=true}] GroupId: ***]: TSI.rPA@AE0
09-12 20:57:42.514   902   902 I Telephony: AccountEntry: Registered phoneAccount: [[ ] PhoneAccount: ComponentInfo{com.android.phone/com.android.services.telephony.TelephonyConnectionService}, 1, UserHandle{0} Capabilities: CallProvider MultiUser PlaceEmerg SimSub  Audio Routes: BESW Schemes: tel voicemail  Extras: Bundle[{android.telecom.extra.SUPPORTS_VIDEO_CALLING_FALLBACK=true}] GroupId: ***] with handle: ComponentInfo{com.android.phone/com.android.services.telephony.TelephonyConnectionService}, 1, UserHandle{0}
09-12 20:57:42.749   902   902 I ImsExternalCallTracker: handleVideoCapabilitiesChanged : isVideoCapable = false
09-12 20:57:42.749   902   902 I Telephony: handleVideoCapabilitesChanged. Video capability - false
09-12 20:57:42.953   529   728 I Telecom : CallsManager: handlePhoneAccountChanged: phoneAccount=[[X] PhoneAccount: ComponentInfo{com.android.phone/com.android.services.telephony.TelephonyConnectionService}, 1, UserHandle{0} Capabilities: CallProvider MultiUser PlaceEmerg SimSub  Audio Routes: BESW Schemes: tel voicemail  Extras: Bundle[{android.telecom.extra.SUPPORTS_VIDEO_CALLING_FALLBACK=true}] GroupId: ***]: TSI.rPA@AJM
09-12 20:57:43.616   529  1003 I Telecom : CallsManager: handlePhoneAccountChanged: phoneAccount=[[X] PhoneAccount: ComponentInfo{com.android.phone/com.android.services.telephony.TelephonyConnectionService}, 1, UserHandle{0} Capabilities: CallProvider MultiUser PlaceEmerg SimSub  Audio Routes: BESW Schemes: tel voicemail  Extras: Bundle[{android.telecom.extra.SUPPORTS_VIDEO_CALLING_FALLBACK=true}] GroupId: ***]: TSI.rPA@AKQ
09-12 20:57:43.621   902   902 I Telephony: AccountEntry: Registered phoneAccount: [[ ] PhoneAccount: ComponentInfo{com.android.phone/com.android.services.telephony.TelephonyConnectionService}, 1, UserHandle{0} Capabilities: CallProvider MultiUser PlaceEmerg SimSub  Audio Routes: BESW Schemes: tel voicemail  Extras: Bundle[{android.telecom.extra.SUPPORTS_VIDEO_CALLING_FALLBACK=true}] GroupId: ***] with handle: ComponentInfo{com.android.phone/com.android.services.telephony.TelephonyConnectionService}, 1, UserHandle{0}
09-12 20:57:43.830   902   902 I ImsExternalCallTracker: handleVideoCapabilitiesChanged : isVideoCapable = false
09-12 20:57:43.830   902   902 I Telephony: handleVideoCapabilitesChanged. Video capability - false
09-12 20:57:43.969   529   728 I Telecom : CallsManager: handlePhoneAccountChanged: phoneAccount=[[X] PhoneAccount: ComponentInfo{com.android.phone/com.android.services.telephony.TelephonyConnectionService}, 1, UserHandle{0} Capabilities: CallProvider MultiUser PlaceEmerg SimSub  Audio Routes: BESW Schemes: tel voicemail  Extras: Bundle[{android.telecom.extra.SUPPORTS_VIDEO_CALLING_FALLBACK=true}] GroupId: ***]: TSI.rPA@AKg
09-12 20:57:46.723  1304  1994 D CCodecConfig: read media type: video/hevc
09-12 20:57:46.730  1304  1994 D CCodecConfig:   string input.media-type.value = "video/hevc"
09-12 20:57:46.730  1304  1994 D CCodecConfig:   string output.media-type.value = "video/raw"
09-12 20:57:46.765  1304  1994 D CCodec  :   string mime = "video/hevc"
09-12 20:57:46.765  1304  1994 D CCodec  :   int32_t android._video-scaling = 1
09-12 20:57:46.765  1304  1994 D CCodec  :   string mime = "video/raw"
09-12 20:58:06.388  1184  1289 I DialerVideoTypePickerEnabledFn: com.android.dialer.videotypepicker.impl.VideoTypePickerEnabledFn.isEnabled:32 feature is not enabled [CONTEXT ratelimit_period="1 MINUTES" ]
09-12 20:58:07.779   529   605 I Telecom : CallsManager: handlePhoneAccountChanged: phoneAccount=[[X] PhoneAccount: ComponentInfo{com.android.phone/com.android.services.telephony.TelephonyConnectionService}, 1, UserHandle{0} Capabilities: CallProvider MultiUser PlaceEmerg SimSub  Audio Routes: BESW Schemes: tel voicemail  Extras: Bundle[{android.telecom.extra.SUPPORTS_VIDEO_CALLING_FALLBACK=true}] GroupId: ***]: TSI.rPA@ARw
09-12 20:58:07.783   902   902 I Telephony: AccountEntry: Registered phoneAccount: [[ ] PhoneAccount: ComponentInfo{com.android.phone/com.android.services.telephony.TelephonyConnectionService}, 1, UserHandle{0} Capabilities: CallProvider MultiUser PlaceEmerg SimSub  Audio Routes: BESW Schemes: tel voicemail  Extras: Bundle[{android.telecom.extra.SUPPORTS_VIDEO_CALLING_FALLBACK=true}] GroupId: ***] with handle: ComponentInfo{com.android.phone/com.android.services.telephony.TelephonyConnectionService}, 1, UserHandle{0}
09-12 20:58:08.047   902   902 I ImsExternalCallTracker: handleVideoCapabilitiesChanged : isVideoCapable = false
09-12 20:58:08.047   902   902 I Telephony: handleVideoCapabilitesChanged. Video capability - false
09-12 20:58:08.194   529  1724 I Telecom : CallsManager: handlePhoneAccountChanged: phoneAccount=[[X] PhoneAccount: ComponentInfo{com.android.phone/com.android.services.telephony.TelephonyConnectionService}, 1, UserHandle{0} Capabilities: CallProvider MultiUser PlaceEmerg SimSub  Audio Routes: BESW Schemes: tel voicemail  Extras: Bundle[{android.telecom.extra.SUPPORTS_VIDEO_CALLING_FALLBACK=true}] GroupId: ***]: TSI.rPA@ASA
09-12 20:58:37.428   909  1293 D PrefCtrlListHelper: Could not find Context-only controller for pref: com.android.settings.network.telephony.VideoCallingPreferenceController
09-12 20:58:37.707   909  1010 V MediaRouter: Selecting route: RouteInfo{ name=Phone, description=null, status=null, category=RouteCategory{ name=System types=ROUTE_TYPE_LIVE_AUDIO ROUTE_TYPE_LIVE_VIDEO  groupable=false }, supportedTypes=ROUTE_TYPE_LIVE_AUDIO ROUTE_TYPE_LIVE_VIDEO , presentationDisplay=null }
09-12 20:58:37.745   909  1010 D PrefCtrlListHelper: Could not find Context-only controller for pref: com.android.settings.network.telephony.VideoCallingPreferenceController
09-12 20:58:38.014   909  1010 D PrefCtrlListHelper: Could not find Context-only controller for pref: com.android.settings.widget.VideoPreferenceController
09-12 20:58:38.959   741   741 D MediaRouter: onRestoreRoute() : route=RouteInfo{ name=Phone, description=null, status=null, category=RouteCategory{ name=System types=ROUTE_TYPE_LIVE_AUDIO ROUTE_TYPE_LIVE_VIDEO  groupable=false }, supportedTypes=ROUTE_TYPE_LIVE_AUDIO ROUTE_TYPE_LIVE_VIDEO , presentationDisplay=null }
09-12 20:58:38.959   741   741 V MediaRouter: Selecting route: RouteInfo{ name=Phone, description=null, status=null, category=RouteCategory{ name=System types=ROUTE_TYPE_LIVE_AUDIO ROUTE_TYPE_LIVE_VIDEO  groupable=false }, supportedTypes=ROUTE_TYPE_LIVE_AUDIO ROUTE_TYPE_LIVE_VIDEO , presentationDisplay=null }
09-12 20:58:39.590   741   741 D MediaRouter: onRestoreRoute() : route=RouteInfo{ name=Phone, description=null, status=null, category=RouteCategory{ name=System types=ROUTE_TYPE_LIVE_AUDIO ROUTE_TYPE_LIVE_VIDEO  groupable=false }, supportedTypes=ROUTE_TYPE_LIVE_AUDIO ROUTE_TYPE_LIVE_VIDEO , presentationDisplay=null }
09-12 20:58:39.590   741   741 V MediaRouter: Selecting route: RouteInfo{ name=Phone, description=null, status=null, category=RouteCategory{ name=System types=ROUTE_TYPE_LIVE_AUDIO ROUTE_TYPE_LIVE_VIDEO  groupable=false }, supportedTypes=ROUTE_TYPE_LIVE_AUDIO ROUTE_TYPE_LIVE_VIDEO , presentationDisplay=null }
09-12 20:58:39.590   741   741 D MediaRouter: onRestoreRoute() : route=RouteInfo{ name=Phone, description=null, status=null, category=RouteCategory{ name=System types=ROUTE_TYPE_LIVE_AUDIO ROUTE_TYPE_LIVE_VIDEO  groupable=false }, supportedTypes=ROUTE_TYPE_LIVE_AUDIO ROUTE_TYPE_LIVE_VIDEO , presentationDisplay=null }
09-12 20:58:39.590   741   741 V MediaRouter: Selecting route: RouteInfo{ name=Phone, description=null, status=null, category=RouteCategory{ name=System types=ROUTE_TYPE_LIVE_AUDIO ROUTE_TYPE_LIVE_VIDEO  groupable=false }, supportedTypes=ROUTE_TYPE_LIVE_AUDIO ROUTE_TYPE_LIVE_VIDEO , presentationDisplay=null }
09-12 20:58:39.753   909  1293 D PrefCtrlListHelper: Could not find Context-only controller for pref: com.android.settings.widget.VideoPreferenceController
09-12 21:10:42.646  5662  5711 E ReactNativeJS: TypeError: undefined is not an object (evaluating '_reactNativeVideo.default.propTypes.source')

