09-10 23:11:48.012 20766 20812 D nativeloader: Load /data/app/~~uH1iFoF14BtaxswVppIzxA==/com.app.uprise.debug-cNeJwSEu7vhkT5ZiFAzAsw==/lib/x86_64/libreactnativeblob.so using class loader ns clns-4 (caller=/data/app/~~uH1iFoF14BtaxswVppIzxA==/com.app.uprise.debug-cNeJwSEu7vhkT5ZiFAzAsw==/base.apk): ok
09-10 23:11:48.012 20766 20812 D SoLoader: Loaded: libreactnativeblob.so
09-10 23:11:48.033 20766 20813 I WebViewFactory: Loading com.google.android.webview version 139.0.7258.143 (code 725814338)
09-10 23:11:48.037 20766 20813 W pp.uprise.debug: Failed to find entry 'classes.dex': Entry not found
09-10 23:11:48.037 20766 20813 D nativeloader: Configuring clns-5 for other apk /data/app/~~SSEbxose8UCu0hEsIySZuA==/com.google.android.trichromelibrary_725814338-SNhaRDuRcfPuh-Ntuau95A==/base.apk. target_sdk_version=35, uses_libraries=ALL, library_path=/data/app/~~zlAGpwMcwoxzr7Jc-0IT8g==/com.google.android.webview-Rhhnz4yiXeIUZ1SRbOVBPg==/lib/x86_64:/data/app/~~zlAGpwMcwoxzr7Jc-0IT8g==/com.google.android.webview-Rhhnz4yiXeIUZ1SRbOVBPg==/base.apk!/lib/x86_64:/data/app/~~SSEbxose8UCu0hEsIySZuA==/com.google.android.trichromelibrary_725814338-SNhaRDuRcfPuh-Ntuau95A==/base.apk!/lib/x86_64, permitted_path=/data:/mnt/expand
09-10 23:11:48.042 20766 20813 D nativeloader: Configuring clns-6 for other apk /system_ext/framework/androidx.window.extensions.jar. target_sdk_version=35, uses_libraries=ALL, library_path=/data/app/~~zlAGpwMcwoxzr7Jc-0IT8g==/com.google.android.webview-Rhhnz4yiXeIUZ1SRbOVBPg==/lib/x86_64:/data/app/~~zlAGpwMcwoxzr7Jc-0IT8g==/com.google.android.webview-Rhhnz4yiXeIUZ1SRbOVBPg==/base.apk!/lib/x86_64:/data/app/~~SSEbxose8UCu0hEsIySZuA==/com.google.android.trichromelibrary_725814338-SNhaRDuRcfPuh-Ntuau95A==/base.apk!/lib/x86_64, permitted_path=/data:/mnt/expand
09-10 23:11:48.048 20766 20813 D nativeloader: Configuring clns-7 for other apk /data/app/~~zlAGpwMcwoxzr7Jc-0IT8g==/com.google.android.webview-Rhhnz4yiXeIUZ1SRbOVBPg==/base.apk. target_sdk_version=35, uses_libraries=, library_path=/data/app/~~zlAGpwMcwoxzr7Jc-0IT8g==/com.google.android.webview-Rhhnz4yiXeIUZ1SRbOVBPg==/lib/x86_64:/data/app/~~zlAGpwMcwoxzr7Jc-0IT8g==/com.google.android.webview-Rhhnz4yiXeIUZ1SRbOVBPg==/base.apk!/lib/x86_64:/data/app/~~SSEbxose8UCu0hEsIySZuA==/com.google.android.trichromelibrary_725814338-SNhaRDuRcfPuh-Ntuau95A==/base.apk!/lib/x86_64, permitted_path=/data:/mnt/expand
09-10 23:11:48.133 20766 20812 V AsyncStorageExpoMigration: No scoped database found
09-10 23:11:48.149 20766 20812 W ReactNativeJS: `new NativeEventEmitter()` was called with a non-null argument without the required `addListener` method.
09-10 23:11:48.149 20766 20812 W ReactNativeJS: `new NativeEventEmitter()` was called with a non-null argument without the required `removeListeners` method.
09-10 23:11:48.184 20766 20813 I cr_WVCFactoryProvider: version=139.0.7258.143 (725814338) minSdkVersion=29 multiprocess=true packageId=2 splits=<none>
09-10 23:11:48.187 20766 20813 D nativeloader: Load /data/app/~~SSEbxose8UCu0hEsIySZuA==/com.google.android.trichromelibrary_725814338-SNhaRDuRcfPuh-Ntuau95A==/base.apk!/lib/x86_64/libmonochrome_64.so using class loader ns clns-7 (caller=/data/app/~~zlAGpwMcwoxzr7Jc-0IT8g==/com.google.android.webview-Rhhnz4yiXeIUZ1SRbOVBPg==/base.apk): ok
09-10 23:11:48.208 20766 20813 D nativeloader: Load /system/lib64/libwebviewchromium_plat_support.so using class loader ns clns-7 (caller=/data/app/~~zlAGpwMcwoxzr7Jc-0IT8g==/com.google.android.webview-Rhhnz4yiXeIUZ1SRbOVBPg==/base.apk): ok
09-10 23:11:48.243 20766 20825 I chromium: [0910/231148.226481:INFO:android_webview/browser/variations/variations_seed_loader.cc:67] Failed to open file for reading.: No such file or directory (2)
09-10 23:11:48.246 20766 20825 I chromium: [0910/231148.246199:INFO:android_webview/browser/variations/variations_seed_loader.cc:67] Failed to open file for reading.: No such file or directory (2)
09-10 23:11:48.251   523  1520 D CompatibilityChangeReporter: Compat change id reported: 161252188; UID 10126; state: DISABLED
09-10 23:11:48.255   523  1520 D CompatibilityChangeReporter: Compat change id reported: 135634846; UID 10126; state: DISABLED
09-10 23:11:48.255   523   578 D CompatibilityChangeReporter: Compat change id reported: 143937733; UID 10126; state: ENABLED
09-10 23:11:48.259   305   305 D Zygote  : Forked child process 20829
09-10 23:11:48.260   523   578 I ActivityManager: Start proc 20829:com.google.android.webview:webview_service/u0a126 for service {com.google.android.webview/org.chromium.android_webview.services.VariationsSeedServer}
09-10 23:11:48.277 20829 20829 I webview_service: Using CollectorTypeCMC GC.
09-10 23:11:48.278 20829 20829 W webview_service: Unexpected CPU variant for x86: x86_64.
09-10 23:11:48.278 20829 20829 W webview_service: Known variants: atom, sandybridge, silvermont, goldmont, goldmont-plus, goldmont-without-sha-xsaves, tremont, kabylake, alderlake, default
09-10 23:11:48.280 20829 20829 E webview_service: Not starting debugger since process cannot load the jdwp agent.
09-10 23:11:48.282 20829 20829 D nativeloader: Load libframework-connectivity-tiramisu-jni.so using APEX ns com_android_tethering for caller /apex/com.android.tethering/javalib/framework-connectivity-t.jar: ok
09-10 23:11:48.290   523  1520 D CompatibilityChangeReporter: Compat change id reported: 168419799; UID 10126; state: DISABLED
09-10 23:11:48.290   523  1520 D CompatibilityChangeReporter: Compat change id reported: 273564678; UID 10126; state: DISABLED
09-10 23:11:48.299 20829 20829 D CompatibilityChangeReporter: Compat change id reported: 171979766; UID 10126; state: ENABLED
09-10 23:11:48.302 20829 20829 W webview_service: Failed to find entry 'classes.dex': Entry not found
09-10 23:11:48.304 20829 20829 D nativeloader: Configuring clns-4 for other apk /data/app/~~SSEbxose8UCu0hEsIySZuA==/com.google.android.trichromelibrary_725814338-SNhaRDuRcfPuh-Ntuau95A==/base.apk. target_sdk_version=35, uses_libraries=ALL, library_path=/data/app/~~zlAGpwMcwoxzr7Jc-0IT8g==/com.google.android.webview-Rhhnz4yiXeIUZ1SRbOVBPg==/lib/x86_64:/data/app/~~zlAGpwMcwoxzr7Jc-0IT8g==/com.google.android.webview-Rhhnz4yiXeIUZ1SRbOVBPg==/base.apk!/lib/x86_64:/data/app/~~SSEbxose8UCu0hEsIySZuA==/com.google.android.trichromelibrary_725814338-SNhaRDuRcfPuh-Ntuau95A==/base.apk!/lib/x86_64, permitted_path=/data:/mnt/expand:/data/user/0/com.google.android.webview
09-10 23:11:48.308 20766 20813 I cr_LibraryLoader: Successfully loaded native library
09-10 23:11:48.309 20829 20829 D nativeloader: Configuring clns-5 for other apk /system_ext/framework/androidx.window.extensions.jar. target_sdk_version=35, uses_libraries=ALL, library_path=/data/app/~~zlAGpwMcwoxzr7Jc-0IT8g==/com.google.android.webview-Rhhnz4yiXeIUZ1SRbOVBPg==/lib/x86_64:/data/app/~~zlAGpwMcwoxzr7Jc-0IT8g==/com.google.android.webview-Rhhnz4yiXeIUZ1SRbOVBPg==/base.apk!/lib/x86_64:/data/app/~~SSEbxose8UCu0hEsIySZuA==/com.google.android.trichromelibrary_725814338-SNhaRDuRcfPuh-Ntuau95A==/base.apk!/lib/x86_64, permitted_path=/data:/mnt/expand:/data/user/0/com.google.android.webview
09-10 23:11:48.313 20766 20813 I cr_CachingUmaRecorder: Flushed 13 samples from 13 histograms, 0 samples were dropped.
09-10 23:11:48.315 20829 20829 D nativeloader: Configuring clns-6 for other apk /data/app/~~zlAGpwMcwoxzr7Jc-0IT8g==/com.google.android.webview-Rhhnz4yiXeIUZ1SRbOVBPg==/base.apk. target_sdk_version=35, uses_libraries=, library_path=/data/app/~~zlAGpwMcwoxzr7Jc-0IT8g==/com.google.android.webview-Rhhnz4yiXeIUZ1SRbOVBPg==/lib/x86_64:/data/app/~~zlAGpwMcwoxzr7Jc-0IT8g==/com.google.android.webview-Rhhnz4yiXeIUZ1SRbOVBPg==/base.apk!/lib/x86_64:/data/app/~~SSEbxose8UCu0hEsIySZuA==/com.google.android.trichromelibrary_725814338-SNhaRDuRcfPuh-Ntuau95A==/base.apk!/lib/x86_64, permitted_path=/data:/mnt/expand:/data/user/0/com.google.android.webview
09-10 23:11:48.324 20766 20812 E pp.uprise.debug: Invalid ID 0x00000000.
09-10 23:11:48.325 20766 20812 D ReactNative: ReactConfig: Could not find BuildConfig class
09-10 23:11:48.328 20766 20812 W ReactNativeJS: Require cycle: node_modules\axios\lib\defaults.js -> node_modules\axios\lib\adapters\xhr.js -> node_modules\axios\lib\defaults.js
09-10 23:11:48.328 20766 20812 W ReactNativeJS: 
09-10 23:11:48.328 20766 20812 W ReactNativeJS: Require cycles are allowed, but can result in uninitialized values. Consider refactoring to remove the need for a cycle.
09-10 23:11:48.342 20829 20829 D nativeloader: Load libframework-connectivity-jni.so using APEX ns com_android_tethering for caller /apex/com.android.tethering/javalib/framework-connectivity.jar: ok
09-10 23:11:48.344 20829 20829 V GraphicsEnvironment: ANGLE Developer option for 'com.google.android.webview' set to: 'default'
09-10 23:11:48.344 20829 20829 V GraphicsEnvironment: ANGLE GameManagerService for com.google.android.webview: false
09-10 23:11:48.344 20829 20829 V GraphicsEnvironment: Neither updatable production driver nor prerelease driver is supported.
09-10 23:11:48.346 20829 20829 I LoadedApk: No resource references to update in package com.google.android.trichromelibrary
09-10 23:11:48.346 20829 20829 D NetworkSecurityConfig: No Network Security Config specified, using platform default
09-10 23:11:48.346 20829 20829 D NetworkSecurityConfig: No Network Security Config specified, using platform default
09-10 23:11:48.346 20829 20829 I cr_WebViewApkApp: version=139.0.7258.143 (725814338) minSdkVersion=29 processName=com.google.android.webview:webview_service splits=<none>
09-10 23:11:48.897 20766 20812 W ReactNativeJS: react-native-video version 5.x is deprecated and not maintained anymore.Please migrate to version 6.x. see https://docs.thewidlarzgroup.com/react-native-video/updating for more information. 
09-10 23:11:48.897 20766 20812 W ReactNativeJS: If you have trouble updating, you can reach out to us at https://www.thewidlarzgroup.com/#Contact
09-10 23:11:49.090   523  1520 D CompatibilityChangeReporter: Compat change id reported: 149924527; UID 10183; state: ENABLED
09-10 23:11:49.090   523  1520 D CompatibilityChangeReporter: Compat change id reported: 132649864; UID 10183; state: DISABLED
09-10 23:11:49.107 20766 20812 I ReactNativeJS: 'Firebase messaging disabled (no default app):', 'No Firebase App \'[DEFAULT]\' has been created - call firebase.initializeApp()'
09-10 23:11:49.129 20766 20812 I ReactNativeJS: Running "Uprise" with {"rootTag":1}
09-10 23:11:49.230 20766 20812 I ReactNativeJS: redux-persist: no inbound state, skipping migration
09-10 23:11:49.375 20766 20854 D SoLoader: About to load: libimagepipeline.so
09-10 23:11:49.375 20766 20854 D SoLoader: libimagepipeline.so not found on /data/data/com.app.uprise.debug/lib-main
09-10 23:11:49.375 20766 20854 D SoLoader: libimagepipeline.so found on /data/app/~~uH1iFoF14BtaxswVppIzxA==/com.app.uprise.debug-cNeJwSEu7vhkT5ZiFAzAsw==/lib/x86_64
09-10 23:11:49.375 20766 20854 D SoLoader: Not resolving dependencies for libimagepipeline.so
09-10 23:11:49.378 20766 20854 D nativeloader: Load /data/app/~~uH1iFoF14BtaxswVppIzxA==/com.app.uprise.debug-cNeJwSEu7vhkT5ZiFAzAsw==/lib/x86_64/libimagepipeline.so using class loader ns clns-4 (caller=/data/app/~~uH1iFoF14BtaxswVppIzxA==/com.app.uprise.debug-cNeJwSEu7vhkT5ZiFAzAsw==/base.apk): ok
09-10 23:11:49.378 20766 20854 D SoLoader: Loaded: libimagepipeline.so
09-10 23:11:49.381 20766 20813 W unknown:ViewManagerPropertyUpdater: Could not find generated setter for class com.swmansion.rnscreens.ScreensShadowNode
09-10 23:11:49.548 20766 20766 D CompatibilityChangeReporter: Compat change id reported: 171228096; UID 10183; state: ENABLED
09-10 23:11:49.562 20766 20766 I pp.uprise.debug: hiddenapi: Accessing hidden field Landroid/widget/HorizontalScrollView;->mScroller:Landroid/widget/OverScroller; (runtime_flags=0, domain=platform, api=unsupported) from Lcom/facebook/react/views/scroll/ReactHorizontalScrollView; (domain=app) using reflection: allowed
09-10 23:11:49.563 20766 20766 E unknown:FabricViewStateManager: setState called without a StateWrapper
09-10 23:11:49.686 20766 20812 I ReactNativeJS: FCM disabled (no default Firebase app)
09-10 23:11:49.872   523  1647 D CoreBackPreview: Window{6683800 u0 com.app.uprise.debug/com.app.uprise.MainActivity}: Setting back callback null
09-10 23:11:49.889   523  1647 W InputManager-JNI: Input channel object '6683800 com.app.uprise.debug/com.app.uprise.MainActivity (client)' was disposed without first being removed with the input manager!
09-10 23:11:49.899   523   569 V WindowManager: Unknown focus tokens, dropping reportFocusChanged
09-10 23:11:49.938  1235  1235 I GoogleInputMethodService: GoogleInputMethodService.onFinishInput():2054 
09-10 23:11:49.938  1235  1235 I Module  : DeviceLockedStatusModuleProvider$Module.updateDeviceLockedStatus():100 repeatCheckTimes = 0, locked = false
09-10 23:11:49.939  1235  1235 I GoogleInputMethodService: GoogleInputMethodService.onStartInput():1315 onStartInput(EditorInfo{EditorInfo{packageName=com.app.uprise.debug, inputType=0, inputTypeString=NULL, enableLearning=false, autoCorrection=false, autoComplete=false, imeOptions=0, privateImeOptions=null, actionName=UNSPECIFIED, actionLabel=null, initialSelStart=-1, initialSelEnd=-1, initialCapsMode=0, label=null, fieldId=-1, fieldName=null, extras=null, hintText=null, hintLocales=[]}}, false)
09-10 23:11:49.940  1235  1235 I Module  : DeviceLockedStatusModuleProvider$Module.updateDeviceLockedStatus():100 repeatCheckTimes = 1, locked = false
09-10 23:11:50.713   859  1094 I bluetooth: packages/modules/Bluetooth/system/gd/hci/le_address_manager.cc:257 ack_pause: Client already in paused state
09-10 23:11:50.716   859  1094 I bluetooth: packages/modules/Bluetooth/system/gd/hci/le_address_manager.cc:257 ack_pause: Client already in paused state
09-10 23:11:50.716   859  1094 I bluetooth: packages/modules/Bluetooth/system/gd/hci/le_address_manager.cc:257 ack_pause: Client already in paused state
09-10 23:11:50.734   859  1094 I bluetooth: packages/modules/Bluetooth/system/gd/hci/le_address_manager.cc:576 OnCommandComplete: Received command complete with op_code LE_SET_RANDOM_ADDRESS
09-10 23:11:50.734   859  1094 I bluetooth: packages/modules/Bluetooth/system/gd/hci/le_address_manager.cc:595 OnCommandComplete: update random address : 76:f2:83:3d:65:0d
09-10 23:11:50.735   859  1094 I bluetooth: packages/modules/Bluetooth/system/gd/hci/le_address_manager.cc:286 resume_registered_clients: Resuming registered clients
09-10 23:11:51.141  1329  1329 D BoundBrokerSvc: onUnbind: Intent { act=com.google.android.gms.feedback.internal.IFeedbackService dat=chimera-action:/... cmp=com.google.android.gms/.chimera.GmsBoundBrokerService }
09-10 23:11:51.208  1329  1329 D BoundBrokerSvc: onUnbind: Intent { act=com.google.android.gms.facs.internal.service.START dat=chimera-action:/... cmp=com.google.android.gms/.chimera.GmsInternalApiService }
09-10 23:11:51.209   523   904 I ActivityManager: Killing 19935:com.google.android.settings.intelligence/u0a105 (adj 915): empty #17
09-10 23:11:51.210   523   579 I libprocessgroup: Successfully killed process cgroup uid 10105 pid 19935 in 0ms
09-10 23:11:51.216   305   305 I Zygote  : Process 19935 exited due to signal 9 (Killed)
09-10 23:11:51.489   523  1647 I ActivityManager: Killing 16272:com.google.android.googlequicksearchbox:search/u0a121 (adj 915): empty #17
09-10 23:11:51.499   523   579 I libprocessgroup: Successfully killed process cgroup uid 10121 pid 16272 in 7ms
09-10 23:11:51.519   305   305 I Zygote  : Process 16272 exited due to signal 9 (Killed)
09-10 23:11:51.520   523   679 D ConnectivityService: releasing NetworkRequest [ REQUEST id=303, [ Capabilities: INTERNET&NOT_RESTRICTED&TRUSTED&NOT_VCN_MANAGED Uid: 10121 RequestorUid: 10121 RequestorPkg: com.google.android.googlequicksearchbox UnderlyingNetworks: Null] ] (release request)
09-10 23:11:51.524   523   679 D ConnectivityService: releasing NetworkRequest [ REQUEST id=305, [ Capabilities: INTERNET&NOT_RESTRICTED&TRUSTED&NOT_VCN_MANAGED Uid: 10121 RequestorUid: 10121 RequestorPkg: com.google.android.googlequicksearchbox UnderlyingNetworks: Null] ] (release request)
