--------- beginning of main
09-10 23:03:06.679 20022 20022 D ApkSoSource: not allowing consideration of lib/x86_64/librrc_modal.so: deferring to libdir
09-10 23:03:06.679 20022 20022 D ApkSoSource: not allowing consideration of lib/x86_64/librrc_progressbar.so: deferring to libdir
09-10 23:03:06.679 20022 20022 D ApkSoSource: not allowing consideration of lib/x86_64/librrc_root.so: deferring to libdir
09-10 23:03:06.679 20022 20022 D ApkSoSource: not allowing consideration of lib/x86_64/librrc_scrollview.so: deferring to libdir
09-10 23:03:06.679 20022 20022 D ApkSoSource: not allowing consideration of lib/x86_64/librrc_slider.so: deferring to libdir
09-10 23:03:06.679 20022 20022 D ApkSoSource: not allowing consideration of lib/x86_64/librrc_switch.so: deferring to libdir
09-10 23:03:06.679 20022 20022 D ApkSoSource: not allowing consideration of lib/x86_64/librrc_text.so: deferring to libdir
09-10 23:03:06.680 20022 20022 D ApkSoSource: not allowing consideration of lib/x86_64/librrc_textinput.so: deferring to libdir
09-10 23:03:06.680 20022 20022 D ApkSoSource: not allowing consideration of lib/x86_64/librrc_unimplementedview.so: deferring to libdir
09-10 23:03:06.680 20022 20022 D ApkSoSource: not allowing consideration of lib/x86_64/librrc_view.so: deferring to libdir
09-10 23:03:06.680 20022 20022 D ApkSoSource: not allowing consideration of lib/x86_64/libturbomodulejsijni.so: deferring to libdir
09-10 23:03:06.680 20022 20022 D ApkSoSource: not allowing consideration of lib/x86_64/libucrop.so: deferring to libdir
09-10 23:03:06.680 20022 20022 D ApkSoSource: not allowing consideration of lib/x86_64/libyoga.so: deferring to libdir
09-10 23:03:06.681 20022 20022 V fb-UnpackingSoSource: regenerating DSO store com.facebook.soloader.ApkSoSource
09-10 23:03:06.681 20022 20022 V fb-UnpackingSoSource: Finished regenerating DSO store com.facebook.soloader.ApkSoSource
09-10 23:03:06.681 20022 20022 V fb-UnpackingSoSource: starting syncer worker
09-10 23:03:06.692 20022 20022 V fb-UnpackingSoSource: releasing dso store lock for /data/user/0/com.app.uprise.debug/lib-main (from syncer thread)
09-10 23:03:06.692 20022 20022 V fb-UnpackingSoSource: not releasing dso store lock for /data/user/0/com.app.uprise.debug/lib-main (syncer thread started)
09-10 23:03:06.692 20022 20022 D SoLoader: init finish: 4 SO sources prepared
09-10 23:03:06.692 20022 20022 D SoLoader: init exiting
09-10 23:03:06.724 20022 20022 D SoLoader: init exiting
09-10 23:03:06.724 20022 20022 D SoLoader: About to load: libjscexecutor.so
09-10 23:03:06.724 20022 20022 D SoLoader: libjscexecutor.so not found on /data/data/com.app.uprise.debug/lib-main
09-10 23:03:06.724 20022 20022 D SoLoader: libjscexecutor.so found on /data/app/~~CeZdkwG3PAEXqIBLt0-Uww==/com.app.uprise.debug-UgtLKNEa3BGjDPth9vYu4w==/lib/x86_64
09-10 23:03:06.724 20022 20022 D SoLoader: Not resolving dependencies for libjscexecutor.so
09-10 23:03:06.726 20022 20022 D nativeloader: Load /data/app/~~CeZdkwG3PAEXqIBLt0-Uww==/com.app.uprise.debug-UgtLKNEa3BGjDPth9vYu4w==/lib/x86_64/libjscexecutor.so using class loader ns clns-4 (caller=/data/app/~~CeZdkwG3PAEXqIBLt0-Uww==/com.app.uprise.debug-UgtLKNEa3BGjDPth9vYu4w==/base.apk): dlopen failed: library "libjsc.so" not found: needed by /data/app/~~CeZdkwG3PAEXqIBLt0-Uww==/com.app.uprise.debug-UgtLKNEa3BGjDPth9vYu4w==/lib/x86_64/libjscexecutor.so in namespace clns-4
09-10 23:03:06.726 20022 20022 W System.err: java.lang.UnsatisfiedLinkError: dlopen failed: library "libjsc.so" not found: needed by /data/app/~~CeZdkwG3PAEXqIBLt0-Uww==/com.app.uprise.debug-UgtLKNEa3BGjDPth9vYu4w==/lib/x86_64/libjscexecutor.so in namespace clns-4
09-10 23:03:06.730 20022 20022 W System.err: 	at java.lang.Runtime.load0(Runtime.java:941)
09-10 23:03:06.730 20022 20022 W System.err: 	at java.lang.System.load(System.java:1729)
09-10 23:03:06.730 20022 20022 W System.err: 	at com.facebook.soloader.SoLoader$1.load(SoLoader.java:405)
09-10 23:03:06.730 20022 20022 W System.err: 	at com.facebook.soloader.DirectorySoSource.loadLibraryFrom(DirectorySoSource.java:77)
09-10 23:03:06.730 20022 20022 W System.err: 	at com.facebook.soloader.DirectorySoSource.loadLibrary(DirectorySoSource.java:50)
09-10 23:03:06.730 20022 20022 W System.err: 	at com.facebook.soloader.ApplicationSoSource.loadLibrary(ApplicationSoSource.java:89)
09-10 23:03:06.730 20022 20022 W System.err: 	at com.facebook.soloader.SoLoader.doLoadLibraryBySoName(SoLoader.java:860)
09-10 23:03:06.730 20022 20022 W System.err: 	at com.facebook.soloader.SoLoader.loadLibraryBySoNameImpl(SoLoader.java:740)
09-10 23:03:06.730 20022 20022 W System.err: 	at com.facebook.soloader.SoLoader.loadLibraryBySoName(SoLoader.java:654)
09-10 23:03:06.730 20022 20022 W System.err: 	at com.facebook.soloader.SoLoader.loadLibrary(SoLoader.java:634)
09-10 23:03:06.730 20022 20022 W System.err: 	at com.facebook.soloader.SoLoader.loadLibrary(SoLoader.java:582)
09-10 23:03:06.731 20022 20022 W System.err: 	at com.facebook.react.ReactInstanceManagerBuilder.getDefaultJSExecutorFactory(ReactInstanceManagerBuilder.java:305)
09-10 23:03:06.731 20022 20022 W System.err: 	at com.facebook.react.ReactInstanceManagerBuilder.build(ReactInstanceManagerBuilder.java:277)
09-10 23:03:06.731 20022 20022 W System.err: 	at com.facebook.react.ReactNativeHost.createReactInstanceManager(ReactNativeHost.java:89)
09-10 23:03:06.731 20022 20022 W System.err: 	at com.facebook.react.ReactNativeHost.getReactInstanceManager(ReactNativeHost.java:39)
09-10 23:03:06.731 20022 20022 W System.err: 	at com.app.uprise.MainApplication.onCreate(MainApplication.java:58)
09-10 23:03:06.731 20022 20022 W System.err: 	at android.app.Instrumentation.callApplicationOnCreate(Instrumentation.java:1277)
09-10 23:03:06.731 20022 20022 W System.err: 	at android.app.ActivityThread.handleBindApplication(ActivityThread.java:6811)
09-10 23:03:06.731 20022 20022 W System.err: 	at android.app.ActivityThread.-$$Nest$mhandleBindApplication(Unknown Source:0)
09-10 23:03:06.731 20022 20022 W System.err: 	at android.app.ActivityThread$H.handleMessage(ActivityThread.java:2133)
09-10 23:03:06.731 20022 20022 W System.err: 	at android.os.Handler.dispatchMessage(Handler.java:106)
09-10 23:03:06.731 20022 20022 W System.err: 	at android.os.Looper.loopOnce(Looper.java:201)
09-10 23:03:06.731 20022 20022 W System.err: 	at android.os.Looper.loop(Looper.java:288)
09-10 23:03:06.731 20022 20022 W System.err: 	at android.app.ActivityThread.main(ActivityThread.java:7924)
09-10 23:03:06.731 20022 20022 W System.err: 	at java.lang.reflect.Method.invoke(Native Method)
09-10 23:03:06.731 20022 20022 W System.err: 	at com.android.internal.os.RuntimeInit$MethodAndArgsCaller.run(RuntimeInit.java:548)
09-10 23:03:06.731 20022 20022 W System.err: 	at com.android.internal.os.ZygoteInit.main(ZygoteInit.java:936)
09-10 23:03:06.731 20022 20022 E SoLoader: couldn't find DSO to load: libjscexecutor.so caused by: dlopen failed: library "libjsc.so" not found: needed by /data/app/~~CeZdkwG3PAEXqIBLt0-Uww==/com.app.uprise.debug-UgtLKNEa3BGjDPth9vYu4w==/lib/x86_64/libjscexecutor.so in namespace clns-4 result: 0
09-10 23:03:06.735 20022 20022 D SoLoader: init exiting
--------- beginning of system
09-10 23:03:06.918   523  1520 D CompatibilityChangeReporter: Compat change id reported: 161145287; UID 10182; state: DISABLED
09-10 23:03:06.937 20022 20042 D SoLoader: About to load: libfbjni.so
09-10 23:03:06.938 20022 20042 D SoLoader: libfbjni.so not found on /data/data/com.app.uprise.debug/lib-main
09-10 23:03:06.938 20022 20042 D SoLoader: libfbjni.so found on /data/app/~~CeZdkwG3PAEXqIBLt0-Uww==/com.app.uprise.debug-UgtLKNEa3BGjDPth9vYu4w==/lib/x86_64
09-10 23:03:06.938 20022 20042 D SoLoader: Not resolving dependencies for libfbjni.so
09-10 23:03:06.959 20022 20042 D nativeloader: Load /data/app/~~CeZdkwG3PAEXqIBLt0-Uww==/com.app.uprise.debug-UgtLKNEa3BGjDPth9vYu4w==/lib/x86_64/libfbjni.so using class loader ns clns-4 (caller=/data/app/~~CeZdkwG3PAEXqIBLt0-Uww==/com.app.uprise.debug-UgtLKNEa3BGjDPth9vYu4w==/base.apk): ok
09-10 23:03:06.960 20022 20042 D SoLoader: Loaded: libfbjni.so
09-10 23:03:06.960 20022 20042 D SoLoader: About to load: libflipper.so
09-10 23:03:06.960 20022 20042 D SoLoader: libflipper.so not found on /data/data/com.app.uprise.debug/lib-main
09-10 23:03:06.960 20022 20042 D SoLoader: libflipper.so found on /data/app/~~CeZdkwG3PAEXqIBLt0-Uww==/com.app.uprise.debug-UgtLKNEa3BGjDPth9vYu4w==/lib/x86_64
09-10 23:03:06.961 20022 20042 D SoLoader: Not resolving dependencies for libflipper.so
09-10 23:03:07.087 20022 20042 D nativeloader: Load /data/app/~~CeZdkwG3PAEXqIBLt0-Uww==/com.app.uprise.debug-UgtLKNEa3BGjDPth9vYu4w==/lib/x86_64/libflipper.so using class loader ns clns-4 (caller=/data/app/~~CeZdkwG3PAEXqIBLt0-Uww==/com.app.uprise.debug-UgtLKNEa3BGjDPth9vYu4w==/base.apk): ok
09-10 23:03:07.087 20022 20042 D SoLoader: Loaded: libflipper.so
09-10 23:03:07.110 20022 20022 I pp.uprise.debug: hiddenapi: Accessing hidden field Landroid/view/View;->mKeyedTags:Landroid/util/SparseArray; (runtime_flags=0, domain=platform, api=unsupported) from Lcom/facebook/flipper/plugins/inspector/descriptors/ViewDescriptor; (domain=app) using reflection: allowed
09-10 23:03:07.110 20022 20022 I pp.uprise.debug: hiddenapi: Accessing hidden field Landroid/view/View;->mListenerInfo:Landroid/view/View$ListenerInfo; (runtime_flags=0, domain=platform, api=unsupported) from Lcom/facebook/flipper/plugins/inspector/descriptors/ViewDescriptor; (domain=app) using reflection: allowed
09-10 23:03:07.112 20022 20022 I pp.uprise.debug: hiddenapi: Accessing hidden field Landroid/view/View$ListenerInfo;->mOnClickListener:Landroid/view/View$OnClickListener; (runtime_flags=0, domain=platform, api=unsupported) from Lcom/facebook/flipper/plugins/inspector/descriptors/ViewDescriptor; (domain=app) using reflection: allowed
09-10 23:03:07.121 20022 20022 I flipper : flipper: FlipperClient::addPlugin Inspector
09-10 23:03:07.121 20022 20022 I flipper : flipper: FlipperClient::addPlugin React
09-10 23:03:07.123 20022 20022 I flipper : flipper: FlipperClient::addPlugin Databases
09-10 23:03:07.125 20022 20022 I flipper : flipper: FlipperClient::addPlugin Preferences
09-10 23:03:07.125 20022 20022 I flipper : flipper: FlipperClient::addPlugin CrashReporter
09-10 23:03:07.129 20022 20022 I flipper : flipper: FlipperClient::addPlugin Network
09-10 23:03:07.159 20022 20058 D libEGL  : loaded /vendor/lib64/egl/libEGL_emulation.so
09-10 23:03:07.162 20022 20058 D libEGL  : loaded /vendor/lib64/egl/libGLESv1_CM_emulation.so
09-10 23:03:07.168 20022 20058 D libEGL  : loaded /vendor/lib64/egl/libGLESv2_emulation.so
09-10 23:03:07.264 20022 20022 D CompatibilityChangeReporter: Compat change id reported: 237531167; UID 10182; state: DISABLED
09-10 23:03:07.271 20022 20055 W Parcel  : Expecting binder but got null!
09-10 23:03:07.276   523  1230 D CoreBackPreview: Window{7cce1a3 u0 com.app.uprise.debug/com.app.uprise.MainActivity}: Setting back callback OnBackInvokedCallbackInfo{mCallback=android.window.IOnBackInvokedCallback$Stub$Proxy@a28f915, mPriority=0}
09-10 23:03:07.311   743   802 D EGL_emulation: app_time_stats: avg=7273.58ms min=7273.58ms max=7273.58ms count=1
09-10 23:03:07.321 20022 20022 I pp.uprise.debug: hiddenapi: Accessing hidden method Landroid/view/View;->computeFitSystemWindows(Landroid/graphics/Rect;Landroid/graphics/Rect;)Z (runtime_flags=0, domain=platform, api=unsupported) from Landroidx/appcompat/widget/ViewUtils; (domain=app) using reflection: allowed
09-10 23:03:07.323 20022 20022 I pp.uprise.debug: hiddenapi: Accessing hidden method Landroid/view/ViewGroup;->makeOptionalFitsSystemWindows()V (runtime_flags=0, domain=platform, api=unsupported) from Landroidx/appcompat/widget/ViewUtils; (domain=app) using reflection: allowed
09-10 23:03:07.328 20022 20055 W Parcel  : Expecting binder but got null!
09-10 23:03:07.331   523  1230 D CoreBackPreview: Window{dcae21b u0 com.app.uprise.debug/com.app.uprise.MainActivity}: Setting back callback OnBackInvokedCallbackInfo{mCallback=android.window.IOnBackInvokedCallback$Stub$Proxy@32d1191, mPriority=0}
09-10 23:03:07.360 20022 20055 D HostConnection: HostComposition ext ANDROID_EMU_CHECKSUM_HELPER_v1 ANDROID_EMU_native_sync_v2 ANDROID_EMU_native_sync_v3 ANDROID_EMU_native_sync_v4 ANDROID_EMU_dma_v1 ANDROID_EMU_direct_mem ANDROID_EMU_host_composition_v1 ANDROID_EMU_host_composition_v2 ANDROID_EMU_vulkan ANDROID_EMU_deferred_vulkan_commands ANDROID_EMU_vulkan_null_optional_strings ANDROID_EMU_vulkan_create_resources_with_requirements ANDROID_EMU_YUV_Cache ANDROID_EMU_vulkan_ignored_handles ANDROID_EMU_has_shared_slots_host_memory_allocator ANDROID_EMU_vulkan_free_memory_sync ANDROID_EMU_vulkan_shader_float16_int8 ANDROID_EMU_vulkan_async_queue_submit ANDROID_EMU_vulkan_queue_submit_with_commands ANDROID_EMU_sync_buffer_data ANDROID_EMU_vulkan_async_qsri ANDROID_EMU_read_color_buffer_dma GL_OES_EGL_image_external_essl3 GL_OES_vertex_array_object GL_KHR_texture_compression_astc_ldr ANDROID_EMU_host_side_tracing ANDROID_EMU_gles_max_version_3_1 
09-10 23:03:07.362 20022 20055 W OpenGLRenderer: Failed to choose config with EGL_SWAP_BEHAVIOR_PRESERVED, retrying without...
09-10 23:03:07.362 20022 20055 W OpenGLRenderer: Failed to initialize 101010-2 format, error = EGL_SUCCESS
09-10 23:03:07.379 20022 20055 D EGL_emulation: eglCreateContext: 0x750260128b90: maj 3 min 1 rcv 4
09-10 23:03:07.409 20022 20055 D EGL_emulation: eglMakeCurrent: 0x750260128b90: ver 3 1 (tinfo 0x75048c353080) (first time)
09-10 23:03:07.434   151   151 I hwservicemanager: getTransport: Cannot find entry android.hardware.graphics.mapper@4.0::IMapper/default in either framework or device VINTF manifest.
09-10 23:03:07.434 20022 20055 I Gralloc4: mapper 4.x is not supported
09-10 23:03:07.438   151   151 I hwservicemanager: getTransport: Cannot find entry android.hardware.graphics.allocator@4.0::IAllocator/default in either framework or device VINTF manifest.
09-10 23:03:07.441   146   146 I servicemanager: Could not find android.hardware.graphics.allocator.IAllocator/default in the VINTF manifest.
09-10 23:03:07.442 20022 20055 W Gralloc4: allocator 4.x is not supported
09-10 23:03:07.460 20022 20055 D HostConnection: HostComposition ext ANDROID_EMU_CHECKSUM_HELPER_v1 ANDROID_EMU_native_sync_v2 ANDROID_EMU_native_sync_v3 ANDROID_EMU_native_sync_v4 ANDROID_EMU_dma_v1 ANDROID_EMU_direct_mem ANDROID_EMU_host_composition_v1 ANDROID_EMU_host_composition_v2 ANDROID_EMU_vulkan ANDROID_EMU_deferred_vulkan_commands ANDROID_EMU_vulkan_null_optional_strings ANDROID_EMU_vulkan_create_resources_with_requirements ANDROID_EMU_YUV_Cache ANDROID_EMU_vulkan_ignored_handles ANDROID_EMU_has_shared_slots_host_memory_allocator ANDROID_EMU_vulkan_free_memory_sync ANDROID_EMU_vulkan_shader_float16_int8 ANDROID_EMU_vulkan_async_queue_submit ANDROID_EMU_vulkan_queue_submit_with_commands ANDROID_EMU_sync_buffer_data ANDROID_EMU_vulkan_async_qsri ANDROID_EMU_read_color_buffer_dma GL_OES_EGL_image_external_essl3 GL_OES_vertex_array_object GL_KHR_texture_compression_astc_ldr ANDROID_EMU_host_side_tracing ANDROID_EMU_gles_max_version_3_1 
09-10 23:03:07.464 20022 20055 E OpenGLRenderer: Unable to match the desired swap behavior.
09-10 23:03:07.513 20022 20022 W unknown:ReactNative: Packager connection already open, nooping.
09-10 23:03:07.530 20022 20027 I pp.uprise.debug: Compiler allocated 4151KB to compile void android.view.ViewRootImpl.performTraversals()
09-10 23:03:07.532 20022 20055 E OpenGLRenderer: Unable to match the desired swap behavior.
09-10 23:03:07.582 20022 20022 D CompatibilityChangeReporter: Compat change id reported: 210923482; UID 10182; state: DISABLED
09-10 23:03:07.583 20022 20022 D CompatibilityChangeReporter: Compat change id reported: 37756858; UID 10182; state: ENABLED
09-10 23:03:07.587   523   566 I ActivityTaskManager: Displayed com.app.uprise.debug/com.app.uprise.MainActivity: +1s454ms
09-10 23:03:07.590   743   802 D EGL_emulation: app_time_stats: avg=16.71ms min=1.16ms max=59.95ms count=57
09-10 23:03:07.602 20022 20055 W Parcel  : Expecting binder but got null!
09-10 23:03:07.605   523  1230 D CoreBackPreview: Window{5897993 u0 PopupWindow:170cfe0}: Setting back callback OnBackInvokedCallbackInfo{mCallback=android.window.IOnBackInvokedCallback$Stub$Proxy@16761c9, mPriority=0}
09-10 23:03:07.636 20022 20055 E OpenGLRenderer: Unable to match the desired swap behavior.
09-10 23:03:07.672   523  1230 D CompatibilityChangeReporter: Compat change id reported: 214016041; UID 10182; state: DISABLED
09-10 23:03:07.679  1235  1235 I GoogleInputMethodService: GoogleInputMethodService.onFinishInput():2054 
09-10 23:03:07.681  1235  1235 I Module  : DeviceLockedStatusModuleProvider$Module.updateDeviceLockedStatus():100 repeatCheckTimes = 0, locked = false
09-10 23:03:07.686  1235  1235 I GoogleInputMethodService: GoogleInputMethodService.onStartInput():1315 onStartInput(EditorInfo{EditorInfo{packageName=com.app.uprise.debug, inputType=0, inputTypeString=NULL, enableLearning=false, autoCorrection=false, autoComplete=false, imeOptions=0, privateImeOptions=null, actionName=UNSPECIFIED, actionLabel=null, initialSelStart=-1, initialSelEnd=-1, initialCapsMode=0, label=null, fieldId=-1, fieldName=null, extras=null, hintText=null, hintLocales=[]}}, false)
09-10 23:03:07.690  1235  1235 I Module  : DeviceLockedStatusModuleProvider$Module.updateDeviceLockedStatus():100 repeatCheckTimes = 1, locked = false
09-10 23:03:07.693  1675  1675 I bmrp    : onStop
09-10 23:03:07.700   962  1579 D OneSearchSuggestProvider: Shut down the binder channel
09-10 23:03:07.710   962  2746 I s.nexuslauncher: oneway function results for code 2 on binder at 0x7501f0173080 will be dropped but finished with status UNKNOWN_TRANSACTION
09-10 23:03:07.742   523  1230 I ActivityManager: Killing 14450:com.google.android.apps.messaging/u0a117 (adj 935): empty #17
09-10 23:03:07.760   523   579 I libprocessgroup: Successfully killed process cgroup uid 10117 pid 14450 in 13ms
09-10 23:03:07.865   428   428 I adbd    : Remote process closed the socket (on MSG_PEEK)
09-10 23:03:07.869   305   305 I Zygote  : Process 14450 exited due to signal 9 (Killed)
09-10 23:03:07.879   523   679 D ConnectivityService: releasing NetworkRequest [ REQUEST id=274, [ Capabilities: INTERNET&NOT_RESTRICTED&TRUSTED&NOT_VCN_MANAGED Uid: 10117 RequestorUid: 10117 RequestorPkg: com.google.android.apps.messaging UnderlyingNetworks: Null] ] (release request)
09-10 23:03:07.882   523   679 D ConnectivityService: releasing NetworkRequest [ REQUEST id=280, [ Capabilities: INTERNET&NOT_RESTRICTED&TRUSTED&NOT_VCN_MANAGED Uid: 10117 RequestorUid: 10117 RequestorPkg: com.google.android.apps.messaging UnderlyingNetworks: Null] ] (release request)
09-10 23:03:07.987   523  1647 W InputManager-JNI: Input channel object '78b6228 Splash Screen com.app.uprise.debug (client)' was disposed without first being removed with the input manager!
09-10 23:03:07.988   523  2278 D CoreBackPreview: Window{78b6228 u0 Splash Screen com.app.uprise.debug EXITING}: Setting back callback null
09-10 23:03:08.315 20022 20044 D SoLoader: About to load: libreactnativejni.so
09-10 23:03:08.316 20022 20044 D SoLoader: libreactnativejni.so not found on /data/data/com.app.uprise.debug/lib-main
09-10 23:03:08.323 20022 20044 D SoLoader: libreactnativejni.so found on /data/app/~~CeZdkwG3PAEXqIBLt0-Uww==/com.app.uprise.debug-UgtLKNEa3BGjDPth9vYu4w==/lib/x86_64
09-10 23:03:08.323 20022 20044 D SoLoader: Not resolving dependencies for libreactnativejni.so
09-10 23:03:08.328 20022 20044 D nativeloader: Load /data/app/~~CeZdkwG3PAEXqIBLt0-Uww==/com.app.uprise.debug-UgtLKNEa3BGjDPth9vYu4w==/lib/x86_64/libreactnativejni.so using class loader ns clns-4 (caller=/data/app/~~CeZdkwG3PAEXqIBLt0-Uww==/com.app.uprise.debug-UgtLKNEa3BGjDPth9vYu4w==/base.apk): ok
09-10 23:03:08.329 20022 20044 D SoLoader: Loaded: libreactnativejni.so
09-10 23:03:08.592   743   802 D EGL_emulation: app_time_stats: avg=15.01ms min=0.92ms max=52.70ms count=53
09-10 23:03:09.189 20022 20055 D EGL_emulation: app_time_stats: avg=83.67ms min=1.14ms max=1083.91ms count=17
09-10 23:03:10.203 20022 20055 D EGL_emulation: app_time_stats: avg=38.20ms min=12.43ms max=164.12ms count=26
09-10 23:03:10.500   523   814 D CoreBackPreview: Window{5897993 u0 PopupWindow:170cfe0}: Setting back callback null
09-10 23:03:10.503   523   814 W InputManager-JNI: Input channel object '5897993 PopupWindow:170cfe0 (client)' was disposed without first being removed with the input manager!
09-10 23:03:10.506 20022 20070 D SoLoader: About to load: libhermes.so
09-10 23:03:10.506 20022 20070 D SoLoader: libhermes.so not found on /data/data/com.app.uprise.debug/lib-main
09-10 23:03:10.506 20022 20070 D SoLoader: libhermes.so found on /data/app/~~CeZdkwG3PAEXqIBLt0-Uww==/com.app.uprise.debug-UgtLKNEa3BGjDPth9vYu4w==/lib/x86_64
09-10 23:03:10.506 20022 20070 D SoLoader: Not resolving dependencies for libhermes.so
09-10 23:03:10.509 20022 20070 D nativeloader: Load /data/app/~~CeZdkwG3PAEXqIBLt0-Uww==/com.app.uprise.debug-UgtLKNEa3BGjDPth9vYu4w==/lib/x86_64/libhermes.so using class loader ns clns-4 (caller=/data/app/~~CeZdkwG3PAEXqIBLt0-Uww==/com.app.uprise.debug-UgtLKNEa3BGjDPth9vYu4w==/base.apk): ok
09-10 23:03:10.509 20022 20070 D SoLoader: Loaded: libhermes.so
09-10 23:03:10.509 20022 20070 D SoLoader: About to load: libhermes-executor-debug.so
09-10 23:03:10.510 20022 20070 D SoLoader: libhermes-executor-debug.so not found on /data/data/com.app.uprise.debug/lib-main
09-10 23:03:10.510 20022 20070 D SoLoader: libhermes-executor-debug.so found on /data/app/~~CeZdkwG3PAEXqIBLt0-Uww==/com.app.uprise.debug-UgtLKNEa3BGjDPth9vYu4w==/lib/x86_64
09-10 23:03:10.510 20022 20070 D SoLoader: Not resolving dependencies for libhermes-executor-debug.so
09-10 23:03:10.522 20022 20070 D nativeloader: Load /data/app/~~CeZdkwG3PAEXqIBLt0-Uww==/com.app.uprise.debug-UgtLKNEa3BGjDPth9vYu4w==/lib/x86_64/libhermes-executor-debug.so using class loader ns clns-4 (caller=/data/app/~~CeZdkwG3PAEXqIBLt0-Uww==/com.app.uprise.debug-UgtLKNEa3BGjDPth9vYu4w==/base.apk): ok
09-10 23:03:10.522 20022 20070 D SoLoader: Loaded: libhermes-executor-debug.so
09-10 23:03:10.545 20022 20070 I RNFusedLocation: RNFusedLocation initialized
09-10 23:03:11.296   523   671 D NetworkStatsObservers: Registering observer for RequestInfo from pid/uid:523/1000(android) for DataUsageRequest [ requestId=21, networkTemplate=NetworkTemplate: matchRule=MOBILE, matchSubscriberIds=[310260...], matchWifiNetworkKeys=[], metered=YES, defaultNetwork=NO, thresholdInBytes=13313382 ] accessLevel:3
09-10 23:03:11.296   523   742 D NetworkStatsObservers: Unregistering RequestInfo from pid/uid:523/1000(android) for DataUsageRequest [ requestId=20, networkTemplate=NetworkTemplate: matchRule=MOBILE, matchSubscriberIds=[310260...], matchWifiNetworkKeys=[], metered=YES, defaultNetwork=NO, thresholdInBytes=13313479 ] accessLevel:3
09-10 23:03:11.531  1196  1196 W ThreadPoolForeg: type=1400 audit(0.0:1375): avc: denied { write } for name="traced_producer" dev="tmpfs" ino=685 scontext=u:r:gmscore_app:s0:c512,c768 tcontext=u:object_r:traced_producer_socket:s0 tclass=sock_file permissive=0 app=com.google.android.gms
09-10 23:03:12.022   743   802 D EGL_emulation: app_time_stats: avg=332.80ms min=5.09ms max=4231.79ms count=14
09-10 23:03:12.658 20022 20070 W unknown:ViewManagerPropertyUpdater: Could not find generated setter for class com.facebook.react.views.drawer.ReactDrawerLayoutManager
09-10 23:03:12.660 20022 20070 W unknown:ViewManagerPropertyUpdater: Could not find generated setter for class com.facebook.react.uimanager.LayoutShadowNode
09-10 23:03:12.661 20022 20070 W unknown:ViewManagerPropertyUpdater: Could not find generated setter for class com.facebook.react.views.scroll.ReactHorizontalScrollViewManager
09-10 23:03:12.662 20022 20070 W unknown:ViewManagerPropertyUpdater: Could not find generated setter for class com.facebook.react.views.scroll.ReactHorizontalScrollContainerViewManager
09-10 23:03:12.662 20022 20070 W unknown:ViewManagerPropertyUpdater: Could not find generated setter for class com.facebook.react.views.progressbar.ReactProgressBarViewManager
09-10 23:03:12.662 20022 20070 W unknown:ViewManagerPropertyUpdater: Could not find generated setter for class com.facebook.react.views.progressbar.ProgressBarShadowNode
09-10 23:03:12.663 20022 20070 W unknown:ViewManagerPropertyUpdater: Could not find generated setter for class com.facebook.react.views.scroll.ReactScrollViewManager
09-10 23:03:12.663 20022 20070 W unknown:ViewManagerPropertyUpdater: Could not find generated setter for class com.facebook.react.views.slider.ReactSliderManager
09-10 23:03:12.664 20022 20070 W unknown:ViewManagerPropertyUpdater: Could not find generated setter for class com.facebook.react.views.slider.ReactSliderManager$ReactSliderShadowNode
09-10 23:03:12.664 20022 20070 W unknown:ViewManagerPropertyUpdater: Could not find generated setter for class com.facebook.react.views.switchview.ReactSwitchManager
09-10 23:03:12.664 20022 20070 W unknown:ViewManagerPropertyUpdater: Could not find generated setter for class com.facebook.react.views.switchview.ReactSwitchManager$ReactSwitchShadowNode
09-10 23:03:12.664 20022 20070 W unknown:ViewManagerPropertyUpdater: Could not find generated setter for class com.facebook.react.views.swiperefresh.SwipeRefreshLayoutManager
09-10 23:03:12.664 20022 20070 W unknown:ViewManagerPropertyUpdater: Could not find generated setter for class com.facebook.react.views.text.frescosupport.FrescoBasedReactTextInlineImageViewManager
09-10 23:03:12.665 20022 20070 W unknown:ViewManagerPropertyUpdater: Could not find generated setter for class com.facebook.react.views.text.frescosupport.FrescoBasedReactTextInlineImageShadowNode
09-10 23:03:12.666 20022 20070 W unknown:ViewManagerPropertyUpdater: Could not find generated setter for class com.facebook.react.views.image.ReactImageManager
09-10 23:03:12.666 20022 20070 W unknown:ViewManagerPropertyUpdater: Could not find generated setter for class com.facebook.react.views.modal.ReactModalHostManager
09-10 23:03:12.666 20022 20070 W unknown:ViewManagerPropertyUpdater: Could not find generated setter for class com.facebook.react.views.modal.ModalHostShadowNode
09-10 23:03:12.667 20022 20070 W unknown:ViewManagerPropertyUpdater: Could not find generated setter for class com.facebook.react.views.text.ReactRawTextManager
09-10 23:03:12.667 20022 20070 W unknown:ViewManagerPropertyUpdater: Could not find generated setter for class com.facebook.react.views.text.ReactRawTextShadowNode
09-10 23:03:12.667 20022 20070 W unknown:ViewManagerPropertyUpdater: Could not find generated setter for class com.facebook.react.views.textinput.ReactTextInputManager
09-10 23:03:12.667 20022 20070 W unknown:ViewManagerPropertyUpdater: Could not find generated setter for class com.facebook.react.views.textinput.ReactTextInputShadowNode
09-10 23:03:12.668 20022 20070 W unknown:ViewManagerPropertyUpdater: Could not find generated setter for class com.facebook.react.views.text.ReactTextViewManager
09-10 23:03:12.669 20022 20070 W unknown:ViewManagerPropertyUpdater: Could not find generated setter for class com.facebook.react.views.text.ReactTextShadowNode
09-10 23:03:12.669 20022 20070 W unknown:ViewManagerPropertyUpdater: Could not find generated setter for class com.facebook.react.views.view.ReactViewManager
09-10 23:03:12.669 20022 20070 W unknown:ViewManagerPropertyUpdater: Could not find generated setter for class com.facebook.react.views.text.ReactVirtualTextViewManager
09-10 23:03:12.669 20022 20070 W unknown:ViewManagerPropertyUpdater: Could not find generated setter for class com.facebook.react.views.text.ReactVirtualTextShadowNode
09-10 23:03:12.669 20022 20070 W unknown:ViewManagerPropertyUpdater: Could not find generated setter for class com.facebook.react.views.unimplementedview.ReactUnimplementedViewManager
09-10 23:03:12.670 20022 20070 W unknown:ViewManagerPropertyUpdater: Could not find generated setter for class org.reactnative.maskedview.RNCMaskedViewManager
09-10 23:03:12.670 20022 20070 W unknown:ViewManagerPropertyUpdater: Could not find generated setter for class com.reactnativegooglesignin.RNGoogleSigninButtonViewManager
09-10 23:03:12.670 20022 20070 W unknown:ViewManagerPropertyUpdater: Could not find generated setter for class com.swmansion.gesturehandler.react.RNGestureHandlerRootViewManager
09-10 23:03:12.670 20022 20070 W unknown:ViewManagerPropertyUpdater: Could not find generated setter for class com.swmansion.gesturehandler.react.RNGestureHandlerButtonViewManager
09-10 23:03:12.671 20022 20070 W unknown:ViewManagerPropertyUpdater: Could not find generated setter for class com.BV.LinearGradient.LinearGradientManager
09-10 23:03:12.671 20022 20070 W unknown:ViewManagerPropertyUpdater: Could not find generated setter for class com.reactnativepagerview.PagerViewViewManager
09-10 23:03:12.671 20022 20070 W unknown:ViewManagerPropertyUpdater: Could not find generated setter for class com.th3rdwave.safeareacontext.SafeAreaProviderManager
09-10 23:03:12.671 20022 20070 W unknown:ViewManagerPropertyUpdater: Could not find generated setter for class com.th3rdwave.safeareacontext.SafeAreaViewManager
09-10 23:03:12.671 20022 20070 W unknown:ViewManagerPropertyUpdater: Could not find generated setter for class com.th3rdwave.safeareacontext.SafeAreaViewShadowNode
09-10 23:03:12.672 20022 20070 W unknown:ViewManagerPropertyUpdater: Could not find generated setter for class com.swmansion.rnscreens.ScreenContainerViewManager
09-10 23:03:12.672 20022 20070 W unknown:ViewManagerPropertyUpdater: Could not find generated setter for class com.swmansion.rnscreens.ScreenViewManager
09-10 23:03:12.672 20022 20070 W unknown:ViewManagerPropertyUpdater: Could not find generated setter for class com.swmansion.rnscreens.ScreenStackViewManager
09-10 23:03:12.673 20022 20070 W unknown:ViewManagerPropertyUpdater: Could not find generated setter for class com.swmansion.rnscreens.ScreenStackHeaderConfigViewManager
09-10 23:03:12.673 20022 20070 W unknown:ViewManagerPropertyUpdater: Could not find generated setter for class com.swmansion.rnscreens.ScreenStackHeaderSubviewManager
09-10 23:03:12.673 20022 20070 W unknown:ViewManagerPropertyUpdater: Could not find generated setter for class com.swmansion.rnscreens.SearchBarManager
09-10 23:03:12.673 20022 20070 W unknown:ViewManagerPropertyUpdater: Could not find generated setter for class com.horcrux.svg.RenderableViewManager$GroupViewManager
09-10 23:03:12.674 20022 20070 W unknown:ViewManagerPropertyUpdater: Could not find generated setter for class com.horcrux.svg.RenderableViewManager$RenderableShadowNode
09-10 23:03:12.674 20022 20070 W unknown:ViewManagerPropertyUpdater: Could not find generated setter for class com.horcrux.svg.RenderableViewManager$PathViewManager
09-10 23:03:12.674 20022 20070 W unknown:ViewManagerPropertyUpdater: Could not find generated setter for class com.horcrux.svg.RenderableViewManager$CircleViewManager
09-10 23:03:12.674 20022 20070 W unknown:ViewManagerPropertyUpdater: Could not find generated setter for class com.horcrux.svg.RenderableViewManager$EllipseViewManager
09-10 23:03:12.675 20022 20070 W unknown:ViewManagerPropertyUpdater: Could not find generated setter for class com.horcrux.svg.RenderableViewManager$LineViewManager
09-10 23:03:12.675 20022 20070 W unknown:ViewManagerPropertyUpdater: Could not find generated setter for class com.horcrux.svg.RenderableViewManager$RectViewManager
09-10 23:03:12.675 20022 20070 W unknown:ViewManagerPropertyUpdater: Could not find generated setter for class com.horcrux.svg.RenderableViewManager$TextViewManager
09-10 23:03:12.675 20022 20070 W unknown:ViewManagerPropertyUpdater: Could not find generated setter for class com.horcrux.svg.RenderableViewManager$TSpanViewManager
09-10 23:03:12.675 20022 20070 W unknown:ViewManagerPropertyUpdater: Could not find generated setter for class com.horcrux.svg.RenderableViewManager$TextPathViewManager
09-10 23:03:12.676 20022 20070 W unknown:ViewManagerPropertyUpdater: Could not find generated setter for class com.horcrux.svg.RenderableViewManager$ImageViewManager
09-10 23:03:12.676 20022 20070 W unknown:ViewManagerPropertyUpdater: Could not find generated setter for class com.horcrux.svg.RenderableViewManager$ClipPathViewManager
09-10 23:03:12.676 20022 20070 W unknown:ViewManagerPropertyUpdater: Could not find generated setter for class com.horcrux.svg.RenderableViewManager$DefsViewManager
09-10 23:03:12.677 20022 20070 W unknown:ViewManagerPropertyUpdater: Could not find generated setter for class com.horcrux.svg.RenderableViewManager$UseViewManager
09-10 23:03:12.677 20022 20070 W unknown:ViewManagerPropertyUpdater: Could not find generated setter for class com.horcrux.svg.RenderableViewManager$SymbolManager
09-10 23:03:12.677 20022 20070 W unknown:ViewManagerPropertyUpdater: Could not find generated setter for class com.horcrux.svg.RenderableViewManager$LinearGradientManager
09-10 23:03:12.677 20022 20070 W unknown:ViewManagerPropertyUpdater: Could not find generated setter for class com.horcrux.svg.RenderableViewManager$RadialGradientManager
09-10 23:03:12.678 20022 20070 W unknown:ViewManagerPropertyUpdater: Could not find generated setter for class com.horcrux.svg.RenderableViewManager$PatternManager
09-10 23:03:12.678 20022 20070 W unknown:ViewManagerPropertyUpdater: Could not find generated setter for class com.horcrux.svg.RenderableViewManager$MaskManager
09-10 23:03:12.678 20022 20070 W unknown:ViewManagerPropertyUpdater: Could not find generated setter for class com.horcrux.svg.RenderableViewManager$ForeignObjectManager
09-10 23:03:12.678 20022 20070 W unknown:ViewManagerPropertyUpdater: Could not find generated setter for class com.horcrux.svg.RenderableViewManager$MarkerManager
09-10 23:03:12.679 20022 20070 W unknown:ViewManagerPropertyUpdater: Could not find generated setter for class com.horcrux.svg.SvgViewManager
09-10 23:03:12.687 20022 20070 I pp.uprise.debug: hiddenapi: Accessing hidden field Ljava/lang/reflect/Field;->accessFlags:I (runtime_flags=0, domain=core-platform, api=unsupported) from Lcom/swmansion/reanimated/layoutReanimation/ReanimatedNativeHierarchyManager; (domain=app) using reflection: allowed
09-10 23:03:12.693 20022 20070 D nativeloader: Load /data/app/~~CeZdkwG3PAEXqIBLt0-Uww==/com.app.uprise.debug-UgtLKNEa3BGjDPth9vYu4w==/lib/x86_64/libreanimated.so using class loader ns clns-4 (caller=/data/app/~~CeZdkwG3PAEXqIBLt0-Uww==/com.app.uprise.debug-UgtLKNEa3BGjDPth9vYu4w==/base.apk!classes2.dex): ok
09-10 23:03:12.694 20022 20070 D SoLoader: About to load: libturbomodulejsijni.so
09-10 23:03:12.694 20022 20070 D SoLoader: libturbomodulejsijni.so not found on /data/data/com.app.uprise.debug/lib-main
09-10 23:03:12.694 20022 20070 D SoLoader: libturbomodulejsijni.so found on /data/app/~~CeZdkwG3PAEXqIBLt0-Uww==/com.app.uprise.debug-UgtLKNEa3BGjDPth9vYu4w==/lib/x86_64
09-10 23:03:12.694 20022 20070 D SoLoader: Not resolving dependencies for libturbomodulejsijni.so
09-10 23:03:12.695 20022 20070 D nativeloader: Load /data/app/~~CeZdkwG3PAEXqIBLt0-Uww==/com.app.uprise.debug-UgtLKNEa3BGjDPth9vYu4w==/lib/x86_64/libturbomodulejsijni.so using class loader ns clns-4 (caller=/data/app/~~CeZdkwG3PAEXqIBLt0-Uww==/com.app.uprise.debug-UgtLKNEa3BGjDPth9vYu4w==/base.apk): ok
09-10 23:03:12.695 20022 20070 D SoLoader: Loaded: libturbomodulejsijni.so
09-10 23:03:12.702 20022 20022 W unknown:ReactNative: Packager connection already open, nooping.
09-10 23:03:12.708 20022 20072 D SoLoader: About to load: libyoga.so
09-10 23:03:12.708 20022 20072 D SoLoader: libyoga.so not found on /data/data/com.app.uprise.debug/lib-main
09-10 23:03:12.709 20022 20072 D SoLoader: libyoga.so found on /data/app/~~CeZdkwG3PAEXqIBLt0-Uww==/com.app.uprise.debug-UgtLKNEa3BGjDPth9vYu4w==/lib/x86_64
09-10 23:03:12.709 20022 20072 D SoLoader: Not resolving dependencies for libyoga.so
09-10 23:03:12.709 20022 20072 D nativeloader: Load /data/app/~~CeZdkwG3PAEXqIBLt0-Uww==/com.app.uprise.debug-UgtLKNEa3BGjDPth9vYu4w==/lib/x86_64/libyoga.so using class loader ns clns-4 (caller=/data/app/~~CeZdkwG3PAEXqIBLt0-Uww==/com.app.uprise.debug-UgtLKNEa3BGjDPth9vYu4w==/base.apk): ok
09-10 23:03:12.709 20022 20072 D SoLoader: Loaded: libyoga.so
09-10 23:03:12.769   523   814 D ConnectivityService: requestNetwork for uid/pid:10182/20022 activeRequest: null callbackRequest: 309 [NetworkRequest [ REQUEST id=310, [ Capabilities: INTERNET&NOT_RESTRICTED&TRUSTED&NOT_VCN_MANAGED Uid: 10182 RequestorUid: 10182 RequestorPkg: com.app.uprise.debug UnderlyingNetworks: Null] ]] callback flags: 0 order: 2147483647 isUidTracked: false declaredMethods: AVAIL|LOSING|LOST|UNAVAIL|NC|LP
09-10 23:03:12.770   523   679 D ConnectivityService: NetReassign [310 : null → 100] [c 1] [a 0] [i 0]
09-10 23:03:12.770   523   673 D WifiNetworkFactory: got request NetworkRequest [ REQUEST id=310, [ Capabilities: INTERNET&NOT_RESTRICTED&TRUSTED&NOT_VCN_MANAGED Uid: 10182 RequestorUid: 10182 RequestorPkg: com.app.uprise.debug UnderlyingNetworks: Null] ]
09-10 23:03:12.770   523   673 D UntrustedWifiNetworkFactory: got request NetworkRequest [ REQUEST id=310, [ Capabilities: INTERNET&NOT_RESTRICTED&TRUSTED&NOT_VCN_MANAGED Uid: 10182 RequestorUid: 10182 RequestorPkg: com.app.uprise.debug UnderlyingNetworks: Null] ]
09-10 23:03:12.770   523   673 D OemPaidWifiNetworkFactory: got request NetworkRequest [ REQUEST id=310, [ Capabilities: INTERNET&NOT_RESTRICTED&TRUSTED&NOT_VCN_MANAGED Uid: 10182 RequestorUid: 10182 RequestorPkg: com.app.uprise.debug UnderlyingNetworks: Null] ]
09-10 23:03:12.770   523   673 D MultiInternetWifiNetworkFactory: got request NetworkRequest [ REQUEST id=310, [ Capabilities: INTERNET&NOT_RESTRICTED&TRUSTED&NOT_VCN_MANAGED Uid: 10182 RequestorUid: 10182 RequestorPkg: com.app.uprise.debug UnderlyingNetworks: Null] ]
09-10 23:03:12.774 20022 20072 I flipper : flipper: FlipperClient::addPlugin Fresco
09-10 23:03:12.935  1196 19920 I NearbyMediums: No BLE Fast/GATT advertisements found in the latest cycle.
09-10 23:03:12.979 20022 20071 D SoLoader: About to load: libreactnativeblob.so
09-10 23:03:12.979 20022 20071 D SoLoader: libreactnativeblob.so not found on /data/data/com.app.uprise.debug/lib-main
09-10 23:03:12.979 20022 20071 D SoLoader: libreactnativeblob.so found on /data/app/~~CeZdkwG3PAEXqIBLt0-Uww==/com.app.uprise.debug-UgtLKNEa3BGjDPth9vYu4w==/lib/x86_64
09-10 23:03:12.979 20022 20071 D SoLoader: Not resolving dependencies for libreactnativeblob.so
09-10 23:03:12.981 20022 20071 D nativeloader: Load /data/app/~~CeZdkwG3PAEXqIBLt0-Uww==/com.app.uprise.debug-UgtLKNEa3BGjDPth9vYu4w==/lib/x86_64/libreactnativeblob.so using class loader ns clns-4 (caller=/data/app/~~CeZdkwG3PAEXqIBLt0-Uww==/com.app.uprise.debug-UgtLKNEa3BGjDPth9vYu4w==/base.apk): ok
09-10 23:03:12.981 20022 20071 D SoLoader: Loaded: libreactnativeblob.so
09-10 23:03:12.994 20022 20072 I WebViewFactory: Loading com.google.android.webview version 139.0.7258.143 (code 725814338)
09-10 23:03:12.997 20022 20072 W pp.uprise.debug: Failed to find entry 'classes.dex': Entry not found
09-10 23:03:12.998 20022 20072 D nativeloader: Configuring clns-5 for other apk /data/app/~~SSEbxose8UCu0hEsIySZuA==/com.google.android.trichromelibrary_725814338-SNhaRDuRcfPuh-Ntuau95A==/base.apk. target_sdk_version=35, uses_libraries=ALL, library_path=/data/app/~~zlAGpwMcwoxzr7Jc-0IT8g==/com.google.android.webview-Rhhnz4yiXeIUZ1SRbOVBPg==/lib/x86_64:/data/app/~~zlAGpwMcwoxzr7Jc-0IT8g==/com.google.android.webview-Rhhnz4yiXeIUZ1SRbOVBPg==/base.apk!/lib/x86_64:/data/app/~~SSEbxose8UCu0hEsIySZuA==/com.google.android.trichromelibrary_725814338-SNhaRDuRcfPuh-Ntuau95A==/base.apk!/lib/x86_64, permitted_path=/data:/mnt/expand
09-10 23:03:13.002 20022 20072 D nativeloader: Configuring clns-6 for other apk /system_ext/framework/androidx.window.extensions.jar. target_sdk_version=35, uses_libraries=ALL, library_path=/data/app/~~zlAGpwMcwoxzr7Jc-0IT8g==/com.google.android.webview-Rhhnz4yiXeIUZ1SRbOVBPg==/lib/x86_64:/data/app/~~zlAGpwMcwoxzr7Jc-0IT8g==/com.google.android.webview-Rhhnz4yiXeIUZ1SRbOVBPg==/base.apk!/lib/x86_64:/data/app/~~SSEbxose8UCu0hEsIySZuA==/com.google.android.trichromelibrary_725814338-SNhaRDuRcfPuh-Ntuau95A==/base.apk!/lib/x86_64, permitted_path=/data:/mnt/expand
09-10 23:03:13.005 20022 20072 D nativeloader: Configuring clns-7 for other apk /data/app/~~zlAGpwMcwoxzr7Jc-0IT8g==/com.google.android.webview-Rhhnz4yiXeIUZ1SRbOVBPg==/base.apk. target_sdk_version=35, uses_libraries=, library_path=/data/app/~~zlAGpwMcwoxzr7Jc-0IT8g==/com.google.android.webview-Rhhnz4yiXeIUZ1SRbOVBPg==/lib/x86_64:/data/app/~~zlAGpwMcwoxzr7Jc-0IT8g==/com.google.android.webview-Rhhnz4yiXeIUZ1SRbOVBPg==/base.apk!/lib/x86_64:/data/app/~~SSEbxose8UCu0hEsIySZuA==/com.google.android.trichromelibrary_725814338-SNhaRDuRcfPuh-Ntuau95A==/base.apk!/lib/x86_64, permitted_path=/data:/mnt/expand
09-10 23:03:13.126 20022 20072 I cr_WVCFactoryProvider: version=139.0.7258.143 (725814338) minSdkVersion=29 multiprocess=true packageId=2 splits=<none>
09-10 23:03:13.130 20022 20072 D nativeloader: Load /data/app/~~SSEbxose8UCu0hEsIySZuA==/com.google.android.trichromelibrary_725814338-SNhaRDuRcfPuh-Ntuau95A==/base.apk!/lib/x86_64/libmonochrome_64.so using class loader ns clns-7 (caller=/data/app/~~zlAGpwMcwoxzr7Jc-0IT8g==/com.google.android.webview-Rhhnz4yiXeIUZ1SRbOVBPg==/base.apk): ok
09-10 23:03:13.133 20022 20072 D nativeloader: Load /system/lib64/libwebviewchromium_plat_support.so using class loader ns clns-7 (caller=/data/app/~~zlAGpwMcwoxzr7Jc-0IT8g==/com.google.android.webview-Rhhnz4yiXeIUZ1SRbOVBPg==/base.apk): ok
09-10 23:03:13.137 20022 20083 E chromium: [0910/230313.136779:ERROR:android_webview/browser/variations/variations_seed_loader.cc:39] Seed missing signature.
09-10 23:03:13.137 20022 20083 I chromium: [0910/230313.137507:INFO:android_webview/browser/variations/variations_seed_loader.cc:67] Failed to open file for reading.: No such file or directory (2)
09-10 23:03:13.144 20022 20071 W ReactNativeJS: `new NativeEventEmitter()` was called with a non-null argument without the required `addListener` method.
09-10 23:03:13.144 20022 20072 I cr_LibraryLoader: Successfully loaded native library
09-10 23:03:13.145 20022 20071 W ReactNativeJS: `new NativeEventEmitter()` was called with a non-null argument without the required `removeListeners` method.
09-10 23:03:13.145 20022 20072 I cr_CachingUmaRecorder: Flushed 13 samples from 13 histograms, 0 samples were dropped.
09-10 23:03:13.298 20022 20071 E pp.uprise.debug: Invalid ID 0x00000000.
09-10 23:03:13.298 20022 20071 D ReactNative: ReactConfig: Could not find BuildConfig class
09-10 23:03:13.302 20022 20071 W ReactNativeJS: Require cycle: node_modules\axios\lib\defaults.js -> node_modules\axios\lib\adapters\xhr.js -> node_modules\axios\lib\defaults.js
09-10 23:03:13.302 20022 20071 W ReactNativeJS: 
09-10 23:03:13.302 20022 20071 W ReactNativeJS: Require cycles are allowed, but can result in uninitialized values. Consider refactoring to remove the need for a cycle.
09-10 23:03:13.910 20022 20071 W ReactNativeJS: react-native-video version 5.x is deprecated and not maintained anymore.Please migrate to version 6.x. see https://docs.thewidlarzgroup.com/react-native-video/updating for more information. 
09-10 23:03:13.910 20022 20071 W ReactNativeJS: If you have trouble updating, you can reach out to us at https://www.thewidlarzgroup.com/#Contact
09-10 23:03:14.136   523   814 D CompatibilityChangeReporter: Compat change id reported: 149924527; UID 10182; state: ENABLED
09-10 23:03:14.136   523   814 D CompatibilityChangeReporter: Compat change id reported: 132649864; UID 10182; state: DISABLED
09-10 23:03:14.144 20022 20071 I ReactNativeJS: 'Firebase messaging disabled (no default app):', 'No Firebase App \'[DEFAULT]\' has been created - call firebase.initializeApp()'
09-10 23:03:14.166 20022 20071 I ReactNativeJS: Running "Uprise" with {"rootTag":1}
09-10 23:03:14.268 20022 20071 I ReactNativeJS: redux-persist: versions match, noop migration
09-10 23:03:14.401 20022 20093 D SoLoader: About to load: libimagepipeline.so
09-10 23:03:14.412 20022 20072 W unknown:ViewManagerPropertyUpdater: Could not find generated setter for class com.swmansion.rnscreens.ScreensShadowNode
09-10 23:03:14.413 20022 20093 D SoLoader: libimagepipeline.so not found on /data/data/com.app.uprise.debug/lib-main
09-10 23:03:14.413 20022 20093 D SoLoader: libimagepipeline.so found on /data/app/~~CeZdkwG3PAEXqIBLt0-Uww==/com.app.uprise.debug-UgtLKNEa3BGjDPth9vYu4w==/lib/x86_64
09-10 23:03:14.413 20022 20093 D SoLoader: Not resolving dependencies for libimagepipeline.so
09-10 23:03:14.415 20022 20093 D nativeloader: Load /data/app/~~CeZdkwG3PAEXqIBLt0-Uww==/com.app.uprise.debug-UgtLKNEa3BGjDPth9vYu4w==/lib/x86_64/libimagepipeline.so using class loader ns clns-4 (caller=/data/app/~~CeZdkwG3PAEXqIBLt0-Uww==/com.app.uprise.debug-UgtLKNEa3BGjDPth9vYu4w==/base.apk): ok
09-10 23:03:14.416 20022 20093 D SoLoader: Loaded: libimagepipeline.so
09-10 23:03:14.424   523   814 D CompatibilityChangeReporter: Compat change id reported: 197654537; UID 10182; state: ENABLED
09-10 23:03:14.659 20022 20022 D CompatibilityChangeReporter: Compat change id reported: 171228096; UID 10182; state: ENABLED
09-10 23:03:14.662 20022 20022 I pp.uprise.debug: hiddenapi: Accessing hidden field Landroid/widget/ScrollView;->mScroller:Landroid/widget/OverScroller; (runtime_flags=0, domain=platform, api=unsupported) from Lcom/facebook/react/views/scroll/ReactScrollView; (domain=app) using reflection: allowed
09-10 23:03:14.772 20022 20071 I ReactNativeJS: FCM disabled (no default Firebase app)
09-10 23:03:14.955   523  1647 D CoreBackPreview: Window{7cce1a3 u0 com.app.uprise.debug/com.app.uprise.MainActivity}: Setting back callback null
09-10 23:03:14.975   523  1647 W InputManager-JNI: Input channel object '7cce1a3 com.app.uprise.debug/com.app.uprise.MainActivity (client)' was disposed without first being removed with the input manager!
09-10 23:03:14.996   523   569 V WindowManager: Unknown focus tokens, dropping reportFocusChanged
09-10 23:03:15.029  1329  2010 W Auth.Api.SignIn: [Service,SignInChimeraService] **************************** WARNING ***************************
09-10 23:03:15.029  1329  2010 W Auth.Api.SignIn: You are using the deprecated legacy Google Sign-In APIs from
09-10 23:03:15.029  1329  2010 W Auth.Api.SignIn: play-services-auth SDK. Please migrate to the Credential Manager
09-10 23:03:15.029  1329  2010 W Auth.Api.SignIn: APIs, see https://goo.gle/gsi-migration.
09-10 23:03:15.029  1329  2010 W Auth.Api.SignIn: ****************************************************************
09-10 23:03:15.038  1235  1235 I GoogleInputMethodService: GoogleInputMethodService.onFinishInput():2054 
09-10 23:03:15.038  1235  1235 I Module  : DeviceLockedStatusModuleProvider$Module.updateDeviceLockedStatus():100 repeatCheckTimes = 0, locked = false
09-10 23:03:15.040  1235  1235 I GoogleInputMethodService: GoogleInputMethodService.onStartInput():1315 onStartInput(EditorInfo{EditorInfo{packageName=com.app.uprise.debug, inputType=0, inputTypeString=NULL, enableLearning=false, autoCorrection=false, autoComplete=false, imeOptions=0, privateImeOptions=null, actionName=UNSPECIFIED, actionLabel=null, initialSelStart=-1, initialSelEnd=-1, initialCapsMode=0, label=null, fieldId=-1, fieldName=null, extras=null, hintText=null, hintLocales=[]}}, false)
09-10 23:03:15.040  1235  1235 I Module  : DeviceLockedStatusModuleProvider$Module.updateDeviceLockedStatus():100 repeatCheckTimes = 1, locked = false
09-10 23:03:15.531  1329  1329 W ThreadPoolForeg: type=1400 audit(0.0:1376): avc: denied { write } for name="traced_producer" dev="tmpfs" ino=685 scontext=u:r:gmscore_app:s0:c512,c768 tcontext=u:object_r:traced_producer_socket:s0 tclass=sock_file permissive=0 app=com.google.android.gms
09-10 23:03:16.302 20022 20055 D EGL_emulation: app_time_stats: avg=198.91ms min=1.11ms max=6798.10ms count=42
09-10 23:03:20.530   336   336 E android.hardware.power.stats@1.0-service-mock: Failed to getEnergyData
09-10 23:03:22.937  1196 19920 I NearbyMediums: No BLE Fast/GATT advertisements found in the latest cycle.
09-10 23:03:23.903   859  1094 I bluetooth: packages/modules/Bluetooth/system/gd/hci/le_address_manager.cc:257 ack_pause: Client already in paused state
09-10 23:03:23.904   859  1094 I bluetooth: packages/modules/Bluetooth/system/gd/hci/le_address_manager.cc:257 ack_pause: Client already in paused state
09-10 23:03:23.904   859  1094 I bluetooth: packages/modules/Bluetooth/system/gd/hci/le_address_manager.cc:257 ack_pause: Client already in paused state
09-10 23:03:23.913   859  1094 I bluetooth: packages/modules/Bluetooth/system/gd/hci/le_address_manager.cc:576 OnCommandComplete: Received command complete with op_code LE_SET_RANDOM_ADDRESS
09-10 23:03:23.913   859  1094 I bluetooth: packages/modules/Bluetooth/system/gd/hci/le_address_manager.cc:595 OnCommandComplete: update random address : 4f:fc:b2:89:b0:f6
09-10 23:03:23.914   859  1094 I bluetooth: packages/modules/Bluetooth/system/gd/hci/le_address_manager.cc:286 resume_registered_clients: Resuming registered clients
