--------- beginning of main
09-10 22:56:11.343  1196  1196 W ThreadPoolForeg: type=1400 audit(0.0:1338): avc: denied { write } for name="traced_producer" dev="tmpfs" ino=685 scontext=u:r:gmscore_app:s0:c512,c768 tcontext=u:object_r:traced_producer_socket:s0 tclass=sock_file permissive=0 app=com.google.android.gms
09-10 22:56:12.853  1196 19325 I NearbyMediums: No BLE Fast/GATT advertisements found in the latest cycle.
09-10 22:56:15.303  1329  1329 W ThreadPoolForeg: type=1400 audit(0.0:1339): avc: denied { write } for name="traced_producer" dev="tmpfs" ino=685 scontext=u:r:gmscore_app:s0:c512,c768 tcontext=u:object_r:traced_producer_socket:s0 tclass=sock_file permissive=0 app=com.google.android.gms
--------- beginning of system
09-10 22:56:16.005   523   600 W PackageManager: Not removing package com.google.android.trichromelibrary hosting lib com.google.android.trichromelibrary version 725812338 used by [VersionedPackage[com.android.chrome/725812338]] for user 0
09-10 22:56:16.005   523   600 W PackageManager: Not removing package com.google.android.trichromelibrary hosting lib com.google.android.trichromelibrary version 725814338 used by [VersionedPackage[com.google.android.webview/725814338]] for user 0
09-10 22:56:17.408 17897 18039 I Finsky  : [102] AIM: AppInfoManager-Perf > Destroying AppInfoManager ...
09-10 22:56:22.855  1196 19325 I NearbyMediums: No BLE Fast/GATT advertisements found in the latest cycle.
09-10 22:56:32.856  1196 19325 I NearbyMediums: No BLE Fast/GATT advertisements found in the latest cycle.
09-10 22:56:33.867   743   751 I ndroid.systemui: Background concurrent mark compact GC freed 14MB AllocSpace bytes, 0(0B) LOS objects, 49% free, 15MB/29MB, paused 784us,3.264ms total 147.885ms
09-10 22:56:34.889   743   743 I ClipboardListener: Clipboard overlay suppressed.
09-10 22:56:34.889  1310  1465 I AiAiTranslate: C2T - not in a conversation
09-10 22:56:34.891  1310  1642 I AiAiTextClassifier: Initialize textClassifierLib, privileged changed = [true], TC null = [false]
09-10 22:56:34.897  1310  1625 I AiAiTextClassifier: Initialize textClassifierLib, privileged changed = [true], TC null = [false]
09-10 22:56:34.907  1310  1642 I AiAiTextClassifier: GenerateLinks did not find valid links, returning empty result
09-10 22:56:34.923  1310  1625 I AiAiTextClassifier: GenerateLinks did not find valid links, returning empty result
09-10 22:56:41.347  1196  1196 W ThreadPoolForeg: type=1400 audit(0.0:1340): avc: denied { write } for name="traced_producer" dev="tmpfs" ino=685 scontext=u:r:gmscore_app:s0:c512,c768 tcontext=u:object_r:traced_producer_socket:s0 tclass=sock_file permissive=0 app=com.google.android.gms
09-10 22:56:42.859  1196 19325 I NearbyMediums: No BLE Fast/GATT advertisements found in the latest cycle.
09-10 22:56:45.307  1329  1329 W ThreadPoolForeg: type=1400 audit(0.0:1341): avc: denied { write } for name="traced_producer" dev="tmpfs" ino=685 scontext=u:r:gmscore_app:s0:c512,c768 tcontext=u:object_r:traced_producer_socket:s0 tclass=sock_file permissive=0 app=com.google.android.gms
09-10 22:56:52.864  1196 19325 I NearbyMediums: No BLE Fast/GATT advertisements found in the latest cycle.
09-10 22:57:00.045  1310  1424 I AiAiEcho: Predicting[0]: 
09-10 22:57:00.045  1310  1424 I AiAiEcho: Ranked targets strategy: SORT, count: 0, ranking metadata: 
09-10 22:57:00.046  1310  1424 I AiAiEcho: #postPredictionTargets: Sending updates to UISurface lockscreen with targets# 0
09-10 22:57:00.047  1310  1424 I AiAiEcho: #postPredictionTargets: Sending updates to UISurface home with targets# 0
09-10 22:57:00.047  1310  1424 I AiAiEcho: #postPredictionTargets: Sending updates to UISurface media_data_manager with targets# 0
09-10 22:57:00.051   743   802 D EGL_emulation: app_time_stats: avg=60013.00ms min=60013.00ms max=60013.00ms count=1
09-10 22:57:00.052   743   743 D SsMediaDataProvider: Forwarding Smartspace updates []
09-10 22:57:02.865  1196 19325 I NearbyMediums: No BLE Fast/GATT advertisements found in the latest cycle.
09-10 22:57:11.355  1196  1196 W ThreadPoolForeg: type=1400 audit(0.0:1342): avc: denied { write } for name="traced_producer" dev="tmpfs" ino=685 scontext=u:r:gmscore_app:s0:c512,c768 tcontext=u:object_r:traced_producer_socket:s0 tclass=sock_file permissive=0 app=com.google.android.gms
09-10 22:57:12.021   743   802 D EGL_emulation: app_time_stats: avg=11969.81ms min=11969.81ms max=11969.81ms count=1
09-10 22:57:12.866  1196 19325 I NearbyMediums: No BLE Fast/GATT advertisements found in the latest cycle.
09-10 22:57:15.339  1329  1329 W ThreadPoolForeg: type=1400 audit(0.0:1343): avc: denied { write } for name="traced_producer" dev="tmpfs" ino=685 scontext=u:r:gmscore_app:s0:c512,c768 tcontext=u:object_r:traced_producer_socket:s0 tclass=sock_file permissive=0 app=com.google.android.gms
09-10 22:57:18.099   523   576 I UsageStatsService: User[0] Flushing usage stats to disk
09-10 22:57:20.528   336   336 E android.hardware.power.stats@1.0-service-mock: Failed to getEnergyData
09-10 22:57:21.100   523  2274 D WifiNl80211Manager: Scan result ready event
09-10 22:57:21.100   523  2274 D WifiNative: Scan result ready event
09-10 22:57:21.103  1196  2755 I WifiScanner: onFullResults
09-10 22:57:21.109   523   673 I HalDevMgr: bestIfaceCreationProposal is null, requestIface=STA, existingIface=[name=wlan0 type=STA]
09-10 22:57:22.868  1196 19325 I NearbyMediums: No BLE Fast/GATT advertisements found in the latest cycle.
09-10 22:57:32.869  1196 19325 I NearbyMediums: No BLE Fast/GATT advertisements found in the latest cycle.
09-10 22:57:33.549   523   560 W AppOps  : Noting op not finished: uid 10120 pkg com.google.android.gms code 113 startTime of in progress event=1757546241896
09-10 22:57:33.555   523   560 W AppOps  : Noting op not finished: uid 10120 pkg com.google.android.gms code 113 startTime of in progress event=1757546241896
09-10 22:57:33.558   523   560 W AppOps  : Noting op not finished: uid 10120 pkg com.google.android.gms code 113 startTime of in progress event=1757546241896
09-10 22:57:33.560   523   560 W AppOps  : Noting op not finished: uid 10120 pkg com.google.android.gms code 79 startTime of in progress event=1757546292710
09-10 22:57:33.562   523  2278 W AppOps  : Noting op not finished: uid 10120 pkg com.google.android.gms code 113 startTime of in progress event=1757546264858
09-10 22:57:33.568  1196  1436 I ActivityScheduler: nextTriggerTime: 17067948, in 238100ms, detectorType: 39, FULL_TYPE alarmWindowMillis: 80000
09-10 22:57:33.577  1196  1196 D BoundBrokerSvc: onRebind: Intent { act=com.google.android.gms.auth.aang.events.services.START dat=chimera-action:/... cmp=com.google.android.gms/.chimera.PersistentApiService }
09-10 22:57:34.339   743   799 D ControlsListingControllerImpl: Subscribing callback, service count: 0
09-10 22:57:34.353   743   799 D ControlsListingControllerImpl: Unsubscribing callback
09-10 22:57:34.577  1196  1196 D BoundBrokerSvc: onRebind: Intent { act=com.google.android.gms.libs.gmscorelogger.service.START dat=chimera-action:/... cmp=com.google.android.gms/.chimera.PersistentDirectBootAwareApiService }
09-10 22:57:41.387  1196  1196 W ThreadPoolForeg: type=1400 audit(0.0:1344): avc: denied { write } for name="traced_producer" dev="tmpfs" ino=685 scontext=u:r:gmscore_app:s0:c512,c768 tcontext=u:object_r:traced_producer_socket:s0 tclass=sock_file permissive=0 app=com.google.android.gms
09-10 22:57:42.871  1196 19325 I NearbyMediums: No BLE Fast/GATT advertisements found in the latest cycle.
09-10 22:57:45.343  1329  1329 W ThreadPoolForeg: type=1400 audit(0.0:1345): avc: denied { write } for name="traced_producer" dev="tmpfs" ino=685 scontext=u:r:gmscore_app:s0:c512,c768 tcontext=u:object_r:traced_producer_socket:s0 tclass=sock_file permissive=0 app=com.google.android.gms
09-10 22:57:46.780   822  1017 W AlarmManager: Unrecognized alarm listener com.android.networkstack.android.net.ip.IpClientLinkObserver$Dhcp6PdPreferredPrefixAlarmListener@661b4a
09-10 22:57:48.646  1196  1196 D BoundBrokerSvc: onUnbind: Intent { act=com.google.android.gms.auth.aang.events.services.START dat=chimera-action:/... cmp=com.google.android.gms/.chimera.PersistentApiService }
09-10 22:57:48.821 19568 19593 E unknown:InspectorPackagerConnection: Error occurred, shutting down websocket connection: Websocket exception
09-10 22:57:48.821 19568 19593 E unknown:InspectorPackagerConnection: java.io.EOFException
09-10 22:57:48.821 19568 19593 E unknown:InspectorPackagerConnection: 	at okio.RealBufferedSource.require(RealBufferedSource.kt:199)
09-10 22:57:48.821 19568 19593 E unknown:InspectorPackagerConnection: 	at okio.RealBufferedSource.readByte(RealBufferedSource.kt:209)
09-10 22:57:48.821 19568 19593 E unknown:InspectorPackagerConnection: 	at okhttp3.internal.ws.WebSocketReader.readHeader(WebSocketReader.kt:119)
09-10 22:57:48.821 19568 19593 E unknown:InspectorPackagerConnection: 	at okhttp3.internal.ws.WebSocketReader.processNextFrame(WebSocketReader.kt:102)
09-10 22:57:48.821 19568 19593 E unknown:InspectorPackagerConnection: 	at okhttp3.internal.ws.RealWebSocket.loopReader(RealWebSocket.kt:293)
09-10 22:57:48.821 19568 19593 E unknown:InspectorPackagerConnection: 	at okhttp3.internal.ws.RealWebSocket$connect$1.onResponse(RealWebSocket.kt:195)
09-10 22:57:48.821 19568 19593 E unknown:InspectorPackagerConnection: 	at okhttp3.internal.connection.RealCall$AsyncCall.run(RealCall.kt:519)
09-10 22:57:48.821 19568 19593 E unknown:InspectorPackagerConnection: 	at java.util.concurrent.ThreadPoolExecutor.runWorker(ThreadPoolExecutor.java:1156)
09-10 22:57:48.821 19568 19593 E unknown:InspectorPackagerConnection: 	at java.util.concurrent.ThreadPoolExecutor$Worker.run(ThreadPoolExecutor.java:651)
09-10 22:57:48.821 19568 19593 E unknown:InspectorPackagerConnection: 	at java.lang.Thread.run(Thread.java:1119)
09-10 22:57:48.821 19568 19593 W unknown:InspectorPackagerConnection: Couldn't connect to packager, will silently retry
09-10 22:57:48.822 19568 19594 E unknown:ReconnectingWebSocket: Error occurred, shutting down websocket connection: Websocket exception
09-10 22:57:48.822 19568 19594 E unknown:ReconnectingWebSocket: java.io.EOFException
09-10 22:57:48.822 19568 19594 E unknown:ReconnectingWebSocket: 	at okio.RealBufferedSource.require(RealBufferedSource.kt:199)
09-10 22:57:48.822 19568 19594 E unknown:ReconnectingWebSocket: 	at okio.RealBufferedSource.readByte(RealBufferedSource.kt:209)
09-10 22:57:48.822 19568 19594 E unknown:ReconnectingWebSocket: 	at okhttp3.internal.ws.WebSocketReader.readHeader(WebSocketReader.kt:119)
09-10 22:57:48.822 19568 19594 E unknown:ReconnectingWebSocket: 	at okhttp3.internal.ws.WebSocketReader.processNextFrame(WebSocketReader.kt:102)
09-10 22:57:48.822 19568 19594 E unknown:ReconnectingWebSocket: 	at okhttp3.internal.ws.RealWebSocket.loopReader(RealWebSocket.kt:293)
09-10 22:57:48.822 19568 19594 E unknown:ReconnectingWebSocket: 	at okhttp3.internal.ws.RealWebSocket$connect$1.onResponse(RealWebSocket.kt:195)
09-10 22:57:48.822 19568 19594 E unknown:ReconnectingWebSocket: 	at okhttp3.internal.connection.RealCall$AsyncCall.run(RealCall.kt:519)
09-10 22:57:48.822 19568 19594 E unknown:ReconnectingWebSocket: 	at java.util.concurrent.ThreadPoolExecutor.runWorker(ThreadPoolExecutor.java:1156)
09-10 22:57:48.822 19568 19594 E unknown:ReconnectingWebSocket: 	at java.util.concurrent.ThreadPoolExecutor$Worker.run(ThreadPoolExecutor.java:651)
09-10 22:57:48.822 19568 19594 E unknown:ReconnectingWebSocket: 	at java.lang.Thread.run(Thread.java:1119)
09-10 22:57:48.822 19568 19594 W unknown:ReconnectingWebSocket: Couldn't connect to "ws://localhost:8081/message?device=sdk_gphone64_x86_64%20-%2013%20-%20API%2033&app=com.app.uprise.debug&clientid=BridgeDevSupportManager", will silently retry
09-10 22:57:48.930 19568 19644 W ReactNativeJS: Cannot connect to Metro.
09-10 22:57:48.930 19568 19644 W ReactNativeJS: 
09-10 22:57:48.930 19568 19644 W ReactNativeJS: Try the following to fix the issue:
09-10 22:57:48.930 19568 19644 W ReactNativeJS: - Ensure that Metro is running and available on the same network
09-10 22:57:48.930 19568 19644 W ReactNativeJS: - Ensure that your device/emulator is connected to your machine and has USB debugging enabled - run 'adb devices' to see a list of connected devices
09-10 22:57:48.930 19568 19644 W ReactNativeJS: - If you're on a physical device connected to the same machine, run 'adb reverse tcp:8081 tcp:8081' to forward requests from your device
09-10 22:57:48.930 19568 19644 W ReactNativeJS: - If your device is on the same Wi-Fi network, set 'Debug server host & port for device' in 'Dev settings' to your machine's IP address and the port of the local dev server - e.g. 10.0.1.1:8081
09-10 22:57:48.930 19568 19644 W ReactNativeJS: 
09-10 22:57:48.930 19568 19644 W ReactNativeJS: URL: localhost:8081
09-10 22:57:48.930 19568 19644 W ReactNativeJS: 
09-10 22:57:48.930 19568 19644 W ReactNativeJS: Error: null
09-10 22:57:49.000 19568 19606 D EGL_emulation: app_time_stats: avg=152073.27ms min=152073.27ms max=152073.27ms count=1
09-10 22:57:49.583  1196  1196 D BoundBrokerSvc: onUnbind: Intent { act=com.google.android.gms.libs.gmscorelogger.service.START dat=chimera-action:/... cmp=com.google.android.gms/.chimera.PersistentDirectBootAwareApiService }
09-10 22:57:52.022   743   802 D EGL_emulation: app_time_stats: avg=40000.77ms min=40000.77ms max=40000.77ms count=1
09-10 22:57:52.873  1196 19325 I NearbyMediums: No BLE Fast/GATT advertisements found in the latest cycle.
09-10 22:58:00.021  1310  1424 I AiAiEcho: Predicting[0]: 
09-10 22:58:00.021  1310  1424 I AiAiEcho: Ranked targets strategy: SORT, count: 0, ranking metadata: 
09-10 22:58:00.021  1310  1424 I AiAiEcho: #postPredictionTargets: Sending updates to UISurface lockscreen with targets# 0
09-10 22:58:00.021  1310  1424 I AiAiEcho: #postPredictionTargets: Sending updates to UISurface home with targets# 0
09-10 22:58:00.021  1310  1424 I AiAiEcho: #postPredictionTargets: Sending updates to UISurface media_data_manager with targets# 0
09-10 22:58:00.037   743   743 D SsMediaDataProvider: Forwarding Smartspace updates []
09-10 22:58:00.038   743   802 D EGL_emulation: app_time_stats: avg=8015.66ms min=8015.66ms max=8015.66ms count=1
09-10 22:58:00.540  4049  4049 I abb     : StartCommandInProcess(73657474696e67730067657400676c6f settings.get.glo [truncated])
09-10 22:58:00.539   523   523 W binder:523_20: type=1400 audit(0.0:1346): avc: denied { getopt } for scontext=u:r:system_server:s0 tcontext=u:r:shell:s0 tclass=unix_stream_socket permissive=0
09-10 22:58:00.543   523   523 W binder:523_20: type=1400 audit(0.0:1347): avc: denied { getopt } for scontext=u:r:system_server:s0 tcontext=u:r:shell:s0 tclass=unix_stream_socket permissive=0
09-10 22:58:00.550  4049  4049 I abb     : StartCommandInProcess(7061636b61676500696e7374616c6c00 package.install. [truncated])
09-10 22:58:00.543   523   523 W binder:523_20: type=1400 audit(0.0:1348): avc: denied { getopt } for scontext=u:r:system_server:s0 tcontext=u:r:shell:s0 tclass=unix_stream_socket permissive=0
09-10 22:58:01.059   523   523 W binder:523_20: type=1400 audit(0.0:1349): avc: denied { getopt } for scontext=u:r:system_server:s0 tcontext=u:r:shell:s0 tclass=unix_stream_socket permissive=0
09-10 22:58:01.493   523   600 I PackageManager: Integrity check passed for file:///data/app/vmdl2131882848.tmp
09-10 22:58:01.568   523   577 I ActivityManager: Force stopping com.app.uprise.debug appid=10182 user=-1: installPackageLI
09-10 22:58:01.570   523   577 I ActivityManager: Killing 19568:com.app.uprise.debug/u0a182 (adj 0): stop com.app.uprise.debug due to installPackageLI
09-10 22:58:01.571   523   600 I PackageManager: Update package com.app.uprise.debug code path from /data/app/~~BKoYiozLzfImABo_tSRMuw==/com.app.uprise.debug-CJjkOUfuqHu4gm2MKvQQYw== to /data/app/~~CeZdkwG3PAEXqIBLt0-Uww==/com.app.uprise.debug-UgtLKNEa3BGjDPth9vYu4w==; Retain data and using new
09-10 22:58:01.577   523   600 I AppsFilter: interaction: PackageSetting{86c6c40 com.app.uprise.dev/10179} -> PackageSetting{8b60cdc com.app.uprise.debug/10182} BLOCKED
09-10 22:58:01.577   523   600 I AppsFilter: interaction: PackageSetting{1f2fcbe com.app.uprise/10177} -> PackageSetting{8b60cdc com.app.uprise.debug/10182} BLOCKED
09-10 22:58:01.577   523   600 I AppsFilter: interaction: PackageSetting{86c6c40 com.app.uprise.dev/10179} -> PackageSetting{66bb11f com.app.uprise.debug/10182} BLOCKED
09-10 22:58:01.578   523   600 I AppsFilter: interaction: PackageSetting{1f2fcbe com.app.uprise/10177} -> PackageSetting{66bb11f com.app.uprise.debug/10182} BLOCKED
09-10 22:58:01.578   523   577 W ActivityTaskManager: Force removing ActivityRecord{dbeca8c u0 com.app.uprise.debug/com.app.uprise.MainActivity} t43 f}}: app died, no saved state
09-10 22:58:01.596   523   579 I libprocessgroup: Successfully killed process cgroup uid 10182 pid 19568 in 0ms
09-10 22:58:01.600   523   577 W InputManager-JNI: Input channel object '54ade87 com.app.uprise.debug/com.app.uprise.MainActivity (client)' was disposed without first being removed with the input manager!
09-10 22:58:01.611  1329  1329 D BoundBrokerSvc: onUnbind: Intent { act=com.google.android.gms.auth.api.signin.service.START pkg=com.google.android.gms }
09-10 22:58:01.677   428   428 I adbd    : Remote process closed the socket (on MSG_PEEK)
09-10 22:58:01.677   305   305 I Zygote  : Process 19568 exited due to signal 9 (Killed)
09-10 22:58:01.684   523   679 D ConnectivityService: releasing NetworkRequest [ REQUEST id=308, [ Capabilities: INTERNET&NOT_RESTRICTED&TRUSTED&NOT_VCN_MANAGED Uid: 10182 RequestorUid: 10182 RequestorPkg: com.app.uprise.debug UnderlyingNetworks: Null] ] (release request)
09-10 22:58:01.688   356   356 E BpTransactionCompletedListener: Failed to transact (-32)
09-10 22:58:01.714   743   751 I ndroid.systemui: Background concurrent mark compact GC freed 14MB AllocSpace bytes, 0(0B) LOS objects, 49% free, 13MB/27MB, paused 19.391ms,3.671ms total 79.707ms
09-10 22:58:01.741   523   569 V WindowManager: Unknown focus tokens, dropping reportFocusChanged
09-10 22:58:01.790   523   600 I AppsFilter: interaction: PackageSetting{86c6c40 com.app.uprise.dev/10179} -> PackageSetting{66bb11f com.app.uprise.debug/10182} BLOCKED
09-10 22:58:01.790   523   600 I AppsFilter: interaction: PackageSetting{1f2fcbe com.app.uprise/10177} -> PackageSetting{66bb11f com.app.uprise.debug/10182} BLOCKED
09-10 22:58:01.809   523  1645 V ActivityManager: Got obituary of 19568:com.app.uprise.debug
09-10 22:58:01.809   523   569 W ActivityManager: setHasOverlayUi called on unknown pid: 19568
09-10 22:58:01.833  1675  1814 E OpenGLRenderer: Unable to match the desired swap behavior.
09-10 22:58:01.848   523   600 I ActivityManager: Force stopping com.app.uprise.debug appid=10182 user=0: pkg removed
09-10 22:58:01.909   523   600 D CompatibilityChangeReporter: Compat change id reported: 168419799; UID 10182; state: DISABLED
09-10 22:58:01.909   523   600 D CompatibilityChangeReporter: Compat change id reported: 273564678; UID 10182; state: DISABLED
09-10 22:58:01.953   523   567 W Looper  : Slow dispatch took 112ms android.ui h=com.android.server.am.ActivityManagerService$UiHandler c=com.android.server.am.UidObserverController$$ExternalSyntheticLambda0@e979504 m=0
09-10 22:58:01.963  1675  1675 I bmrp    : onStart
09-10 22:58:01.971 18163 18163 I Finsky:background: [2] afbo - Received: android.intent.action.PACKAGE_REMOVED, [PK-hf0cH-QgCbmPGvWe3oY8EN6h0h9xowloSjHiiBVE]
09-10 22:58:01.996  1275  1275 I MediaProvider: Invalidating LocalCallingIdentity cache for package com.app.uprise.debug. Reason: package android.intent.action.PACKAGE_REMOVED
09-10 22:58:02.008  1275  1275 W MediaProvider: WorkProfileOwnerApps cache is empty
09-10 22:58:02.030   859   859 V MediaPlayerList: mPackageChangedBroadcastReceiver: action: android.intent.action.PACKAGE_REMOVED
09-10 22:58:02.038 17897 17897 I Finsky  : [2] afca - Received: android.intent.action.PACKAGE_REMOVED, [PK-hf0cH-QgCbmPGvWe3oY8EN6h0h9xowloSjHiiBVE]
09-10 22:58:02.044  1275  1275 D PickerSyncLockManager: Trying to acquire lock com.android.providers.media.photopicker.sync.CloseableReentrantLock@9ecece1[Unlocked]. Lock Name = CLOUD_PROVIDER_LOCK. Threads that may be waiting to acquire this lock = []
09-10 22:58:02.044  1275  1275 D CloseableReentrantLock: Successfully acquired lock com.android.providers.media.photopicker.sync.CloseableReentrantLock@9ecece1[Locked by thread main]. Lock Name = CLOUD_PROVIDER_LOCK. Threads that may be waiting to acquire this lock = []
09-10 22:58:02.045  1275  1275 D CloseableReentrantLock: Successfully released lock com.android.providers.media.photopicker.sync.CloseableReentrantLock@9ecece1[Unlocked]. Lock Name = CLOUD_PROVIDER_LOCK. Threads that may be waiting to acquire this lock = []
09-10 22:58:02.124  1675  1675 I bkjf    : (REDACTED) [%s] onStart()
09-10 22:58:02.130  1675  1675 I bklj    : Reloading theme data
09-10 22:58:02.220   962  1539 E OpenGLRenderer: Unable to match the desired swap behavior.
09-10 22:58:02.233   523   722 I SdkSandboxManager: No SDKs used. Skipping SDK data reconcilation for CallingInfo{mUid=10182, mPackageName='com.app.uprise.debug, mAppProcessToken='null'}
09-10 22:58:02.281 18163 19859 I Finsky:background: [135] Wrote row to frosting DB: 3648
09-10 22:58:02.319   859   859 V MediaPlayerList: mPackageChangedBroadcastReceiver: action: android.intent.action.PACKAGE_ADDED
09-10 22:58:02.319   859   859 D MediaPlayerList: Name of package changed: com.app.uprise.debug
09-10 22:58:02.321   523   567 W Looper  : Slow dispatch took 367ms android.ui h=com.android.server.am.ActivityManagerService$UiHandler c=com.android.server.am.UidObserverController$$ExternalSyntheticLambda0@e979504 m=0
09-10 22:58:02.334  1675  1675 I bmrp    : onResume
09-10 22:58:02.338 17897 19862 I Finsky  : [186] SCH: Received scheduling request: Id: 12-1, Constraints: [{ L: 15000, D: 86400000, C: CHARGING_NONE, I: IDLE_NONE, N: NET_ANY, B: BATTERY_ANY }]
09-10 22:58:02.369   743   743 D ControlsListingControllerImpl: ServiceConfig reloaded, count: 0
09-10 22:58:02.398   743   743 D ControlsListingControllerImpl: ServiceConfig reloaded, count: 0
09-10 22:58:02.418 18163 18163 I Finsky:background: [2] IQ: onPackageRemoved com.app.uprise.debug, replacing=true, uninstallingFromPlay=false
09-10 22:58:02.421 17897 17897 I Finsky  : [2] AIM: AppInfoCacheUpdater -> invalidating apps: [com.app.uprise.debug]
09-10 22:58:02.421 17897 17897 I Finsky  : [2] AIM: AppInfoManager-Perf > getApps > called for 1 apps
09-10 22:58:02.445 17897 18030 I Finsky  : [93] AIM: AppInfoManager-Perf > OnDeviceAppInfo > cacheHitCount=0, cacheMissCount=1. Missed  in cache (limit 10) : [com.app.uprise.debug]
09-10 22:58:02.453 17897 18036 I Finsky  : [99] AIM: Got app ownership map. App counts: . Unique apps: 0
09-10 22:58:02.453 17897 18036 E Finsky  : [99] [Counters] attempted to use a non-positive increment for: 4752
09-10 22:58:02.512 17897 17897 I Finsky  : [2] afca - Received: android.intent.action.PACKAGE_ADDED, [PK-hf0cH-QgCbmPGvWe3oY8EN6h0h9xowloSjHiiBVE]
09-10 22:58:02.513   523   722 I SdkSandboxManager: No SDKs used. Skipping SDK data reconcilation for CallingInfo{mUid=10182, mPackageName='com.app.uprise.debug, mAppProcessToken='null'}
09-10 22:58:02.518   523   577 W BroadcastQueue: Background execution not allowed: receiving Intent { act=android.intent.action.PACKAGE_REMOVED dat=package: flg=0x4000010 (has extras) } to com.android.vending/com.google.android.finsky.packagemonitor.impl.PackageMonitorReceiverImpl$RegisteredReceiver
09-10 22:58:02.520   523   577 W BroadcastQueue: Background execution not allowed: receiving Intent { act=android.intent.action.PACKAGE_REMOVED dat=package: flg=0x4000010 (has extras) } to com.android.vending/com.google.android.finsky.packagemonitor.backgroundimpl.BackgroundPackageMonitorReceiverImpl$RegisteredReceiver
09-10 22:58:02.520   523   577 W BroadcastQueue: Background execution not allowed: receiving Intent { act=android.intent.action.PACKAGE_REMOVED dat=package: flg=0x4000010 (has extras) } to com.android.vending/com.google.android.finsky.instantapps.appmanagement.InstantAppRemoveMonitor
09-10 22:58:02.525   523   600 D PackageInstallerSession: Marking session 2131882848 as applied
09-10 22:58:02.525   451   459 E installd: Couldn't opendir /data/app/vmdl2131882848.tmp: No such file or directory
09-10 22:58:02.525   451   459 E installd: Failed to delete /data/app/vmdl2131882848.tmp: No such file or directory
09-10 22:58:02.525   523   577 W BroadcastQueue: Background execution not allowed: receiving Intent { act=android.intent.action.PACKAGE_REMOVED dat=package: flg=0x4000010 (has extras) } to com.google.android.gms/.chimera.GmsIntentOperationService$PersistentTrustedReceiver
09-10 22:58:02.528   523   523 W Looper  : Slow dispatch took 675ms main h=android.app.ActivityThread$H c=null m=114
09-10 22:58:02.528   523   577 W BroadcastQueue: Background execution not allowed: receiving Intent { act=android.intent.action.PACKAGE_REMOVED dat=package: flg=0x4000010 (has extras) } to com.google.android.gms/.games.chimera.GamesSystemBroadcastReceiverProxy
09-10 22:58:02.528   523   577 W BroadcastQueue: Background execution not allowed: receiving Intent { act=android.intent.action.PACKAGE_ADDED dat=package: flg=0x4000010 (has extras) } to com.google.android.packageinstaller/com.android.packageinstaller.PackageInstalledReceiver
09-10 22:58:02.529   523   577 W BroadcastQueue: Background execution not allowed: receiving Intent { act=android.intent.action.PACKAGE_ADDED dat=package: flg=0x4000010 (has extras) } to com.android.vending/com.google.android.finsky.packagemonitor.impl.PackageMonitorReceiverImpl$RegisteredReceiver
09-10 22:58:02.529   523   577 W BroadcastQueue: Background execution not allowed: receiving Intent { act=android.intent.action.PACKAGE_ADDED dat=package: flg=0x4000010 (has extras) } to com.android.vending/com.google.android.finsky.packagemonitor.backgroundimpl.BackgroundPackageMonitorReceiverImpl$RegisteredReceiver
09-10 22:58:02.529   523   577 W BroadcastQueue: Background execution not allowed: receiving Intent { act=android.intent.action.PACKAGE_ADDED dat=package: flg=0x4000010 (has extras) } to com.google.android.gms/.chimera.GmsIntentOperationService$PersistentTrustedReceiver
09-10 22:58:02.529   523   577 W BroadcastQueue: Background execution not allowed: receiving Intent { act=android.intent.action.PACKAGE_ADDED dat=package: flg=0x4000010 (has extras) } to com.google.android.gms/.games.chimera.GamesSystemBroadcastReceiverProxy
09-10 22:58:02.529   523   577 W BroadcastQueue: Background execution not allowed: receiving Intent { act=android.intent.action.PACKAGE_ADDED dat=package: flg=0x4000010 (has extras) } to com.google.android.gms/.gass.chimera.PackageChangeBroadcastReceiver
09-10 22:58:02.534   523   523 W Looper  : Slow delivery took 692ms main h=android.app.ActivityThread$H c=null m=121
09-10 22:58:02.577   523   523 I Telecom : CarModeTracker: Package com.app.uprise.debug is not tracked.: SSH.oR@Aa0
09-10 22:58:02.578   523   523 I Telecom : InCallController: updateCarModeForConnections: car mode apps: : SSH.oR@Aa0
09-10 22:58:02.600 17897 18036 E Finsky  : [99] [Counters] attempted to use a non-positive increment for: 4753
09-10 22:58:02.603   962  1006 D QuickstepModelDelegate: notifyAppTargetEvent action=1 launchLocation=workspace/0/[-1,-1]/[1,1]
09-10 22:58:02.605   523   523 D AppSearchAppsIndexerManagerS: userid in package receiver: 10182
09-10 22:58:02.607   523   523 W pool-32-thread-: type=1400 audit(0.0:1350): avc: denied { read } for name="u:object_r:build_bootimage_prop:s0" dev="tmpfs" ino=85 scontext=u:r:system_server:s0 tcontext=u:object_r:build_bootimage_prop:s0 tclass=file permissive=0
09-10 22:58:02.615   523  1423 W libc    : Access denied finding property "ro.bootimage.build.fingerprint"
09-10 22:58:02.628 17897 18036 I Finsky  : [99] AIM: AppInfoManager-Perf > ItemModel > CacheSize=32, cacheHitCount=0, cacheMissCount=0, total appsWithNoServerDataCount=0. Missed  in cache (limit 10) : []
09-10 22:58:02.657 17897 19862 I Finsky  : [186] SCH: Received scheduling request: Id: 12-1, Constraints: [{ L: 15000, D: 86400000, C: CHARGING_NONE, I: IDLE_NONE, N: NET_ANY, B: BATTERY_ANY }]
09-10 22:58:02.661  1310  1310 W ContentCaptureService: handleSendEvents() received empty list of events
09-10 22:58:02.665  1235  1235 I GoogleInputMethodService: GoogleInputMethodService.onFinishInput():2054 
09-10 22:58:02.685  1235  1235 I Module  : DeviceLockedStatusModuleProvider$Module.updateDeviceLockedStatus():100 repeatCheckTimes = 0, locked = false
09-10 22:58:02.687  1235  1235 I GoogleInputMethodService: GoogleInputMethodService.onStartInput():1315 onStartInput(EditorInfo{EditorInfo{packageName=com.google.android.apps.nexuslauncher, inputType=0, inputTypeString=NULL, enableLearning=false, autoCorrection=false, autoComplete=false, imeOptions=0, privateImeOptions=null, actionName=UNSPECIFIED, actionLabel=null, initialSelStart=-1, initialSelEnd=-1, initialCapsMode=0, label=null, fieldId=-1, fieldName=null, extras=null, hintText=null, hintLocales=[]}}, false)
09-10 22:58:02.695   523   523 I Telecom : DefaultDialerCache: Refreshing default dialer for user 0: now com.google.android.dialer: DDC.oR@Aa4
09-10 22:58:02.704 18163 19870 I Finsky:background: [137] IQ: handled package removed
09-10 22:58:02.705  1235  1235 I Module  : DeviceLockedStatusModuleProvider$Module.updateDeviceLockedStatus():100 repeatCheckTimes = 1, locked = false
09-10 22:58:02.716   523   523 D AppSearchAppsIndexerManagerS: userid in package receiver: 10182
09-10 22:58:02.723   523   645 I InputReader: Reconfiguring input devices, changes=KEYBOARD_LAYOUTS | 
09-10 22:58:02.748  1196  1203 I .gms.persistent: Background concurrent mark compact GC freed 5611KB AllocSpace bytes, 0(0B) LOS objects, 47% free, 26MB/50MB, paused 1.659ms,2.439ms total 741.333ms
09-10 22:58:02.762   523   523 D CompatibilityChangeReporter: Compat change id reported: 218533173; UID 10182; state: DISABLED
09-10 22:58:02.765   523   523 D CompatibilityChangeReporter: Compat change id reported: 171306433; UID 10182; state: ENABLED
09-10 22:58:02.765   523   523 W AlarmManager: Package com.app.uprise.debug, uid 10182 lost permission to set exact alarms!
09-10 22:58:02.769   523   645 I InputReader: Reconfiguring input devices, changes=KEYBOARD_LAYOUTS | 
09-10 22:58:02.782 18163 19859 I Finsky:background: [135] Wrote row to frosting DB: 3649
09-10 22:58:02.790 17897 18039 I Finsky  : [102] AIM: AppInfoManager-Perf > OnDeviceAppInfo > cacheHitCount=1, cacheMissCount=0. Missed  in cache (limit 10) : []
09-10 22:58:02.790 17897 18039 I Finsky  : [102] AIM: Got app ownership map. App counts: . Unique apps: 0
09-10 22:58:02.790 17897 18039 E Finsky  : [102] [Counters] attempted to use a non-positive increment for: 4752
09-10 22:58:02.790 17897 18039 E Finsky  : [102] [Counters] attempted to use a non-positive increment for: 4753
09-10 22:58:02.805 18163 18163 I Finsky:background: [2] afbo - Received: android.intent.action.PACKAGE_ADDED, [PK-hf0cH-QgCbmPGvWe3oY8EN6h0h9xowloSjHiiBVE]
09-10 22:58:02.807 17897 18036 I Finsky  : [99] AIM: AppInfoManager-Perf > ItemModel > CacheSize=32, cacheHitCount=0, cacheMissCount=0, total appsWithNoServerDataCount=0. Missed  in cache (limit 10) : []
09-10 22:58:02.830   523   566 W Looper  : Slow dispatch took 225ms android.fg h=android.os.Handler c=com.android.internal.infra.ServiceConnector$Impl$$ExternalSyntheticLambda2@dcabac4 m=0
09-10 22:58:02.852 18163 19859 I Finsky:background: [135] Wrote row to frosting DB: 3650
09-10 22:58:02.878  1196 19722 I NearbyMediums: No BLE Fast/GATT advertisements found in the latest cycle.
09-10 22:58:02.893 18163 19859 I Finsky:background: [135] Wrote row to frosting DB: 3651
09-10 22:58:02.906   523  1419 W AppSearchIcing: status-util.h:31: Error: 5, Message: Document (com.google.android.googlequicksearchbox$OneSearchZeroStateGoogleSuggestions/default, zp) not found.
09-10 22:58:02.914   523   560 W Binder  : Caught a RuntimeException from the binder stub implementation.
09-10 22:58:02.914   523   560 W Binder  : java.lang.ArrayIndexOutOfBoundsException: Array index out of range: 0
09-10 22:58:02.914   523   560 W Binder  : 	at android.util.ArraySet.valueAt(ArraySet.java:422)
09-10 22:58:02.914   523   560 W Binder  : 	at com.android.server.contentcapture.ContentCapturePerUserService$ContentCaptureServiceRemoteCallback.updateContentCaptureOptions(ContentCapturePerUserService.java:733)
09-10 22:58:02.914   523   560 W Binder  : 	at com.android.server.contentcapture.ContentCapturePerUserService$ContentCaptureServiceRemoteCallback.setContentCaptureWhitelist(ContentCapturePerUserService.java:646)
09-10 22:58:02.914   523   560 W Binder  : 	at android.service.contentcapture.IContentCaptureServiceCallback$Stub.onTransact(IContentCaptureServiceCallback.java:115)
09-10 22:58:02.914   523   560 W Binder  : 	at android.os.Binder.execTransactInternal(Binder.java:1285)
09-10 22:58:02.914   523   560 W Binder  : 	at android.os.Binder.execTransact(Binder.java:1244)
09-10 22:58:02.916 17897 18036 I Finsky  : [99] AIM: AppInfoManager-Perf > getApps > data collection finished
09-10 22:58:02.924 17897 18036 I Finsky  : [99] AIM: AppInfoManager-Perf > maybeDestroyAppInfoManager is called. actives = 0
09-10 22:58:02.931 17897 18006 I Finsky  : [86] WM::SCH: Logging work initialize for 12-1
09-10 22:58:02.932   962   973 I s.nexuslauncher: Background concurrent mark compact GC freed 1500KB AllocSpace bytes, 50(1220KB) LOS objects, 49% free, 6357KB/12MB, paused 655us,37.098ms total 240.723ms
09-10 22:58:02.932   962  1579 E OneSearchSuggestProvider: Failed to fetch suggestions from AppSearch, fallback to AGA
09-10 22:58:02.932   962  1579 E OneSearchSuggestProvider: java.util.concurrent.CompletionException: java.util.NoSuchElementException: No value present
09-10 22:58:02.932   962  1579 E OneSearchSuggestProvider: 	at java.util.concurrent.CompletableFuture.encodeThrowable(CompletableFuture.java:308)
09-10 22:58:02.932   962  1579 E OneSearchSuggestProvider: 	at java.util.concurrent.CompletableFuture.completeThrowable(CompletableFuture.java:323)
09-10 22:58:02.932   962  1579 E OneSearchSuggestProvider: 	at java.util.concurrent.CompletableFuture$UniAccept.tryFire(CompletableFuture.java:684)
09-10 22:58:02.932   962  1579 E OneSearchSuggestProvider: 	at java.util.concurrent.CompletableFuture.postComplete(CompletableFuture.java:486)
09-10 22:58:02.932   962  1579 E OneSearchSuggestProvider: 	at java.util.concurrent.CompletableFuture.completeExceptionally(CompletableFuture.java:2170)
09-10 22:58:02.932   962  1579 E OneSearchSuggestProvider: 	at com.google.android.apps.nexuslauncher.allapps.J.onResult(Unknown Source:59)
09-10 22:58:02.932   962  1579 E OneSearchSuggestProvider: 	at android.app.appsearch.SearchSessionUtil$1.lambda$onResult$0(go/retraceme 8d9c8925d712682c4088040f438ca2cc189fe3825cb0c7ab7f7b961fbf13e52b:144)
09-10 22:58:02.932   962  1579 E OneSearchSuggestProvider: 	at android.app.appsearch.SearchSessionUtil$1.$r8$lambda$CEk3q8sDAQVhU3rQwVueB8FAj_M(go/retraceme 8d9c8925d712682c4088040f438ca2cc189fe3825cb0c7ab7f7b961fbf13e52b:1)
09-10 22:58:02.932   962  1579 E OneSearchSuggestProvider: 	at android.app.appsearch.SearchSessionUtil$1$$ExternalSyntheticLambda0.run(go/retraceme 8d9c8925d712682c4088040f438ca2cc189fe3825cb0c7ab7f7b961fbf13e52b:22)
09-10 22:58:02.932   962  1579 E OneSearchSuggestProvider: 	at android.os.Handler.handleCallback(Handler.java:942)
09-10 22:58:02.932   962  1579 E OneSearchSuggestProvider: 	at android.os.Handler.dispatchMessage(Handler.java:99)
09-10 22:58:02.932   962  1579 E OneSearchSuggestProvider: 	at android.os.Looper.loopOnce(Looper.java:201)
09-10 22:58:02.932   962  1579 E OneSearchSuggestProvider: 	at android.os.Looper.loop(Looper.java:288)
09-10 22:58:02.932   962  1579 E OneSearchSuggestProvider: 	at android.os.HandlerThread.run(HandlerThread.java:67)
09-10 22:58:02.932   962  1579 E OneSearchSuggestProvider: Caused by: java.util.NoSuchElementException: No value present
09-10 22:58:02.932   962  1579 E OneSearchSuggestProvider: 	at java.util.Optional.get(Optional.java:143)
09-10 22:58:02.932   962  1579 E OneSearchSuggestProvider: 	at com.google.android.apps.nexuslauncher.allapps.J.onResult(Unknown Source:16)
09-10 22:58:02.932   962  1579 E OneSearchSuggestProvider: 	... 8 more
09-10 22:58:02.895   523   523 W binder:523_20: type=1400 audit(0.0:1351): avc: denied { getopt } for scontext=u:r:system_server:s0 tcontext=u:r:shell:s0 tclass=unix_stream_socket permissive=0
09-10 22:58:02.950   523   566 W Looper  : Slow dispatch took 119ms android.fg h=android.os.Handler c=<recycled PooledLambda@1bc0aec> m=0
09-10 22:58:02.968   962  1579 D OneSearchSuggestProvider: Created the binder channel successfully for end point service =com.google.android.apps.search.googleapp.search.suggest.plugins.onesearch.server.OneSearchSuggestService , mChannel=O0{delegate=J0{logId=37, target=directaddress:///AndroidComponentAddress%5BIntent%20%7B%20act=grpc.io.action.BIND%20cmp=com.google.android.googlequicksearchbox/com.google.android.apps.search.googleapp.search.suggest.plugins.onesearch.server.OneSearchSuggestService%20%7D%5D}} , mOneSearchConnection=y1.J@b43729c
09-10 22:58:02.973   523  1423 W AppSearchAppsUtil: getDynamicAppFunctionSchemasForPackages: Failed to get schema property for package: com.google.android.apps.wellbeing
09-10 22:58:02.973   523  1423 W AppSearchAppsUtil: android.content.pm.PackageManager$NameNotFoundException
09-10 22:58:02.973   523  1423 W AppSearchAppsUtil: 	at android.app.ApplicationPackageManager.getProperty(ApplicationPackageManager.java:3739)
09-10 22:58:02.973   523  1423 W AppSearchAppsUtil: 	at com.android.server.appsearch.appsindexer.AppsIndexerImpl.doUpdateIncrementalPut(go/retraceme af33ce4f9d54eb7377368c8371125b8f7fee05b271d51368e9354444b9dc3ab6:76)
09-10 22:58:02.973   523  1423 W AppSearchAppsUtil: 	at com.android.server.appsearch.appsindexer.AppsIndexerUserInstance.doUpdate(go/retraceme af33ce4f9d54eb7377368c8371125b8f7fee05b271d51368e9354444b9dc3ab6:75)
09-10 22:58:02.973   523  1423 W AppSearchAppsUtil: 	at com.android.server.appsearch.appsindexer.AppsIndexerUserInstance$$ExternalSyntheticLambda3.run(go/retraceme af33ce4f9d54eb7377368c8371125b8f7fee05b271d51368e9354444b9dc3ab6:11)
09-10 22:58:02.973   523  1423 W AppSearchAppsUtil: 	at com.android.server.appsearch.appsindexer.AppsIndexerUserInstance$$ExternalSyntheticLambda0.run(go/retraceme af33ce4f9d54eb7377368c8371125b8f7fee05b271d51368e9354444b9dc3ab6:10)
09-10 22:58:02.973   523  1423 W AppSearchAppsUtil: 	at java.util.concurrent.ThreadPoolExecutor.runWorker(ThreadPoolExecutor.java:1156)
09-10 22:58:02.973   523  1423 W AppSearchAppsUtil: 	at java.util.concurrent.ThreadPoolExecutor$Worker.run(ThreadPoolExecutor.java:651)
09-10 22:58:02.973   523  1423 W AppSearchAppsUtil: 	at java.lang.Thread.run(Thread.java:1119)
09-10 22:58:02.973 18163 18163 I Finsky:background: [2] afbo - Received: android.intent.action.PACKAGE_ADDED, [PK-hf0cH-QgCbmPGvWe3oY8EN6h0h9xowloSjHiiBVE]
09-10 22:58:02.982  1196  1205 D BluetoothSocket: close() this: XX:XX:XX:DE:17:00, channel: 16, mSocketIS: android.net.LocalSocketImpl$SocketInputStream@7bbea8d, mSocketOS: android.net.LocalSocketImpl$SocketOutputStream@2880442, mSocket: null, mSocketState: CLOSED
09-10 22:58:03.022 18163 19859 I Finsky:background: [135] Wrote row to frosting DB: 3652
09-10 22:58:02.903   523   523 W binder:523_20: type=1400 audit(0.0:1352): avc: denied { getopt } for scontext=u:r:system_server:s0 tcontext=u:r:shell:s0 tclass=unix_stream_socket permissive=0
09-10 22:58:02.907   523   523 W binder:523_20: type=1400 audit(0.0:1353): avc: denied { getopt } for scontext=u:r:system_server:s0 tcontext=u:r:shell:s0 tclass=unix_stream_socket permissive=0
09-10 22:58:03.040   523   523 W Looper  : Slow dispatch took 201ms main h=android.app.job.JobServiceEngine$JobHandler c=null m=2
09-10 22:58:03.054  1675  1675 I eodb    : (REDACTED) Created gRPC endpoint for service %s
09-10 22:58:03.057 18163 18163 I Finsky:background: [2] afbo - Deduping intent android.intent.action.PACKAGE_ADDED
09-10 22:58:03.070 17897 17897 I Finsky  : [2] DTU: Received onPackageAdded, replacing: true
09-10 22:58:03.084   523   523 W Looper  : Drained
09-10 22:58:03.084 17897 17897 I Finsky  : [2] AIM: AppInfoCacheUpdater -> invalidating apps: [com.app.uprise.debug]
09-10 22:58:03.084 17897 17897 I Finsky  : [2] AIM: AppInfoManager-Perf > getApps > called for 1 apps
09-10 22:58:03.087 17897 17897 I Finsky  : [2] afca - Received: android.intent.action.PACKAGE_ADDED, [PK-hf0cH-QgCbmPGvWe3oY8EN6h0h9xowloSjHiiBVE]
09-10 22:58:03.089 17897 18039 I Finsky  : [102] AIM: AppInfoManager-Perf > OnDeviceAppInfo > cacheHitCount=0, cacheMissCount=1. Missed  in cache (limit 10) : [com.app.uprise.debug]
09-10 22:58:03.092 17897 18021 I Finsky  : [89] AIM: Got app ownership map. App counts: . Unique apps: 0
09-10 22:58:03.092 17897 18021 E Finsky  : [89] [Counters] attempted to use a non-positive increment for: 4752
09-10 22:58:03.092 17897 18021 E Finsky  : [89] [Counters] attempted to use a non-positive increment for: 4753
09-10 22:58:03.127 17897 17897 I Finsky  : [2] afca - Deduping intent android.intent.action.PACKAGE_ADDED
09-10 22:58:03.155   743   743 D ControlsListingControllerImpl: ServiceConfig reloaded, count: 0
09-10 22:58:03.171   523   566 W Looper  : Slow dispatch took 218ms android.fg h=android.os.Handler c=<recycled PooledLambda@33aa2d6> m=0
09-10 22:58:03.173   523   566 W Looper  : Slow delivery took 377ms android.fg h=android.os.Handler c=<recycled PooledLambda@ec361aa> m=0
09-10 22:58:03.175 17897 17897 I Finsky  : [2] afca - Received: android.intent.action.PACKAGE_ADDED, [PK-hf0cH-QgCbmPGvWe3oY8EN6h0h9xowloSjHiiBVE]
09-10 22:58:03.177 17970 19030 I PermissionControllerServiceImpl: Updating user sensitive for uid 10182
09-10 22:58:03.178 17897 17897 I Finsky  : [2] afca - Deduping intent android.intent.action.PACKAGE_ADDED
09-10 22:58:03.179 17897 18021 I Finsky  : [89] SCH: Scheduling phonesky job Id: 12-1, CT: 1757563082341, Constraints: [{ L: 15000, D: 86400000, C: CHARGING_NONE, I: IDLE_NONE, N: NET_ANY, B: BATTERY_ANY }]
09-10 22:58:03.182 17897 17989 I Finsky  : [76] RECEIVER_PACKAGE_MONITOR#logWorkEndAndFinishGoAsync: SUCCESS
09-10 22:58:03.189 17897 18021 I Finsky  : [89] SCH: Scheduling 1 system job(s)
09-10 22:58:03.189 17897 18021 I Finsky  : [89] SCH: Scheduling system job Id: 9604, L: 14152, D: 67376367, C: false, I: false, N: 1
09-10 22:58:03.190   523  1419 W AppSearchIcing: status-util.h:31: Error: 3, Message: Invalid cycle detected in type configs. 'android$apps-db/AppFunctionDataTypeMetadataDocument-com.google.android.apps.photos' references or inherits from itself.
09-10 22:58:03.191   523  1419 W AppSearchResult: Converting throwable to failed result.
09-10 22:58:03.191   523  1419 W AppSearchResult: android.app.appsearch.exceptions.AppSearchException: Invalid cycle detected in type configs. 'android$apps-db/AppFunctionDataTypeMetadataDocument-com.google.android.apps.photos' references or inherits from itself.
09-10 22:58:03.191   523  1419 W AppSearchResult: 	at com.android.server.appsearch.external.localstorage.AppSearchImpl.checkCodeOneOf(go/retraceme af33ce4f9d54eb7377368c8371125b8f7fee05b271d51368e9354444b9dc3ab6:22)
09-10 22:58:03.191   523  1419 W AppSearchResult: 	at com.android.server.appsearch.external.localstorage.AppSearchImpl.checkSuccess(go/retraceme af33ce4f9d54eb7377368c8371125b8f7fee05b271d51368e9354444b9dc3ab6:7)
09-10 22:58:03.191   523  1419 W AppSearchResult: 	at com.android.server.appsearch.external.localstorage.AppSearchImpl.doSetSchemaNoChangeNotificationLocked(go/retraceme af33ce4f9d54eb7377368c8371125b8f7fee05b271d51368e9354444b9dc3ab6:428)
09-10 22:58:03.191   523  1419 W AppSearchResult: 	at com.android.server.appsearch.external.localstorage.AppSearchImpl.setSchema(go/retraceme af33ce4f9d54eb7377368c8371125b8f7fee05b271d51368e9354444b9dc3ab6:71)
09-10 22:58:03.191   523  1419 W AppSearchResult: 	at com.android.server.appsearch.AppSearchManagerService$Stub.lambda$setSchema$0(go/retraceme af33ce4f9d54eb7377368c8371125b8f7fee05b271d51368e9354444b9dc3ab6:11)
09-10 22:58:03.191   523  1419 W AppSearchResult: 	at com.android.server.appsearch.AppSearchManagerService$Stub$$ExternalSyntheticLambda10.run(go/retraceme af33ce4f9d54eb7377368c8371125b8f7fee05b271d51368e9354444b9dc3ab6:21)
09-10 22:58:03.191   523  1419 W AppSearchResult: 	at java.util.concurrent.ThreadPoolExecutor.runWorker(ThreadPoolExecutor.java:1156)
09-10 22:58:03.191   523  1419 W AppSearchResult: 	at java.util.concurrent.ThreadPoolExecutor$Worker.run(ThreadPoolExecutor.java:651)
09-10 22:58:03.191   523  1419 W AppSearchResult: 	at java.lang.Thread.run(Thread.java:1119)
09-10 22:58:03.191   523  1423 E AppSearchAppsIndexerAppSearchHelper: Failed to setSchema in batch due to invalid schema.
09-10 22:58:03.191   523  1423 E AppSearchAppsIndexerAppSearchHelper: android.app.appsearch.exceptions.AppSearchException: Invalid cycle detected in type configs. 'android$apps-db/AppFunctionDataTypeMetadataDocument-com.google.android.apps.photos' references or inherits from itself.
09-10 22:58:03.191   523  1423 E AppSearchAppsIndexerAppSearchHelper: 	at com.android.server.appsearch.appsindexer.SyncAppSearchBase.executeAppSearchResultOperation(go/retraceme af33ce4f9d54eb7377368c8371125b8f7fee05b271d51368e9354444b9dc3ab6:43)
09-10 22:58:03.191   523  1423 E AppSearchAppsIndexerAppSearchHelper: 	at com.android.server.appsearch.appsindexer.SyncAppSearchSessionImpl.setSchema(go/retraceme af33ce4f9d54eb7377368c8371125b8f7fee05b271d51368e9354444b9dc3ab6:13)
09-10 22:58:03.191   523  1423 E AppSearchAppsIndexerAppSearchHelper: 	at com.android.server.appsearch.appsindexer.AppSearchHelper.setSchemasForPackages(go/retraceme af33ce4f9d54eb7377368c8371125b8f7fee05b271d51368e9354444b9dc3ab6:420)
09-10 22:58:03.191   523  1423 E AppSearchAppsIndexerAppSearchHelper: 	at com.android.server.appsearch.appsindexer.AppsIndexerImpl.doUpdateIncrementalPut(go/retraceme af33ce4f9d54eb7377368c8371125b8f7fee05b271d51368e9354444b9dc3ab6:191)
09-10 22:58:03.191   523  1423 E AppSearchAppsIndexerAppSearchHelper: 	at com.android.server.appsearch.appsindexer.AppsIndexerUserInstance.doUpdate(go/retraceme af33ce4f9d54eb7377368c8371125b8f7fee05b271d51368e9354444b9dc3ab6:75)
09-10 22:58:03.191   523  1423 E AppSearchAppsIndexerAppSearchHelper: 	at com.android.server.appsearch.appsindexer.AppsIndexerUserInstance$$ExternalSyntheticLambda3.run(go/retraceme af33ce4f9d54eb7377368c8371125b8f7fee05b271d51368e9354444b9dc3ab6:11)
09-10 22:58:03.191   523  1423 E AppSearchAppsIndexerAppSearchHelper: 	at com.android.server.appsearch.appsindexer.AppsIndexerUserInstance$$ExternalSyntheticLambda0.run(go/retraceme af33ce4f9d54eb7377368c8371125b8f7fee05b271d51368e9354444b9dc3ab6:10)
09-10 22:58:03.191   523  1423 E AppSearchAppsIndexerAppSearchHelper: 	at java.util.concurrent.ThreadPoolExecutor.runWorker(ThreadPoolExecutor.java:1156)
09-10 22:58:03.191   523  1423 E AppSearchAppsIndexerAppSearchHelper: 	at java.util.concurrent.ThreadPoolExecutor$Worker.run(ThreadPoolExecutor.java:651)
09-10 22:58:03.191   523  1423 E AppSearchAppsIndexerAppSearchHelper: 	at java.lang.Thread.run(Thread.java:1119)
09-10 22:58:03.201 18163 18163 I Finsky:background: [2] afbo - Received: android.intent.action.PACKAGE_ADDED, [PK-hf0cH-QgCbmPGvWe3oY8EN6h0h9xowloSjHiiBVE]
09-10 22:58:03.211   523  1419 W AppSearchIcing: status-util.h:31: Error: 3, Message: Invalid cycle detected in type configs. 'android$apps-db/AppFunctionDataTypeMetadataDocument-com.google.android.apps.photos' references or inherits from itself.
09-10 22:58:03.211   523  1419 W AppSearchResult: Converting throwable to failed result.
09-10 22:58:03.211   523  1419 W AppSearchResult: android.app.appsearch.exceptions.AppSearchException: Invalid cycle detected in type configs. 'android$apps-db/AppFunctionDataTypeMetadataDocument-com.google.android.apps.photos' references or inherits from itself.
09-10 22:58:03.211   523  1419 W AppSearchResult: 	at com.android.server.appsearch.external.localstorage.AppSearchImpl.checkCodeOneOf(go/retraceme af33ce4f9d54eb7377368c8371125b8f7fee05b271d51368e9354444b9dc3ab6:22)
09-10 22:58:03.211   523  1419 W AppSearchResult: 	at com.android.server.appsearch.external.localstorage.AppSearchImpl.checkSuccess(go/retraceme af33ce4f9d54eb7377368c8371125b8f7fee05b271d51368e9354444b9dc3ab6:7)
09-10 22:58:03.211   523  1419 W AppSearchResult: 	at com.android.server.appsearch.external.localstorage.AppSearchImpl.doSetSchemaNoChangeNotificationLocked(go/retraceme af33ce4f9d54eb7377368c8371125b8f7fee05b271d51368e9354444b9dc3ab6:428)
09-10 22:58:03.211   523  1419 W AppSearchResult: 	at com.android.server.appsearch.external.localstorage.AppSearchImpl.setSchema(go/retraceme af33ce4f9d54eb7377368c8371125b8f7fee05b271d51368e9354444b9dc3ab6:71)
09-10 22:58:03.211   523  1419 W AppSearchResult: 	at com.android.server.appsearch.AppSearchManagerService$Stub.lambda$setSchema$0(go/retraceme af33ce4f9d54eb7377368c8371125b8f7fee05b271d51368e9354444b9dc3ab6:11)
09-10 22:58:03.211   523  1419 W AppSearchResult: 	at com.android.server.appsearch.AppSearchManagerService$Stub$$ExternalSyntheticLambda10.run(go/retraceme af33ce4f9d54eb7377368c8371125b8f7fee05b271d51368e9354444b9dc3ab6:21)
09-10 22:58:03.211   523  1419 W AppSearchResult: 	at java.util.concurrent.ThreadPoolExecutor.runWorker(ThreadPoolExecutor.java:1156)
09-10 22:58:03.211   523  1419 W AppSearchResult: 	at java.util.concurrent.ThreadPoolExecutor$Worker.run(ThreadPoolExecutor.java:651)
09-10 22:58:03.211   523  1419 W AppSearchResult: 	at java.lang.Thread.run(Thread.java:1119)
