09-10 22:58:03.212   523  1423 E AppSearchAppsIndexerAppSearchHelper: Skipping invalid schemas for package: com.google.android.apps.photos
09-10 22:58:03.212   523  1423 E AppSearchAppsIndexerAppSearchHelper: android.app.appsearch.exceptions.AppSearchException: Invalid cycle detected in type configs. 'android$apps-db/AppFunctionDataTypeMetadataDocument-com.google.android.apps.photos' references or inherits from itself.
09-10 22:58:03.212   523  1423 E AppSearchAppsIndexerAppSearchHelper: 	at com.android.server.appsearch.appsindexer.SyncAppSearchBase.executeAppSearchResultOperation(go/retraceme af33ce4f9d54eb7377368c8371125b8f7fee05b271d51368e9354444b9dc3ab6:43)
09-10 22:58:03.212   523  1423 E AppSearchAppsIndexerAppSearchHelper: 	at com.android.server.appsearch.appsindexer.SyncAppSearchSessionImpl.setSchema(go/retraceme af33ce4f9d54eb7377368c8371125b8f7fee05b271d51368e9354444b9dc3ab6:13)
09-10 22:58:03.212   523  1423 E AppSearchAppsIndexerAppSearchHelper: 	at com.android.server.appsearch.appsindexer.AppSearchHelper.setSchemasForPackages(go/retraceme af33ce4f9d54eb7377368c8371125b8f7fee05b271d51368e9354444b9dc3ab6:520)
09-10 22:58:03.212   523  1423 E AppSearchAppsIndexerAppSearchHelper: 	at com.android.server.appsearch.appsindexer.AppsIndexerImpl.doUpdateIncrementalPut(go/retraceme af33ce4f9d54eb7377368c8371125b8f7fee05b271d51368e9354444b9dc3ab6:191)
09-10 22:58:03.212   523  1423 E AppSearchAppsIndexerAppSearchHelper: 	at com.android.server.appsearch.appsindexer.AppsIndexerUserInstance.doUpdate(go/retraceme af33ce4f9d54eb7377368c8371125b8f7fee05b271d51368e9354444b9dc3ab6:75)
09-10 22:58:03.212   523  1423 E AppSearchAppsIndexerAppSearchHelper: 	at com.android.server.appsearch.appsindexer.AppsIndexerUserInstance$$ExternalSyntheticLambda3.run(go/retraceme af33ce4f9d54eb7377368c8371125b8f7fee05b271d51368e9354444b9dc3ab6:11)
09-10 22:58:03.212   523  1423 E AppSearchAppsIndexerAppSearchHelper: 	at com.android.server.appsearch.appsindexer.AppsIndexerUserInstance$$ExternalSyntheticLambda0.run(go/retraceme af33ce4f9d54eb7377368c8371125b8f7fee05b271d51368e9354444b9dc3ab6:10)
09-10 22:58:03.212   523  1423 E AppSearchAppsIndexerAppSearchHelper: 	at java.util.concurrent.ThreadPoolExecutor.runWorker(ThreadPoolExecutor.java:1156)
09-10 22:58:03.212   523  1423 E AppSearchAppsIndexerAppSearchHelper: 	at java.util.concurrent.ThreadPoolExecutor$Worker.run(ThreadPoolExecutor.java:651)
09-10 22:58:03.212   523  1423 E AppSearchAppsIndexerAppSearchHelper: 	at java.lang.Thread.run(Thread.java:1119)
09-10 22:58:03.213 18163 18163 I Finsky:background: [2] afbo - Deduping intent android.intent.action.PACKAGE_ADDED
09-10 22:58:03.213 18163 18203 I Finsky:background: [86] RECEIVER_PACKAGE_MONITOR_BACKGROUND#logWorkEndAndFinishGoAsync: SUCCESS
09-10 22:58:03.216 17897 18005 I Finsky  : [85] [ContentSync] finished, scheduled=true
09-10 22:58:03.216   523  1419 E AppSearchIcing: document-validator.cc:82: Schema type config 'android$apps-db/builtin:MobileApplication-com.app.uprise.dev' not found Error while validating document (android$apps-db/apps, com.app.uprise.dev)
09-10 22:58:03.217   523  1419 W AppSearchIcing: status-util.h:31: Error: 5, Message: Schema type config 'android$apps-db/builtin:MobileApplication-com.app.uprise.dev' not found
09-10 22:58:03.217   523  1419 E AppSearchIcing: document-validator.cc:82: Schema type config 'android$apps-db/builtin:MobileApplication-com.app.uprise.debug' not found Error while validating document (android$apps-db/apps, com.app.uprise.debug)
09-10 22:58:03.217   523  1419 W AppSearchIcing: status-util.h:31: Error: 5, Message: Schema type config 'android$apps-db/builtin:MobileApplication-com.app.uprise.debug' not found
09-10 22:58:03.217   523  1423 E AppSearchAppsIndexerAppSearchHelper: Ran into error while indexing apps: [FAILURE(6)]: Schema type config 'android$apps-db/builtin:MobileApplication-com.app.uprise.debug' not found
09-10 22:58:03.218   523  1423 E AppSearchAppsIndexerAppSearchHelper: Ran into error while indexing apps: [FAILURE(6)]: Schema type config 'android$apps-db/builtin:MobileApplication-com.app.uprise.dev' not found
09-10 22:58:03.221   523   560 W BroadcastQueue: Background execution not allowed: receiving Intent { act=android.intent.action.PACKAGE_REPLACED dat=package: flg=0x4000010 (has extras) } to com.google.android.gms/.chimera.GmsIntentOperationService$PersistentTrustedReceiver
09-10 22:58:03.225  1310  1424 I AiAiEcho: Predicting[0]: 
09-10 22:58:03.225  1310  1424 I AiAiEcho: Ranked targets strategy: SORT, count: 0, ranking metadata: 
09-10 22:58:03.229   523   566 W Looper  : Drained
09-10 22:58:03.229   523   577 W BroadcastQueue: Background execution not allowed: receiving Intent { act=android.intent.action.PACKAGE_REPLACED dat=package: flg=0x4000010 (has extras) } to com.google.android.gms/.gass.chimera.PackageChangeBroadcastReceiver
09-10 22:58:03.232   523  1423 W libc    : Access denied finding property "ro.bootimage.build.fingerprint"
09-10 22:58:03.223   523   523 W pool-32-thread-: type=1400 audit(0.0:1354): avc: denied { read } for name="u:object_r:build_bootimage_prop:s0" dev="tmpfs" ino=85 scontext=u:r:system_server:s0 tcontext=u:object_r:build_bootimage_prop:s0 tclass=file permissive=0
09-10 22:58:03.239 17897 18036 I Finsky  : [99] AIM: AppInfoManager-Perf > ItemModel > CacheSize=32, cacheHitCount=0, cacheMissCount=0, total appsWithNoServerDataCount=0. Missed  in cache (limit 10) : []
09-10 22:58:03.241 17897 18036 I Finsky  : [99] AIM: AppInfoManager-Perf > getApps > data collection finished
09-10 22:58:03.241 17897 18036 I Finsky  : [99] AIM: AppInfoManager-Perf > maybeDestroyAppInfoManager is called. actives = 0
09-10 22:58:03.242  1310  1424 I AiAiEcho: #postPredictionTargets: Sending updates to UISurface lockscreen with targets# 0
09-10 22:58:03.243  1310  1424 I AiAiEcho: #postPredictionTargets: Sending updates to UISurface home with targets# 0
09-10 22:58:03.243  1310  1424 I AiAiEcho: #postPredictionTargets: Sending updates to UISurface media_data_manager with targets# 0
09-10 22:58:03.249 18163 19859 I Finsky:background: [135] Wrote row to frosting DB: 3653
09-10 22:58:03.251 17897 18010 I Finsky  : [87] WM::SCH: Logging work initialize for 12-1
09-10 22:58:03.262 17897 18030 I Finsky  : [93] SCH: Scheduling phonesky job Id: 12-1, CT: 1757563082657, Constraints: [{ L: 15000, D: 86400000, C: CHARGING_NONE, I: IDLE_NONE, N: NET_ANY, B: BATTERY_ANY }]
09-10 22:58:03.262   743   743 D SsMediaDataProvider: Forwarding Smartspace updates []
09-10 22:58:03.265 17897 18039 I Finsky  : [102] SCH: Scheduling 0 system job(s)
09-10 22:58:03.265 17897 18039 I Finsky  : [102] [ContentSync] finished, scheduled=true
09-10 22:58:03.273   523  1423 W AppSearchAppsUtil: getDynamicAppFunctionSchemasForPackages: Failed to get schema property for package: com.google.android.apps.wellbeing
09-10 22:58:03.273   523  1423 W AppSearchAppsUtil: android.content.pm.PackageManager$NameNotFoundException
09-10 22:58:03.273   523  1423 W AppSearchAppsUtil: 	at android.app.ApplicationPackageManager.getProperty(ApplicationPackageManager.java:3739)
09-10 22:58:03.273   523  1423 W AppSearchAppsUtil: 	at com.android.server.appsearch.appsindexer.AppsIndexerImpl.doUpdateIncrementalPut(go/retraceme af33ce4f9d54eb7377368c8371125b8f7fee05b271d51368e9354444b9dc3ab6:76)
09-10 22:58:03.273   523  1423 W AppSearchAppsUtil: 	at com.android.server.appsearch.appsindexer.AppsIndexerUserInstance.doUpdate(go/retraceme af33ce4f9d54eb7377368c8371125b8f7fee05b271d51368e9354444b9dc3ab6:75)
09-10 22:58:03.273   523  1423 W AppSearchAppsUtil: 	at com.android.server.appsearch.appsindexer.AppsIndexerUserInstance$$ExternalSyntheticLambda3.run(go/retraceme af33ce4f9d54eb7377368c8371125b8f7fee05b271d51368e9354444b9dc3ab6:11)
09-10 22:58:03.273   523  1423 W AppSearchAppsUtil: 	at com.android.server.appsearch.appsindexer.AppsIndexerUserInstance$$ExternalSyntheticLambda0.run(go/retraceme af33ce4f9d54eb7377368c8371125b8f7fee05b271d51368e9354444b9dc3ab6:10)
09-10 22:58:03.273   523  1423 W AppSearchAppsUtil: 	at java.util.concurrent.ThreadPoolExecutor.runWorker(ThreadPoolExecutor.java:1156)
09-10 22:58:03.273   523  1423 W AppSearchAppsUtil: 	at java.util.concurrent.ThreadPoolExecutor$Worker.run(ThreadPoolExecutor.java:651)
09-10 22:58:03.273   523  1423 W AppSearchAppsUtil: 	at java.lang.Thread.run(Thread.java:1119)
09-10 22:58:03.279   919   919 D CarrierSvcBindHelper: onPackageUpdateFinished: com.app.uprise.debug
09-10 22:58:03.282   919   919 D CarrierSvcBindHelper: No carrier app for: 0
09-10 22:58:03.317   919   919 D CarrierSvcBindHelper: onPackageModified: com.app.uprise.debug
09-10 22:58:03.319   523  1419 W AppSearchIcing: status-util.h:31: Error: 3, Message: Invalid cycle detected in type configs. 'android$apps-db/AppFunctionDataTypeMetadataDocument-com.google.android.apps.photos' references or inherits from itself.
09-10 22:58:03.319   523  1419 W AppSearchResult: Converting throwable to failed result.
09-10 22:58:03.319   523  1419 W AppSearchResult: android.app.appsearch.exceptions.AppSearchException: Invalid cycle detected in type configs. 'android$apps-db/AppFunctionDataTypeMetadataDocument-com.google.android.apps.photos' references or inherits from itself.
09-10 22:58:03.319   523  1419 W AppSearchResult: 	at com.android.server.appsearch.external.localstorage.AppSearchImpl.checkCodeOneOf(go/retraceme af33ce4f9d54eb7377368c8371125b8f7fee05b271d51368e9354444b9dc3ab6:22)
09-10 22:58:03.319   523  1419 W AppSearchResult: 	at com.android.server.appsearch.external.localstorage.AppSearchImpl.checkSuccess(go/retraceme af33ce4f9d54eb7377368c8371125b8f7fee05b271d51368e9354444b9dc3ab6:7)
09-10 22:58:03.319   523  1419 W AppSearchResult: 	at com.android.server.appsearch.external.localstorage.AppSearchImpl.doSetSchemaNoChangeNotificationLocked(go/retraceme af33ce4f9d54eb7377368c8371125b8f7fee05b271d51368e9354444b9dc3ab6:428)
09-10 22:58:03.319   523  1419 W AppSearchResult: 	at com.android.server.appsearch.external.localstorage.AppSearchImpl.setSchema(go/retraceme af33ce4f9d54eb7377368c8371125b8f7fee05b271d51368e9354444b9dc3ab6:71)
09-10 22:58:03.319   523  1419 W AppSearchResult: 	at com.android.server.appsearch.AppSearchManagerService$Stub.lambda$setSchema$0(go/retraceme af33ce4f9d54eb7377368c8371125b8f7fee05b271d51368e9354444b9dc3ab6:11)
09-10 22:58:03.319   523  1419 W AppSearchResult: 	at com.android.server.appsearch.AppSearchManagerService$Stub$$ExternalSyntheticLambda10.run(go/retraceme af33ce4f9d54eb7377368c8371125b8f7fee05b271d51368e9354444b9dc3ab6:21)
09-10 22:58:03.319   523  1419 W AppSearchResult: 	at java.util.concurrent.ThreadPoolExecutor.runWorker(ThreadPoolExecutor.java:1156)
09-10 22:58:03.319   523  1419 W AppSearchResult: 	at java.util.concurrent.ThreadPoolExecutor$Worker.run(ThreadPoolExecutor.java:651)
09-10 22:58:03.319   523  1419 W AppSearchResult: 	at java.lang.Thread.run(Thread.java:1119)
09-10 22:58:03.323   919   919 D CarrierSvcBindHelper: No carrier app for: 0
09-10 22:58:03.329  1196 19879 I Fitness : (REDACTED) FitCleanupIntentOperation received Intent %s
09-10 22:58:03.330  1310  1315 W ogle.android.as: Suspending all threads took: 30.955ms
09-10 22:58:03.333  1196 19888 I ProximityAuth: [RecentAppsMediator] Package added: (user=UserHandle{0}) com.app.uprise.debug
09-10 22:58:03.354   947   951 W id.ext.services: Reducing the number of considered missed Gc histogram windows from 146 to 100
09-10 22:58:03.357   523  1423 E AppSearchAppsIndexerAppSearchHelper: Failed to setSchema in batch due to invalid schema.
09-10 22:58:03.357   523  1423 E AppSearchAppsIndexerAppSearchHelper: android.app.appsearch.exceptions.AppSearchException: Invalid cycle detected in type configs. 'android$apps-db/AppFunctionDataTypeMetadataDocument-com.google.android.apps.photos' references or inherits from itself.
09-10 22:58:03.357   523  1423 E AppSearchAppsIndexerAppSearchHelper: 	at com.android.server.appsearch.appsindexer.SyncAppSearchBase.executeAppSearchResultOperation(go/retraceme af33ce4f9d54eb7377368c8371125b8f7fee05b271d51368e9354444b9dc3ab6:43)
09-10 22:58:03.357   523  1423 E AppSearchAppsIndexerAppSearchHelper: 	at com.android.server.appsearch.appsindexer.SyncAppSearchSessionImpl.setSchema(go/retraceme af33ce4f9d54eb7377368c8371125b8f7fee05b271d51368e9354444b9dc3ab6:13)
09-10 22:58:03.357   523  1423 E AppSearchAppsIndexerAppSearchHelper: 	at com.android.server.appsearch.appsindexer.AppSearchHelper.setSchemasForPackages(go/retraceme af33ce4f9d54eb7377368c8371125b8f7fee05b271d51368e9354444b9dc3ab6:420)
09-10 22:58:03.357   523  1423 E AppSearchAppsIndexerAppSearchHelper: 	at com.android.server.appsearch.appsindexer.AppsIndexerImpl.doUpdateIncrementalPut(go/retraceme af33ce4f9d54eb7377368c8371125b8f7fee05b271d51368e9354444b9dc3ab6:191)
09-10 22:58:03.357   523  1423 E AppSearchAppsIndexerAppSearchHelper: 	at com.android.server.appsearch.appsindexer.AppsIndexerUserInstance.doUpdate(go/retraceme af33ce4f9d54eb7377368c8371125b8f7fee05b271d51368e9354444b9dc3ab6:75)
09-10 22:58:03.357   523  1423 E AppSearchAppsIndexerAppSearchHelper: 	at com.android.server.appsearch.appsindexer.AppsIndexerUserInstance$$ExternalSyntheticLambda3.run(go/retraceme af33ce4f9d54eb7377368c8371125b8f7fee05b271d51368e9354444b9dc3ab6:11)
09-10 22:58:03.357   523  1423 E AppSearchAppsIndexerAppSearchHelper: 	at com.android.server.appsearch.appsindexer.AppsIndexerUserInstance$$ExternalSyntheticLambda0.run(go/retraceme af33ce4f9d54eb7377368c8371125b8f7fee05b271d51368e9354444b9dc3ab6:10)
09-10 22:58:03.357   523  1423 E AppSearchAppsIndexerAppSearchHelper: 	at java.util.concurrent.ThreadPoolExecutor.runWorker(ThreadPoolExecutor.java:1156)
09-10 22:58:03.357   523  1423 E AppSearchAppsIndexerAppSearchHelper: 	at java.util.concurrent.ThreadPoolExecutor$Worker.run(ThreadPoolExecutor.java:651)
09-10 22:58:03.357   523  1423 E AppSearchAppsIndexerAppSearchHelper: 	at java.lang.Thread.run(Thread.java:1119)
09-10 22:58:03.369  1310  1315 I ogle.android.as: Background concurrent mark compact GC freed 6184KB AllocSpace bytes, 0(0B) LOS objects, 49% free, 6406KB/12MB, paused 31.823ms,2.901ms total 384.197ms
09-10 22:58:03.393   523  1419 W AppSearchIcing: status-util.h:31: Error: 3, Message: Invalid cycle detected in type configs. 'android$apps-db/AppFunctionDataTypeMetadataDocument-com.google.android.apps.photos' references or inherits from itself.
09-10 22:58:03.395   523  1419 W AppSearchResult: Converting throwable to failed result.
09-10 22:58:03.395   523  1419 W AppSearchResult: android.app.appsearch.exceptions.AppSearchException: Invalid cycle detected in type configs. 'android$apps-db/AppFunctionDataTypeMetadataDocument-com.google.android.apps.photos' references or inherits from itself.
09-10 22:58:03.395   523  1419 W AppSearchResult: 	at com.android.server.appsearch.external.localstorage.AppSearchImpl.checkCodeOneOf(go/retraceme af33ce4f9d54eb7377368c8371125b8f7fee05b271d51368e9354444b9dc3ab6:22)
09-10 22:58:03.395   523  1419 W AppSearchResult: 	at com.android.server.appsearch.external.localstorage.AppSearchImpl.checkSuccess(go/retraceme af33ce4f9d54eb7377368c8371125b8f7fee05b271d51368e9354444b9dc3ab6:7)
09-10 22:58:03.395   523  1419 W AppSearchResult: 	at com.android.server.appsearch.external.localstorage.AppSearchImpl.doSetSchemaNoChangeNotificationLocked(go/retraceme af33ce4f9d54eb7377368c8371125b8f7fee05b271d51368e9354444b9dc3ab6:428)
09-10 22:58:03.395   523  1419 W AppSearchResult: 	at com.android.server.appsearch.external.localstorage.AppSearchImpl.setSchema(go/retraceme af33ce4f9d54eb7377368c8371125b8f7fee05b271d51368e9354444b9dc3ab6:71)
09-10 22:58:03.395   523  1419 W AppSearchResult: 	at com.android.server.appsearch.AppSearchManagerService$Stub.lambda$setSchema$0(go/retraceme af33ce4f9d54eb7377368c8371125b8f7fee05b271d51368e9354444b9dc3ab6:11)
09-10 22:58:03.395   523  1419 W AppSearchResult: 	at com.android.server.appsearch.AppSearchManagerService$Stub$$ExternalSyntheticLambda10.run(go/retraceme af33ce4f9d54eb7377368c8371125b8f7fee05b271d51368e9354444b9dc3ab6:21)
09-10 22:58:03.395   523  1419 W AppSearchResult: 	at java.util.concurrent.ThreadPoolExecutor.runWorker(ThreadPoolExecutor.java:1156)
09-10 22:58:03.395   523  1419 W AppSearchResult: 	at java.util.concurrent.ThreadPoolExecutor$Worker.run(ThreadPoolExecutor.java:651)
09-10 22:58:03.395   523  1419 W AppSearchResult: 	at java.lang.Thread.run(Thread.java:1119)
09-10 22:58:03.401   523  1423 E AppSearchAppsIndexerAppSearchHelper: Skipping invalid schemas for package: com.google.android.apps.photos
09-10 22:58:03.401   523  1423 E AppSearchAppsIndexerAppSearchHelper: android.app.appsearch.exceptions.AppSearchException: Invalid cycle detected in type configs. 'android$apps-db/AppFunctionDataTypeMetadataDocument-com.google.android.apps.photos' references or inherits from itself.
09-10 22:58:03.401   523  1423 E AppSearchAppsIndexerAppSearchHelper: 	at com.android.server.appsearch.appsindexer.SyncAppSearchBase.executeAppSearchResultOperation(go/retraceme af33ce4f9d54eb7377368c8371125b8f7fee05b271d51368e9354444b9dc3ab6:43)
09-10 22:58:03.401   523  1423 E AppSearchAppsIndexerAppSearchHelper: 	at com.android.server.appsearch.appsindexer.SyncAppSearchSessionImpl.setSchema(go/retraceme af33ce4f9d54eb7377368c8371125b8f7fee05b271d51368e9354444b9dc3ab6:13)
09-10 22:58:03.401   523  1423 E AppSearchAppsIndexerAppSearchHelper: 	at com.android.server.appsearch.appsindexer.AppSearchHelper.setSchemasForPackages(go/retraceme af33ce4f9d54eb7377368c8371125b8f7fee05b271d51368e9354444b9dc3ab6:520)
09-10 22:58:03.401   523  1423 E AppSearchAppsIndexerAppSearchHelper: 	at com.android.server.appsearch.appsindexer.AppsIndexerImpl.doUpdateIncrementalPut(go/retraceme af33ce4f9d54eb7377368c8371125b8f7fee05b271d51368e9354444b9dc3ab6:191)
09-10 22:58:03.401   523  1423 E AppSearchAppsIndexerAppSearchHelper: 	at com.android.server.appsearch.appsindexer.AppsIndexerUserInstance.doUpdate(go/retraceme af33ce4f9d54eb7377368c8371125b8f7fee05b271d51368e9354444b9dc3ab6:75)
09-10 22:58:03.401   523  1423 E AppSearchAppsIndexerAppSearchHelper: 	at com.android.server.appsearch.appsindexer.AppsIndexerUserInstance$$ExternalSyntheticLambda3.run(go/retraceme af33ce4f9d54eb7377368c8371125b8f7fee05b271d51368e9354444b9dc3ab6:11)
09-10 22:58:03.401   523  1423 E AppSearchAppsIndexerAppSearchHelper: 	at com.android.server.appsearch.appsindexer.AppsIndexerUserInstance$$ExternalSyntheticLambda0.run(go/retraceme af33ce4f9d54eb7377368c8371125b8f7fee05b271d51368e9354444b9dc3ab6:10)
09-10 22:58:03.401   523  1423 E AppSearchAppsIndexerAppSearchHelper: 	at java.util.concurrent.ThreadPoolExecutor.runWorker(ThreadPoolExecutor.java:1156)
09-10 22:58:03.401   523  1423 E AppSearchAppsIndexerAppSearchHelper: 	at java.util.concurrent.ThreadPoolExecutor$Worker.run(ThreadPoolExecutor.java:651)
09-10 22:58:03.401   523  1423 E AppSearchAppsIndexerAppSearchHelper: 	at java.lang.Thread.run(Thread.java:1119)
09-10 22:58:03.429   523  1419 E AppSearchIcing: document-validator.cc:82: Schema type config 'android$apps-db/builtin:MobileApplication-com.app.uprise.dev' not found Error while validating document (android$apps-db/apps, com.app.uprise.dev)
09-10 22:58:03.429   523  1419 W AppSearchIcing: status-util.h:31: Error: 5, Message: Schema type config 'android$apps-db/builtin:MobileApplication-com.app.uprise.dev' not found
09-10 22:58:03.429   523  1419 E AppSearchIcing: document-validator.cc:82: Schema type config 'android$apps-db/builtin:MobileApplication-com.app.uprise.debug' not found Error while validating document (android$apps-db/apps, com.app.uprise.debug)
09-10 22:58:03.429   523  1419 W AppSearchIcing: status-util.h:31: Error: 5, Message: Schema type config 'android$apps-db/builtin:MobileApplication-com.app.uprise.debug' not found
09-10 22:58:03.430   523  1423 E AppSearchAppsIndexerAppSearchHelper: Ran into error while indexing apps: [FAILURE(6)]: Schema type config 'android$apps-db/builtin:MobileApplication-com.app.uprise.debug' not found
09-10 22:58:03.430   523  1423 E AppSearchAppsIndexerAppSearchHelper: Ran into error while indexing apps: [FAILURE(6)]: Schema type config 'android$apps-db/builtin:MobileApplication-com.app.uprise.dev' not found
09-10 22:58:03.435   919   919 D ImsResolver: maybeAddedImsService, packageName: com.app.uprise.debug
09-10 22:58:03.476  1329 19894 I Auth    : (REDACTED) [SupervisedAccountIntentOperationV2] onHandleIntent: %s
09-10 22:58:03.477  1329  1329 D BoundBrokerSvc: onBind: Intent { act=com.google.android.gms.common.BIND_SHARED_PREFS pkg=com.google.android.gms }
09-10 22:58:03.478  1329  1329 D BoundBrokerSvc: Loading bound service for intent: Intent { act=com.google.android.gms.common.BIND_SHARED_PREFS pkg=com.google.android.gms }
09-10 22:58:03.479  1329 19895 I NearbyDiscovery: (REDACTED) processGrantSlicePermission: %s
09-10 22:58:03.490   523   597 E VerityUtils: Failed to measure fs-verity, errno 1: /data/app/~~CeZdkwG3PAEXqIBLt0-Uww==/com.app.uprise.debug-UgtLKNEa3BGjDPth9vYu4w==/base.apk
09-10 22:58:03.492   523  1230 D CompatibilityChangeReporter: Compat change id reported: 161252188; UID 10182; state: DISABLED
09-10 22:58:03.579  1329  1329 D BoundBrokerSvc: onBind: Intent { act=com.google.android.gms.feedback.internal.IFeedbackService dat=chimera-action:/... cmp=com.google.android.gms/.chimera.GmsBoundBrokerService }
09-10 22:58:03.579  1329  1329 D BoundBrokerSvc: Loading bound service for intent: Intent { act=com.google.android.gms.feedback.internal.IFeedbackService dat=chimera-action:/... cmp=com.google.android.gms/.chimera.GmsBoundBrokerService }
09-10 22:58:03.589  1329 19903 W SQLiteLog: (28) double-quoted string literal: "com.app.uprise.debug"
09-10 22:58:03.613  1329  4328 I Icing   : IndexChimeraService.getServiceInterface callingPackage=com.google.android.gms componentName=AppsCorpus serviceId=36
09-10 22:58:03.627  1329  1340 I gle.android.gms: CollectorTransition concurrent mark compact GC freed 5203KB AllocSpace bytes, 14(600KB) LOS objects, 49% free, 19MB/39MB, paused 23.391ms,169.418ms total 1.855s
09-10 22:58:03.695   523   552 I system_server: Background concurrent mark compact GC freed 28MB AllocSpace bytes, 47(1288KB) LOS objects, 42% free, 32MB/56MB, paused 5.370ms,3.545ms total 547.012ms
09-10 22:58:03.722   523   554 W System  : A resource failed to call release. 
09-10 22:58:03.722   523   554 W System  : A resource failed to call HardwareBuffer.close. 
09-10 22:58:03.724   523   554 W System  : A resource failed to call close. 
09-10 22:58:03.730  1329  7392 I Icing   : Usage reports ok 1, Failed Usage reports 0, indexed 0, rejected 0
09-10 22:58:03.732  1329  4328 I Icing   : IndexChimeraService.getServiceInterface callingPackage=com.google.android.gms componentName=null serviceId=30
09-10 22:58:03.765   523   597 E VerityUtils: Failed to measure fs-verity, errno 1: /data/app/~~CeZdkwG3PAEXqIBLt0-Uww==/com.app.uprise.debug-UgtLKNEa3BGjDPth9vYu4w==/base.apk
09-10 22:58:03.779  1329  7392 I Icing   : Usage reports ok 0, Failed Usage reports 0, indexed 0, rejected 0
09-10 22:58:03.782  1329  7392 I Icing   : Indexing com.google.android.gms-apps from com.google.android.gms
09-10 22:58:03.793  1329  7392 I Icing   : Indexing done com.google.android.gms-apps
